[0.007s][info][gc,heap] Heap region size: 1M
[0.016s][info][gc     ] Using G1
[0.016s][info][gc,heap,coops] Heap address: 0x0000000700000000, size: 4096 MB, Compressed Oops mode: Zero based, Oop shift amount: 3
[0.006s][info][gc,heap] Heap region size: 1M
[0.014s][info][gc     ] Using G1
[0.014s][info][gc,heap,coops] Heap address: 0x0000000700000000, size: 4096 MB, Compressed Oops mode: Zero based, Oop shift amount: 3
[0.275s][info][gc,start     ] GC(0) Pause Young (Normal) (G1 Evacuation Pause)
[0.276s][info][gc,task      ] GC(0) Using 12 workers of 15 for evacuation
[0.278s][info][gc,phases    ] GC(0)   Pre Evacuate Collection Set: 0.0ms
[0.278s][info][gc,phases    ] GC(0)   Evacuate Collection Set: 1.7ms
[0.278s][info][gc,phases    ] GC(0)   Post Evacuate Collection Set: 0.2ms
[0.278s][info][gc,phases    ] GC(0)   Other: 1.0ms
[0.278s][info][gc,heap      ] GC(0) Eden regions: 25->0(241)
[0.278s][info][gc,heap      ] GC(0) Survivor regions: 0->4(4)
[0.278s][info][gc,heap      ] GC(0) Old regions: 0->2
[0.278s][info][gc,heap      ] GC(0) Humongous regions: 0->0
[0.278s][info][gc,metaspace ] GC(0) Metaspace: 11597K(12032K)->11597K(12032K) NonClass: 10506K(10752K)->10506K(10752K) Class: 1091K(1280K)->1091K(1280K)
[0.278s][info][gc           ] GC(0) Pause Young (Normal) (G1 Evacuation Pause) 25M->5M(510M) 3.075ms
[0.278s][info][gc,cpu       ] GC(0) User=0.00s Sys=0.00s Real=0.00s
[0.463s][info][gc,start     ] GC(1) Pause Young (Normal) (G1 Evacuation Pause)
[0.463s][info][gc,task      ] GC(1) Using 12 workers of 15 for evacuation
[0.475s][info][gc,phases    ] GC(1)   Pre Evacuate Collection Set: 0.0ms
[0.475s][info][gc,phases    ] GC(1)   Evacuate Collection Set: 11.4ms
[0.475s][info][gc,phases    ] GC(1)   Post Evacuate Collection Set: 0.5ms
[0.475s][info][gc,phases    ] GC(1)   Other: 0.1ms
[0.475s][info][gc,heap      ] GC(1) Eden regions: 241->0(51)
[0.475s][info][gc,heap      ] GC(1) Survivor regions: 4->31(31)
[0.475s][info][gc,heap      ] GC(1) Old regions: 2->36
[0.475s][info][gc,heap      ] GC(1) Humongous regions: 1->0
[0.475s][info][gc,metaspace ] GC(1) Metaspace: 11633K(12288K)->11633K(12288K) NonClass: 10542K(11008K)->10542K(11008K) Class: 1091K(1280K)->1091K(1280K)
[0.475s][info][gc           ] GC(1) Pause Young (Normal) (G1 Evacuation Pause) 247M->66M(510M) 12.126ms
[0.475s][info][gc,cpu       ] GC(1) User=0.00s Sys=0.02s Real=0.01s
[0.507s][info][gc,start     ] GC(2) Pause Young (Normal) (G1 Evacuation Pause)
[0.507s][info][gc,task      ] GC(2) Using 12 workers of 15 for evacuation
[0.514s][info][gc,phases    ] GC(2)   Pre Evacuate Collection Set: 0.0ms
[0.514s][info][gc,phases    ] GC(2)   Evacuate Collection Set: 6.5ms
[0.514s][info][gc,phases    ] GC(2)   Post Evacuate Collection Set: 0.3ms
[0.514s][info][gc,phases    ] GC(2)   Other: 0.1ms
[0.514s][info][gc,heap      ] GC(2) Eden regions: 51->0(52)
[0.514s][info][gc,heap      ] GC(2) Survivor regions: 31->11(11)
[0.514s][info][gc,heap      ] GC(2) Old regions: 36->68
[0.514s][info][gc,heap      ] GC(2) Humongous regions: 1->0
[0.514s][info][gc,metaspace ] GC(2) Metaspace: 11951K(12544K)->11951K(12544K) NonClass: 10817K(11264K)->10817K(11264K) Class: 1133K(1280K)->1133K(1280K)
[0.514s][info][gc           ] GC(2) Pause Young (Normal) (G1 Evacuation Pause) 118M->78M(510M) 6.962ms
[0.514s][info][gc,cpu       ] GC(2) User=0.00s Sys=0.00s Real=0.01s
[0.538s][info][gc,start     ] GC(3) Pause Young (Normal) (G1 Evacuation Pause)
[0.538s][info][gc,task      ] GC(3) Using 12 workers of 15 for evacuation
[0.541s][info][gc,phases    ] GC(3)   Pre Evacuate Collection Set: 0.0ms
[0.541s][info][gc,phases    ] GC(3)   Evacuate Collection Set: 2.5ms
[0.541s][info][gc,phases    ] GC(3)   Post Evacuate Collection Set: 0.1ms
[0.541s][info][gc,phases    ] GC(3)   Other: 0.1ms
[0.541s][info][gc,heap      ] GC(3) Eden regions: 52->0(75)
[0.541s][info][gc,heap      ] GC(3) Survivor regions: 11->8(8)
[0.541s][info][gc,heap      ] GC(3) Old regions: 68->81
[0.541s][info][gc,heap      ] GC(3) Humongous regions: 0->0
[0.541s][info][gc,metaspace ] GC(3) Metaspace: 11952K(12544K)->11952K(12544K) NonClass: 10819K(11264K)->10819K(11264K) Class: 1133K(1280K)->1133K(1280K)
[0.541s][info][gc           ] GC(3) Pause Young (Normal) (G1 Evacuation Pause) 130M->88M(510M) 2.853ms
[0.541s][info][gc,cpu       ] GC(3) User=0.00s Sys=0.00s Real=0.00s
[0.570s][info][gc,start     ] GC(4) Pause Young (Normal) (G1 Evacuation Pause)
[0.570s][info][gc,task      ] GC(4) Using 12 workers of 15 for evacuation
[0.574s][info][gc,phases    ] GC(4)   Pre Evacuate Collection Set: 0.0ms
[0.574s][info][gc,phases    ] GC(4)   Evacuate Collection Set: 3.1ms
[0.574s][info][gc,phases    ] GC(4)   Post Evacuate Collection Set: 0.1ms
[0.574s][info][gc,phases    ] GC(4)   Other: 0.1ms
[0.574s][info][gc,heap      ] GC(4) Eden regions: 75->0(98)
[0.574s][info][gc,heap      ] GC(4) Survivor regions: 8->11(11)
[0.574s][info][gc,heap      ] GC(4) Old regions: 81->96
[0.574s][info][gc,heap      ] GC(4) Humongous regions: 0->0
[0.574s][info][gc,metaspace ] GC(4) Metaspace: 11952K(12544K)->11952K(12544K) NonClass: 10819K(11264K)->10819K(11264K) Class: 1133K(1280K)->1133K(1280K)
[0.574s][info][gc           ] GC(4) Pause Young (Normal) (G1 Evacuation Pause) 163M->106M(510M) 3.488ms
[0.574s][info][gc,cpu       ] GC(4) User=0.00s Sys=0.00s Real=0.00s
[0.611s][info][gc,start     ] GC(5) Pause Young (Normal) (G1 Evacuation Pause)
[0.611s][info][gc,task      ] GC(5) Using 12 workers of 15 for evacuation
[0.618s][info][gc,phases    ] GC(5)   Pre Evacuate Collection Set: 0.0ms
[0.618s][info][gc,phases    ] GC(5)   Evacuate Collection Set: 4.1ms
[0.618s][info][gc,phases    ] GC(5)   Post Evacuate Collection Set: 2.9ms
[0.618s][info][gc,phases    ] GC(5)   Other: 0.1ms
[0.618s][info][gc,heap      ] GC(5) Eden regions: 98->0(122)
[0.618s][info][gc,heap      ] GC(5) Survivor regions: 11->14(14)
[0.618s][info][gc,heap      ] GC(5) Old regions: 96->118
[0.618s][info][gc,heap      ] GC(5) Humongous regions: 1->0
[0.618s][info][gc,metaspace ] GC(5) Metaspace: 11956K(12544K)->11956K(12544K) NonClass: 10822K(11264K)->10822K(11264K) Class: 1133K(1280K)->1133K(1280K)
[0.618s][info][gc           ] GC(5) Pause Young (Normal) (G1 Evacuation Pause) 205M->131M(700M) 7.129ms
[0.618s][info][gc,cpu       ] GC(5) User=0.00s Sys=0.00s Real=0.01s
[0.692s][info][gc,start     ] GC(6) Pause Young (Normal) (G1 Evacuation Pause)
[0.693s][info][gc,task      ] GC(6) Using 15 workers of 15 for evacuation
[0.700s][info][gc,phases    ] GC(6)   Pre Evacuate Collection Set: 0.0ms
[0.700s][info][gc,phases    ] GC(6)   Evacuate Collection Set: 6.6ms
[0.700s][info][gc,phases    ] GC(6)   Post Evacuate Collection Set: 0.2ms
[0.700s][info][gc,phases    ] GC(6)   Other: 0.6ms
[0.700s][info][gc,heap      ] GC(6) Eden regions: 122->0(158)
[0.700s][info][gc,heap      ] GC(6) Survivor regions: 14->17(17)
[0.700s][info][gc,heap      ] GC(6) Old regions: 118->144
[0.700s][info][gc,heap      ] GC(6) Humongous regions: 0->0
[0.700s][info][gc,metaspace ] GC(6) Metaspace: 11956K(12544K)->11956K(12544K) NonClass: 10822K(11264K)->10822K(11264K) Class: 1133K(1280K)->1133K(1280K)
[0.700s][info][gc           ] GC(6) Pause Young (Normal) (G1 Evacuation Pause) 253M->160M(700M) 7.550ms
[0.700s][info][gc,cpu       ] GC(6) User=0.00s Sys=0.00s Real=0.01s
[0.775s][info][gc,start     ] GC(7) Pause Young (Normal) (G1 Evacuation Pause)
[0.775s][info][gc,task      ] GC(7) Using 15 workers of 15 for evacuation
[0.782s][info][gc,phases    ] GC(7)   Pre Evacuate Collection Set: 0.0ms
[0.782s][info][gc,phases    ] GC(7)   Evacuate Collection Set: 6.8ms
[0.782s][info][gc,phases    ] GC(7)   Post Evacuate Collection Set: 0.2ms
[0.782s][info][gc,phases    ] GC(7)   Other: 0.1ms
[0.782s][info][gc,heap      ] GC(7) Eden regions: 158->0(198)
[0.782s][info][gc,heap      ] GC(7) Survivor regions: 17->22(22)
[0.782s][info][gc,heap      ] GC(7) Old regions: 144->180
[0.782s][info][gc,heap      ] GC(7) Humongous regions: 1->0
[0.782s][info][gc,metaspace ] GC(7) Metaspace: 11956K(12544K)->11956K(12544K) NonClass: 10822K(11264K)->10822K(11264K) Class: 1133K(1280K)->1133K(1280K)
[0.782s][info][gc           ] GC(7) Pause Young (Normal) (G1 Evacuation Pause) 318M->202M(700M) 7.306ms
[0.782s][info][gc,cpu       ] GC(7) User=0.02s Sys=0.00s Real=0.01s
[0.906s][info][gc,start     ] GC(8) Pause Young (Normal) (G1 Evacuation Pause)
[0.906s][info][gc,task      ] GC(8) Using 15 workers of 15 for evacuation
[0.913s][info][gc,phases    ] GC(8)   Pre Evacuate Collection Set: 0.0ms
[0.913s][info][gc,phases    ] GC(8)   Evacuate Collection Set: 6.4ms
[0.913s][info][gc,phases    ] GC(8)   Post Evacuate Collection Set: 0.3ms
[0.913s][info][gc,phases    ] GC(8)   Other: 0.1ms
[0.913s][info][gc,heap      ] GC(8) Eden regions: 198->0(197)
[0.913s][info][gc,heap      ] GC(8) Survivor regions: 22->28(28)
[0.913s][info][gc,heap      ] GC(8) Old regions: 180->211
[0.913s][info][gc,heap      ] GC(8) Humongous regions: 1->0
[0.913s][info][gc,metaspace ] GC(8) Metaspace: 12193K(12544K)->12193K(12544K) NonClass: 11043K(11264K)->11043K(11264K) Class: 1149K(1280K)->1149K(1280K)
[0.913s][info][gc           ] GC(8) Pause Young (Normal) (G1 Evacuation Pause) 401M->238M(700M) 6.839ms
[0.913s][info][gc,cpu       ] GC(8) User=0.00s Sys=0.00s Real=0.01s
[1.006s][info][gc,start     ] GC(9) Pause Young (Normal) (G1 Evacuation Pause)
[1.006s][info][gc,task      ] GC(9) Using 15 workers of 15 for evacuation
[1.015s][info][gc,phases    ] GC(9)   Pre Evacuate Collection Set: 0.0ms
[1.015s][info][gc,phases    ] GC(9)   Evacuate Collection Set: 3.2ms
[1.015s][info][gc,phases    ] GC(9)   Post Evacuate Collection Set: 5.3ms
[1.015s][info][gc,phases    ] GC(9)   Other: 0.1ms
[1.015s][info][gc,heap      ] GC(9) Eden regions: 197->0(316)
[1.015s][info][gc,heap      ] GC(9) Survivor regions: 28->5(29)
[1.015s][info][gc,heap      ] GC(9) Old regions: 211->240
[1.015s][info][gc,heap      ] GC(9) Humongous regions: 0->0
[1.015s][info][gc,metaspace ] GC(9) Metaspace: 12199K(12544K)->12199K(12544K) NonClass: 11049K(11264K)->11049K(11264K) Class: 1149K(1280K)->1149K(1280K)
[1.015s][info][gc           ] GC(9) Pause Young (Normal) (G1 Evacuation Pause) 435M->243M(1166M) 8.736ms
[1.015s][info][gc,cpu       ] GC(9) User=0.00s Sys=0.00s Real=0.01s
[1.054s][info][gc,start     ] GC(10) Pause Young (Normal) (G1 Evacuation Pause)
[1.054s][info][gc,task      ] GC(10) Using 15 workers of 15 for evacuation
[1.054s][info][gc,phases    ] GC(10)   Pre Evacuate Collection Set: 0.0ms
[1.054s][info][gc,phases    ] GC(10)   Evacuate Collection Set: 0.4ms
[1.054s][info][gc,phases    ] GC(10)   Post Evacuate Collection Set: 0.2ms
[1.054s][info][gc,phases    ] GC(10)   Other: 0.1ms
[1.054s][info][gc,heap      ] GC(10) Eden regions: 316->0(533)
[1.054s][info][gc,heap      ] GC(10) Survivor regions: 5->2(41)
[1.054s][info][gc,heap      ] GC(10) Old regions: 240->240
[1.054s][info][gc,heap      ] GC(10) Humongous regions: 0->0
[1.054s][info][gc,metaspace ] GC(10) Metaspace: 12216K(12544K)->12216K(12544K) NonClass: 11067K(11264K)->11067K(11264K) Class: 1149K(1280K)->1149K(1280K)
[1.054s][info][gc           ] GC(10) Pause Young (Normal) (G1 Evacuation Pause) 559M->240M(1166M) 0.701ms
[1.054s][info][gc,cpu       ] GC(10) User=0.00s Sys=0.00s Real=0.00s
[1.095s][info][gc,start     ] GC(11) Pause Young (Normal) (G1 Evacuation Pause)
[1.095s][info][gc,task      ] GC(11) Using 15 workers of 15 for evacuation
[1.096s][info][gc,phases    ] GC(11)   Pre Evacuate Collection Set: 0.0ms
[1.096s][info][gc,phases    ] GC(11)   Evacuate Collection Set: 0.7ms
[1.096s][info][gc,phases    ] GC(11)   Post Evacuate Collection Set: 0.2ms
[1.096s][info][gc,phases    ] GC(11)   Other: 0.1ms
[1.096s][info][gc,heap      ] GC(11) Eden regions: 533->0(635)
[1.096s][info][gc,heap      ] GC(11) Survivor regions: 2->3(67)
[1.096s][info][gc,heap      ] GC(11) Old regions: 240->240
[1.096s][info][gc,heap      ] GC(11) Humongous regions: 0->0
[1.096s][info][gc,metaspace ] GC(11) Metaspace: 12217K(12544K)->12217K(12544K) NonClass: 11067K(11264K)->11067K(11264K) Class: 1149K(1280K)->1149K(1280K)
[1.096s][info][gc           ] GC(11) Pause Young (Normal) (G1 Evacuation Pause) 773M->242M(1166M) 1.087ms
[1.096s][info][gc,cpu       ] GC(11) User=0.00s Sys=0.00s Real=0.00s
[1.147s][info][gc,start     ] GC(12) Pause Young (Normal) (G1 Evacuation Pause)
[1.147s][info][gc,task      ] GC(12) Using 15 workers of 15 for evacuation
[1.148s][info][gc,phases    ] GC(12)   Pre Evacuate Collection Set: 0.0ms
[1.148s][info][gc,phases    ] GC(12)   Evacuate Collection Set: 0.8ms
[1.148s][info][gc,phases    ] GC(12)   Post Evacuate Collection Set: 0.2ms
[1.148s][info][gc,phases    ] GC(12)   Other: 0.2ms
[1.148s][info][gc,heap      ] GC(12) Eden regions: 635->0(681)
[1.148s][info][gc,heap      ] GC(12) Survivor regions: 3->3(80)
[1.148s][info][gc,heap      ] GC(12) Old regions: 240->240
[1.148s][info][gc,heap      ] GC(12) Humongous regions: 0->0
[1.148s][info][gc,metaspace ] GC(12) Metaspace: 12238K(12800K)->12238K(12800K) NonClass: 11088K(11520K)->11088K(11520K) Class: 1149K(1280K)->1149K(1280K)
[1.148s][info][gc           ] GC(12) Pause Young (Normal) (G1 Evacuation Pause) 877M->242M(1166M) 1.269ms
[1.148s][info][gc,cpu       ] GC(12) User=0.00s Sys=0.00s Real=0.00s
[1.189s][info][gc,start     ] GC(13) Pause Young (Normal) (G1 Evacuation Pause)
[1.189s][info][gc,task      ] GC(13) Using 15 workers of 15 for evacuation
[1.191s][info][gc,phases    ] GC(13)   Pre Evacuate Collection Set: 0.0ms
[1.191s][info][gc,phases    ] GC(13)   Evacuate Collection Set: 0.8ms
[1.191s][info][gc,phases    ] GC(13)   Post Evacuate Collection Set: 0.3ms
[1.191s][info][gc,phases    ] GC(13)   Other: 0.1ms
[1.191s][info][gc,heap      ] GC(13) Eden regions: 681->0(696)
[1.191s][info][gc,heap      ] GC(13) Survivor regions: 3->3(86)
[1.191s][info][gc,heap      ] GC(13) Old regions: 240->240
[1.191s][info][gc,heap      ] GC(13) Humongous regions: 0->0
[1.191s][info][gc,metaspace ] GC(13) Metaspace: 12238K(12800K)->12238K(12800K) NonClass: 11088K(11520K)->11088K(11520K) Class: 1149K(1280K)->1149K(1280K)
[1.191s][info][gc           ] GC(13) Pause Young (Normal) (G1 Evacuation Pause) 923M->242M(1166M) 1.252ms
[1.191s][info][gc,cpu       ] GC(13) User=0.00s Sys=0.00s Real=0.00s
[1.240s][info][gc,start     ] GC(14) Pause Young (Normal) (G1 Evacuation Pause)
[1.240s][info][gc,task      ] GC(14) Using 15 workers of 15 for evacuation
[1.241s][info][gc,phases    ] GC(14)   Pre Evacuate Collection Set: 0.0ms
[1.241s][info][gc,phases    ] GC(14)   Evacuate Collection Set: 0.8ms
[1.241s][info][gc,phases    ] GC(14)   Post Evacuate Collection Set: 0.3ms
[1.241s][info][gc,phases    ] GC(14)   Other: 0.1ms
[1.241s][info][gc,heap      ] GC(14) Eden regions: 696->0(695)
[1.241s][info][gc,heap      ] GC(14) Survivor regions: 3->4(88)
[1.241s][info][gc,heap      ] GC(14) Old regions: 240->240
[1.241s][info][gc,heap      ] GC(14) Humongous regions: 0->0
[1.241s][info][gc,metaspace ] GC(14) Metaspace: 12243K(12800K)->12243K(12800K) NonClass: 11093K(11520K)->11093K(11520K) Class: 1149K(1280K)->1149K(1280K)
[1.241s][info][gc           ] GC(14) Pause Young (Normal) (G1 Evacuation Pause) 938M->242M(1166M) 1.272ms
[1.241s][info][gc,cpu       ] GC(14) User=0.00s Sys=0.00s Real=0.00s
[1.293s][info][gc,start     ] GC(15) Pause Young (Normal) (G1 Evacuation Pause)
[1.293s][info][gc,task      ] GC(15) Using 15 workers of 15 for evacuation
[1.294s][info][gc,phases    ] GC(15)   Pre Evacuate Collection Set: 0.0ms
[1.294s][info][gc,phases    ] GC(15)   Evacuate Collection Set: 0.6ms
[1.294s][info][gc,phases    ] GC(15)   Post Evacuate Collection Set: 0.2ms
[1.294s][info][gc,phases    ] GC(15)   Other: 0.1ms
[1.294s][info][gc,heap      ] GC(15) Eden regions: 695->0(696)
[1.294s][info][gc,heap      ] GC(15) Survivor regions: 4->3(88)
[1.294s][info][gc,heap      ] GC(15) Old regions: 240->240
[1.294s][info][gc,heap      ] GC(15) Humongous regions: 0->0
[1.294s][info][gc,metaspace ] GC(15) Metaspace: 12243K(12800K)->12243K(12800K) NonClass: 11093K(11520K)->11093K(11520K) Class: 1149K(1280K)->1149K(1280K)
[1.294s][info][gc           ] GC(15) Pause Young (Normal) (G1 Evacuation Pause) 937M->241M(1166M) 0.972ms
[1.294s][info][gc,cpu       ] GC(15) User=0.00s Sys=0.00s Real=0.00s
[1.335s][info][gc,start     ] GC(16) Pause Young (Normal) (G1 Evacuation Pause)
[1.335s][info][gc,task      ] GC(16) Using 15 workers of 15 for evacuation
[1.336s][info][gc,phases    ] GC(16)   Pre Evacuate Collection Set: 0.0ms
[1.336s][info][gc,phases    ] GC(16)   Evacuate Collection Set: 0.7ms
[1.336s][info][gc,phases    ] GC(16)   Post Evacuate Collection Set: 0.3ms
[1.336s][info][gc,phases    ] GC(16)   Other: 0.1ms
[1.337s][info][gc,heap      ] GC(16) Eden regions: 696->0(696)
[1.337s][info][gc,heap      ] GC(16) Survivor regions: 3->3(88)
[1.337s][info][gc,heap      ] GC(16) Old regions: 240->240
[1.337s][info][gc,heap      ] GC(16) Humongous regions: 0->0
[1.337s][info][gc,metaspace ] GC(16) Metaspace: 12243K(12800K)->12243K(12800K) NonClass: 11093K(11520K)->11093K(11520K) Class: 1149K(1280K)->1149K(1280K)
[1.337s][info][gc           ] GC(16) Pause Young (Normal) (G1 Evacuation Pause) 937M->241M(1166M) 1.228ms
[1.337s][info][gc,cpu       ] GC(16) User=0.00s Sys=0.00s Real=0.00s
[1.388s][info][gc,start     ] GC(17) Pause Young (Normal) (G1 Evacuation Pause)
[1.388s][info][gc,task      ] GC(17) Using 15 workers of 15 for evacuation
[1.389s][info][gc,phases    ] GC(17)   Pre Evacuate Collection Set: 0.0ms
[1.389s][info][gc,phases    ] GC(17)   Evacuate Collection Set: 0.7ms
[1.389s][info][gc,phases    ] GC(17)   Post Evacuate Collection Set: 0.2ms
[1.389s][info][gc,phases    ] GC(17)   Other: 0.1ms
[1.389s][info][gc,heap      ] GC(17) Eden regions: 696->0(696)
[1.389s][info][gc,heap      ] GC(17) Survivor regions: 3->3(88)
[1.389s][info][gc,heap      ] GC(17) Old regions: 240->240
[1.389s][info][gc,heap      ] GC(17) Humongous regions: 0->0
[1.389s][info][gc,metaspace ] GC(17) Metaspace: 12320K(12800K)->12320K(12800K) NonClass: 11160K(11520K)->11160K(11520K) Class: 1160K(1280K)->1160K(1280K)
[1.389s][info][gc           ] GC(17) Pause Young (Normal) (G1 Evacuation Pause) 937M->241M(1166M) 1.103ms
[1.389s][info][gc,cpu       ] GC(17) User=0.00s Sys=0.00s Real=0.00s
[1.432s][info][gc,start     ] GC(18) Pause Young (Normal) (G1 Evacuation Pause)
[1.432s][info][gc,task      ] GC(18) Using 15 workers of 15 for evacuation
[1.433s][info][gc,phases    ] GC(18)   Pre Evacuate Collection Set: 0.0ms
[1.433s][info][gc,phases    ] GC(18)   Evacuate Collection Set: 0.8ms
[1.433s][info][gc,phases    ] GC(18)   Post Evacuate Collection Set: 0.3ms
[1.433s][info][gc,phases    ] GC(18)   Other: 0.1ms
[1.433s][info][gc,heap      ] GC(18) Eden regions: 696->0(695)
[1.433s][info][gc,heap      ] GC(18) Survivor regions: 3->4(88)
[1.433s][info][gc,heap      ] GC(18) Old regions: 240->240
[1.433s][info][gc,heap      ] GC(18) Humongous regions: 0->0
[1.433s][info][gc,metaspace ] GC(18) Metaspace: 12320K(12800K)->12320K(12800K) NonClass: 11160K(11520K)->11160K(11520K) Class: 1160K(1280K)->1160K(1280K)
[1.433s][info][gc           ] GC(18) Pause Young (Normal) (G1 Evacuation Pause) 937M->242M(1166M) 1.282ms
[1.433s][info][gc,cpu       ] GC(18) User=0.00s Sys=0.00s Real=0.00s
[1.481s][info][gc,start     ] GC(19) Pause Young (Normal) (G1 Evacuation Pause)
[1.481s][info][gc,task      ] GC(19) Using 15 workers of 15 for evacuation
[1.482s][info][gc,phases    ] GC(19)   Pre Evacuate Collection Set: 0.0ms
[1.482s][info][gc,phases    ] GC(19)   Evacuate Collection Set: 0.7ms
[1.482s][info][gc,phases    ] GC(19)   Post Evacuate Collection Set: 0.2ms
[1.482s][info][gc,phases    ] GC(19)   Other: 0.2ms
[1.482s][info][gc,heap      ] GC(19) Eden regions: 695->0(695)
[1.482s][info][gc,heap      ] GC(19) Survivor regions: 4->4(88)
[1.482s][info][gc,heap      ] GC(19) Old regions: 240->240
[1.482s][info][gc,heap      ] GC(19) Humongous regions: 0->0
[1.482s][info][gc,metaspace ] GC(19) Metaspace: 12320K(12800K)->12320K(12800K) NonClass: 11160K(11520K)->11160K(11520K) Class: 1160K(1280K)->1160K(1280K)
[1.482s][info][gc           ] GC(19) Pause Young (Normal) (G1 Evacuation Pause) 937M->242M(1166M) 1.228ms
[1.482s][info][gc,cpu       ] GC(19) User=0.00s Sys=0.00s Real=0.00s
[1.526s][info][gc,start     ] GC(20) Pause Young (Normal) (G1 Evacuation Pause)
[1.526s][info][gc,task      ] GC(20) Using 15 workers of 15 for evacuation
[1.527s][info][gc,phases    ] GC(20)   Pre Evacuate Collection Set: 0.0ms
[1.527s][info][gc,phases    ] GC(20)   Evacuate Collection Set: 0.8ms
[1.527s][info][gc,phases    ] GC(20)   Post Evacuate Collection Set: 0.3ms
[1.527s][info][gc,phases    ] GC(20)   Other: 0.2ms
[1.527s][info][gc,heap      ] GC(20) Eden regions: 695->0(695)
[1.527s][info][gc,heap      ] GC(20) Survivor regions: 4->4(88)
[1.527s][info][gc,heap      ] GC(20) Old regions: 240->240
[1.527s][info][gc,heap      ] GC(20) Humongous regions: 0->0
[1.527s][info][gc,metaspace ] GC(20) Metaspace: 12320K(12800K)->12320K(12800K) NonClass: 11160K(11520K)->11160K(11520K) Class: 1160K(1280K)->1160K(1280K)
[1.527s][info][gc           ] GC(20) Pause Young (Normal) (G1 Evacuation Pause) 937M->242M(1166M) 1.369ms
[1.527s][info][gc,cpu       ] GC(20) User=0.00s Sys=0.00s Real=0.00s
[1.575s][info][gc,start     ] GC(21) Pause Young (Normal) (G1 Evacuation Pause)
[1.575s][info][gc,task      ] GC(21) Using 15 workers of 15 for evacuation
[1.576s][info][gc,phases    ] GC(21)   Pre Evacuate Collection Set: 0.0ms
[1.576s][info][gc,phases    ] GC(21)   Evacuate Collection Set: 0.8ms
[1.576s][info][gc,phases    ] GC(21)   Post Evacuate Collection Set: 0.2ms
[1.576s][info][gc,phases    ] GC(21)   Other: 0.1ms
[1.576s][info][gc,heap      ] GC(21) Eden regions: 695->0(695)
[1.576s][info][gc,heap      ] GC(21) Survivor regions: 4->4(88)
[1.576s][info][gc,heap      ] GC(21) Old regions: 240->240
[1.576s][info][gc,heap      ] GC(21) Humongous regions: 0->0
[1.576s][info][gc,metaspace ] GC(21) Metaspace: 12320K(12800K)->12320K(12800K) NonClass: 11160K(11520K)->11160K(11520K) Class: 1160K(1280K)->1160K(1280K)
[1.576s][info][gc           ] GC(21) Pause Young (Normal) (G1 Evacuation Pause) 937M->242M(1166M) 1.250ms
[1.576s][info][gc,cpu       ] GC(21) User=0.00s Sys=0.00s Real=0.00s
[1.620s][info][gc,start     ] GC(22) Pause Young (Normal) (G1 Evacuation Pause)
[1.620s][info][gc,task      ] GC(22) Using 15 workers of 15 for evacuation
[1.621s][info][gc,phases    ] GC(22)   Pre Evacuate Collection Set: 0.0ms
[1.621s][info][gc,phases    ] GC(22)   Evacuate Collection Set: 0.7ms
[1.621s][info][gc,phases    ] GC(22)   Post Evacuate Collection Set: 0.2ms
[1.621s][info][gc,phases    ] GC(22)   Other: 0.1ms
[1.621s][info][gc,heap      ] GC(22) Eden regions: 695->0(696)
[1.621s][info][gc,heap      ] GC(22) Survivor regions: 4->3(88)
[1.621s][info][gc,heap      ] GC(22) Old regions: 240->240
[1.621s][info][gc,heap      ] GC(22) Humongous regions: 0->0
[1.621s][info][gc,metaspace ] GC(22) Metaspace: 12320K(12800K)->12320K(12800K) NonClass: 11160K(11520K)->11160K(11520K) Class: 1160K(1280K)->1160K(1280K)
[1.621s][info][gc           ] GC(22) Pause Young (Normal) (G1 Evacuation Pause) 937M->242M(1166M) 1.130ms
[1.621s][info][gc,cpu       ] GC(22) User=0.00s Sys=0.00s Real=0.00s
[1.669s][info][gc,start     ] GC(23) Pause Young (Normal) (G1 Evacuation Pause)
[1.669s][info][gc,task      ] GC(23) Using 15 workers of 15 for evacuation
[1.670s][info][gc,phases    ] GC(23)   Pre Evacuate Collection Set: 0.0ms
[1.670s][info][gc,phases    ] GC(23)   Evacuate Collection Set: 0.7ms
[1.670s][info][gc,phases    ] GC(23)   Post Evacuate Collection Set: 0.2ms
[1.670s][info][gc,phases    ] GC(23)   Other: 0.1ms
[1.670s][info][gc,heap      ] GC(23) Eden regions: 696->0(696)
[1.670s][info][gc,heap      ] GC(23) Survivor regions: 3->3(88)
[1.670s][info][gc,heap      ] GC(23) Old regions: 240->240
[1.670s][info][gc,heap      ] GC(23) Humongous regions: 0->0
[1.670s][info][gc,metaspace ] GC(23) Metaspace: 12320K(12800K)->12320K(12800K) NonClass: 11160K(11520K)->11160K(11520K) Class: 1160K(1280K)->1160K(1280K)
[1.670s][info][gc           ] GC(23) Pause Young (Normal) (G1 Evacuation Pause) 938M->242M(1166M) 1.167ms
[1.670s][info][gc,cpu       ] GC(23) User=0.00s Sys=0.00s Real=0.00s
[1.715s][info][gc,start     ] GC(24) Pause Young (Normal) (G1 Evacuation Pause)
[1.715s][info][gc,task      ] GC(24) Using 15 workers of 15 for evacuation
[1.716s][info][gc,phases    ] GC(24)   Pre Evacuate Collection Set: 0.0ms
[1.716s][info][gc,phases    ] GC(24)   Evacuate Collection Set: 0.7ms
[1.716s][info][gc,phases    ] GC(24)   Post Evacuate Collection Set: 0.2ms
[1.716s][info][gc,phases    ] GC(24)   Other: 0.1ms
[1.716s][info][gc,heap      ] GC(24) Eden regions: 696->0(696)
[1.716s][info][gc,heap      ] GC(24) Survivor regions: 3->3(88)
[1.716s][info][gc,heap      ] GC(24) Old regions: 240->240
[1.716s][info][gc,heap      ] GC(24) Humongous regions: 0->0
[1.716s][info][gc,metaspace ] GC(24) Metaspace: 12320K(12800K)->12320K(12800K) NonClass: 11160K(11520K)->11160K(11520K) Class: 1160K(1280K)->1160K(1280K)
[1.716s][info][gc           ] GC(24) Pause Young (Normal) (G1 Evacuation Pause) 938M->242M(1166M) 1.094ms
[1.716s][info][gc,cpu       ] GC(24) User=0.00s Sys=0.00s Real=0.00s
[1.762s][info][gc,start     ] GC(25) Pause Young (Normal) (G1 Evacuation Pause)
[1.762s][info][gc,task      ] GC(25) Using 15 workers of 15 for evacuation
[1.763s][info][gc,phases    ] GC(25)   Pre Evacuate Collection Set: 0.0ms
[1.763s][info][gc,phases    ] GC(25)   Evacuate Collection Set: 0.9ms
[1.763s][info][gc,phases    ] GC(25)   Post Evacuate Collection Set: 0.2ms
[1.763s][info][gc,phases    ] GC(25)   Other: 0.1ms
[1.763s][info][gc,heap      ] GC(25) Eden regions: 696->0(695)
[1.763s][info][gc,heap      ] GC(25) Survivor regions: 3->4(88)
[1.763s][info][gc,heap      ] GC(25) Old regions: 240->240
[1.763s][info][gc,heap      ] GC(25) Humongous regions: 0->0
[1.763s][info][gc,metaspace ] GC(25) Metaspace: 12320K(12800K)->12320K(12800K) NonClass: 11160K(11520K)->11160K(11520K) Class: 1160K(1280K)->1160K(1280K)
[1.763s][info][gc           ] GC(25) Pause Young (Normal) (G1 Evacuation Pause) 938M->242M(1166M) 1.284ms
[1.763s][info][gc,cpu       ] GC(25) User=0.00s Sys=0.00s Real=0.00s
[1.810s][info][gc,start     ] GC(26) Pause Young (Normal) (G1 Evacuation Pause)
[1.810s][info][gc,task      ] GC(26) Using 15 workers of 15 for evacuation
[1.811s][info][gc,phases    ] GC(26)   Pre Evacuate Collection Set: 0.0ms
[1.811s][info][gc,phases    ] GC(26)   Evacuate Collection Set: 0.6ms
[1.811s][info][gc,phases    ] GC(26)   Post Evacuate Collection Set: 0.3ms
[1.811s][info][gc,phases    ] GC(26)   Other: 0.1ms
[1.811s][info][gc,heap      ] GC(26) Eden regions: 695->0(696)
[1.811s][info][gc,heap      ] GC(26) Survivor regions: 4->3(88)
[1.811s][info][gc,heap      ] GC(26) Old regions: 240->240
[1.811s][info][gc,heap      ] GC(26) Humongous regions: 0->0
[1.811s][info][gc,metaspace ] GC(26) Metaspace: 12320K(12800K)->12320K(12800K) NonClass: 11160K(11520K)->11160K(11520K) Class: 1160K(1280K)->1160K(1280K)
[1.811s][info][gc           ] GC(26) Pause Young (Normal) (G1 Evacuation Pause) 937M->242M(1166M) 1.082ms
[1.811s][info][gc,cpu       ] GC(26) User=0.00s Sys=0.00s Real=0.00s
[1.854s][info][gc,start     ] GC(27) Pause Young (Normal) (G1 Evacuation Pause)
[1.854s][info][gc,task      ] GC(27) Using 15 workers of 15 for evacuation
[1.855s][info][gc,phases    ] GC(27)   Pre Evacuate Collection Set: 0.0ms
[1.855s][info][gc,phases    ] GC(27)   Evacuate Collection Set: 0.6ms
[1.855s][info][gc,phases    ] GC(27)   Post Evacuate Collection Set: 0.2ms
[1.855s][info][gc,phases    ] GC(27)   Other: 0.1ms
[1.855s][info][gc,heap      ] GC(27) Eden regions: 696->0(696)
[1.855s][info][gc,heap      ] GC(27) Survivor regions: 3->3(88)
[1.855s][info][gc,heap      ] GC(27) Old regions: 240->241
[1.855s][info][gc,heap      ] GC(27) Humongous regions: 0->0
[1.855s][info][gc,metaspace ] GC(27) Metaspace: 12320K(12800K)->12320K(12800K) NonClass: 11160K(11520K)->11160K(11520K) Class: 1160K(1280K)->1160K(1280K)
[1.855s][info][gc           ] GC(27) Pause Young (Normal) (G1 Evacuation Pause) 938M->242M(1166M) 1.055ms
[1.855s][info][gc,cpu       ] GC(27) User=0.00s Sys=0.00s Real=0.00s
[1.902s][info][gc,start     ] GC(28) Pause Young (Normal) (G1 Evacuation Pause)
[1.902s][info][gc,task      ] GC(28) Using 15 workers of 15 for evacuation
[1.903s][info][gc,phases    ] GC(28)   Pre Evacuate Collection Set: 0.0ms
[1.903s][info][gc,phases    ] GC(28)   Evacuate Collection Set: 0.5ms
[1.903s][info][gc,phases    ] GC(28)   Post Evacuate Collection Set: 0.2ms
[1.903s][info][gc,phases    ] GC(28)   Other: 0.1ms
[1.903s][info][gc,heap      ] GC(28) Eden regions: 696->0(697)
[1.903s][info][gc,heap      ] GC(28) Survivor regions: 3->2(88)
[1.903s][info][gc,heap      ] GC(28) Old regions: 241->241
[1.903s][info][gc,heap      ] GC(28) Humongous regions: 0->0
[1.903s][info][gc,metaspace ] GC(28) Metaspace: 12320K(12800K)->12320K(12800K) NonClass: 11160K(11520K)->11160K(11520K) Class: 1160K(1280K)->1160K(1280K)
[1.903s][info][gc           ] GC(28) Pause Young (Normal) (G1 Evacuation Pause) 938M->242M(1166M) 0.914ms
[1.903s][info][gc,cpu       ] GC(28) User=0.00s Sys=0.00s Real=0.00s
[1.945s][info][gc,start     ] GC(29) Pause Young (Normal) (G1 Evacuation Pause)
[1.945s][info][gc,task      ] GC(29) Using 15 workers of 15 for evacuation
[1.946s][info][gc,phases    ] GC(29)   Pre Evacuate Collection Set: 0.0ms
[1.946s][info][gc,phases    ] GC(29)   Evacuate Collection Set: 0.6ms
[1.946s][info][gc,phases    ] GC(29)   Post Evacuate Collection Set: 0.3ms
[1.946s][info][gc,phases    ] GC(29)   Other: 0.1ms
[1.946s][info][gc,heap      ] GC(29) Eden regions: 697->0(696)
[1.946s][info][gc,heap      ] GC(29) Survivor regions: 2->3(88)
[1.946s][info][gc,heap      ] GC(29) Old regions: 241->241
[1.946s][info][gc,heap      ] GC(29) Humongous regions: 0->0
[1.946s][info][gc,metaspace ] GC(29) Metaspace: 12320K(12800K)->12320K(12800K) NonClass: 11160K(11520K)->11160K(11520K) Class: 1160K(1280K)->1160K(1280K)
[1.946s][info][gc           ] GC(29) Pause Young (Normal) (G1 Evacuation Pause) 939M->242M(1166M) 1.075ms
[1.946s][info][gc,cpu       ] GC(29) User=0.00s Sys=0.00s Real=0.00s
[1.993s][info][gc,start     ] GC(30) Pause Young (Normal) (G1 Evacuation Pause)
[1.993s][info][gc,task      ] GC(30) Using 15 workers of 15 for evacuation
[1.994s][info][gc,phases    ] GC(30)   Pre Evacuate Collection Set: 0.0ms
[1.994s][info][gc,phases    ] GC(30)   Evacuate Collection Set: 0.7ms
[1.994s][info][gc,phases    ] GC(30)   Post Evacuate Collection Set: 0.2ms
[1.994s][info][gc,phases    ] GC(30)   Other: 0.2ms
[1.994s][info][gc,heap      ] GC(30) Eden regions: 696->0(696)
[1.994s][info][gc,heap      ] GC(30) Survivor regions: 3->3(88)
[1.994s][info][gc,heap      ] GC(30) Old regions: 241->241
[1.994s][info][gc,heap      ] GC(30) Humongous regions: 0->0
[1.994s][info][gc,metaspace ] GC(30) Metaspace: 12320K(12800K)->12320K(12800K) NonClass: 11160K(11520K)->11160K(11520K) Class: 1160K(1280K)->1160K(1280K)
[1.994s][info][gc           ] GC(30) Pause Young (Normal) (G1 Evacuation Pause) 938M->243M(1166M) 1.214ms
[1.994s][info][gc,cpu       ] GC(30) User=0.00s Sys=0.00s Real=0.00s
[2.038s][info][gc,start     ] GC(31) Pause Young (Normal) (G1 Evacuation Pause)
[2.038s][info][gc,task      ] GC(31) Using 15 workers of 15 for evacuation
[2.039s][info][gc,phases    ] GC(31)   Pre Evacuate Collection Set: 0.0ms
[2.039s][info][gc,phases    ] GC(31)   Evacuate Collection Set: 0.8ms
[2.039s][info][gc,phases    ] GC(31)   Post Evacuate Collection Set: 0.2ms
[2.039s][info][gc,phases    ] GC(31)   Other: 0.1ms
[2.039s][info][gc,heap      ] GC(31) Eden regions: 696->0(695)
[2.039s][info][gc,heap      ] GC(31) Survivor regions: 3->4(88)
[2.039s][info][gc,heap      ] GC(31) Old regions: 241->241
[2.039s][info][gc,heap      ] GC(31) Humongous regions: 0->0
[2.039s][info][gc,metaspace ] GC(31) Metaspace: 12320K(12800K)->12320K(12800K) NonClass: 11160K(11520K)->11160K(11520K) Class: 1160K(1280K)->1160K(1280K)
[2.039s][info][gc           ] GC(31) Pause Young (Normal) (G1 Evacuation Pause) 939M->243M(1166M) 1.178ms
[2.039s][info][gc,cpu       ] GC(31) User=0.00s Sys=0.00s Real=0.00s
[2.084s][info][gc,start     ] GC(32) Pause Young (Normal) (G1 Evacuation Pause)
[2.084s][info][gc,task      ] GC(32) Using 15 workers of 15 for evacuation
[2.085s][info][gc,phases    ] GC(32)   Pre Evacuate Collection Set: 0.0ms
[2.085s][info][gc,phases    ] GC(32)   Evacuate Collection Set: 0.6ms
[2.085s][info][gc,phases    ] GC(32)   Post Evacuate Collection Set: 0.2ms
[2.085s][info][gc,phases    ] GC(32)   Other: 0.2ms
[2.085s][info][gc,heap      ] GC(32) Eden regions: 695->0(696)
[2.085s][info][gc,heap      ] GC(32) Survivor regions: 4->3(88)
[2.085s][info][gc,heap      ] GC(32) Old regions: 241->241
[2.085s][info][gc,heap      ] GC(32) Humongous regions: 0->0
[2.085s][info][gc,metaspace ] GC(32) Metaspace: 12320K(12800K)->12320K(12800K) NonClass: 11160K(11520K)->11160K(11520K) Class: 1160K(1280K)->1160K(1280K)
[2.085s][info][gc           ] GC(32) Pause Young (Normal) (G1 Evacuation Pause) 938M->242M(1166M) 1.046ms
[2.085s][info][gc,cpu       ] GC(32) User=0.00s Sys=0.00s Real=0.00s
[2.126s][info][gc,start     ] GC(33) Pause Young (Normal) (G1 Evacuation Pause)
[2.127s][info][gc,task      ] GC(33) Using 15 workers of 15 for evacuation
[2.127s][info][gc,phases    ] GC(33)   Pre Evacuate Collection Set: 0.0ms
[2.127s][info][gc,phases    ] GC(33)   Evacuate Collection Set: 0.6ms
[2.127s][info][gc,phases    ] GC(33)   Post Evacuate Collection Set: 0.2ms
[2.127s][info][gc,phases    ] GC(33)   Other: 0.1ms
[2.127s][info][gc,heap      ] GC(33) Eden regions: 696->0(697)
[2.127s][info][gc,heap      ] GC(33) Survivor regions: 3->2(88)
[2.127s][info][gc,heap      ] GC(33) Old regions: 241->241
[2.127s][info][gc,heap      ] GC(33) Humongous regions: 0->0
[2.127s][info][gc,metaspace ] GC(33) Metaspace: 12320K(12800K)->12320K(12800K) NonClass: 11160K(11520K)->11160K(11520K) Class: 1160K(1280K)->1160K(1280K)
[2.127s][info][gc           ] GC(33) Pause Young (Normal) (G1 Evacuation Pause) 938M->242M(1166M) 1.007ms
[2.127s][info][gc,cpu       ] GC(33) User=0.00s Sys=0.00s Real=0.00s
[2.173s][info][gc,start     ] GC(34) Pause Young (Normal) (G1 Evacuation Pause)
[2.173s][info][gc,task      ] GC(34) Using 15 workers of 15 for evacuation
[2.174s][info][gc,phases    ] GC(34)   Pre Evacuate Collection Set: 0.0ms
[2.174s][info][gc,phases    ] GC(34)   Evacuate Collection Set: 0.6ms
[2.174s][info][gc,phases    ] GC(34)   Post Evacuate Collection Set: 0.3ms
[2.174s][info][gc,phases    ] GC(34)   Other: 0.2ms
[2.174s][info][gc,heap      ] GC(34) Eden regions: 697->0(696)
[2.174s][info][gc,heap      ] GC(34) Survivor regions: 2->3(88)
[2.174s][info][gc,heap      ] GC(34) Old regions: 241->241
[2.174s][info][gc,heap      ] GC(34) Humongous regions: 0->0
[2.174s][info][gc,metaspace ] GC(34) Metaspace: 12320K(12800K)->12320K(12800K) NonClass: 11160K(11520K)->11160K(11520K) Class: 1160K(1280K)->1160K(1280K)
[2.174s][info][gc           ] GC(34) Pause Young (Normal) (G1 Evacuation Pause) 939M->242M(1166M) 1.140ms
[2.174s][info][gc,cpu       ] GC(34) User=0.00s Sys=0.00s Real=0.00s
[2.221s][info][gc,start     ] GC(35) Pause Young (Normal) (G1 Evacuation Pause)
[2.221s][info][gc,task      ] GC(35) Using 15 workers of 15 for evacuation
[2.222s][info][gc,phases    ] GC(35)   Pre Evacuate Collection Set: 0.0ms
[2.222s][info][gc,phases    ] GC(35)   Evacuate Collection Set: 0.4ms
[2.222s][info][gc,phases    ] GC(35)   Post Evacuate Collection Set: 0.2ms
[2.222s][info][gc,phases    ] GC(35)   Other: 0.1ms
[2.222s][info][gc,heap      ] GC(35) Eden regions: 696->0(697)
[2.222s][info][gc,heap      ] GC(35) Survivor regions: 3->2(88)
[2.222s][info][gc,heap      ] GC(35) Old regions: 241->241
[2.222s][info][gc,heap      ] GC(35) Humongous regions: 0->0
[2.222s][info][gc,metaspace ] GC(35) Metaspace: 12320K(12800K)->12320K(12800K) NonClass: 11160K(11520K)->11160K(11520K) Class: 1160K(1280K)->1160K(1280K)
[2.222s][info][gc           ] GC(35) Pause Young (Normal) (G1 Evacuation Pause) 938M->242M(1166M) 0.852ms
[2.222s][info][gc,cpu       ] GC(35) User=0.00s Sys=0.00s Real=0.00s
[2.264s][info][gc,start     ] GC(36) Pause Young (Normal) (G1 Evacuation Pause)
[2.264s][info][gc,task      ] GC(36) Using 15 workers of 15 for evacuation
[2.265s][info][gc,phases    ] GC(36)   Pre Evacuate Collection Set: 0.0ms
[2.265s][info][gc,phases    ] GC(36)   Evacuate Collection Set: 0.7ms
[2.265s][info][gc,phases    ] GC(36)   Post Evacuate Collection Set: 0.2ms
[2.265s][info][gc,phases    ] GC(36)   Other: 0.1ms
[2.265s][info][gc,heap      ] GC(36) Eden regions: 697->0(695)
[2.265s][info][gc,heap      ] GC(36) Survivor regions: 2->4(88)
[2.265s][info][gc,heap      ] GC(36) Old regions: 241->241
[2.265s][info][gc,heap      ] GC(36) Humongous regions: 0->0
[2.265s][info][gc,metaspace ] GC(36) Metaspace: 12320K(12800K)->12320K(12800K) NonClass: 11160K(11520K)->11160K(11520K) Class: 1160K(1280K)->1160K(1280K)
[2.265s][info][gc           ] GC(36) Pause Young (Normal) (G1 Evacuation Pause) 939M->243M(1166M) 1.190ms
[2.265s][info][gc,cpu       ] GC(36) User=0.00s Sys=0.00s Real=0.00s
[2.312s][info][gc,start     ] GC(37) Pause Young (Normal) (G1 Evacuation Pause)
[2.312s][info][gc,task      ] GC(37) Using 15 workers of 15 for evacuation
[2.313s][info][gc,phases    ] GC(37)   Pre Evacuate Collection Set: 0.0ms
[2.313s][info][gc,phases    ] GC(37)   Evacuate Collection Set: 0.8ms
[2.313s][info][gc,phases    ] GC(37)   Post Evacuate Collection Set: 0.2ms
[2.313s][info][gc,phases    ] GC(37)   Other: 0.1ms
[2.313s][info][gc,heap      ] GC(37) Eden regions: 695->0(695)
[2.313s][info][gc,heap      ] GC(37) Survivor regions: 4->4(88)
[2.313s][info][gc,heap      ] GC(37) Old regions: 241->241
[2.313s][info][gc,heap      ] GC(37) Humongous regions: 0->0
[2.313s][info][gc,metaspace ] GC(37) Metaspace: 12320K(12800K)->12320K(12800K) NonClass: 11160K(11520K)->11160K(11520K) Class: 1160K(1280K)->1160K(1280K)
[2.313s][info][gc           ] GC(37) Pause Young (Normal) (G1 Evacuation Pause) 938M->244M(1166M) 1.150ms
[2.313s][info][gc,cpu       ] GC(37) User=0.00s Sys=0.00s Real=0.00s
[2.355s][info][gc,start     ] GC(38) Pause Young (Normal) (G1 Evacuation Pause)
[2.355s][info][gc,task      ] GC(38) Using 15 workers of 15 for evacuation
[2.356s][info][gc,phases    ] GC(38)   Pre Evacuate Collection Set: 0.0ms
[2.356s][info][gc,phases    ] GC(38)   Evacuate Collection Set: 0.7ms
[2.356s][info][gc,phases    ] GC(38)   Post Evacuate Collection Set: 0.3ms
[2.356s][info][gc,phases    ] GC(38)   Other: 0.1ms
[2.356s][info][gc,heap      ] GC(38) Eden regions: 695->0(696)
[2.356s][info][gc,heap      ] GC(38) Survivor regions: 4->3(88)
[2.356s][info][gc,heap      ] GC(38) Old regions: 241->241
[2.356s][info][gc,heap      ] GC(38) Humongous regions: 0->0
[2.356s][info][gc,metaspace ] GC(38) Metaspace: 12320K(12800K)->12320K(12800K) NonClass: 11160K(11520K)->11160K(11520K) Class: 1160K(1280K)->1160K(1280K)
[2.356s][info][gc           ] GC(38) Pause Young (Normal) (G1 Evacuation Pause) 939M->242M(1166M) 1.143ms
[2.356s][info][gc,cpu       ] GC(38) User=0.00s Sys=0.00s Real=0.00s
[2.402s][info][gc,start     ] GC(39) Pause Young (Normal) (G1 Evacuation Pause)
[2.402s][info][gc,task      ] GC(39) Using 15 workers of 15 for evacuation
[2.403s][info][gc,phases    ] GC(39)   Pre Evacuate Collection Set: 0.0ms
[2.403s][info][gc,phases    ] GC(39)   Evacuate Collection Set: 0.5ms
[2.403s][info][gc,phases    ] GC(39)   Post Evacuate Collection Set: 0.2ms
[2.403s][info][gc,phases    ] GC(39)   Other: 0.1ms
[2.403s][info][gc,heap      ] GC(39) Eden regions: 696->0(696)
[2.403s][info][gc,heap      ] GC(39) Survivor regions: 3->3(88)
[2.403s][info][gc,heap      ] GC(39) Old regions: 241->241
[2.403s][info][gc,heap      ] GC(39) Humongous regions: 0->0
[2.403s][info][gc,metaspace ] GC(39) Metaspace: 12320K(12800K)->12320K(12800K) NonClass: 11160K(11520K)->11160K(11520K) Class: 1160K(1280K)->1160K(1280K)
[2.403s][info][gc           ] GC(39) Pause Young (Normal) (G1 Evacuation Pause) 938M->242M(1166M) 0.909ms
[2.403s][info][gc,cpu       ] GC(39) User=0.00s Sys=0.00s Real=0.00s
[2.445s][info][gc,start     ] GC(40) Pause Young (Normal) (G1 Evacuation Pause)
[2.445s][info][gc,task      ] GC(40) Using 15 workers of 15 for evacuation
[2.446s][info][gc,phases    ] GC(40)   Pre Evacuate Collection Set: 0.0ms
[2.446s][info][gc,phases    ] GC(40)   Evacuate Collection Set: 0.6ms
[2.446s][info][gc,phases    ] GC(40)   Post Evacuate Collection Set: 0.2ms
[2.446s][info][gc,phases    ] GC(40)   Other: 0.1ms
[2.446s][info][gc,heap      ] GC(40) Eden regions: 696->0(697)
[2.446s][info][gc,heap      ] GC(40) Survivor regions: 3->2(88)
[2.446s][info][gc,heap      ] GC(40) Old regions: 241->241
[2.446s][info][gc,heap      ] GC(40) Humongous regions: 0->0
[2.446s][info][gc,metaspace ] GC(40) Metaspace: 12320K(12800K)->12320K(12800K) NonClass: 11160K(11520K)->11160K(11520K) Class: 1160K(1280K)->1160K(1280K)
[2.446s][info][gc           ] GC(40) Pause Young (Normal) (G1 Evacuation Pause) 938M->242M(1166M) 1.009ms
[2.446s][info][gc,cpu       ] GC(40) User=0.00s Sys=0.00s Real=0.00s
[2.492s][info][gc,start     ] GC(41) Pause Young (Normal) (G1 Evacuation Pause)
[2.492s][info][gc,task      ] GC(41) Using 15 workers of 15 for evacuation
[2.494s][info][gc,phases    ] GC(41)   Pre Evacuate Collection Set: 0.0ms
[2.494s][info][gc,phases    ] GC(41)   Evacuate Collection Set: 0.8ms
[2.494s][info][gc,phases    ] GC(41)   Post Evacuate Collection Set: 0.2ms
[2.494s][info][gc,phases    ] GC(41)   Other: 0.1ms
[2.494s][info][gc,heap      ] GC(41) Eden regions: 697->0(695)
[2.494s][info][gc,heap      ] GC(41) Survivor regions: 2->4(88)
[2.494s][info][gc,heap      ] GC(41) Old regions: 241->241
[2.494s][info][gc,heap      ] GC(41) Humongous regions: 0->0
[2.494s][info][gc,metaspace ] GC(41) Metaspace: 12320K(12800K)->12320K(12800K) NonClass: 11160K(11520K)->11160K(11520K) Class: 1160K(1280K)->1160K(1280K)
[2.494s][info][gc           ] GC(41) Pause Young (Normal) (G1 Evacuation Pause) 939M->244M(1166M) 1.222ms
[2.494s][info][gc,cpu       ] GC(41) User=0.00s Sys=0.00s Real=0.00s
[2.536s][info][gc,start     ] GC(42) Pause Young (Normal) (G1 Evacuation Pause)
[2.536s][info][gc,task      ] GC(42) Using 15 workers of 15 for evacuation
[2.537s][info][gc,phases    ] GC(42)   Pre Evacuate Collection Set: 0.0ms
[2.537s][info][gc,phases    ] GC(42)   Evacuate Collection Set: 0.6ms
[2.537s][info][gc,phases    ] GC(42)   Post Evacuate Collection Set: 0.2ms
[2.537s][info][gc,phases    ] GC(42)   Other: 0.1ms
[2.537s][info][gc,heap      ] GC(42) Eden regions: 695->0(696)
[2.537s][info][gc,heap      ] GC(42) Survivor regions: 4->3(88)
[2.537s][info][gc,heap      ] GC(42) Old regions: 241->241
[2.537s][info][gc,heap      ] GC(42) Humongous regions: 0->0
[2.537s][info][gc,metaspace ] GC(42) Metaspace: 12320K(12800K)->12320K(12800K) NonClass: 11160K(11520K)->11160K(11520K) Class: 1160K(1280K)->1160K(1280K)
[2.537s][info][gc           ] GC(42) Pause Young (Normal) (G1 Evacuation Pause) 939M->242M(1166M) 0.971ms
[2.537s][info][gc,cpu       ] GC(42) User=0.00s Sys=0.00s Real=0.00s
[2.583s][info][gc,start     ] GC(43) Pause Young (Normal) (G1 Evacuation Pause)
[2.583s][info][gc,task      ] GC(43) Using 15 workers of 15 for evacuation
[2.584s][info][gc,phases    ] GC(43)   Pre Evacuate Collection Set: 0.0ms
[2.584s][info][gc,phases    ] GC(43)   Evacuate Collection Set: 0.7ms
[2.584s][info][gc,phases    ] GC(43)   Post Evacuate Collection Set: 0.2ms
[2.584s][info][gc,phases    ] GC(43)   Other: 0.1ms
[2.584s][info][gc,heap      ] GC(43) Eden regions: 696->0(695)
[2.584s][info][gc,heap      ] GC(43) Survivor regions: 3->4(88)
[2.584s][info][gc,heap      ] GC(43) Old regions: 241->241
[2.584s][info][gc,heap      ] GC(43) Humongous regions: 0->0
[2.584s][info][gc,metaspace ] GC(43) Metaspace: 12320K(12800K)->12320K(12800K) NonClass: 11160K(11520K)->11160K(11520K) Class: 1160K(1280K)->1160K(1280K)
[2.584s][info][gc           ] GC(43) Pause Young (Normal) (G1 Evacuation Pause) 938M->243M(1166M) 1.158ms
[2.584s][info][gc,cpu       ] GC(43) User=0.00s Sys=0.00s Real=0.00s
[2.630s][info][gc,start     ] GC(44) Pause Young (Normal) (G1 Evacuation Pause)
[2.630s][info][gc,task      ] GC(44) Using 15 workers of 15 for evacuation
[2.631s][info][gc,phases    ] GC(44)   Pre Evacuate Collection Set: 0.0ms
[2.631s][info][gc,phases    ] GC(44)   Evacuate Collection Set: 0.4ms
[2.631s][info][gc,phases    ] GC(44)   Post Evacuate Collection Set: 0.3ms
[2.631s][info][gc,phases    ] GC(44)   Other: 0.2ms
[2.631s][info][gc,heap      ] GC(44) Eden regions: 695->0(697)
[2.631s][info][gc,heap      ] GC(44) Survivor regions: 4->2(88)
[2.631s][info][gc,heap      ] GC(44) Old regions: 241->241
[2.631s][info][gc,heap      ] GC(44) Humongous regions: 0->0
[2.631s][info][gc,metaspace ] GC(44) Metaspace: 12320K(12800K)->12320K(12800K) NonClass: 11160K(11520K)->11160K(11520K) Class: 1160K(1280K)->1160K(1280K)
[2.631s][info][gc           ] GC(44) Pause Young (Normal) (G1 Evacuation Pause) 938M->242M(1166M) 1.083ms
[2.631s][info][gc,cpu       ] GC(44) User=0.00s Sys=0.00s Real=0.00s
[2.673s][info][gc,start     ] GC(45) Pause Young (Normal) (G1 Evacuation Pause)
[2.673s][info][gc,task      ] GC(45) Using 15 workers of 15 for evacuation
[2.674s][info][gc,phases    ] GC(45)   Pre Evacuate Collection Set: 0.0ms
[2.674s][info][gc,phases    ] GC(45)   Evacuate Collection Set: 0.8ms
[2.674s][info][gc,phases    ] GC(45)   Post Evacuate Collection Set: 0.2ms
[2.674s][info][gc,phases    ] GC(45)   Other: 0.1ms
[2.674s][info][gc,heap      ] GC(45) Eden regions: 697->0(695)
[2.674s][info][gc,heap      ] GC(45) Survivor regions: 2->4(88)
[2.674s][info][gc,heap      ] GC(45) Old regions: 241->241
[2.674s][info][gc,heap      ] GC(45) Humongous regions: 0->0
[2.674s][info][gc,metaspace ] GC(45) Metaspace: 12320K(12800K)->12320K(12800K) NonClass: 11160K(11520K)->11160K(11520K) Class: 1160K(1280K)->1160K(1280K)
[2.674s][info][gc           ] GC(45) Pause Young (Normal) (G1 Evacuation Pause) 939M->243M(1166M) 1.195ms
[2.674s][info][gc,cpu       ] GC(45) User=0.00s Sys=0.00s Real=0.00s
[2.721s][info][gc,start     ] GC(46) Pause Young (Normal) (G1 Evacuation Pause)
[2.721s][info][gc,task      ] GC(46) Using 15 workers of 15 for evacuation
[2.722s][info][gc,phases    ] GC(46)   Pre Evacuate Collection Set: 0.0ms
[2.722s][info][gc,phases    ] GC(46)   Evacuate Collection Set: 0.6ms
[2.722s][info][gc,phases    ] GC(46)   Post Evacuate Collection Set: 0.3ms
[2.722s][info][gc,phases    ] GC(46)   Other: 0.1ms
[2.722s][info][gc,heap      ] GC(46) Eden regions: 695->0(696)
[2.722s][info][gc,heap      ] GC(46) Survivor regions: 4->3(88)
[2.722s][info][gc,heap      ] GC(46) Old regions: 241->241
[2.722s][info][gc,heap      ] GC(46) Humongous regions: 0->0
[2.722s][info][gc,metaspace ] GC(46) Metaspace: 12320K(12800K)->12320K(12800K) NonClass: 11160K(11520K)->11160K(11520K) Class: 1160K(1280K)->1160K(1280K)
[2.722s][info][gc           ] GC(46) Pause Young (Normal) (G1 Evacuation Pause) 938M->243M(1166M) 1.095ms
[2.722s][info][gc,cpu       ] GC(46) User=0.00s Sys=0.00s Real=0.00s
[2.765s][info][gc,start     ] GC(47) Pause Young (Normal) (G1 Evacuation Pause)
[2.765s][info][gc,task      ] GC(47) Using 15 workers of 15 for evacuation
[2.766s][info][gc,phases    ] GC(47)   Pre Evacuate Collection Set: 0.0ms
[2.766s][info][gc,phases    ] GC(47)   Evacuate Collection Set: 0.7ms
[2.766s][info][gc,phases    ] GC(47)   Post Evacuate Collection Set: 0.3ms
[2.766s][info][gc,phases    ] GC(47)   Other: 0.1ms
[2.766s][info][gc,heap      ] GC(47) Eden regions: 696->0(696)
[2.766s][info][gc,heap      ] GC(47) Survivor regions: 3->3(88)
[2.766s][info][gc,heap      ] GC(47) Old regions: 241->241
[2.766s][info][gc,heap      ] GC(47) Humongous regions: 0->0
[2.766s][info][gc,metaspace ] GC(47) Metaspace: 12320K(12800K)->12320K(12800K) NonClass: 11160K(11520K)->11160K(11520K) Class: 1160K(1280K)->1160K(1280K)
[2.766s][info][gc           ] GC(47) Pause Young (Normal) (G1 Evacuation Pause) 939M->242M(1166M) 1.163ms
[2.766s][info][gc,cpu       ] GC(47) User=0.00s Sys=0.00s Real=0.00s
[2.815s][info][gc,start     ] GC(48) Pause Young (Normal) (G1 Evacuation Pause)
[2.815s][info][gc,task      ] GC(48) Using 15 workers of 15 for evacuation
[2.816s][info][gc,phases    ] GC(48)   Pre Evacuate Collection Set: 0.0ms
[2.816s][info][gc,phases    ] GC(48)   Evacuate Collection Set: 0.5ms
[2.816s][info][gc,phases    ] GC(48)   Post Evacuate Collection Set: 0.3ms
[2.816s][info][gc,phases    ] GC(48)   Other: 0.1ms
[2.816s][info][gc,heap      ] GC(48) Eden regions: 696->0(697)
[2.816s][info][gc,heap      ] GC(48) Survivor regions: 3->2(88)
[2.816s][info][gc,heap      ] GC(48) Old regions: 241->241
[2.816s][info][gc,heap      ] GC(48) Humongous regions: 0->0
[2.816s][info][gc,metaspace ] GC(48) Metaspace: 12320K(12800K)->12320K(12800K) NonClass: 11160K(11520K)->11160K(11520K) Class: 1160K(1280K)->1160K(1280K)
[2.816s][info][gc           ] GC(48) Pause Young (Normal) (G1 Evacuation Pause) 938M->242M(1166M) 0.932ms
[2.816s][info][gc,cpu       ] GC(48) User=0.00s Sys=0.00s Real=0.00s
[2.861s][info][gc,start     ] GC(49) Pause Young (Normal) (G1 Evacuation Pause)
[2.861s][info][gc,task      ] GC(49) Using 15 workers of 15 for evacuation
[2.862s][info][gc,phases    ] GC(49)   Pre Evacuate Collection Set: 0.0ms
[2.862s][info][gc,phases    ] GC(49)   Evacuate Collection Set: 0.5ms
[2.862s][info][gc,phases    ] GC(49)   Post Evacuate Collection Set: 0.2ms
[2.862s][info][gc,phases    ] GC(49)   Other: 0.1ms
[2.862s][info][gc,heap      ] GC(49) Eden regions: 697->0(697)
[2.862s][info][gc,heap      ] GC(49) Survivor regions: 2->2(88)
[2.862s][info][gc,heap      ] GC(49) Old regions: 241->241
[2.862s][info][gc,heap      ] GC(49) Humongous regions: 0->0
[2.862s][info][gc,metaspace ] GC(49) Metaspace: 12320K(12800K)->12320K(12800K) NonClass: 11160K(11520K)->11160K(11520K) Class: 1160K(1280K)->1160K(1280K)
[2.862s][info][gc           ] GC(49) Pause Young (Normal) (G1 Evacuation Pause) 939M->242M(1166M) 0.981ms
[2.862s][info][gc,cpu       ] GC(49) User=0.00s Sys=0.00s Real=0.00s
[2.908s][info][gc,start     ] GC(50) Pause Young (Normal) (G1 Evacuation Pause)
[2.908s][info][gc,task      ] GC(50) Using 15 workers of 15 for evacuation
[2.909s][info][gc,phases    ] GC(50)   Pre Evacuate Collection Set: 0.0ms
[2.909s][info][gc,phases    ] GC(50)   Evacuate Collection Set: 0.7ms
[2.909s][info][gc,phases    ] GC(50)   Post Evacuate Collection Set: 0.2ms
[2.909s][info][gc,phases    ] GC(50)   Other: 0.1ms
[2.909s][info][gc,heap      ] GC(50) Eden regions: 697->0(696)
[2.909s][info][gc,heap      ] GC(50) Survivor regions: 2->3(88)
[2.909s][info][gc,heap      ] GC(50) Old regions: 241->241
[2.909s][info][gc,heap      ] GC(50) Humongous regions: 0->0
[2.909s][info][gc,metaspace ] GC(50) Metaspace: 12320K(12800K)->12320K(12800K) NonClass: 11160K(11520K)->11160K(11520K) Class: 1160K(1280K)->1160K(1280K)
[2.909s][info][gc           ] GC(50) Pause Young (Normal) (G1 Evacuation Pause) 939M->242M(1166M) 1.073ms
[2.909s][info][gc,cpu       ] GC(50) User=0.00s Sys=0.00s Real=0.00s
[2.952s][info][gc,start     ] GC(51) Pause Young (Normal) (G1 Evacuation Pause)
[2.952s][info][gc,task      ] GC(51) Using 15 workers of 15 for evacuation
[2.953s][info][gc,phases    ] GC(51)   Pre Evacuate Collection Set: 0.0ms
[2.953s][info][gc,phases    ] GC(51)   Evacuate Collection Set: 0.8ms
[2.953s][info][gc,phases    ] GC(51)   Post Evacuate Collection Set: 0.3ms
[2.953s][info][gc,phases    ] GC(51)   Other: 0.1ms
[2.953s][info][gc,heap      ] GC(51) Eden regions: 696->0(695)
[2.953s][info][gc,heap      ] GC(51) Survivor regions: 3->4(88)
[2.953s][info][gc,heap      ] GC(51) Old regions: 241->241
[2.953s][info][gc,heap      ] GC(51) Humongous regions: 0->0
[2.953s][info][gc,metaspace ] GC(51) Metaspace: 12320K(12800K)->12320K(12800K) NonClass: 11160K(11520K)->11160K(11520K) Class: 1160K(1280K)->1160K(1280K)
[2.953s][info][gc           ] GC(51) Pause Young (Normal) (G1 Evacuation Pause) 938M->243M(1166M) 1.290ms
[2.953s][info][gc,cpu       ] GC(51) User=0.00s Sys=0.00s Real=0.00s
[2.999s][info][gc,start     ] GC(52) Pause Young (Normal) (G1 Evacuation Pause)
[2.999s][info][gc,task      ] GC(52) Using 15 workers of 15 for evacuation
[3.000s][info][gc,phases    ] GC(52)   Pre Evacuate Collection Set: 0.0ms
[3.000s][info][gc,phases    ] GC(52)   Evacuate Collection Set: 0.8ms
[3.000s][info][gc,phases    ] GC(52)   Post Evacuate Collection Set: 0.2ms
[3.000s][info][gc,phases    ] GC(52)   Other: 0.1ms
[3.000s][info][gc,heap      ] GC(52) Eden regions: 695->0(695)
[3.000s][info][gc,heap      ] GC(52) Survivor regions: 4->4(88)
[3.000s][info][gc,heap      ] GC(52) Old regions: 241->241
[3.000s][info][gc,heap      ] GC(52) Humongous regions: 0->0
[3.000s][info][gc,metaspace ] GC(52) Metaspace: 12320K(12800K)->12320K(12800K) NonClass: 11160K(11520K)->11160K(11520K) Class: 1160K(1280K)->1160K(1280K)
[3.000s][info][gc           ] GC(52) Pause Young (Normal) (G1 Evacuation Pause) 938M->243M(1166M) 1.182ms
[3.000s][info][gc,cpu       ] GC(52) User=0.00s Sys=0.00s Real=0.00s
[3.046s][info][gc,start     ] GC(53) Pause Young (Normal) (G1 Evacuation Pause)
[3.046s][info][gc,task      ] GC(53) Using 15 workers of 15 for evacuation
[3.047s][info][gc,phases    ] GC(53)   Pre Evacuate Collection Set: 0.0ms
[3.047s][info][gc,phases    ] GC(53)   Evacuate Collection Set: 0.4ms
[3.047s][info][gc,phases    ] GC(53)   Post Evacuate Collection Set: 0.2ms
[3.047s][info][gc,phases    ] GC(53)   Other: 0.1ms
[3.047s][info][gc,heap      ] GC(53) Eden regions: 695->0(697)
[3.047s][info][gc,heap      ] GC(53) Survivor regions: 4->2(88)
[3.047s][info][gc,heap      ] GC(53) Old regions: 241->241
[3.047s][info][gc,heap      ] GC(53) Humongous regions: 0->0
[3.047s][info][gc,metaspace ] GC(53) Metaspace: 12320K(12800K)->12320K(12800K) NonClass: 11160K(11520K)->11160K(11520K) Class: 1160K(1280K)->1160K(1280K)
[3.047s][info][gc           ] GC(53) Pause Young (Normal) (G1 Evacuation Pause) 938M->241M(1166M) 0.807ms
[3.047s][info][gc,cpu       ] GC(53) User=0.00s Sys=0.00s Real=0.00s
[3.090s][info][gc,start     ] GC(54) Pause Young (Normal) (G1 Evacuation Pause)
[3.090s][info][gc,task      ] GC(54) Using 15 workers of 15 for evacuation
[3.091s][info][gc,phases    ] GC(54)   Pre Evacuate Collection Set: 0.0ms
[3.091s][info][gc,phases    ] GC(54)   Evacuate Collection Set: 0.7ms
[3.091s][info][gc,phases    ] GC(54)   Post Evacuate Collection Set: 0.3ms
[3.091s][info][gc,phases    ] GC(54)   Other: 0.1ms
[3.091s][info][gc,heap      ] GC(54) Eden regions: 697->0(696)
[3.091s][info][gc,heap      ] GC(54) Survivor regions: 2->3(88)
[3.091s][info][gc,heap      ] GC(54) Old regions: 241->241
[3.091s][info][gc,heap      ] GC(54) Humongous regions: 0->0
[3.091s][info][gc,metaspace ] GC(54) Metaspace: 12320K(12800K)->12320K(12800K) NonClass: 11160K(11520K)->11160K(11520K) Class: 1160K(1280K)->1160K(1280K)
[3.091s][info][gc           ] GC(54) Pause Young (Normal) (G1 Evacuation Pause) 938M->243M(1166M) 1.181ms
[3.091s][info][gc,cpu       ] GC(54) User=0.00s Sys=0.00s Real=0.00s
[3.138s][info][gc,start     ] GC(55) Pause Young (Normal) (G1 Evacuation Pause)
[3.138s][info][gc,task      ] GC(55) Using 15 workers of 15 for evacuation
[3.138s][info][gc,phases    ] GC(55)   Pre Evacuate Collection Set: 0.0ms
[3.139s][info][gc,phases    ] GC(55)   Evacuate Collection Set: 0.5ms
[3.139s][info][gc,phases    ] GC(55)   Post Evacuate Collection Set: 0.2ms
[3.139s][info][gc,phases    ] GC(55)   Other: 0.1ms
[3.139s][info][gc,heap      ] GC(55) Eden regions: 696->0(696)
[3.139s][info][gc,heap      ] GC(55) Survivor regions: 3->3(88)
[3.139s][info][gc,heap      ] GC(55) Old regions: 241->241
[3.139s][info][gc,heap      ] GC(55) Humongous regions: 0->0
[3.139s][info][gc,metaspace ] GC(55) Metaspace: 12329K(12800K)->12329K(12800K) NonClass: 11167K(11520K)->11167K(11520K) Class: 1161K(1280K)->1161K(1280K)
[3.139s][info][gc           ] GC(55) Pause Young (Normal) (G1 Evacuation Pause) 939M->242M(1166M) 0.903ms
[3.139s][info][gc,cpu       ] GC(55) User=0.00s Sys=0.00s Real=0.00s
[3.181s][info][gc,start     ] GC(56) Pause Young (Normal) (G1 Evacuation Pause)
[3.181s][info][gc,task      ] GC(56) Using 15 workers of 15 for evacuation
[3.182s][info][gc,phases    ] GC(56)   Pre Evacuate Collection Set: 0.0ms
[3.182s][info][gc,phases    ] GC(56)   Evacuate Collection Set: 0.6ms
[3.182s][info][gc,phases    ] GC(56)   Post Evacuate Collection Set: 0.2ms
[3.182s][info][gc,phases    ] GC(56)   Other: 0.1ms
[3.182s][info][gc,heap      ] GC(56) Eden regions: 696->0(696)
[3.182s][info][gc,heap      ] GC(56) Survivor regions: 3->3(88)
[3.182s][info][gc,heap      ] GC(56) Old regions: 241->241
[3.182s][info][gc,heap      ] GC(56) Humongous regions: 0->0
[3.182s][info][gc,metaspace ] GC(56) Metaspace: 12329K(12800K)->12329K(12800K) NonClass: 11167K(11520K)->11167K(11520K) Class: 1161K(1280K)->1161K(1280K)
[3.182s][info][gc           ] GC(56) Pause Young (Normal) (G1 Evacuation Pause) 938M->242M(1166M) 1.086ms
[3.182s][info][gc,cpu       ] GC(56) User=0.00s Sys=0.00s Real=0.00s
[3.229s][info][gc,start     ] GC(57) Pause Young (Normal) (G1 Evacuation Pause)
[3.229s][info][gc,task      ] GC(57) Using 15 workers of 15 for evacuation
[3.230s][info][gc,phases    ] GC(57)   Pre Evacuate Collection Set: 0.0ms
[3.230s][info][gc,phases    ] GC(57)   Evacuate Collection Set: 0.5ms
[3.230s][info][gc,phases    ] GC(57)   Post Evacuate Collection Set: 0.2ms
[3.230s][info][gc,phases    ] GC(57)   Other: 0.1ms
[3.230s][info][gc,heap      ] GC(57) Eden regions: 696->0(696)
[3.230s][info][gc,heap      ] GC(57) Survivor regions: 3->3(88)
[3.230s][info][gc,heap      ] GC(57) Old regions: 241->241
[3.230s][info][gc,heap      ] GC(57) Humongous regions: 0->0
[3.230s][info][gc,metaspace ] GC(57) Metaspace: 12329K(12800K)->12329K(12800K) NonClass: 11167K(11520K)->11167K(11520K) Class: 1161K(1280K)->1161K(1280K)
[3.230s][info][gc           ] GC(57) Pause Young (Normal) (G1 Evacuation Pause) 938M->242M(1166M) 0.920ms
[3.230s][info][gc,cpu       ] GC(57) User=0.00s Sys=0.00s Real=0.00s
[3.272s][info][gc,start     ] GC(58) Pause Young (Normal) (G1 Evacuation Pause)
[3.272s][info][gc,task      ] GC(58) Using 15 workers of 15 for evacuation
[3.273s][info][gc,phases    ] GC(58)   Pre Evacuate Collection Set: 0.0ms
[3.273s][info][gc,phases    ] GC(58)   Evacuate Collection Set: 0.6ms
[3.273s][info][gc,phases    ] GC(58)   Post Evacuate Collection Set: 0.2ms
[3.273s][info][gc,phases    ] GC(58)   Other: 0.1ms
[3.273s][info][gc,heap      ] GC(58) Eden regions: 696->0(696)
[3.273s][info][gc,heap      ] GC(58) Survivor regions: 3->3(88)
[3.273s][info][gc,heap      ] GC(58) Old regions: 241->241
[3.273s][info][gc,heap      ] GC(58) Humongous regions: 0->0
[3.273s][info][gc,metaspace ] GC(58) Metaspace: 12329K(12800K)->12329K(12800K) NonClass: 11167K(11520K)->11167K(11520K) Class: 1161K(1280K)->1161K(1280K)
[3.273s][info][gc           ] GC(58) Pause Young (Normal) (G1 Evacuation Pause) 938M->242M(1166M) 0.977ms
[3.273s][info][gc,cpu       ] GC(58) User=0.00s Sys=0.00s Real=0.00s
[3.321s][info][gc,start     ] GC(59) Pause Young (Normal) (G1 Evacuation Pause)
[3.321s][info][gc,task      ] GC(59) Using 15 workers of 15 for evacuation
[3.323s][info][gc,phases    ] GC(59)   Pre Evacuate Collection Set: 0.0ms
[3.323s][info][gc,phases    ] GC(59)   Evacuate Collection Set: 0.8ms
[3.323s][info][gc,phases    ] GC(59)   Post Evacuate Collection Set: 0.3ms
[3.323s][info][gc,phases    ] GC(59)   Other: 0.1ms
[3.323s][info][gc,heap      ] GC(59) Eden regions: 696->0(695)
[3.323s][info][gc,heap      ] GC(59) Survivor regions: 3->4(88)
[3.323s][info][gc,heap      ] GC(59) Old regions: 241->241
[3.323s][info][gc,heap      ] GC(59) Humongous regions: 0->0
[3.323s][info][gc,metaspace ] GC(59) Metaspace: 12329K(12800K)->12329K(12800K) NonClass: 11167K(11520K)->11167K(11520K) Class: 1161K(1280K)->1161K(1280K)
[3.323s][info][gc           ] GC(59) Pause Young (Normal) (G1 Evacuation Pause) 938M->243M(1166M) 1.252ms
[3.323s][info][gc,cpu       ] GC(59) User=0.00s Sys=0.00s Real=0.00s
[3.368s][info][gc,start     ] GC(60) Pause Young (Normal) (G1 Evacuation Pause)
[3.368s][info][gc,task      ] GC(60) Using 15 workers of 15 for evacuation
[3.369s][info][gc,phases    ] GC(60)   Pre Evacuate Collection Set: 0.0ms
[3.369s][info][gc,phases    ] GC(60)   Evacuate Collection Set: 0.6ms
[3.369s][info][gc,phases    ] GC(60)   Post Evacuate Collection Set: 0.2ms
[3.369s][info][gc,phases    ] GC(60)   Other: 0.1ms
[3.369s][info][gc,heap      ] GC(60) Eden regions: 695->0(697)
[3.369s][info][gc,heap      ] GC(60) Survivor regions: 4->2(88)
[3.369s][info][gc,heap      ] GC(60) Old regions: 241->241
[3.369s][info][gc,heap      ] GC(60) Humongous regions: 0->0
[3.369s][info][gc,metaspace ] GC(60) Metaspace: 12329K(12800K)->12329K(12800K) NonClass: 11167K(11520K)->11167K(11520K) Class: 1161K(1280K)->1161K(1280K)
[3.369s][info][gc           ] GC(60) Pause Young (Normal) (G1 Evacuation Pause) 938M->241M(1166M) 0.994ms
[3.369s][info][gc,cpu       ] GC(60) User=0.00s Sys=0.00s Real=0.00s
[3.416s][info][gc,start     ] GC(61) Pause Young (Normal) (G1 Evacuation Pause)
[3.416s][info][gc,task      ] GC(61) Using 15 workers of 15 for evacuation
[3.417s][info][gc,phases    ] GC(61)   Pre Evacuate Collection Set: 0.0ms
[3.417s][info][gc,phases    ] GC(61)   Evacuate Collection Set: 0.5ms
[3.417s][info][gc,phases    ] GC(61)   Post Evacuate Collection Set: 0.3ms
[3.417s][info][gc,phases    ] GC(61)   Other: 0.1ms
[3.417s][info][gc,heap      ] GC(61) Eden regions: 697->0(697)
[3.417s][info][gc,heap      ] GC(61) Survivor regions: 2->2(88)
[3.417s][info][gc,heap      ] GC(61) Old regions: 241->241
[3.417s][info][gc,heap      ] GC(61) Humongous regions: 0->0
[3.417s][info][gc,metaspace ] GC(61) Metaspace: 12333K(12800K)->12333K(12800K) NonClass: 11171K(11520K)->11171K(11520K) Class: 1161K(1280K)->1161K(1280K)
[3.417s][info][gc           ] GC(61) Pause Young (Normal) (G1 Evacuation Pause) 938M->241M(1166M) 1.019ms
[3.417s][info][gc,cpu       ] GC(61) User=0.00s Sys=0.00s Real=0.00s
[3.466s][info][gc,start     ] GC(62) Pause Young (Normal) (G1 Evacuation Pause)
[3.466s][info][gc,task      ] GC(62) Using 15 workers of 15 for evacuation
[3.467s][info][gc,phases    ] GC(62)   Pre Evacuate Collection Set: 0.0ms
[3.467s][info][gc,phases    ] GC(62)   Evacuate Collection Set: 0.4ms
[3.467s][info][gc,phases    ] GC(62)   Post Evacuate Collection Set: 0.3ms
[3.467s][info][gc,phases    ] GC(62)   Other: 0.1ms
[3.467s][info][gc,heap      ] GC(62) Eden regions: 697->0(697)
[3.467s][info][gc,heap      ] GC(62) Survivor regions: 2->2(88)
[3.467s][info][gc,heap      ] GC(62) Old regions: 241->241
[3.467s][info][gc,heap      ] GC(62) Humongous regions: 0->0
[3.467s][info][gc,metaspace ] GC(62) Metaspace: 12333K(12800K)->12333K(12800K) NonClass: 11171K(11520K)->11171K(11520K) Class: 1161K(1280K)->1161K(1280K)
[3.467s][info][gc           ] GC(62) Pause Young (Normal) (G1 Evacuation Pause) 938M->241M(1166M) 0.857ms
[3.467s][info][gc,cpu       ] GC(62) User=0.00s Sys=0.00s Real=0.00s
[3.511s][info][gc,start     ] GC(63) Pause Young (Normal) (G1 Evacuation Pause)
[3.511s][info][gc,task      ] GC(63) Using 15 workers of 15 for evacuation
[3.511s][info][gc,phases    ] GC(63)   Pre Evacuate Collection Set: 0.0ms
[3.511s][info][gc,phases    ] GC(63)   Evacuate Collection Set: 0.5ms
[3.511s][info][gc,phases    ] GC(63)   Post Evacuate Collection Set: 0.2ms
[3.511s][info][gc,phases    ] GC(63)   Other: 0.1ms
[3.511s][info][gc,heap      ] GC(63) Eden regions: 697->0(697)
[3.511s][info][gc,heap      ] GC(63) Survivor regions: 2->2(88)
[3.511s][info][gc,heap      ] GC(63) Old regions: 241->241
[3.511s][info][gc,heap      ] GC(63) Humongous regions: 0->0
[3.511s][info][gc,metaspace ] GC(63) Metaspace: 12333K(12800K)->12333K(12800K) NonClass: 11171K(11520K)->11171K(11520K) Class: 1161K(1280K)->1161K(1280K)
[3.511s][info][gc           ] GC(63) Pause Young (Normal) (G1 Evacuation Pause) 938M->242M(1166M) 0.930ms
[3.511s][info][gc,cpu       ] GC(63) User=0.00s Sys=0.00s Real=0.00s
[3.559s][info][gc,start     ] GC(64) Pause Young (Normal) (G1 Evacuation Pause)
[3.559s][info][gc,task      ] GC(64) Using 15 workers of 15 for evacuation
[3.560s][info][gc,phases    ] GC(64)   Pre Evacuate Collection Set: 0.0ms
[3.560s][info][gc,phases    ] GC(64)   Evacuate Collection Set: 0.7ms
[3.560s][info][gc,phases    ] GC(64)   Post Evacuate Collection Set: 0.3ms
[3.560s][info][gc,phases    ] GC(64)   Other: 0.2ms
[3.560s][info][gc,heap      ] GC(64) Eden regions: 697->0(695)
[3.560s][info][gc,heap      ] GC(64) Survivor regions: 2->4(88)
[3.560s][info][gc,heap      ] GC(64) Old regions: 241->241
[3.560s][info][gc,heap      ] GC(64) Humongous regions: 0->0
[3.560s][info][gc,metaspace ] GC(64) Metaspace: 12333K(12800K)->12333K(12800K) NonClass: 11171K(11520K)->11171K(11520K) Class: 1161K(1280K)->1161K(1280K)
[3.560s][info][gc           ] GC(64) Pause Young (Normal) (G1 Evacuation Pause) 939M->243M(1166M) 1.192ms
[3.560s][info][gc,cpu       ] GC(64) User=0.00s Sys=0.00s Real=0.00s
[3.603s][info][gc,start     ] GC(65) Pause Young (Normal) (G1 Evacuation Pause)
[3.603s][info][gc,task      ] GC(65) Using 15 workers of 15 for evacuation
[3.605s][info][gc,phases    ] GC(65)   Pre Evacuate Collection Set: 0.0ms
[3.605s][info][gc,phases    ] GC(65)   Evacuate Collection Set: 0.7ms
[3.605s][info][gc,phases    ] GC(65)   Post Evacuate Collection Set: 0.4ms
[3.605s][info][gc,phases    ] GC(65)   Other: 0.2ms
[3.605s][info][gc,heap      ] GC(65) Eden regions: 695->0(696)
[3.605s][info][gc,heap      ] GC(65) Survivor regions: 4->3(88)
[3.605s][info][gc,heap      ] GC(65) Old regions: 241->241
[3.605s][info][gc,heap      ] GC(65) Humongous regions: 0->0
[3.605s][info][gc,metaspace ] GC(65) Metaspace: 12333K(12800K)->12333K(12800K) NonClass: 11171K(11520K)->11171K(11520K) Class: 1161K(1280K)->1161K(1280K)
[3.605s][info][gc           ] GC(65) Pause Young (Normal) (G1 Evacuation Pause) 938M->242M(1166M) 1.377ms
[3.605s][info][gc,cpu       ] GC(65) User=0.00s Sys=0.00s Real=0.00s
[3.651s][info][gc,start     ] GC(66) Pause Young (Normal) (G1 Evacuation Pause)
[3.651s][info][gc,task      ] GC(66) Using 15 workers of 15 for evacuation
[3.653s][info][gc,phases    ] GC(66)   Pre Evacuate Collection Set: 0.0ms
[3.653s][info][gc,phases    ] GC(66)   Evacuate Collection Set: 0.8ms
[3.653s][info][gc,phases    ] GC(66)   Post Evacuate Collection Set: 0.2ms
[3.653s][info][gc,phases    ] GC(66)   Other: 0.1ms
[3.653s][info][gc,heap      ] GC(66) Eden regions: 696->0(695)
[3.653s][info][gc,heap      ] GC(66) Survivor regions: 3->4(88)
[3.653s][info][gc,heap      ] GC(66) Old regions: 241->241
[3.653s][info][gc,heap      ] GC(66) Humongous regions: 0->0
[3.653s][info][gc,metaspace ] GC(66) Metaspace: 12333K(12800K)->12333K(12800K) NonClass: 11171K(11520K)->11171K(11520K) Class: 1161K(1280K)->1161K(1280K)
[3.653s][info][gc           ] GC(66) Pause Young (Normal) (G1 Evacuation Pause) 938M->244M(1166M) 1.207ms
[3.653s][info][gc,cpu       ] GC(66) User=0.00s Sys=0.00s Real=0.00s
[3.695s][info][gc,start     ] GC(67) Pause Young (Normal) (G1 Evacuation Pause)
[3.695s][info][gc,task      ] GC(67) Using 15 workers of 15 for evacuation
[3.696s][info][gc,phases    ] GC(67)   Pre Evacuate Collection Set: 0.0ms
[3.696s][info][gc,phases    ] GC(67)   Evacuate Collection Set: 0.7ms
[3.696s][info][gc,phases    ] GC(67)   Post Evacuate Collection Set: 0.2ms
[3.696s][info][gc,phases    ] GC(67)   Other: 0.1ms
[3.696s][info][gc,heap      ] GC(67) Eden regions: 695->0(695)
[3.696s][info][gc,heap      ] GC(67) Survivor regions: 4->4(88)
[3.696s][info][gc,heap      ] GC(67) Old regions: 241->241
[3.696s][info][gc,heap      ] GC(67) Humongous regions: 0->0
[3.696s][info][gc,metaspace ] GC(67) Metaspace: 12333K(12800K)->12333K(12800K) NonClass: 11171K(11520K)->11171K(11520K) Class: 1161K(1280K)->1161K(1280K)
[3.696s][info][gc           ] GC(67) Pause Young (Normal) (G1 Evacuation Pause) 939M->243M(1166M) 1.093ms
[3.696s][info][gc,cpu       ] GC(67) User=0.00s Sys=0.00s Real=0.00s
[3.741s][info][gc,start     ] GC(68) Pause Young (Normal) (G1 Evacuation Pause)
[3.741s][info][gc,task      ] GC(68) Using 15 workers of 15 for evacuation
[3.742s][info][gc,phases    ] GC(68)   Pre Evacuate Collection Set: 0.0ms
[3.742s][info][gc,phases    ] GC(68)   Evacuate Collection Set: 0.5ms
[3.742s][info][gc,phases    ] GC(68)   Post Evacuate Collection Set: 0.2ms
[3.742s][info][gc,phases    ] GC(68)   Other: 0.2ms
[3.742s][info][gc,heap      ] GC(68) Eden regions: 695->0(697)
[3.742s][info][gc,heap      ] GC(68) Survivor regions: 4->2(88)
[3.742s][info][gc,heap      ] GC(68) Old regions: 241->241
[3.742s][info][gc,heap      ] GC(68) Humongous regions: 0->0
[3.742s][info][gc,metaspace ] GC(68) Metaspace: 12333K(12800K)->12333K(12800K) NonClass: 11171K(11520K)->11171K(11520K) Class: 1161K(1280K)->1161K(1280K)
[3.742s][info][gc           ] GC(68) Pause Young (Normal) (G1 Evacuation Pause) 938M->241M(1166M) 0.917ms
[3.742s][info][gc,cpu       ] GC(68) User=0.00s Sys=0.00s Real=0.00s
[3.785s][info][gc,start     ] GC(69) Pause Young (Normal) (G1 Evacuation Pause)
[3.785s][info][gc,task      ] GC(69) Using 15 workers of 15 for evacuation
[3.786s][info][gc,phases    ] GC(69)   Pre Evacuate Collection Set: 0.0ms
[3.786s][info][gc,phases    ] GC(69)   Evacuate Collection Set: 0.6ms
[3.787s][info][gc,phases    ] GC(69)   Post Evacuate Collection Set: 0.3ms
[3.787s][info][gc,phases    ] GC(69)   Other: 0.1ms
[3.787s][info][gc,heap      ] GC(69) Eden regions: 697->0(696)
[3.787s][info][gc,heap      ] GC(69) Survivor regions: 2->3(88)
[3.787s][info][gc,heap      ] GC(69) Old regions: 241->241
[3.787s][info][gc,heap      ] GC(69) Humongous regions: 0->0
[3.787s][info][gc,metaspace ] GC(69) Metaspace: 12333K(12800K)->12333K(12800K) NonClass: 11171K(11520K)->11171K(11520K) Class: 1161K(1280K)->1161K(1280K)
[3.787s][info][gc           ] GC(69) Pause Young (Normal) (G1 Evacuation Pause) 938M->242M(1166M) 1.119ms
[3.787s][info][gc,cpu       ] GC(69) User=0.00s Sys=0.00s Real=0.00s
[3.832s][info][gc,start     ] GC(70) Pause Young (Normal) (G1 Evacuation Pause)
[3.832s][info][gc,task      ] GC(70) Using 15 workers of 15 for evacuation
[3.833s][info][gc,phases    ] GC(70)   Pre Evacuate Collection Set: 0.0ms
[3.833s][info][gc,phases    ] GC(70)   Evacuate Collection Set: 0.6ms
[3.833s][info][gc,phases    ] GC(70)   Post Evacuate Collection Set: 0.2ms
[3.833s][info][gc,phases    ] GC(70)   Other: 0.1ms
[3.833s][info][gc,heap      ] GC(70) Eden regions: 696->0(697)
[3.833s][info][gc,heap      ] GC(70) Survivor regions: 3->2(88)
[3.833s][info][gc,heap      ] GC(70) Old regions: 241->241
[3.833s][info][gc,heap      ] GC(70) Humongous regions: 0->0
[3.833s][info][gc,metaspace ] GC(70) Metaspace: 12333K(12800K)->12333K(12800K) NonClass: 11171K(11520K)->11171K(11520K) Class: 1161K(1280K)->1161K(1280K)
[3.833s][info][gc           ] GC(70) Pause Young (Normal) (G1 Evacuation Pause) 938M->242M(1166M) 1.022ms
[3.833s][info][gc,cpu       ] GC(70) User=0.00s Sys=0.00s Real=0.00s
[3.881s][info][gc,start     ] GC(71) Pause Young (Normal) (G1 Evacuation Pause)
[3.881s][info][gc,task      ] GC(71) Using 15 workers of 15 for evacuation
[3.882s][info][gc,phases    ] GC(71)   Pre Evacuate Collection Set: 0.0ms
[3.882s][info][gc,phases    ] GC(71)   Evacuate Collection Set: 0.4ms
[3.882s][info][gc,phases    ] GC(71)   Post Evacuate Collection Set: 0.2ms
[3.882s][info][gc,phases    ] GC(71)   Other: 0.1ms
[3.882s][info][gc,heap      ] GC(71) Eden regions: 697->0(697)
[3.882s][info][gc,heap      ] GC(71) Survivor regions: 2->2(88)
[3.882s][info][gc,heap      ] GC(71) Old regions: 241->241
[3.882s][info][gc,heap      ] GC(71) Humongous regions: 0->0
[3.882s][info][gc,metaspace ] GC(71) Metaspace: 12333K(12800K)->12333K(12800K) NonClass: 11171K(11520K)->11171K(11520K) Class: 1161K(1280K)->1161K(1280K)
[3.882s][info][gc           ] GC(71) Pause Young (Normal) (G1 Evacuation Pause) 939M->241M(1166M) 0.822ms
[3.882s][info][gc,cpu       ] GC(71) User=0.00s Sys=0.00s Real=0.00s
[3.924s][info][gc,start     ] GC(72) Pause Young (Normal) (G1 Evacuation Pause)
[3.924s][info][gc,task      ] GC(72) Using 15 workers of 15 for evacuation
[3.926s][info][gc,phases    ] GC(72)   Pre Evacuate Collection Set: 0.0ms
[3.926s][info][gc,phases    ] GC(72)   Evacuate Collection Set: 0.7ms
[3.926s][info][gc,phases    ] GC(72)   Post Evacuate Collection Set: 0.3ms
[3.926s][info][gc,phases    ] GC(72)   Other: 0.2ms
[3.926s][info][gc,heap      ] GC(72) Eden regions: 697->0(696)
[3.926s][info][gc,heap      ] GC(72) Survivor regions: 2->3(88)
[3.926s][info][gc,heap      ] GC(72) Old regions: 241->241
[3.926s][info][gc,heap      ] GC(72) Humongous regions: 0->0
[3.926s][info][gc,metaspace ] GC(72) Metaspace: 12333K(12800K)->12333K(12800K) NonClass: 11171K(11520K)->11171K(11520K) Class: 1161K(1280K)->1161K(1280K)
[3.926s][info][gc           ] GC(72) Pause Young (Normal) (G1 Evacuation Pause) 938M->242M(1166M) 1.242ms
[3.926s][info][gc,cpu       ] GC(72) User=0.00s Sys=0.00s Real=0.00s
[3.974s][info][gc,start     ] GC(73) Pause Young (Normal) (G1 Evacuation Pause)
[3.974s][info][gc,task      ] GC(73) Using 15 workers of 15 for evacuation
[3.975s][info][gc,phases    ] GC(73)   Pre Evacuate Collection Set: 0.0ms
[3.975s][info][gc,phases    ] GC(73)   Evacuate Collection Set: 0.5ms
[3.975s][info][gc,phases    ] GC(73)   Post Evacuate Collection Set: 0.2ms
[3.975s][info][gc,phases    ] GC(73)   Other: 0.1ms
[3.975s][info][gc,heap      ] GC(73) Eden regions: 696->0(696)
[3.975s][info][gc,heap      ] GC(73) Survivor regions: 3->3(88)
[3.975s][info][gc,heap      ] GC(73) Old regions: 241->241
[3.975s][info][gc,heap      ] GC(73) Humongous regions: 0->0
[3.975s][info][gc,metaspace ] GC(73) Metaspace: 12333K(12800K)->12333K(12800K) NonClass: 11171K(11520K)->11171K(11520K) Class: 1161K(1280K)->1161K(1280K)
[3.975s][info][gc           ] GC(73) Pause Young (Normal) (G1 Evacuation Pause) 938M->242M(1166M) 0.925ms
[3.975s][info][gc,cpu       ] GC(73) User=0.00s Sys=0.00s Real=0.00s
[4.019s][info][gc,start     ] GC(74) Pause Young (Normal) (G1 Evacuation Pause)
[4.019s][info][gc,task      ] GC(74) Using 15 workers of 15 for evacuation
[4.020s][info][gc,phases    ] GC(74)   Pre Evacuate Collection Set: 0.0ms
[4.020s][info][gc,phases    ] GC(74)   Evacuate Collection Set: 0.7ms
[4.020s][info][gc,phases    ] GC(74)   Post Evacuate Collection Set: 0.2ms
[4.020s][info][gc,phases    ] GC(74)   Other: 0.1ms
[4.020s][info][gc,heap      ] GC(74) Eden regions: 696->0(695)
[4.020s][info][gc,heap      ] GC(74) Survivor regions: 3->4(88)
[4.020s][info][gc,heap      ] GC(74) Old regions: 241->241
[4.020s][info][gc,heap      ] GC(74) Humongous regions: 0->0
[4.020s][info][gc,metaspace ] GC(74) Metaspace: 12333K(12800K)->12333K(12800K) NonClass: 11171K(11520K)->11171K(11520K) Class: 1161K(1280K)->1161K(1280K)
[4.020s][info][gc           ] GC(74) Pause Young (Normal) (G1 Evacuation Pause) 938M->243M(1166M) 1.144ms
[4.020s][info][gc,cpu       ] GC(74) User=0.00s Sys=0.00s Real=0.00s
[4.067s][info][gc,start     ] GC(75) Pause Young (Normal) (G1 Evacuation Pause)
[4.067s][info][gc,task      ] GC(75) Using 15 workers of 15 for evacuation
[4.068s][info][gc,phases    ] GC(75)   Pre Evacuate Collection Set: 0.0ms
[4.068s][info][gc,phases    ] GC(75)   Evacuate Collection Set: 0.5ms
[4.068s][info][gc,phases    ] GC(75)   Post Evacuate Collection Set: 0.2ms
[4.068s][info][gc,phases    ] GC(75)   Other: 0.1ms
[4.068s][info][gc,heap      ] GC(75) Eden regions: 695->0(696)
[4.068s][info][gc,heap      ] GC(75) Survivor regions: 4->3(88)
[4.068s][info][gc,heap      ] GC(75) Old regions: 241->241
[4.068s][info][gc,heap      ] GC(75) Humongous regions: 0->0
[4.068s][info][gc,metaspace ] GC(75) Metaspace: 12333K(12800K)->12333K(12800K) NonClass: 11171K(11520K)->11171K(11520K) Class: 1161K(1280K)->1161K(1280K)
[4.068s][info][gc           ] GC(75) Pause Young (Normal) (G1 Evacuation Pause) 938M->242M(1166M) 0.919ms
[4.068s][info][gc,cpu       ] GC(75) User=0.00s Sys=0.00s Real=0.00s
[4.110s][info][gc,start     ] GC(76) Pause Young (Normal) (G1 Evacuation Pause)
[4.110s][info][gc,task      ] GC(76) Using 15 workers of 15 for evacuation
[4.111s][info][gc,phases    ] GC(76)   Pre Evacuate Collection Set: 0.0ms
[4.111s][info][gc,phases    ] GC(76)   Evacuate Collection Set: 0.6ms
[4.111s][info][gc,phases    ] GC(76)   Post Evacuate Collection Set: 0.2ms
[4.111s][info][gc,phases    ] GC(76)   Other: 0.1ms
[4.111s][info][gc,heap      ] GC(76) Eden regions: 696->0(696)
[4.111s][info][gc,heap      ] GC(76) Survivor regions: 3->3(88)
[4.111s][info][gc,heap      ] GC(76) Old regions: 241->241
[4.111s][info][gc,heap      ] GC(76) Humongous regions: 0->0
[4.111s][info][gc,metaspace ] GC(76) Metaspace: 12333K(12800K)->12333K(12800K) NonClass: 11171K(11520K)->11171K(11520K) Class: 1161K(1280K)->1161K(1280K)
[4.111s][info][gc           ] GC(76) Pause Young (Normal) (G1 Evacuation Pause) 938M->242M(1166M) 1.035ms
[4.111s][info][gc,cpu       ] GC(76) User=0.00s Sys=0.00s Real=0.00s
[4.158s][info][gc,start     ] GC(77) Pause Young (Normal) (G1 Evacuation Pause)
[4.158s][info][gc,task      ] GC(77) Using 15 workers of 15 for evacuation
[4.159s][info][gc,phases    ] GC(77)   Pre Evacuate Collection Set: 0.0ms
[4.159s][info][gc,phases    ] GC(77)   Evacuate Collection Set: 0.8ms
[4.159s][info][gc,phases    ] GC(77)   Post Evacuate Collection Set: 0.3ms
[4.159s][info][gc,phases    ] GC(77)   Other: 0.1ms
[4.159s][info][gc,heap      ] GC(77) Eden regions: 696->0(696)
[4.159s][info][gc,heap      ] GC(77) Survivor regions: 3->3(88)
[4.159s][info][gc,heap      ] GC(77) Old regions: 241->241
[4.159s][info][gc,heap      ] GC(77) Humongous regions: 0->0
[4.159s][info][gc,metaspace ] GC(77) Metaspace: 12333K(12800K)->12333K(12800K) NonClass: 11171K(11520K)->11171K(11520K) Class: 1161K(1280K)->1161K(1280K)
[4.159s][info][gc           ] GC(77) Pause Young (Normal) (G1 Evacuation Pause) 938M->243M(1166M) 1.203ms
[4.159s][info][gc,cpu       ] GC(77) User=0.00s Sys=0.00s Real=0.00s
[4.201s][info][gc,start     ] GC(78) Pause Young (Normal) (G1 Evacuation Pause)
[4.201s][info][gc,task      ] GC(78) Using 15 workers of 15 for evacuation
[4.202s][info][gc,phases    ] GC(78)   Pre Evacuate Collection Set: 0.0ms
[4.202s][info][gc,phases    ] GC(78)   Evacuate Collection Set: 0.6ms
[4.202s][info][gc,phases    ] GC(78)   Post Evacuate Collection Set: 0.3ms
[4.202s][info][gc,phases    ] GC(78)   Other: 0.1ms
[4.202s][info][gc,heap      ] GC(78) Eden regions: 696->0(696)
[4.202s][info][gc,heap      ] GC(78) Survivor regions: 3->3(88)
[4.202s][info][gc,heap      ] GC(78) Old regions: 241->241
[4.202s][info][gc,heap      ] GC(78) Humongous regions: 0->0
[4.202s][info][gc,metaspace ] GC(78) Metaspace: 12333K(12800K)->12333K(12800K) NonClass: 11171K(11520K)->11171K(11520K) Class: 1161K(1280K)->1161K(1280K)
[4.202s][info][gc           ] GC(78) Pause Young (Normal) (G1 Evacuation Pause) 939M->243M(1166M) 1.052ms
[4.202s][info][gc,cpu       ] GC(78) User=0.00s Sys=0.00s Real=0.00s
[4.247s][info][gc,start     ] GC(79) Pause Young (Normal) (G1 Evacuation Pause)
[4.247s][info][gc,task      ] GC(79) Using 15 workers of 15 for evacuation
[4.248s][info][gc,phases    ] GC(79)   Pre Evacuate Collection Set: 0.0ms
[4.248s][info][gc,phases    ] GC(79)   Evacuate Collection Set: 0.5ms
[4.248s][info][gc,phases    ] GC(79)   Post Evacuate Collection Set: 0.2ms
[4.248s][info][gc,phases    ] GC(79)   Other: 0.1ms
[4.248s][info][gc,heap      ] GC(79) Eden regions: 696->0(697)
[4.248s][info][gc,heap      ] GC(79) Survivor regions: 3->2(88)
[4.248s][info][gc,heap      ] GC(79) Old regions: 241->241
[4.248s][info][gc,heap      ] GC(79) Humongous regions: 0->0
[4.248s][info][gc,metaspace ] GC(79) Metaspace: 12339K(12800K)->12339K(12800K) NonClass: 11177K(11520K)->11177K(11520K) Class: 1161K(1280K)->1161K(1280K)
[4.248s][info][gc           ] GC(79) Pause Young (Normal) (G1 Evacuation Pause) 939M->241M(1166M) 0.906ms
[4.248s][info][gc,cpu       ] GC(79) User=0.00s Sys=0.00s Real=0.00s
[4.295s][info][gc,start     ] GC(80) Pause Young (Normal) (G1 Evacuation Pause)
[4.295s][info][gc,task      ] GC(80) Using 15 workers of 15 for evacuation
[4.296s][info][gc,phases    ] GC(80)   Pre Evacuate Collection Set: 0.0ms
[4.296s][info][gc,phases    ] GC(80)   Evacuate Collection Set: 0.4ms
[4.296s][info][gc,phases    ] GC(80)   Post Evacuate Collection Set: 0.2ms
[4.296s][info][gc,phases    ] GC(80)   Other: 0.1ms
[4.296s][info][gc,heap      ] GC(80) Eden regions: 697->0(697)
[4.296s][info][gc,heap      ] GC(80) Survivor regions: 2->2(88)
[4.296s][info][gc,heap      ] GC(80) Old regions: 241->241
[4.296s][info][gc,heap      ] GC(80) Humongous regions: 0->0
[4.296s][info][gc,metaspace ] GC(80) Metaspace: 12339K(12800K)->12339K(12800K) NonClass: 11177K(11520K)->11177K(11520K) Class: 1161K(1280K)->1161K(1280K)
[4.296s][info][gc           ] GC(80) Pause Young (Normal) (G1 Evacuation Pause) 938M->241M(1166M) 0.824ms
[4.296s][info][gc,cpu       ] GC(80) User=0.00s Sys=0.00s Real=0.00s
[4.338s][info][gc,start     ] GC(81) Pause Young (Normal) (G1 Evacuation Pause)
[4.338s][info][gc,task      ] GC(81) Using 15 workers of 15 for evacuation
[4.339s][info][gc,phases    ] GC(81)   Pre Evacuate Collection Set: 0.0ms
[4.339s][info][gc,phases    ] GC(81)   Evacuate Collection Set: 0.6ms
[4.339s][info][gc,phases    ] GC(81)   Post Evacuate Collection Set: 0.4ms
[4.339s][info][gc,phases    ] GC(81)   Other: 0.1ms
[4.339s][info][gc,heap      ] GC(81) Eden regions: 697->0(697)
[4.339s][info][gc,heap      ] GC(81) Survivor regions: 2->2(88)
[4.339s][info][gc,heap      ] GC(81) Old regions: 241->241
[4.339s][info][gc,heap      ] GC(81) Humongous regions: 0->0
[4.339s][info][gc,metaspace ] GC(81) Metaspace: 12339K(12800K)->12339K(12800K) NonClass: 11177K(11520K)->11177K(11520K) Class: 1161K(1280K)->1161K(1280K)
[4.339s][info][gc           ] GC(81) Pause Young (Normal) (G1 Evacuation Pause) 938M->241M(1166M) 1.140ms
[4.339s][info][gc,cpu       ] GC(81) User=0.00s Sys=0.00s Real=0.00s
[4.385s][info][gc,start     ] GC(82) Pause Young (Normal) (G1 Evacuation Pause)
[4.385s][info][gc,task      ] GC(82) Using 15 workers of 15 for evacuation
[4.386s][info][gc,phases    ] GC(82)   Pre Evacuate Collection Set: 0.0ms
[4.386s][info][gc,phases    ] GC(82)   Evacuate Collection Set: 0.5ms
[4.386s][info][gc,phases    ] GC(82)   Post Evacuate Collection Set: 0.2ms
[4.386s][info][gc,phases    ] GC(82)   Other: 0.2ms
[4.386s][info][gc,heap      ] GC(82) Eden regions: 697->0(697)
[4.386s][info][gc,heap      ] GC(82) Survivor regions: 2->2(88)
[4.386s][info][gc,heap      ] GC(82) Old regions: 241->241
[4.386s][info][gc,heap      ] GC(82) Humongous regions: 0->0
[4.386s][info][gc,metaspace ] GC(82) Metaspace: 12339K(12800K)->12339K(12800K) NonClass: 11177K(11520K)->11177K(11520K) Class: 1161K(1280K)->1161K(1280K)
[4.386s][info][gc           ] GC(82) Pause Young (Normal) (G1 Evacuation Pause) 938M->241M(1166M) 0.934ms
[4.386s][info][gc,cpu       ] GC(82) User=0.00s Sys=0.00s Real=0.00s
[4.429s][info][gc,start     ] GC(83) Pause Young (Normal) (G1 Evacuation Pause)
[4.429s][info][gc,task      ] GC(83) Using 15 workers of 15 for evacuation
[4.430s][info][gc,phases    ] GC(83)   Pre Evacuate Collection Set: 0.0ms
[4.430s][info][gc,phases    ] GC(83)   Evacuate Collection Set: 0.6ms
[4.430s][info][gc,phases    ] GC(83)   Post Evacuate Collection Set: 0.3ms
[4.430s][info][gc,phases    ] GC(83)   Other: 0.1ms
[4.430s][info][gc,heap      ] GC(83) Eden regions: 697->0(696)
[4.430s][info][gc,heap      ] GC(83) Survivor regions: 2->3(88)
[4.430s][info][gc,heap      ] GC(83) Old regions: 241->241
[4.430s][info][gc,heap      ] GC(83) Humongous regions: 0->0
[4.430s][info][gc,metaspace ] GC(83) Metaspace: 12339K(12800K)->12339K(12800K) NonClass: 11177K(11520K)->11177K(11520K) Class: 1161K(1280K)->1161K(1280K)
[4.430s][info][gc           ] GC(83) Pause Young (Normal) (G1 Evacuation Pause) 938M->242M(1166M) 1.113ms
[4.430s][info][gc,cpu       ] GC(83) User=0.00s Sys=0.00s Real=0.00s
[4.476s][info][gc,start     ] GC(84) Pause Young (Normal) (G1 Evacuation Pause)
[4.476s][info][gc,task      ] GC(84) Using 15 workers of 15 for evacuation
[4.477s][info][gc,phases    ] GC(84)   Pre Evacuate Collection Set: 0.0ms
[4.477s][info][gc,phases    ] GC(84)   Evacuate Collection Set: 0.7ms
[4.477s][info][gc,phases    ] GC(84)   Post Evacuate Collection Set: 0.2ms
[4.477s][info][gc,phases    ] GC(84)   Other: 0.1ms
[4.477s][info][gc,heap      ] GC(84) Eden regions: 696->0(695)
[4.477s][info][gc,heap      ] GC(84) Survivor regions: 3->4(88)
[4.477s][info][gc,heap      ] GC(84) Old regions: 241->241
[4.477s][info][gc,heap      ] GC(84) Humongous regions: 0->0
[4.477s][info][gc,metaspace ] GC(84) Metaspace: 12339K(12800K)->12339K(12800K) NonClass: 11177K(11520K)->11177K(11520K) Class: 1161K(1280K)->1161K(1280K)
[4.477s][info][gc           ] GC(84) Pause Young (Normal) (G1 Evacuation Pause) 938M->243M(1166M) 1.067ms
[4.477s][info][gc,cpu       ] GC(84) User=0.00s Sys=0.00s Real=0.00s
[4.520s][info][gc,start     ] GC(85) Pause Young (Normal) (G1 Evacuation Pause)
[4.520s][info][gc,task      ] GC(85) Using 15 workers of 15 for evacuation
[4.521s][info][gc,phases    ] GC(85)   Pre Evacuate Collection Set: 0.0ms
[4.521s][info][gc,phases    ] GC(85)   Evacuate Collection Set: 0.6ms
[4.521s][info][gc,phases    ] GC(85)   Post Evacuate Collection Set: 0.2ms
[4.521s][info][gc,phases    ] GC(85)   Other: 0.1ms
[4.521s][info][gc,heap      ] GC(85) Eden regions: 695->0(696)
[4.521s][info][gc,heap      ] GC(85) Survivor regions: 4->3(88)
[4.521s][info][gc,heap      ] GC(85) Old regions: 241->241
[4.521s][info][gc,heap      ] GC(85) Humongous regions: 0->0
[4.521s][info][gc,metaspace ] GC(85) Metaspace: 12339K(12800K)->12339K(12800K) NonClass: 11177K(11520K)->11177K(11520K) Class: 1161K(1280K)->1161K(1280K)
[4.521s][info][gc           ] GC(85) Pause Young (Normal) (G1 Evacuation Pause) 938M->242M(1166M) 0.976ms
[4.521s][info][gc,cpu       ] GC(85) User=0.00s Sys=0.00s Real=0.00s
[4.566s][info][gc,start     ] GC(86) Pause Young (Normal) (G1 Evacuation Pause)
[4.567s][info][gc,task      ] GC(86) Using 15 workers of 15 for evacuation
[4.567s][info][gc,phases    ] GC(86)   Pre Evacuate Collection Set: 0.0ms
[4.567s][info][gc,phases    ] GC(86)   Evacuate Collection Set: 0.5ms
[4.567s][info][gc,phases    ] GC(86)   Post Evacuate Collection Set: 0.2ms
[4.567s][info][gc,phases    ] GC(86)   Other: 0.2ms
[4.567s][info][gc,heap      ] GC(86) Eden regions: 696->0(697)
[4.567s][info][gc,heap      ] GC(86) Survivor regions: 3->2(88)
[4.567s][info][gc,heap      ] GC(86) Old regions: 241->241
[4.567s][info][gc,heap      ] GC(86) Humongous regions: 0->0
[4.567s][info][gc,metaspace ] GC(86) Metaspace: 12339K(12800K)->12339K(12800K) NonClass: 11177K(11520K)->11177K(11520K) Class: 1161K(1280K)->1161K(1280K)
[4.568s][info][gc           ] GC(86) Pause Young (Normal) (G1 Evacuation Pause) 938M->242M(1166M) 1.016ms
[4.568s][info][gc,cpu       ] GC(86) User=0.00s Sys=0.00s Real=0.00s
[4.611s][info][gc,start     ] GC(87) Pause Young (Normal) (G1 Evacuation Pause)
[4.611s][info][gc,task      ] GC(87) Using 15 workers of 15 for evacuation
[4.612s][info][gc,phases    ] GC(87)   Pre Evacuate Collection Set: 0.0ms
[4.612s][info][gc,phases    ] GC(87)   Evacuate Collection Set: 0.8ms
[4.612s][info][gc,phases    ] GC(87)   Post Evacuate Collection Set: 0.3ms
[4.612s][info][gc,phases    ] GC(87)   Other: 0.1ms
[4.612s][info][gc,heap      ] GC(87) Eden regions: 697->0(696)
[4.612s][info][gc,heap      ] GC(87) Survivor regions: 2->3(88)
[4.612s][info][gc,heap      ] GC(87) Old regions: 241->241
[4.612s][info][gc,heap      ] GC(87) Humongous regions: 0->0
[4.612s][info][gc,metaspace ] GC(87) Metaspace: 12339K(12800K)->12339K(12800K) NonClass: 11177K(11520K)->11177K(11520K) Class: 1161K(1280K)->1161K(1280K)
[4.612s][info][gc           ] GC(87) Pause Young (Normal) (G1 Evacuation Pause) 939M->243M(1166M) 1.188ms
[4.612s][info][gc,cpu       ] GC(87) User=0.00s Sys=0.00s Real=0.00s
[4.658s][info][gc,start     ] GC(88) Pause Young (Normal) (G1 Evacuation Pause)
[4.658s][info][gc,task      ] GC(88) Using 15 workers of 15 for evacuation
[4.659s][info][gc,phases    ] GC(88)   Pre Evacuate Collection Set: 0.0ms
[4.659s][info][gc,phases    ] GC(88)   Evacuate Collection Set: 0.7ms
[4.659s][info][gc,phases    ] GC(88)   Post Evacuate Collection Set: 0.2ms
[4.659s][info][gc,phases    ] GC(88)   Other: 0.1ms
[4.659s][info][gc,heap      ] GC(88) Eden regions: 696->0(696)
[4.659s][info][gc,heap      ] GC(88) Survivor regions: 3->3(88)
[4.659s][info][gc,heap      ] GC(88) Old regions: 241->241
[4.659s][info][gc,heap      ] GC(88) Humongous regions: 0->0
[4.659s][info][gc,metaspace ] GC(88) Metaspace: 12339K(12800K)->12339K(12800K) NonClass: 11177K(11520K)->11177K(11520K) Class: 1161K(1280K)->1161K(1280K)
[4.659s][info][gc           ] GC(88) Pause Young (Normal) (G1 Evacuation Pause) 939M->243M(1166M) 1.125ms
[4.659s][info][gc,cpu       ] GC(88) User=0.00s Sys=0.00s Real=0.00s
[4.706s][info][gc,start     ] GC(89) Pause Young (Normal) (G1 Evacuation Pause)
[4.707s][info][gc,task      ] GC(89) Using 15 workers of 15 for evacuation
[4.707s][info][gc,phases    ] GC(89)   Pre Evacuate Collection Set: 0.0ms
[4.707s][info][gc,phases    ] GC(89)   Evacuate Collection Set: 0.4ms
[4.707s][info][gc,phases    ] GC(89)   Post Evacuate Collection Set: 0.2ms
[4.707s][info][gc,phases    ] GC(89)   Other: 0.1ms
[4.707s][info][gc,heap      ] GC(89) Eden regions: 696->0(697)
[4.707s][info][gc,heap      ] GC(89) Survivor regions: 3->2(88)
[4.707s][info][gc,heap      ] GC(89) Old regions: 241->241
[4.707s][info][gc,heap      ] GC(89) Humongous regions: 0->0
[4.707s][info][gc,metaspace ] GC(89) Metaspace: 12339K(12800K)->12339K(12800K) NonClass: 11177K(11520K)->11177K(11520K) Class: 1161K(1280K)->1161K(1280K)
[4.707s][info][gc           ] GC(89) Pause Young (Normal) (G1 Evacuation Pause) 939M->242M(1166M) 0.827ms
[4.707s][info][gc,cpu       ] GC(89) User=0.00s Sys=0.00s Real=0.00s
[4.750s][info][gc,start     ] GC(90) Pause Young (Normal) (G1 Evacuation Pause)
[4.750s][info][gc,task      ] GC(90) Using 15 workers of 15 for evacuation
[4.750s][info][gc,phases    ] GC(90)   Pre Evacuate Collection Set: 0.0ms
[4.750s][info][gc,phases    ] GC(90)   Evacuate Collection Set: 0.6ms
[4.750s][info][gc,phases    ] GC(90)   Post Evacuate Collection Set: 0.2ms
[4.750s][info][gc,phases    ] GC(90)   Other: 0.1ms
[4.750s][info][gc,heap      ] GC(90) Eden regions: 697->0(696)
[4.750s][info][gc,heap      ] GC(90) Survivor regions: 2->3(88)
[4.750s][info][gc,heap      ] GC(90) Old regions: 241->241
[4.750s][info][gc,heap      ] GC(90) Humongous regions: 0->0
[4.751s][info][gc,metaspace ] GC(90) Metaspace: 12339K(12800K)->12339K(12800K) NonClass: 11177K(11520K)->11177K(11520K) Class: 1161K(1280K)->1161K(1280K)
[4.751s][info][gc           ] GC(90) Pause Young (Normal) (G1 Evacuation Pause) 939M->242M(1166M) 0.994ms
[4.751s][info][gc,cpu       ] GC(90) User=0.00s Sys=0.00s Real=0.00s
[4.796s][info][gc,start     ] GC(91) Pause Young (Normal) (G1 Evacuation Pause)
[4.796s][info][gc,task      ] GC(91) Using 15 workers of 15 for evacuation
[4.797s][info][gc,phases    ] GC(91)   Pre Evacuate Collection Set: 0.0ms
[4.797s][info][gc,phases    ] GC(91)   Evacuate Collection Set: 0.6ms
[4.797s][info][gc,phases    ] GC(91)   Post Evacuate Collection Set: 0.3ms
[4.797s][info][gc,phases    ] GC(91)   Other: 0.2ms
[4.797s][info][gc,heap      ] GC(91) Eden regions: 696->0(695)
[4.797s][info][gc,heap      ] GC(91) Survivor regions: 3->4(88)
[4.797s][info][gc,heap      ] GC(91) Old regions: 241->241
[4.797s][info][gc,heap      ] GC(91) Humongous regions: 0->0
[4.797s][info][gc,metaspace ] GC(91) Metaspace: 12345K(12800K)->12345K(12800K) NonClass: 11183K(11520K)->11183K(11520K) Class: 1161K(1280K)->1161K(1280K)
[4.797s][info][gc           ] GC(91) Pause Young (Normal) (G1 Evacuation Pause) 938M->243M(1166M) 1.150ms
[4.797s][info][gc,cpu       ] GC(91) User=0.02s Sys=0.00s Real=0.00s
[4.840s][info][gc,start     ] GC(92) Pause Young (Normal) (G1 Evacuation Pause)
[4.840s][info][gc,task      ] GC(92) Using 15 workers of 15 for evacuation
[4.841s][info][gc,phases    ] GC(92)   Pre Evacuate Collection Set: 0.0ms
[4.841s][info][gc,phases    ] GC(92)   Evacuate Collection Set: 0.6ms
[4.841s][info][gc,phases    ] GC(92)   Post Evacuate Collection Set: 0.2ms
[4.841s][info][gc,phases    ] GC(92)   Other: 0.1ms
[4.841s][info][gc,heap      ] GC(92) Eden regions: 695->0(696)
[4.841s][info][gc,heap      ] GC(92) Survivor regions: 4->3(88)
[4.841s][info][gc,heap      ] GC(92) Old regions: 241->241
[4.841s][info][gc,heap      ] GC(92) Humongous regions: 0->0
[4.841s][info][gc,metaspace ] GC(92) Metaspace: 12345K(12800K)->12345K(12800K) NonClass: 11183K(11520K)->11183K(11520K) Class: 1161K(1280K)->1161K(1280K)
[4.841s][info][gc           ] GC(92) Pause Young (Normal) (G1 Evacuation Pause) 938M->242M(1166M) 0.995ms
[4.841s][info][gc,cpu       ] GC(92) User=0.00s Sys=0.00s Real=0.00s
[4.888s][info][gc,start     ] GC(93) Pause Young (Normal) (G1 Evacuation Pause)
[4.888s][info][gc,task      ] GC(93) Using 15 workers of 15 for evacuation
[4.888s][info][gc,phases    ] GC(93)   Pre Evacuate Collection Set: 0.0ms
[4.888s][info][gc,phases    ] GC(93)   Evacuate Collection Set: 0.4ms
[4.888s][info][gc,phases    ] GC(93)   Post Evacuate Collection Set: 0.2ms
[4.888s][info][gc,phases    ] GC(93)   Other: 0.1ms
[4.888s][info][gc,heap      ] GC(93) Eden regions: 696->0(697)
[4.888s][info][gc,heap      ] GC(93) Survivor regions: 3->2(88)
[4.888s][info][gc,heap      ] GC(93) Old regions: 241->241
[4.888s][info][gc,heap      ] GC(93) Humongous regions: 0->0
[4.888s][info][gc,metaspace ] GC(93) Metaspace: 12345K(12800K)->12345K(12800K) NonClass: 11183K(11520K)->11183K(11520K) Class: 1161K(1280K)->1161K(1280K)
[4.888s][info][gc           ] GC(93) Pause Young (Normal) (G1 Evacuation Pause) 938M->241M(1166M) 0.821ms
[4.889s][info][gc,cpu       ] GC(93) User=0.00s Sys=0.00s Real=0.00s
[4.931s][info][gc,start     ] GC(94) Pause Young (Normal) (G1 Evacuation Pause)
[4.931s][info][gc,task      ] GC(94) Using 15 workers of 15 for evacuation
[4.932s][info][gc,phases    ] GC(94)   Pre Evacuate Collection Set: 0.0ms
[4.932s][info][gc,phases    ] GC(94)   Evacuate Collection Set: 0.6ms
[4.932s][info][gc,phases    ] GC(94)   Post Evacuate Collection Set: 0.2ms
[4.932s][info][gc,phases    ] GC(94)   Other: 0.1ms
[4.932s][info][gc,heap      ] GC(94) Eden regions: 697->0(696)
[4.932s][info][gc,heap      ] GC(94) Survivor regions: 2->3(88)
[4.932s][info][gc,heap      ] GC(94) Old regions: 241->241
[4.932s][info][gc,heap      ] GC(94) Humongous regions: 0->0
[4.932s][info][gc,metaspace ] GC(94) Metaspace: 12345K(12800K)->12345K(12800K) NonClass: 11183K(11520K)->11183K(11520K) Class: 1161K(1280K)->1161K(1280K)
[4.932s][info][gc           ] GC(94) Pause Young (Normal) (G1 Evacuation Pause) 938M->242M(1166M) 1.027ms
[4.932s][info][gc,cpu       ] GC(94) User=0.00s Sys=0.00s Real=0.00s
[4.977s][info][gc,start     ] GC(95) Pause Young (Normal) (G1 Evacuation Pause)
[4.977s][info][gc,task      ] GC(95) Using 15 workers of 15 for evacuation
[4.978s][info][gc,phases    ] GC(95)   Pre Evacuate Collection Set: 0.0ms
[4.978s][info][gc,phases    ] GC(95)   Evacuate Collection Set: 0.6ms
[4.978s][info][gc,phases    ] GC(95)   Post Evacuate Collection Set: 0.2ms
[4.978s][info][gc,phases    ] GC(95)   Other: 0.1ms
[4.978s][info][gc,heap      ] GC(95) Eden regions: 696->0(696)
[4.978s][info][gc,heap      ] GC(95) Survivor regions: 3->3(88)
[4.978s][info][gc,heap      ] GC(95) Old regions: 241->241
[4.978s][info][gc,heap      ] GC(95) Humongous regions: 0->0
[4.978s][info][gc,metaspace ] GC(95) Metaspace: 12345K(12800K)->12345K(12800K) NonClass: 11183K(11520K)->11183K(11520K) Class: 1161K(1280K)->1161K(1280K)
[4.978s][info][gc           ] GC(95) Pause Young (Normal) (G1 Evacuation Pause) 938M->242M(1166M) 0.999ms
[4.978s][info][gc,cpu       ] GC(95) User=0.00s Sys=0.00s Real=0.00s
[5.022s][info][gc,start     ] GC(96) Pause Young (Normal) (G1 Evacuation Pause)
[5.022s][info][gc,task      ] GC(96) Using 15 workers of 15 for evacuation
[5.023s][info][gc,phases    ] GC(96)   Pre Evacuate Collection Set: 0.0ms
[5.023s][info][gc,phases    ] GC(96)   Evacuate Collection Set: 0.6ms
[5.023s][info][gc,phases    ] GC(96)   Post Evacuate Collection Set: 0.2ms
[5.023s][info][gc,phases    ] GC(96)   Other: 0.1ms
[5.023s][info][gc,heap      ] GC(96) Eden regions: 696->0(697)
[5.023s][info][gc,heap      ] GC(96) Survivor regions: 3->2(88)
[5.023s][info][gc,heap      ] GC(96) Old regions: 241->241
[5.023s][info][gc,heap      ] GC(96) Humongous regions: 0->0
[5.023s][info][gc,metaspace ] GC(96) Metaspace: 12345K(12800K)->12345K(12800K) NonClass: 11183K(11520K)->11183K(11520K) Class: 1161K(1280K)->1161K(1280K)
[5.023s][info][gc           ] GC(96) Pause Young (Normal) (G1 Evacuation Pause) 938M->242M(1166M) 1.011ms
[5.023s][info][gc,cpu       ] GC(96) User=0.00s Sys=0.00s Real=0.00s
[5.069s][info][gc,start     ] GC(97) Pause Young (Normal) (G1 Evacuation Pause)
[5.069s][info][gc,task      ] GC(97) Using 15 workers of 15 for evacuation
[5.070s][info][gc,phases    ] GC(97)   Pre Evacuate Collection Set: 0.0ms
[5.070s][info][gc,phases    ] GC(97)   Evacuate Collection Set: 0.5ms
[5.070s][info][gc,phases    ] GC(97)   Post Evacuate Collection Set: 0.2ms
[5.070s][info][gc,phases    ] GC(97)   Other: 0.1ms
[5.070s][info][gc,heap      ] GC(97) Eden regions: 697->0(697)
[5.070s][info][gc,heap      ] GC(97) Survivor regions: 2->2(88)
[5.070s][info][gc,heap      ] GC(97) Old regions: 241->241
[5.070s][info][gc,heap      ] GC(97) Humongous regions: 0->0
[5.070s][info][gc,metaspace ] GC(97) Metaspace: 12345K(12800K)->12345K(12800K) NonClass: 11183K(11520K)->11183K(11520K) Class: 1161K(1280K)->1161K(1280K)
[5.070s][info][gc           ] GC(97) Pause Young (Normal) (G1 Evacuation Pause) 939M->242M(1166M) 0.957ms
[5.070s][info][gc,cpu       ] GC(97) User=0.00s Sys=0.00s Real=0.00s
[5.117s][info][gc,start     ] GC(98) Pause Young (Normal) (G1 Evacuation Pause)
[5.117s][info][gc,task      ] GC(98) Using 15 workers of 15 for evacuation
[5.118s][info][gc,phases    ] GC(98)   Pre Evacuate Collection Set: 0.0ms
[5.118s][info][gc,phases    ] GC(98)   Evacuate Collection Set: 0.4ms
[5.118s][info][gc,phases    ] GC(98)   Post Evacuate Collection Set: 0.2ms
[5.118s][info][gc,phases    ] GC(98)   Other: 0.1ms
[5.118s][info][gc,heap      ] GC(98) Eden regions: 697->0(697)
[5.118s][info][gc,heap      ] GC(98) Survivor regions: 2->2(88)
[5.118s][info][gc,heap      ] GC(98) Old regions: 241->241
[5.118s][info][gc,heap      ] GC(98) Humongous regions: 0->0
[5.118s][info][gc,metaspace ] GC(98) Metaspace: 12345K(12800K)->12345K(12800K) NonClass: 11183K(11520K)->11183K(11520K) Class: 1161K(1280K)->1161K(1280K)
[5.118s][info][gc           ] GC(98) Pause Young (Normal) (G1 Evacuation Pause) 939M->241M(1166M) 0.839ms
[5.118s][info][gc,cpu       ] GC(98) User=0.00s Sys=0.00s Real=0.00s
[5.162s][info][gc,start     ] GC(99) Pause Young (Normal) (G1 Evacuation Pause)
[5.162s][info][gc,task      ] GC(99) Using 15 workers of 15 for evacuation
[5.163s][info][gc,phases    ] GC(99)   Pre Evacuate Collection Set: 0.0ms
[5.163s][info][gc,phases    ] GC(99)   Evacuate Collection Set: 0.7ms
[5.163s][info][gc,phases    ] GC(99)   Post Evacuate Collection Set: 0.3ms
[5.163s][info][gc,phases    ] GC(99)   Other: 0.1ms
[5.163s][info][gc,heap      ] GC(99) Eden regions: 697->0(697)
[5.163s][info][gc,heap      ] GC(99) Survivor regions: 2->2(88)
[5.163s][info][gc,heap      ] GC(99) Old regions: 241->241
[5.163s][info][gc,heap      ] GC(99) Humongous regions: 0->0
[5.163s][info][gc,metaspace ] GC(99) Metaspace: 12345K(12800K)->12345K(12800K) NonClass: 11183K(11520K)->11183K(11520K) Class: 1161K(1280K)->1161K(1280K)
[5.163s][info][gc           ] GC(99) Pause Young (Normal) (G1 Evacuation Pause) 938M->242M(1166M) 1.143ms
[5.163s][info][gc,cpu       ] GC(99) User=0.00s Sys=0.00s Real=0.00s
[5.211s][info][gc,start     ] GC(100) Pause Young (Normal) (G1 Evacuation Pause)
[5.211s][info][gc,task      ] GC(100) Using 15 workers of 15 for evacuation
[5.212s][info][gc,phases    ] GC(100)   Pre Evacuate Collection Set: 0.0ms
[5.212s][info][gc,phases    ] GC(100)   Evacuate Collection Set: 0.4ms
[5.212s][info][gc,phases    ] GC(100)   Post Evacuate Collection Set: 0.3ms
[5.212s][info][gc,phases    ] GC(100)   Other: 0.1ms
[5.212s][info][gc,heap      ] GC(100) Eden regions: 697->0(697)
[5.212s][info][gc,heap      ] GC(100) Survivor regions: 2->2(88)
[5.212s][info][gc,heap      ] GC(100) Old regions: 241->241
[5.212s][info][gc,heap      ] GC(100) Humongous regions: 0->0
[5.212s][info][gc,metaspace ] GC(100) Metaspace: 12345K(12800K)->12345K(12800K) NonClass: 11183K(11520K)->11183K(11520K) Class: 1161K(1280K)->1161K(1280K)
[5.212s][info][gc           ] GC(100) Pause Young (Normal) (G1 Evacuation Pause) 939M->242M(1166M) 0.968ms
[5.212s][info][gc,cpu       ] GC(100) User=0.00s Sys=0.00s Real=0.00s
[5.256s][info][gc,start     ] GC(101) Pause Young (Normal) (G1 Evacuation Pause)
[5.256s][info][gc,task      ] GC(101) Using 15 workers of 15 for evacuation
[5.257s][info][gc,phases    ] GC(101)   Pre Evacuate Collection Set: 0.0ms
[5.257s][info][gc,phases    ] GC(101)   Evacuate Collection Set: 0.7ms
[5.257s][info][gc,phases    ] GC(101)   Post Evacuate Collection Set: 0.2ms
[5.257s][info][gc,phases    ] GC(101)   Other: 0.1ms
[5.257s][info][gc,heap      ] GC(101) Eden regions: 697->0(696)
[5.257s][info][gc,heap      ] GC(101) Survivor regions: 2->3(88)
[5.257s][info][gc,heap      ] GC(101) Old regions: 241->241
[5.257s][info][gc,heap      ] GC(101) Humongous regions: 0->0
[5.257s][info][gc,metaspace ] GC(101) Metaspace: 12345K(12800K)->12345K(12800K) NonClass: 11183K(11520K)->11183K(11520K) Class: 1161K(1280K)->1161K(1280K)
[5.257s][info][gc           ] GC(101) Pause Young (Normal) (G1 Evacuation Pause) 939M->242M(1166M) 1.164ms
[5.257s][info][gc,cpu       ] GC(101) User=0.00s Sys=0.00s Real=0.00s
[5.304s][info][gc,start     ] GC(102) Pause Young (Normal) (G1 Evacuation Pause)
[5.304s][info][gc,task      ] GC(102) Using 15 workers of 15 for evacuation
[5.305s][info][gc,phases    ] GC(102)   Pre Evacuate Collection Set: 0.0ms
[5.305s][info][gc,phases    ] GC(102)   Evacuate Collection Set: 0.4ms
[5.305s][info][gc,phases    ] GC(102)   Post Evacuate Collection Set: 0.2ms
[5.305s][info][gc,phases    ] GC(102)   Other: 0.1ms
[5.305s][info][gc,heap      ] GC(102) Eden regions: 696->0(697)
[5.305s][info][gc,heap      ] GC(102) Survivor regions: 3->2(88)
[5.305s][info][gc,heap      ] GC(102) Old regions: 241->241
[5.305s][info][gc,heap      ] GC(102) Humongous regions: 0->0
[5.305s][info][gc,metaspace ] GC(102) Metaspace: 12345K(12800K)->12345K(12800K) NonClass: 11183K(11520K)->11183K(11520K) Class: 1161K(1280K)->1161K(1280K)
[5.305s][info][gc           ] GC(102) Pause Young (Normal) (G1 Evacuation Pause) 938M->241M(1166M) 0.847ms
[5.305s][info][gc,cpu       ] GC(102) User=0.00s Sys=0.00s Real=0.00s
[5.347s][info][gc,start     ] GC(103) Pause Young (Normal) (G1 Evacuation Pause)
[5.347s][info][gc,task      ] GC(103) Using 15 workers of 15 for evacuation
[5.348s][info][gc,phases    ] GC(103)   Pre Evacuate Collection Set: 0.0ms
[5.348s][info][gc,phases    ] GC(103)   Evacuate Collection Set: 0.6ms
[5.348s][info][gc,phases    ] GC(103)   Post Evacuate Collection Set: 0.3ms
[5.348s][info][gc,phases    ] GC(103)   Other: 0.1ms
[5.348s][info][gc,heap      ] GC(103) Eden regions: 697->0(696)
[5.348s][info][gc,heap      ] GC(103) Survivor regions: 2->3(88)
[5.348s][info][gc,heap      ] GC(103) Old regions: 241->241
[5.348s][info][gc,heap      ] GC(103) Humongous regions: 0->0
[5.348s][info][gc,metaspace ] GC(103) Metaspace: 12345K(12800K)->12345K(12800K) NonClass: 11183K(11520K)->11183K(11520K) Class: 1161K(1280K)->1161K(1280K)
[5.348s][info][gc           ] GC(103) Pause Young (Normal) (G1 Evacuation Pause) 938M->242M(1166M) 1.036ms
[5.348s][info][gc,cpu       ] GC(103) User=0.00s Sys=0.00s Real=0.00s
[5.368s][info][gc,heap,exit ] Heap
[5.368s][info][gc,heap,exit ]  garbage-first heap   total 1193984K, used 461388K [0x0000000700000000, 0x0000000800000000)
[5.368s][info][gc,heap,exit ]   region size 1024K, 213 young (218112K), 3 survivors (3072K)
[5.368s][info][gc,heap,exit ]  Metaspace       used 12418K, capacity 12780K, committed 12800K, reserved 1060864K
[5.368s][info][gc,heap,exit ]   class space    used 1168K, capacity 1265K, committed 1280K, reserved 1048576K
[0.006s][info][gc,heap] Heap region size: 1M
[0.013s][info][gc     ] Using G1
[0.013s][info][gc,heap,coops] Heap address: 0x0000000700000000, size: 4096 MB, Compressed Oops mode: Zero based, Oop shift amount: 3
[0.229s][info][gc,start     ] GC(0) Pause Young (Normal) (G1 Evacuation Pause)
[0.229s][info][gc,task      ] GC(0) Using 12 workers of 15 for evacuation
[0.232s][info][gc,phases    ] GC(0)   Pre Evacuate Collection Set: 0.0ms
[0.232s][info][gc,phases    ] GC(0)   Evacuate Collection Set: 1.8ms
[0.232s][info][gc,phases    ] GC(0)   Post Evacuate Collection Set: 0.2ms
[0.232s][info][gc,phases    ] GC(0)   Other: 0.8ms
[0.232s][info][gc,heap      ] GC(0) Eden regions: 25->0(293)
[0.232s][info][gc,heap      ] GC(0) Survivor regions: 0->4(4)
[0.232s][info][gc,heap      ] GC(0) Old regions: 0->2
[0.232s][info][gc,heap      ] GC(0) Humongous regions: 0->0
[0.232s][info][gc,metaspace ] GC(0) Metaspace: 11603K(12032K)->11603K(12032K) NonClass: 10510K(10752K)->10510K(10752K) Class: 1093K(1280K)->1093K(1280K)
[0.232s][info][gc           ] GC(0) Pause Young (Normal) (G1 Evacuation Pause) 25M->5M(510M) 2.826ms
[0.232s][info][gc,cpu       ] GC(0) User=0.00s Sys=0.00s Real=0.00s
[0.476s][info][gc,start     ] GC(1) Pause Young (Normal) (G1 Evacuation Pause)
[0.476s][info][gc,task      ] GC(1) Using 12 workers of 15 for evacuation
[0.494s][info][gc,phases    ] GC(1)   Pre Evacuate Collection Set: 0.0ms
[0.494s][info][gc,phases    ] GC(1)   Evacuate Collection Set: 17.8ms
[0.494s][info][gc,phases    ] GC(1)   Post Evacuate Collection Set: 0.5ms
[0.494s][info][gc,phases    ] GC(1)   Other: 0.1ms
[0.494s][info][gc,heap      ] GC(1) Eden regions: 293->0(54)
[0.494s][info][gc,heap      ] GC(1) Survivor regions: 4->38(38)
[0.494s][info][gc,heap      ] GC(1) Old regions: 2->40
[0.494s][info][gc,heap      ] GC(1) Humongous regions: 2->0
[0.494s][info][gc,metaspace ] GC(1) Metaspace: 11958K(12544K)->11958K(12544K) NonClass: 10822K(11264K)->10822K(11264K) Class: 1135K(1280K)->1135K(1280K)
[0.494s][info][gc           ] GC(1) Pause Young (Normal) (G1 Evacuation Pause) 300M->77M(510M) 18.458ms
[0.494s][info][gc,cpu       ] GC(1) User=0.00s Sys=0.00s Real=0.02s
[0.516s][info][gc,start     ] GC(2) Pause Young (Normal) (G1 Evacuation Pause)
[0.516s][info][gc,task      ] GC(2) Using 12 workers of 15 for evacuation
[0.525s][info][gc,phases    ] GC(2)   Pre Evacuate Collection Set: 0.0ms
[0.525s][info][gc,phases    ] GC(2)   Evacuate Collection Set: 8.2ms
[0.525s][info][gc,phases    ] GC(2)   Post Evacuate Collection Set: 0.2ms
[0.525s][info][gc,phases    ] GC(2)   Other: 0.1ms
[0.525s][info][gc,heap      ] GC(2) Eden regions: 54->0(41)
[0.525s][info][gc,heap      ] GC(2) Survivor regions: 38->11(12)
[0.525s][info][gc,heap      ] GC(2) Old regions: 40->76
[0.525s][info][gc,heap      ] GC(2) Humongous regions: 0->0
[0.525s][info][gc,metaspace ] GC(2) Metaspace: 11959K(12544K)->11959K(12544K) NonClass: 10824K(11264K)->10824K(11264K) Class: 1135K(1280K)->1135K(1280K)
[0.525s][info][gc           ] GC(2) Pause Young (Normal) (G1 Evacuation Pause) 131M->86M(510M) 8.609ms
[0.525s][info][gc,cpu       ] GC(2) User=0.00s Sys=0.00s Real=0.01s
[0.541s][info][gc,start     ] GC(3) Pause Young (Normal) (G1 Evacuation Pause)
[0.541s][info][gc,task      ] GC(3) Using 12 workers of 15 for evacuation
[0.543s][info][gc,phases    ] GC(3)   Pre Evacuate Collection Set: 0.0ms
[0.543s][info][gc,phases    ] GC(3)   Evacuate Collection Set: 2.5ms
[0.543s][info][gc,phases    ] GC(3)   Post Evacuate Collection Set: 0.1ms
[0.543s][info][gc,phases    ] GC(3)   Other: 0.1ms
[0.543s][info][gc,heap      ] GC(3) Eden regions: 41->0(84)
[0.543s][info][gc,heap      ] GC(3) Survivor regions: 11->7(7)
[0.543s][info][gc,heap      ] GC(3) Old regions: 76->90
[0.543s][info][gc,heap      ] GC(3) Humongous regions: 0->0
[0.543s][info][gc,metaspace ] GC(3) Metaspace: 11959K(12544K)->11959K(12544K) NonClass: 10824K(11264K)->10824K(11264K) Class: 1135K(1280K)->1135K(1280K)
[0.543s][info][gc           ] GC(3) Pause Young (Normal) (G1 Evacuation Pause) 127M->96M(510M) 2.802ms
[0.543s][info][gc,cpu       ] GC(3) User=0.00s Sys=0.00s Real=0.00s
[0.578s][info][gc,start     ] GC(4) Pause Young (Normal) (G1 Evacuation Pause)
[0.578s][info][gc,task      ] GC(4) Using 12 workers of 15 for evacuation
[0.581s][info][gc,phases    ] GC(4)   Pre Evacuate Collection Set: 0.0ms
[0.581s][info][gc,phases    ] GC(4)   Evacuate Collection Set: 3.4ms
[0.581s][info][gc,phases    ] GC(4)   Post Evacuate Collection Set: 0.1ms
[0.581s][info][gc,phases    ] GC(4)   Other: 0.1ms
[0.581s][info][gc,heap      ] GC(4) Eden regions: 84->0(104)
[0.581s][info][gc,heap      ] GC(4) Survivor regions: 7->12(12)
[0.581s][info][gc,heap      ] GC(4) Old regions: 90->106
[0.581s][info][gc,heap      ] GC(4) Humongous regions: 1->0
[0.581s][info][gc,metaspace ] GC(4) Metaspace: 11963K(12544K)->11963K(12544K) NonClass: 10827K(11264K)->10827K(11264K) Class: 1135K(1280K)->1135K(1280K)
[0.581s][info][gc           ] GC(4) Pause Young (Normal) (G1 Evacuation Pause) 181M->117M(510M) 3.649ms
[0.581s][info][gc,cpu       ] GC(4) User=0.00s Sys=0.00s Real=0.00s
[0.623s][info][gc,start     ] GC(5) Pause Young (Normal) (G1 Evacuation Pause)
[0.623s][info][gc,task      ] GC(5) Using 12 workers of 15 for evacuation
[0.634s][info][gc,phases    ] GC(5)   Pre Evacuate Collection Set: 0.0ms
[0.634s][info][gc,phases    ] GC(5)   Evacuate Collection Set: 5.8ms
[0.634s][info][gc,phases    ] GC(5)   Post Evacuate Collection Set: 5.2ms
[0.634s][info][gc,phases    ] GC(5)   Other: 0.2ms
[0.634s][info][gc,heap      ] GC(5) Eden regions: 104->0(126)
[0.634s][info][gc,heap      ] GC(5) Survivor regions: 12->15(15)
[0.634s][info][gc,heap      ] GC(5) Old regions: 106->129
[0.634s][info][gc,heap      ] GC(5) Humongous regions: 0->0
[0.634s][info][gc,metaspace ] GC(5) Metaspace: 11963K(12544K)->11963K(12544K) NonClass: 10827K(11264K)->10827K(11264K) Class: 1135K(1280K)->1135K(1280K)
[0.634s][info][gc           ] GC(5) Pause Young (Normal) (G1 Evacuation Pause) 221M->143M(780M) 11.247ms
[0.634s][info][gc,cpu       ] GC(5) User=0.00s Sys=0.00s Real=0.01s
[0.714s][info][gc,start     ] GC(6) Pause Young (Normal) (G1 Evacuation Pause)
[0.714s][info][gc,task      ] GC(6) Using 15 workers of 15 for evacuation
[0.722s][info][gc,phases    ] GC(6)   Pre Evacuate Collection Set: 0.0ms
[0.722s][info][gc,phases    ] GC(6)   Evacuate Collection Set: 6.6ms
[0.722s][info][gc,phases    ] GC(6)   Post Evacuate Collection Set: 0.5ms
[0.722s][info][gc,phases    ] GC(6)   Other: 0.3ms
[0.722s][info][gc,heap      ] GC(6) Eden regions: 126->0(153)
[0.722s][info][gc,heap      ] GC(6) Survivor regions: 15->18(18)
[0.722s][info][gc,heap      ] GC(6) Old regions: 129->156
[0.722s][info][gc,heap      ] GC(6) Humongous regions: 1->0
[0.722s][info][gc,metaspace ] GC(6) Metaspace: 11963K(12544K)->11963K(12544K) NonClass: 10827K(11264K)->10827K(11264K) Class: 1135K(1280K)->1135K(1280K)
[0.722s][info][gc           ] GC(6) Pause Young (Normal) (G1 Evacuation Pause) 270M->173M(780M) 7.532ms
[0.722s][info][gc,cpu       ] GC(6) User=0.00s Sys=0.00s Real=0.01s
[0.796s][info][gc,start     ] GC(7) Pause Young (Normal) (G1 Evacuation Pause)
[0.796s][info][gc,task      ] GC(7) Using 15 workers of 15 for evacuation
[0.804s][info][gc,phases    ] GC(7)   Pre Evacuate Collection Set: 0.0ms
[0.804s][info][gc,phases    ] GC(7)   Evacuate Collection Set: 7.3ms
[0.804s][info][gc,phases    ] GC(7)   Post Evacuate Collection Set: 0.4ms
[0.804s][info][gc,phases    ] GC(7)   Other: 0.1ms
[0.804s][info][gc,heap      ] GC(7) Eden regions: 153->0(185)
[0.804s][info][gc,heap      ] GC(7) Survivor regions: 18->22(22)
[0.804s][info][gc,heap      ] GC(7) Old regions: 156->193
[0.804s][info][gc,heap      ] GC(7) Humongous regions: 0->0
[0.804s][info][gc,metaspace ] GC(7) Metaspace: 11963K(12544K)->11963K(12544K) NonClass: 10827K(11264K)->10827K(11264K) Class: 1135K(1280K)->1135K(1280K)
[0.804s][info][gc           ] GC(7) Pause Young (Normal) (G1 Evacuation Pause) 326M->215M(780M) 7.833ms
[0.804s][info][gc,cpu       ] GC(7) User=0.00s Sys=0.00s Real=0.01s
[0.956s][info][gc,start     ] GC(8) Pause Young (Normal) (G1 Evacuation Pause)
[0.956s][info][gc,task      ] GC(8) Using 15 workers of 15 for evacuation
[0.962s][info][gc,phases    ] GC(8)   Pre Evacuate Collection Set: 0.0ms
[0.962s][info][gc,phases    ] GC(8)   Evacuate Collection Set: 5.5ms
[0.962s][info][gc,phases    ] GC(8)   Post Evacuate Collection Set: 0.2ms
[0.962s][info][gc,phases    ] GC(8)   Other: 0.1ms
[0.962s][info][gc,heap      ] GC(8) Eden regions: 185->0(214)
[0.962s][info][gc,heap      ] GC(8) Survivor regions: 22->26(26)
[0.962s][info][gc,heap      ] GC(8) Old regions: 193->217
[0.962s][info][gc,heap      ] GC(8) Humongous regions: 1->0
[0.962s][info][gc,metaspace ] GC(8) Metaspace: 12199K(12544K)->12199K(12544K) NonClass: 11047K(11264K)->11047K(11264K) Class: 1151K(1280K)->1151K(1280K)
[0.962s][info][gc           ] GC(8) Pause Young (Normal) (G1 Evacuation Pause) 401M->242M(780M) 5.947ms
[0.962s][info][gc,cpu       ] GC(8) User=0.00s Sys=0.00s Real=0.01s
[1.043s][info][gc,start     ] GC(9) Pause Young (Normal) (G1 Evacuation Pause)
[1.043s][info][gc,task      ] GC(9) Using 15 workers of 15 for evacuation
[1.051s][info][gc,phases    ] GC(9)   Pre Evacuate Collection Set: 0.0ms
[1.051s][info][gc,phases    ] GC(9)   Evacuate Collection Set: 2.6ms
[1.051s][info][gc,phases    ] GC(9)   Post Evacuate Collection Set: 5.7ms
[1.051s][info][gc,phases    ] GC(9)   Other: 0.1ms
[1.051s][info][gc,heap      ] GC(9) Eden regions: 214->0(322)
[1.051s][info][gc,heap      ] GC(9) Survivor regions: 26->4(30)
[1.051s][info][gc,heap      ] GC(9) Old regions: 217->243
[1.051s][info][gc,heap      ] GC(9) Humongous regions: 0->0
[1.052s][info][gc,metaspace ] GC(9) Metaspace: 12203K(12544K)->12203K(12544K) NonClass: 11052K(11264K)->11052K(11264K) Class: 1151K(1280K)->1151K(1280K)
[1.052s][info][gc           ] GC(9) Pause Young (Normal) (G1 Evacuation Pause) 456M->246M(1283M) 8.553ms
[1.052s][info][gc,cpu       ] GC(9) User=0.00s Sys=0.00s Real=0.01s
[1.091s][info][gc,start     ] GC(10) Pause Young (Normal) (G1 Evacuation Pause)
[1.091s][info][gc,task      ] GC(10) Using 15 workers of 15 for evacuation
[1.091s][info][gc,phases    ] GC(10)   Pre Evacuate Collection Set: 0.0ms
[1.091s][info][gc,phases    ] GC(10)   Evacuate Collection Set: 0.6ms
[1.091s][info][gc,phases    ] GC(10)   Post Evacuate Collection Set: 0.2ms
[1.091s][info][gc,phases    ] GC(10)   Other: 0.1ms
[1.091s][info][gc,heap      ] GC(10) Eden regions: 322->0(626)
[1.091s][info][gc,heap      ] GC(10) Survivor regions: 4->3(41)
[1.091s][info][gc,heap      ] GC(10) Old regions: 243->243
[1.091s][info][gc,heap      ] GC(10) Humongous regions: 0->0
[1.091s][info][gc,metaspace ] GC(10) Metaspace: 12219K(12544K)->12219K(12544K) NonClass: 11067K(11264K)->11067K(11264K) Class: 1151K(1280K)->1151K(1280K)
[1.091s][info][gc           ] GC(10) Pause Young (Normal) (G1 Evacuation Pause) 568M->244M(1283M) 0.969ms
[1.092s][info][gc,cpu       ] GC(10) User=0.00s Sys=0.00s Real=0.00s
[1.142s][info][gc,start     ] GC(11) Pause Young (Normal) (G1 Evacuation Pause)
[1.142s][info][gc,task      ] GC(11) Using 15 workers of 15 for evacuation
[1.143s][info][gc,phases    ] GC(11)   Pre Evacuate Collection Set: 0.0ms
[1.143s][info][gc,phases    ] GC(11)   Evacuate Collection Set: 0.6ms
[1.143s][info][gc,phases    ] GC(11)   Post Evacuate Collection Set: 0.2ms
[1.143s][info][gc,phases    ] GC(11)   Other: 0.2ms
[1.143s][info][gc,heap      ] GC(11) Eden regions: 626->0(703)
[1.143s][info][gc,heap      ] GC(11) Survivor regions: 3->3(79)
[1.143s][info][gc,heap      ] GC(11) Old regions: 243->243
[1.143s][info][gc,heap      ] GC(11) Humongous regions: 0->0
[1.143s][info][gc,metaspace ] GC(11) Metaspace: 12228K(12800K)->12228K(12800K) NonClass: 11076K(11520K)->11076K(11520K) Class: 1151K(1280K)->1151K(1280K)
[1.143s][info][gc           ] GC(11) Pause Young (Normal) (G1 Evacuation Pause) 870M->244M(1283M) 1.033ms
[1.143s][info][gc,cpu       ] GC(11) User=0.00s Sys=0.00s Real=0.00s
[1.198s][info][gc,start     ] GC(12) Pause Young (Normal) (G1 Evacuation Pause)
[1.198s][info][gc,task      ] GC(12) Using 15 workers of 15 for evacuation
[1.199s][info][gc,phases    ] GC(12)   Pre Evacuate Collection Set: 0.0ms
[1.199s][info][gc,phases    ] GC(12)   Evacuate Collection Set: 0.9ms
[1.199s][info][gc,phases    ] GC(12)   Post Evacuate Collection Set: 0.3ms
[1.199s][info][gc,phases    ] GC(12)   Other: 0.2ms
[1.199s][info][gc,heap      ] GC(12) Eden regions: 703->0(748)
[1.199s][info][gc,heap      ] GC(12) Survivor regions: 3->3(89)
[1.199s][info][gc,heap      ] GC(12) Old regions: 243->243
[1.199s][info][gc,heap      ] GC(12) Humongous regions: 0->0
[1.199s][info][gc,metaspace ] GC(12) Metaspace: 12241K(12800K)->12241K(12800K) NonClass: 11089K(11520K)->11089K(11520K) Class: 1151K(1280K)->1151K(1280K)
[1.199s][info][gc           ] GC(12) Pause Young (Normal) (G1 Evacuation Pause) 947M->244M(1283M) 1.357ms
[1.199s][info][gc,cpu       ] GC(12) User=0.00s Sys=0.00s Real=0.00s
[1.254s][info][gc,start     ] GC(13) Pause Young (Normal) (G1 Evacuation Pause)
[1.254s][info][gc,task      ] GC(13) Using 15 workers of 15 for evacuation
[1.255s][info][gc,phases    ] GC(13)   Pre Evacuate Collection Set: 0.0ms
[1.255s][info][gc,phases    ] GC(13)   Evacuate Collection Set: 0.9ms
[1.255s][info][gc,phases    ] GC(13)   Post Evacuate Collection Set: 0.2ms
[1.255s][info][gc,phases    ] GC(13)   Other: 0.1ms
[1.255s][info][gc,heap      ] GC(13) Eden regions: 748->0(765)
[1.255s][info][gc,heap      ] GC(13) Survivor regions: 3->4(94)
[1.255s][info][gc,heap      ] GC(13) Old regions: 243->243
[1.255s][info][gc,heap      ] GC(13) Humongous regions: 0->0
[1.255s][info][gc,metaspace ] GC(13) Metaspace: 12250K(12800K)->12250K(12800K) NonClass: 11098K(11520K)->11098K(11520K) Class: 1151K(1280K)->1151K(1280K)
[1.255s][info][gc           ] GC(13) Pause Young (Normal) (G1 Evacuation Pause) 992M->245M(1283M) 1.331ms
[1.255s][info][gc,cpu       ] GC(13) User=0.00s Sys=0.00s Real=0.00s
[1.304s][info][gc,start     ] GC(14) Pause Young (Normal) (G1 Evacuation Pause)
[1.304s][info][gc,task      ] GC(14) Using 15 workers of 15 for evacuation
[1.305s][info][gc,phases    ] GC(14)   Pre Evacuate Collection Set: 0.0ms
[1.305s][info][gc,phases    ] GC(14)   Evacuate Collection Set: 0.8ms
[1.305s][info][gc,phases    ] GC(14)   Post Evacuate Collection Set: 0.3ms
[1.305s][info][gc,phases    ] GC(14)   Other: 0.1ms
[1.305s][info][gc,heap      ] GC(14) Eden regions: 765->0(766)
[1.305s][info][gc,heap      ] GC(14) Survivor regions: 4->3(97)
[1.305s][info][gc,heap      ] GC(14) Old regions: 243->243
[1.305s][info][gc,heap      ] GC(14) Humongous regions: 0->0
[1.305s][info][gc,metaspace ] GC(14) Metaspace: 12250K(12800K)->12250K(12800K) NonClass: 11098K(11520K)->11098K(11520K) Class: 1151K(1280K)->1151K(1280K)
[1.305s][info][gc           ] GC(14) Pause Young (Normal) (G1 Evacuation Pause) 1010M->245M(1283M) 1.299ms
[1.305s][info][gc,cpu       ] GC(14) User=0.00s Sys=0.00s Real=0.00s
[1.359s][info][gc,start     ] GC(15) Pause Young (Normal) (G1 Evacuation Pause)
[1.359s][info][gc,task      ] GC(15) Using 15 workers of 15 for evacuation
[1.361s][info][gc,phases    ] GC(15)   Pre Evacuate Collection Set: 0.0ms
[1.361s][info][gc,phases    ] GC(15)   Evacuate Collection Set: 0.9ms
[1.361s][info][gc,phases    ] GC(15)   Post Evacuate Collection Set: 0.3ms
[1.361s][info][gc,phases    ] GC(15)   Other: 0.1ms
[1.361s][info][gc,heap      ] GC(15) Eden regions: 766->0(765)
[1.361s][info][gc,heap      ] GC(15) Survivor regions: 3->4(97)
[1.361s][info][gc,heap      ] GC(15) Old regions: 243->243
[1.361s][info][gc,heap      ] GC(15) Humongous regions: 0->0
[1.361s][info][gc,metaspace ] GC(15) Metaspace: 12250K(12800K)->12250K(12800K) NonClass: 11098K(11520K)->11098K(11520K) Class: 1151K(1280K)->1151K(1280K)
[1.361s][info][gc           ] GC(15) Pause Young (Normal) (G1 Evacuation Pause) 1011M->245M(1283M) 1.370ms
[1.361s][info][gc,cpu       ] GC(15) User=0.00s Sys=0.00s Real=0.00s
[1.409s][info][gc,start     ] GC(16) Pause Young (Normal) (G1 Evacuation Pause)
[1.409s][info][gc,task      ] GC(16) Using 15 workers of 15 for evacuation
[1.410s][info][gc,phases    ] GC(16)   Pre Evacuate Collection Set: 0.0ms
[1.410s][info][gc,phases    ] GC(16)   Evacuate Collection Set: 1.1ms
[1.410s][info][gc,phases    ] GC(16)   Post Evacuate Collection Set: 0.2ms
[1.410s][info][gc,phases    ] GC(16)   Other: 0.1ms
[1.410s][info][gc,heap      ] GC(16) Eden regions: 765->0(763)
[1.410s][info][gc,heap      ] GC(16) Survivor regions: 4->6(97)
[1.410s][info][gc,heap      ] GC(16) Old regions: 243->243
[1.410s][info][gc,heap      ] GC(16) Humongous regions: 0->0
[1.410s][info][gc,metaspace ] GC(16) Metaspace: 12250K(12800K)->12250K(12800K) NonClass: 11099K(11520K)->11099K(11520K) Class: 1151K(1280K)->1151K(1280K)
[1.410s][info][gc           ] GC(16) Pause Young (Normal) (G1 Evacuation Pause) 1010M->247M(1283M) 1.591ms
[1.410s][info][gc,cpu       ] GC(16) User=0.00s Sys=0.00s Real=0.00s
[1.468s][info][gc,start     ] GC(17) Pause Young (Normal) (G1 Evacuation Pause)
[1.468s][info][gc,task      ] GC(17) Using 15 workers of 15 for evacuation
[1.469s][info][gc,phases    ] GC(17)   Pre Evacuate Collection Set: 0.0ms
[1.469s][info][gc,phases    ] GC(17)   Evacuate Collection Set: 0.9ms
[1.470s][info][gc,phases    ] GC(17)   Post Evacuate Collection Set: 0.3ms
[1.470s][info][gc,phases    ] GC(17)   Other: 0.1ms
[1.470s][info][gc,heap      ] GC(17) Eden regions: 763->0(764)
[1.470s][info][gc,heap      ] GC(17) Survivor regions: 6->5(97)
[1.470s][info][gc,heap      ] GC(17) Old regions: 243->243
[1.470s][info][gc,heap      ] GC(17) Humongous regions: 0->0
[1.470s][info][gc,metaspace ] GC(17) Metaspace: 12327K(12800K)->12327K(12800K) NonClass: 11164K(11520K)->11164K(11520K) Class: 1162K(1280K)->1162K(1280K)
[1.470s][info][gc           ] GC(17) Pause Young (Normal) (G1 Evacuation Pause) 1010M->247M(1283M) 1.399ms
[1.470s][info][gc,cpu       ] GC(17) User=0.00s Sys=0.00s Real=0.00s
[1.525s][info][gc,start     ] GC(18) Pause Young (Normal) (G1 Evacuation Pause)
[1.525s][info][gc,task      ] GC(18) Using 15 workers of 15 for evacuation
[1.526s][info][gc,phases    ] GC(18)   Pre Evacuate Collection Set: 0.0ms
[1.526s][info][gc,phases    ] GC(18)   Evacuate Collection Set: 0.7ms
[1.526s][info][gc,phases    ] GC(18)   Post Evacuate Collection Set: 0.3ms
[1.526s][info][gc,phases    ] GC(18)   Other: 0.1ms
[1.526s][info][gc,heap      ] GC(18) Eden regions: 764->0(766)
[1.526s][info][gc,heap      ] GC(18) Survivor regions: 5->3(97)
[1.526s][info][gc,heap      ] GC(18) Old regions: 243->243
[1.526s][info][gc,heap      ] GC(18) Humongous regions: 0->0
[1.526s][info][gc,metaspace ] GC(18) Metaspace: 12327K(12800K)->12327K(12800K) NonClass: 11164K(11520K)->11164K(11520K) Class: 1162K(1280K)->1162K(1280K)
[1.526s][info][gc           ] GC(18) Pause Young (Normal) (G1 Evacuation Pause) 1011M->244M(1283M) 1.232ms
[1.526s][info][gc,cpu       ] GC(18) User=0.00s Sys=0.00s Real=0.00s
[1.576s][info][gc,start     ] GC(19) Pause Young (Normal) (G1 Evacuation Pause)
[1.576s][info][gc,task      ] GC(19) Using 15 workers of 15 for evacuation
[1.577s][info][gc,phases    ] GC(19)   Pre Evacuate Collection Set: 0.0ms
[1.577s][info][gc,phases    ] GC(19)   Evacuate Collection Set: 0.9ms
[1.577s][info][gc,phases    ] GC(19)   Post Evacuate Collection Set: 0.3ms
[1.577s][info][gc,phases    ] GC(19)   Other: 0.2ms
[1.577s][info][gc,heap      ] GC(19) Eden regions: 766->0(765)
[1.577s][info][gc,heap      ] GC(19) Survivor regions: 3->4(97)
[1.577s][info][gc,heap      ] GC(19) Old regions: 243->243
[1.577s][info][gc,heap      ] GC(19) Humongous regions: 0->0
[1.577s][info][gc,metaspace ] GC(19) Metaspace: 12327K(12800K)->12327K(12800K) NonClass: 11164K(11520K)->11164K(11520K) Class: 1162K(1280K)->1162K(1280K)
[1.577s][info][gc           ] GC(19) Pause Young (Normal) (G1 Evacuation Pause) 1010M->246M(1283M) 1.355ms
[1.577s][info][gc,cpu       ] GC(19) User=0.00s Sys=0.00s Real=0.00s
[1.631s][info][gc,start     ] GC(20) Pause Young (Normal) (G1 Evacuation Pause)
[1.631s][info][gc,task      ] GC(20) Using 15 workers of 15 for evacuation
[1.633s][info][gc,phases    ] GC(20)   Pre Evacuate Collection Set: 0.0ms
[1.633s][info][gc,phases    ] GC(20)   Evacuate Collection Set: 0.8ms
[1.633s][info][gc,phases    ] GC(20)   Post Evacuate Collection Set: 0.3ms
[1.633s][info][gc,phases    ] GC(20)   Other: 0.2ms
[1.633s][info][gc,heap      ] GC(20) Eden regions: 765->0(766)
[1.633s][info][gc,heap      ] GC(20) Survivor regions: 4->3(97)
[1.633s][info][gc,heap      ] GC(20) Old regions: 243->243
[1.633s][info][gc,heap      ] GC(20) Humongous regions: 0->0
[1.633s][info][gc,metaspace ] GC(20) Metaspace: 12327K(12800K)->12327K(12800K) NonClass: 11165K(11520K)->11165K(11520K) Class: 1162K(1280K)->1162K(1280K)
[1.633s][info][gc           ] GC(20) Pause Young (Normal) (G1 Evacuation Pause) 1011M->245M(1283M) 1.416ms
[1.633s][info][gc,cpu       ] GC(20) User=0.00s Sys=0.00s Real=0.00s
[1.688s][info][gc,start     ] GC(21) Pause Young (Normal) (G1 Evacuation Pause)
[1.688s][info][gc,task      ] GC(21) Using 15 workers of 15 for evacuation
[1.689s][info][gc,phases    ] GC(21)   Pre Evacuate Collection Set: 0.0ms
[1.689s][info][gc,phases    ] GC(21)   Evacuate Collection Set: 0.6ms
[1.689s][info][gc,phases    ] GC(21)   Post Evacuate Collection Set: 0.2ms
[1.689s][info][gc,phases    ] GC(21)   Other: 0.1ms
[1.689s][info][gc,heap      ] GC(21) Eden regions: 766->0(766)
[1.689s][info][gc,heap      ] GC(21) Survivor regions: 3->3(97)
[1.689s][info][gc,heap      ] GC(21) Old regions: 243->243
[1.689s][info][gc,heap      ] GC(21) Humongous regions: 0->0
[1.689s][info][gc,metaspace ] GC(21) Metaspace: 12327K(12800K)->12327K(12800K) NonClass: 11165K(11520K)->11165K(11520K) Class: 1162K(1280K)->1162K(1280K)
[1.689s][info][gc           ] GC(21) Pause Young (Normal) (G1 Evacuation Pause) 1011M->245M(1283M) 0.971ms
[1.689s][info][gc,cpu       ] GC(21) User=0.00s Sys=0.00s Real=0.00s
[1.736s][info][gc,start     ] GC(22) Pause Young (Normal) (G1 Evacuation Pause)
[1.736s][info][gc,task      ] GC(22) Using 15 workers of 15 for evacuation
[1.737s][info][gc,phases    ] GC(22)   Pre Evacuate Collection Set: 0.0ms
[1.737s][info][gc,phases    ] GC(22)   Evacuate Collection Set: 0.8ms
[1.737s][info][gc,phases    ] GC(22)   Post Evacuate Collection Set: 0.3ms
[1.737s][info][gc,phases    ] GC(22)   Other: 0.1ms
[1.737s][info][gc,heap      ] GC(22) Eden regions: 766->0(766)
[1.737s][info][gc,heap      ] GC(22) Survivor regions: 3->3(97)
[1.737s][info][gc,heap      ] GC(22) Old regions: 243->243
[1.737s][info][gc,heap      ] GC(22) Humongous regions: 0->0
[1.737s][info][gc,metaspace ] GC(22) Metaspace: 12327K(12800K)->12327K(12800K) NonClass: 11165K(11520K)->11165K(11520K) Class: 1162K(1280K)->1162K(1280K)
[1.737s][info][gc           ] GC(22) Pause Young (Normal) (G1 Evacuation Pause) 1011M->245M(1283M) 1.225ms
[1.737s][info][gc,cpu       ] GC(22) User=0.00s Sys=0.00s Real=0.00s
[1.789s][info][gc,start     ] GC(23) Pause Young (Normal) (G1 Evacuation Pause)
[1.789s][info][gc,task      ] GC(23) Using 15 workers of 15 for evacuation
[1.790s][info][gc,phases    ] GC(23)   Pre Evacuate Collection Set: 0.0ms
[1.790s][info][gc,phases    ] GC(23)   Evacuate Collection Set: 0.7ms
[1.790s][info][gc,phases    ] GC(23)   Post Evacuate Collection Set: 0.2ms
[1.790s][info][gc,phases    ] GC(23)   Other: 0.2ms
[1.790s][info][gc,heap      ] GC(23) Eden regions: 766->0(765)
[1.790s][info][gc,heap      ] GC(23) Survivor regions: 3->4(97)
[1.790s][info][gc,heap      ] GC(23) Old regions: 243->243
[1.790s][info][gc,heap      ] GC(23) Humongous regions: 0->0
[1.790s][info][gc,metaspace ] GC(23) Metaspace: 12327K(12800K)->12327K(12800K) NonClass: 11165K(11520K)->11165K(11520K) Class: 1162K(1280K)->1162K(1280K)
[1.790s][info][gc           ] GC(23) Pause Young (Normal) (G1 Evacuation Pause) 1011M->245M(1283M) 1.164ms
[1.790s][info][gc,cpu       ] GC(23) User=0.00s Sys=0.00s Real=0.00s
[1.837s][info][gc,start     ] GC(24) Pause Young (Normal) (G1 Evacuation Pause)
[1.837s][info][gc,task      ] GC(24) Using 15 workers of 15 for evacuation
[1.838s][info][gc,phases    ] GC(24)   Pre Evacuate Collection Set: 0.0ms
[1.838s][info][gc,phases    ] GC(24)   Evacuate Collection Set: 0.8ms
[1.838s][info][gc,phases    ] GC(24)   Post Evacuate Collection Set: 0.3ms
[1.838s][info][gc,phases    ] GC(24)   Other: 0.2ms
[1.838s][info][gc,heap      ] GC(24) Eden regions: 765->0(766)
[1.838s][info][gc,heap      ] GC(24) Survivor regions: 4->3(97)
[1.838s][info][gc,heap      ] GC(24) Old regions: 243->243
[1.838s][info][gc,heap      ] GC(24) Humongous regions: 0->0
[1.838s][info][gc,metaspace ] GC(24) Metaspace: 12327K(12800K)->12327K(12800K) NonClass: 11165K(11520K)->11165K(11520K) Class: 1162K(1280K)->1162K(1280K)
[1.838s][info][gc           ] GC(24) Pause Young (Normal) (G1 Evacuation Pause) 1010M->244M(1283M) 1.340ms
[1.838s][info][gc,cpu       ] GC(24) User=0.00s Sys=0.00s Real=0.00s
[1.892s][info][gc,start     ] GC(25) Pause Young (Normal) (G1 Evacuation Pause)
[1.892s][info][gc,task      ] GC(25) Using 15 workers of 15 for evacuation
[1.893s][info][gc,phases    ] GC(25)   Pre Evacuate Collection Set: 0.0ms
[1.893s][info][gc,phases    ] GC(25)   Evacuate Collection Set: 1.0ms
[1.893s][info][gc,phases    ] GC(25)   Post Evacuate Collection Set: 0.3ms
[1.893s][info][gc,phases    ] GC(25)   Other: 0.1ms
[1.893s][info][gc,heap      ] GC(25) Eden regions: 766->0(763)
[1.893s][info][gc,heap      ] GC(25) Survivor regions: 3->6(97)
[1.893s][info][gc,heap      ] GC(25) Old regions: 243->243
[1.893s][info][gc,heap      ] GC(25) Humongous regions: 0->0
[1.893s][info][gc,metaspace ] GC(25) Metaspace: 12327K(12800K)->12327K(12800K) NonClass: 11165K(11520K)->11165K(11520K) Class: 1162K(1280K)->1162K(1280K)
[1.893s][info][gc           ] GC(25) Pause Young (Normal) (G1 Evacuation Pause) 1010M->248M(1283M) 1.514ms
[1.893s][info][gc,cpu       ] GC(25) User=0.00s Sys=0.00s Real=0.00s
[1.947s][info][gc,start     ] GC(26) Pause Young (Normal) (G1 Evacuation Pause)
[1.947s][info][gc,task      ] GC(26) Using 15 workers of 15 for evacuation
[1.948s][info][gc,phases    ] GC(26)   Pre Evacuate Collection Set: 0.0ms
[1.948s][info][gc,phases    ] GC(26)   Evacuate Collection Set: 0.6ms
[1.948s][info][gc,phases    ] GC(26)   Post Evacuate Collection Set: 0.2ms
[1.948s][info][gc,phases    ] GC(26)   Other: 0.1ms
[1.948s][info][gc,heap      ] GC(26) Eden regions: 763->0(766)
[1.948s][info][gc,heap      ] GC(26) Survivor regions: 6->3(97)
[1.948s][info][gc,heap      ] GC(26) Old regions: 243->244
[1.948s][info][gc,heap      ] GC(26) Humongous regions: 0->0
[1.948s][info][gc,metaspace ] GC(26) Metaspace: 12327K(12800K)->12327K(12800K) NonClass: 11165K(11520K)->11165K(11520K) Class: 1162K(1280K)->1162K(1280K)
[1.948s][info][gc           ] GC(26) Pause Young (Normal) (G1 Evacuation Pause) 1011M->245M(1283M) 1.045ms
[1.948s][info][gc,cpu       ] GC(26) User=0.00s Sys=0.00s Real=0.00s
[1.994s][info][gc,start     ] GC(27) Pause Young (Normal) (G1 Evacuation Pause)
[1.994s][info][gc,task      ] GC(27) Using 15 workers of 15 for evacuation
[1.995s][info][gc,phases    ] GC(27)   Pre Evacuate Collection Set: 0.0ms
[1.995s][info][gc,phases    ] GC(27)   Evacuate Collection Set: 0.8ms
[1.995s][info][gc,phases    ] GC(27)   Post Evacuate Collection Set: 0.2ms
[1.995s][info][gc,phases    ] GC(27)   Other: 0.1ms
[1.995s][info][gc,heap      ] GC(27) Eden regions: 766->0(766)
[1.995s][info][gc,heap      ] GC(27) Survivor regions: 3->3(97)
[1.995s][info][gc,heap      ] GC(27) Old regions: 244->244
[1.995s][info][gc,heap      ] GC(27) Humongous regions: 0->0
[1.995s][info][gc,metaspace ] GC(27) Metaspace: 12327K(12800K)->12327K(12800K) NonClass: 11165K(11520K)->11165K(11520K) Class: 1162K(1280K)->1162K(1280K)
[1.995s][info][gc           ] GC(27) Pause Young (Normal) (G1 Evacuation Pause) 1011M->246M(1283M) 1.180ms
[1.995s][info][gc,cpu       ] GC(27) User=0.00s Sys=0.00s Real=0.00s
[2.048s][info][gc,start     ] GC(28) Pause Young (Normal) (G1 Evacuation Pause)
[2.048s][info][gc,task      ] GC(28) Using 15 workers of 15 for evacuation
[2.048s][info][gc,phases    ] GC(28)   Pre Evacuate Collection Set: 0.0ms
[2.048s][info][gc,phases    ] GC(28)   Evacuate Collection Set: 0.4ms
[2.048s][info][gc,phases    ] GC(28)   Post Evacuate Collection Set: 0.2ms
[2.048s][info][gc,phases    ] GC(28)   Other: 0.1ms
[2.048s][info][gc,heap      ] GC(28) Eden regions: 766->0(767)
[2.048s][info][gc,heap      ] GC(28) Survivor regions: 3->2(97)
[2.048s][info][gc,heap      ] GC(28) Old regions: 244->244
[2.048s][info][gc,heap      ] GC(28) Humongous regions: 0->0
[2.048s][info][gc,metaspace ] GC(28) Metaspace: 12327K(12800K)->12327K(12800K) NonClass: 11165K(11520K)->11165K(11520K) Class: 1162K(1280K)->1162K(1280K)
[2.048s][info][gc           ] GC(28) Pause Young (Normal) (G1 Evacuation Pause) 1012M->244M(1283M) 0.891ms
[2.048s][info][gc,cpu       ] GC(28) User=0.00s Sys=0.00s Real=0.00s
[2.095s][info][gc,start     ] GC(29) Pause Young (Normal) (G1 Evacuation Pause)
[2.095s][info][gc,task      ] GC(29) Using 15 workers of 15 for evacuation
[2.096s][info][gc,phases    ] GC(29)   Pre Evacuate Collection Set: 0.0ms
[2.096s][info][gc,phases    ] GC(29)   Evacuate Collection Set: 0.6ms
[2.096s][info][gc,phases    ] GC(29)   Post Evacuate Collection Set: 0.3ms
[2.096s][info][gc,phases    ] GC(29)   Other: 0.1ms
[2.096s][info][gc,heap      ] GC(29) Eden regions: 767->0(767)
[2.096s][info][gc,heap      ] GC(29) Survivor regions: 2->2(97)
[2.096s][info][gc,heap      ] GC(29) Old regions: 244->244
[2.096s][info][gc,heap      ] GC(29) Humongous regions: 0->0
[2.096s][info][gc,metaspace ] GC(29) Metaspace: 12327K(12800K)->12327K(12800K) NonClass: 11165K(11520K)->11165K(11520K) Class: 1162K(1280K)->1162K(1280K)
[2.096s][info][gc           ] GC(29) Pause Young (Normal) (G1 Evacuation Pause) 1011M->245M(1283M) 1.032ms
[2.096s][info][gc,cpu       ] GC(29) User=0.00s Sys=0.00s Real=0.00s
[2.151s][info][gc,start     ] GC(30) Pause Young (Normal) (G1 Evacuation Pause)
[2.151s][info][gc,task      ] GC(30) Using 15 workers of 15 for evacuation
[2.152s][info][gc,phases    ] GC(30)   Pre Evacuate Collection Set: 0.0ms
[2.152s][info][gc,phases    ] GC(30)   Evacuate Collection Set: 0.6ms
[2.152s][info][gc,phases    ] GC(30)   Post Evacuate Collection Set: 0.2ms
[2.152s][info][gc,phases    ] GC(30)   Other: 0.1ms
[2.152s][info][gc,heap      ] GC(30) Eden regions: 767->0(767)
[2.152s][info][gc,heap      ] GC(30) Survivor regions: 2->2(97)
[2.152s][info][gc,heap      ] GC(30) Old regions: 244->244
[2.152s][info][gc,heap      ] GC(30) Humongous regions: 0->0
[2.152s][info][gc,metaspace ] GC(30) Metaspace: 12327K(12800K)->12327K(12800K) NonClass: 11165K(11520K)->11165K(11520K) Class: 1162K(1280K)->1162K(1280K)
[2.152s][info][gc           ] GC(30) Pause Young (Normal) (G1 Evacuation Pause) 1012M->245M(1283M) 1.015ms
[2.152s][info][gc,cpu       ] GC(30) User=0.00s Sys=0.00s Real=0.00s
[2.206s][info][gc,start     ] GC(31) Pause Young (Normal) (G1 Evacuation Pause)
[2.206s][info][gc,task      ] GC(31) Using 15 workers of 15 for evacuation
[2.207s][info][gc,phases    ] GC(31)   Pre Evacuate Collection Set: 0.0ms
[2.207s][info][gc,phases    ] GC(31)   Evacuate Collection Set: 0.5ms
[2.207s][info][gc,phases    ] GC(31)   Post Evacuate Collection Set: 0.2ms
[2.207s][info][gc,phases    ] GC(31)   Other: 0.1ms
[2.207s][info][gc,heap      ] GC(31) Eden regions: 767->0(766)
[2.207s][info][gc,heap      ] GC(31) Survivor regions: 2->3(97)
[2.207s][info][gc,heap      ] GC(31) Old regions: 244->244
[2.207s][info][gc,heap      ] GC(31) Humongous regions: 0->0
[2.207s][info][gc,metaspace ] GC(31) Metaspace: 12327K(12800K)->12327K(12800K) NonClass: 11165K(11520K)->11165K(11520K) Class: 1162K(1280K)->1162K(1280K)
[2.207s][info][gc           ] GC(31) Pause Young (Normal) (G1 Evacuation Pause) 1012M->245M(1283M) 0.916ms
[2.207s][info][gc,cpu       ] GC(31) User=0.00s Sys=0.00s Real=0.00s
[2.253s][info][gc,start     ] GC(32) Pause Young (Normal) (G1 Evacuation Pause)
[2.253s][info][gc,task      ] GC(32) Using 15 workers of 15 for evacuation
[2.254s][info][gc,phases    ] GC(32)   Pre Evacuate Collection Set: 0.0ms
[2.254s][info][gc,phases    ] GC(32)   Evacuate Collection Set: 0.6ms
[2.254s][info][gc,phases    ] GC(32)   Post Evacuate Collection Set: 0.2ms
[2.254s][info][gc,phases    ] GC(32)   Other: 0.1ms
[2.254s][info][gc,heap      ] GC(32) Eden regions: 766->0(766)
[2.254s][info][gc,heap      ] GC(32) Survivor regions: 3->3(97)
[2.254s][info][gc,heap      ] GC(32) Old regions: 244->244
[2.254s][info][gc,heap      ] GC(32) Humongous regions: 0->0
[2.254s][info][gc,metaspace ] GC(32) Metaspace: 12327K(12800K)->12327K(12800K) NonClass: 11165K(11520K)->11165K(11520K) Class: 1162K(1280K)->1162K(1280K)
[2.254s][info][gc           ] GC(32) Pause Young (Normal) (G1 Evacuation Pause) 1011M->245M(1283M) 1.033ms
[2.254s][info][gc,cpu       ] GC(32) User=0.00s Sys=0.00s Real=0.00s
[2.307s][info][gc,start     ] GC(33) Pause Young (Normal) (G1 Evacuation Pause)
[2.307s][info][gc,task      ] GC(33) Using 15 workers of 15 for evacuation
[2.308s][info][gc,phases    ] GC(33)   Pre Evacuate Collection Set: 0.0ms
[2.308s][info][gc,phases    ] GC(33)   Evacuate Collection Set: 0.5ms
[2.308s][info][gc,phases    ] GC(33)   Post Evacuate Collection Set: 0.3ms
[2.308s][info][gc,phases    ] GC(33)   Other: 0.1ms
[2.308s][info][gc,heap      ] GC(33) Eden regions: 766->0(767)
[2.308s][info][gc,heap      ] GC(33) Survivor regions: 3->2(97)
[2.308s][info][gc,heap      ] GC(33) Old regions: 244->244
[2.308s][info][gc,heap      ] GC(33) Humongous regions: 0->0
[2.308s][info][gc,metaspace ] GC(33) Metaspace: 12327K(12800K)->12327K(12800K) NonClass: 11165K(11520K)->11165K(11520K) Class: 1162K(1280K)->1162K(1280K)
[2.308s][info][gc           ] GC(33) Pause Young (Normal) (G1 Evacuation Pause) 1011M->244M(1283M) 0.938ms
[2.308s][info][gc,cpu       ] GC(33) User=0.00s Sys=0.00s Real=0.00s
[2.355s][info][gc,start     ] GC(34) Pause Young (Normal) (G1 Evacuation Pause)
[2.355s][info][gc,task      ] GC(34) Using 15 workers of 15 for evacuation
[2.356s][info][gc,phases    ] GC(34)   Pre Evacuate Collection Set: 0.0ms
[2.356s][info][gc,phases    ] GC(34)   Evacuate Collection Set: 0.7ms
[2.356s][info][gc,phases    ] GC(34)   Post Evacuate Collection Set: 0.3ms
[2.356s][info][gc,phases    ] GC(34)   Other: 0.1ms
[2.356s][info][gc,heap      ] GC(34) Eden regions: 767->0(766)
[2.356s][info][gc,heap      ] GC(34) Survivor regions: 2->3(97)
[2.356s][info][gc,heap      ] GC(34) Old regions: 244->244
[2.356s][info][gc,heap      ] GC(34) Humongous regions: 0->0
[2.356s][info][gc,metaspace ] GC(34) Metaspace: 12332K(12800K)->12332K(12800K) NonClass: 11169K(11520K)->11169K(11520K) Class: 1162K(1280K)->1162K(1280K)
[2.356s][info][gc           ] GC(34) Pause Young (Normal) (G1 Evacuation Pause) 1011M->245M(1283M) 1.111ms
[2.356s][info][gc,cpu       ] GC(34) User=0.00s Sys=0.00s Real=0.00s
[2.407s][info][gc,start     ] GC(35) Pause Young (Normal) (G1 Evacuation Pause)
[2.407s][info][gc,task      ] GC(35) Using 15 workers of 15 for evacuation
[2.408s][info][gc,phases    ] GC(35)   Pre Evacuate Collection Set: 0.0ms
[2.408s][info][gc,phases    ] GC(35)   Evacuate Collection Set: 0.7ms
[2.408s][info][gc,phases    ] GC(35)   Post Evacuate Collection Set: 0.2ms
[2.408s][info][gc,phases    ] GC(35)   Other: 0.1ms
[2.408s][info][gc,heap      ] GC(35) Eden regions: 766->0(766)
[2.408s][info][gc,heap      ] GC(35) Survivor regions: 3->3(97)
[2.408s][info][gc,heap      ] GC(35) Old regions: 244->244
[2.408s][info][gc,heap      ] GC(35) Humongous regions: 0->0
[2.408s][info][gc,metaspace ] GC(35) Metaspace: 12332K(12800K)->12332K(12800K) NonClass: 11169K(11520K)->11169K(11520K) Class: 1162K(1280K)->1162K(1280K)
[2.408s][info][gc           ] GC(35) Pause Young (Normal) (G1 Evacuation Pause) 1011M->245M(1283M) 1.091ms
[2.408s][info][gc,cpu       ] GC(35) User=0.00s Sys=0.00s Real=0.00s
[2.463s][info][gc,start     ] GC(36) Pause Young (Normal) (G1 Evacuation Pause)
[2.463s][info][gc,task      ] GC(36) Using 15 workers of 15 for evacuation
[2.463s][info][gc,phases    ] GC(36)   Pre Evacuate Collection Set: 0.0ms
[2.463s][info][gc,phases    ] GC(36)   Evacuate Collection Set: 0.5ms
[2.463s][info][gc,phases    ] GC(36)   Post Evacuate Collection Set: 0.2ms
[2.463s][info][gc,phases    ] GC(36)   Other: 0.1ms
[2.463s][info][gc,heap      ] GC(36) Eden regions: 766->0(766)
[2.463s][info][gc,heap      ] GC(36) Survivor regions: 3->3(97)
[2.463s][info][gc,heap      ] GC(36) Old regions: 244->244
[2.463s][info][gc,heap      ] GC(36) Humongous regions: 0->0
[2.463s][info][gc,metaspace ] GC(36) Metaspace: 12332K(12800K)->12332K(12800K) NonClass: 11169K(11520K)->11169K(11520K) Class: 1162K(1280K)->1162K(1280K)
[2.463s][info][gc           ] GC(36) Pause Young (Normal) (G1 Evacuation Pause) 1011M->245M(1283M) 0.947ms
[2.463s][info][gc,cpu       ] GC(36) User=0.00s Sys=0.00s Real=0.00s
[2.510s][info][gc,start     ] GC(37) Pause Young (Normal) (G1 Evacuation Pause)
[2.510s][info][gc,task      ] GC(37) Using 15 workers of 15 for evacuation
[2.511s][info][gc,phases    ] GC(37)   Pre Evacuate Collection Set: 0.0ms
[2.511s][info][gc,phases    ] GC(37)   Evacuate Collection Set: 0.6ms
[2.511s][info][gc,phases    ] GC(37)   Post Evacuate Collection Set: 0.2ms
[2.511s][info][gc,phases    ] GC(37)   Other: 0.1ms
[2.511s][info][gc,heap      ] GC(37) Eden regions: 766->0(767)
[2.511s][info][gc,heap      ] GC(37) Survivor regions: 3->2(97)
[2.511s][info][gc,heap      ] GC(37) Old regions: 244->244
[2.511s][info][gc,heap      ] GC(37) Humongous regions: 0->0
[2.511s][info][gc,metaspace ] GC(37) Metaspace: 12332K(12800K)->12332K(12800K) NonClass: 11169K(11520K)->11169K(11520K) Class: 1162K(1280K)->1162K(1280K)
[2.511s][info][gc           ] GC(37) Pause Young (Normal) (G1 Evacuation Pause) 1011M->244M(1283M) 0.969ms
[2.511s][info][gc,cpu       ] GC(37) User=0.00s Sys=0.00s Real=0.00s
[2.564s][info][gc,start     ] GC(38) Pause Young (Normal) (G1 Evacuation Pause)
[2.565s][info][gc,task      ] GC(38) Using 15 workers of 15 for evacuation
[2.566s][info][gc,phases    ] GC(38)   Pre Evacuate Collection Set: 0.0ms
[2.566s][info][gc,phases    ] GC(38)   Evacuate Collection Set: 0.8ms
[2.566s][info][gc,phases    ] GC(38)   Post Evacuate Collection Set: 0.2ms
[2.566s][info][gc,phases    ] GC(38)   Other: 0.1ms
[2.566s][info][gc,heap      ] GC(38) Eden regions: 767->0(766)
[2.566s][info][gc,heap      ] GC(38) Survivor regions: 2->3(97)
[2.566s][info][gc,heap      ] GC(38) Old regions: 244->244
[2.566s][info][gc,heap      ] GC(38) Humongous regions: 0->0
[2.566s][info][gc,metaspace ] GC(38) Metaspace: 12332K(12800K)->12332K(12800K) NonClass: 11169K(11520K)->11169K(11520K) Class: 1162K(1280K)->1162K(1280K)
[2.566s][info][gc           ] GC(38) Pause Young (Normal) (G1 Evacuation Pause) 1011M->246M(1283M) 1.269ms
[2.566s][info][gc,cpu       ] GC(38) User=0.00s Sys=0.00s Real=0.00s
[2.622s][info][gc,start     ] GC(39) Pause Young (Normal) (G1 Evacuation Pause)
[2.622s][info][gc,task      ] GC(39) Using 15 workers of 15 for evacuation
[2.622s][info][gc,phases    ] GC(39)   Pre Evacuate Collection Set: 0.0ms
[2.622s][info][gc,phases    ] GC(39)   Evacuate Collection Set: 0.3ms
[2.622s][info][gc,phases    ] GC(39)   Post Evacuate Collection Set: 0.2ms
[2.622s][info][gc,phases    ] GC(39)   Other: 0.1ms
[2.622s][info][gc,heap      ] GC(39) Eden regions: 766->0(767)
[2.622s][info][gc,heap      ] GC(39) Survivor regions: 3->2(97)
[2.622s][info][gc,heap      ] GC(39) Old regions: 244->244
[2.622s][info][gc,heap      ] GC(39) Humongous regions: 0->0
[2.622s][info][gc,metaspace ] GC(39) Metaspace: 12332K(12800K)->12332K(12800K) NonClass: 11169K(11520K)->11169K(11520K) Class: 1162K(1280K)->1162K(1280K)
[2.622s][info][gc           ] GC(39) Pause Young (Normal) (G1 Evacuation Pause) 1012M->244M(1283M) 0.717ms
[2.622s][info][gc,cpu       ] GC(39) User=0.00s Sys=0.00s Real=0.00s
[2.671s][info][gc,start     ] GC(40) Pause Young (Normal) (G1 Evacuation Pause)
[2.671s][info][gc,task      ] GC(40) Using 15 workers of 15 for evacuation
[2.672s][info][gc,phases    ] GC(40)   Pre Evacuate Collection Set: 0.0ms
[2.672s][info][gc,phases    ] GC(40)   Evacuate Collection Set: 0.6ms
[2.672s][info][gc,phases    ] GC(40)   Post Evacuate Collection Set: 0.3ms
[2.672s][info][gc,phases    ] GC(40)   Other: 0.2ms
[2.672s][info][gc,heap      ] GC(40) Eden regions: 767->0(766)
[2.672s][info][gc,heap      ] GC(40) Survivor regions: 2->3(97)
[2.672s][info][gc,heap      ] GC(40) Old regions: 244->244
[2.672s][info][gc,heap      ] GC(40) Humongous regions: 0->0
[2.672s][info][gc,metaspace ] GC(40) Metaspace: 12332K(12800K)->12332K(12800K) NonClass: 11169K(11520K)->11169K(11520K) Class: 1162K(1280K)->1162K(1280K)
[2.672s][info][gc           ] GC(40) Pause Young (Normal) (G1 Evacuation Pause) 1011M->245M(1283M) 1.229ms
[2.672s][info][gc,cpu       ] GC(40) User=0.00s Sys=0.00s Real=0.00s
[2.728s][info][gc,start     ] GC(41) Pause Young (Normal) (G1 Evacuation Pause)
[2.728s][info][gc,task      ] GC(41) Using 15 workers of 15 for evacuation
[2.729s][info][gc,phases    ] GC(41)   Pre Evacuate Collection Set: 0.0ms
[2.729s][info][gc,phases    ] GC(41)   Evacuate Collection Set: 0.5ms
[2.729s][info][gc,phases    ] GC(41)   Post Evacuate Collection Set: 0.3ms
[2.729s][info][gc,phases    ] GC(41)   Other: 0.1ms
[2.729s][info][gc,heap      ] GC(41) Eden regions: 766->0(767)
[2.729s][info][gc,heap      ] GC(41) Survivor regions: 3->2(97)
[2.729s][info][gc,heap      ] GC(41) Old regions: 244->244
[2.729s][info][gc,heap      ] GC(41) Humongous regions: 0->0
[2.729s][info][gc,metaspace ] GC(41) Metaspace: 12332K(12800K)->12332K(12800K) NonClass: 11169K(11520K)->11169K(11520K) Class: 1162K(1280K)->1162K(1280K)
[2.729s][info][gc           ] GC(41) Pause Young (Normal) (G1 Evacuation Pause) 1011M->244M(1283M) 0.989ms
[2.729s][info][gc,cpu       ] GC(41) User=0.00s Sys=0.00s Real=0.00s
[2.777s][info][gc,start     ] GC(42) Pause Young (Normal) (G1 Evacuation Pause)
[2.777s][info][gc,task      ] GC(42) Using 15 workers of 15 for evacuation
[2.778s][info][gc,phases    ] GC(42)   Pre Evacuate Collection Set: 0.0ms
[2.778s][info][gc,phases    ] GC(42)   Evacuate Collection Set: 0.6ms
[2.778s][info][gc,phases    ] GC(42)   Post Evacuate Collection Set: 0.2ms
[2.778s][info][gc,phases    ] GC(42)   Other: 0.1ms
[2.778s][info][gc,heap      ] GC(42) Eden regions: 767->0(766)
[2.778s][info][gc,heap      ] GC(42) Survivor regions: 2->3(97)
[2.778s][info][gc,heap      ] GC(42) Old regions: 244->244
[2.778s][info][gc,heap      ] GC(42) Humongous regions: 0->0
[2.778s][info][gc,metaspace ] GC(42) Metaspace: 12332K(12800K)->12332K(12800K) NonClass: 11169K(11520K)->11169K(11520K) Class: 1162K(1280K)->1162K(1280K)
[2.778s][info][gc           ] GC(42) Pause Young (Normal) (G1 Evacuation Pause) 1011M->245M(1283M) 1.044ms
[2.778s][info][gc,cpu       ] GC(42) User=0.00s Sys=0.00s Real=0.00s
[2.831s][info][gc,start     ] GC(43) Pause Young (Normal) (G1 Evacuation Pause)
[2.831s][info][gc,task      ] GC(43) Using 15 workers of 15 for evacuation
[2.832s][info][gc,phases    ] GC(43)   Pre Evacuate Collection Set: 0.0ms
[2.832s][info][gc,phases    ] GC(43)   Evacuate Collection Set: 0.5ms
[2.832s][info][gc,phases    ] GC(43)   Post Evacuate Collection Set: 0.3ms
[2.832s][info][gc,phases    ] GC(43)   Other: 0.1ms
[2.832s][info][gc,heap      ] GC(43) Eden regions: 766->0(767)
[2.832s][info][gc,heap      ] GC(43) Survivor regions: 3->2(97)
[2.832s][info][gc,heap      ] GC(43) Old regions: 244->244
[2.832s][info][gc,heap      ] GC(43) Humongous regions: 0->0
[2.832s][info][gc,metaspace ] GC(43) Metaspace: 12332K(12800K)->12332K(12800K) NonClass: 11169K(11520K)->11169K(11520K) Class: 1162K(1280K)->1162K(1280K)
[2.832s][info][gc           ] GC(43) Pause Young (Normal) (G1 Evacuation Pause) 1011M->244M(1283M) 0.945ms
[2.832s][info][gc,cpu       ] GC(43) User=0.00s Sys=0.00s Real=0.00s
[2.884s][info][gc,start     ] GC(44) Pause Young (Normal) (G1 Evacuation Pause)
[2.884s][info][gc,task      ] GC(44) Using 15 workers of 15 for evacuation
[2.885s][info][gc,phases    ] GC(44)   Pre Evacuate Collection Set: 0.0ms
[2.885s][info][gc,phases    ] GC(44)   Evacuate Collection Set: 0.4ms
[2.885s][info][gc,phases    ] GC(44)   Post Evacuate Collection Set: 0.2ms
[2.885s][info][gc,phases    ] GC(44)   Other: 0.1ms
[2.885s][info][gc,heap      ] GC(44) Eden regions: 767->0(767)
[2.885s][info][gc,heap      ] GC(44) Survivor regions: 2->2(97)
[2.885s][info][gc,heap      ] GC(44) Old regions: 244->244
[2.885s][info][gc,heap      ] GC(44) Humongous regions: 0->0
[2.885s][info][gc,metaspace ] GC(44) Metaspace: 12332K(12800K)->12332K(12800K) NonClass: 11169K(11520K)->11169K(11520K) Class: 1162K(1280K)->1162K(1280K)
[2.885s][info][gc           ] GC(44) Pause Young (Normal) (G1 Evacuation Pause) 1011M->244M(1283M) 0.804ms
[2.885s][info][gc,cpu       ] GC(44) User=0.00s Sys=0.00s Real=0.00s
[2.932s][info][gc,start     ] GC(45) Pause Young (Normal) (G1 Evacuation Pause)
[2.932s][info][gc,task      ] GC(45) Using 15 workers of 15 for evacuation
[2.933s][info][gc,phases    ] GC(45)   Pre Evacuate Collection Set: 0.0ms
[2.933s][info][gc,phases    ] GC(45)   Evacuate Collection Set: 0.6ms
[2.933s][info][gc,phases    ] GC(45)   Post Evacuate Collection Set: 0.3ms
[2.933s][info][gc,phases    ] GC(45)   Other: 0.1ms
[2.933s][info][gc,heap      ] GC(45) Eden regions: 767->0(767)
[2.933s][info][gc,heap      ] GC(45) Survivor regions: 2->2(97)
[2.933s][info][gc,heap      ] GC(45) Old regions: 244->244
[2.933s][info][gc,heap      ] GC(45) Humongous regions: 0->0
[2.933s][info][gc,metaspace ] GC(45) Metaspace: 12332K(12800K)->12332K(12800K) NonClass: 11169K(11520K)->11169K(11520K) Class: 1162K(1280K)->1162K(1280K)
[2.933s][info][gc           ] GC(45) Pause Young (Normal) (G1 Evacuation Pause) 1011M->244M(1283M) 1.050ms
[2.933s][info][gc,cpu       ] GC(45) User=0.02s Sys=0.00s Real=0.00s
[2.986s][info][gc,start     ] GC(46) Pause Young (Normal) (G1 Evacuation Pause)
[2.986s][info][gc,task      ] GC(46) Using 15 workers of 15 for evacuation
[2.987s][info][gc,phases    ] GC(46)   Pre Evacuate Collection Set: 0.0ms
[2.987s][info][gc,phases    ] GC(46)   Evacuate Collection Set: 0.6ms
[2.987s][info][gc,phases    ] GC(46)   Post Evacuate Collection Set: 0.2ms
[2.987s][info][gc,phases    ] GC(46)   Other: 0.1ms
[2.987s][info][gc,heap      ] GC(46) Eden regions: 767->0(766)
[2.987s][info][gc,heap      ] GC(46) Survivor regions: 2->3(97)
[2.987s][info][gc,heap      ] GC(46) Old regions: 244->244
[2.987s][info][gc,heap      ] GC(46) Humongous regions: 0->0
[2.987s][info][gc,metaspace ] GC(46) Metaspace: 12340K(12800K)->12340K(12800K) NonClass: 11176K(11520K)->11176K(11520K) Class: 1164K(1280K)->1164K(1280K)
[2.987s][info][gc           ] GC(46) Pause Young (Normal) (G1 Evacuation Pause) 1011M->245M(1283M) 1.003ms
[2.987s][info][gc,cpu       ] GC(46) User=0.00s Sys=0.00s Real=0.00s
[3.034s][info][gc,start     ] GC(47) Pause Young (Normal) (G1 Evacuation Pause)
[3.034s][info][gc,task      ] GC(47) Using 15 workers of 15 for evacuation
[3.035s][info][gc,phases    ] GC(47)   Pre Evacuate Collection Set: 0.0ms
[3.035s][info][gc,phases    ] GC(47)   Evacuate Collection Set: 0.7ms
[3.035s][info][gc,phases    ] GC(47)   Post Evacuate Collection Set: 0.2ms
[3.035s][info][gc,phases    ] GC(47)   Other: 0.1ms
[3.035s][info][gc,heap      ] GC(47) Eden regions: 766->0(765)
[3.035s][info][gc,heap      ] GC(47) Survivor regions: 3->4(97)
[3.035s][info][gc,heap      ] GC(47) Old regions: 244->244
[3.035s][info][gc,heap      ] GC(47) Humongous regions: 0->0
[3.035s][info][gc,metaspace ] GC(47) Metaspace: 12340K(12800K)->12340K(12800K) NonClass: 11176K(11520K)->11176K(11520K) Class: 1164K(1280K)->1164K(1280K)
[3.035s][info][gc           ] GC(47) Pause Young (Normal) (G1 Evacuation Pause) 1011M->246M(1283M) 1.130ms
[3.035s][info][gc,cpu       ] GC(47) User=0.00s Sys=0.00s Real=0.00s
[3.085s][info][gc,start     ] GC(48) Pause Young (Normal) (G1 Evacuation Pause)
[3.085s][info][gc,task      ] GC(48) Using 15 workers of 15 for evacuation
[3.086s][info][gc,phases    ] GC(48)   Pre Evacuate Collection Set: 0.0ms
[3.086s][info][gc,phases    ] GC(48)   Evacuate Collection Set: 0.6ms
[3.086s][info][gc,phases    ] GC(48)   Post Evacuate Collection Set: 0.2ms
[3.086s][info][gc,phases    ] GC(48)   Other: 0.1ms
[3.086s][info][gc,heap      ] GC(48) Eden regions: 765->0(767)
[3.086s][info][gc,heap      ] GC(48) Survivor regions: 4->2(97)
[3.086s][info][gc,heap      ] GC(48) Old regions: 244->244
[3.086s][info][gc,heap      ] GC(48) Humongous regions: 0->0
[3.086s][info][gc,metaspace ] GC(48) Metaspace: 12340K(12800K)->12340K(12800K) NonClass: 11176K(11520K)->11176K(11520K) Class: 1164K(1280K)->1164K(1280K)
[3.086s][info][gc           ] GC(48) Pause Young (Normal) (G1 Evacuation Pause) 1011M->245M(1283M) 1.020ms
[3.086s][info][gc,cpu       ] GC(48) User=0.00s Sys=0.00s Real=0.00s
[3.138s][info][gc,start     ] GC(49) Pause Young (Normal) (G1 Evacuation Pause)
[3.138s][info][gc,task      ] GC(49) Using 15 workers of 15 for evacuation
[3.139s][info][gc,phases    ] GC(49)   Pre Evacuate Collection Set: 0.0ms
[3.139s][info][gc,phases    ] GC(49)   Evacuate Collection Set: 0.5ms
[3.139s][info][gc,phases    ] GC(49)   Post Evacuate Collection Set: 0.2ms
[3.139s][info][gc,phases    ] GC(49)   Other: 0.1ms
[3.139s][info][gc,heap      ] GC(49) Eden regions: 767->0(766)
[3.139s][info][gc,heap      ] GC(49) Survivor regions: 2->3(97)
[3.139s][info][gc,heap      ] GC(49) Old regions: 244->244
[3.139s][info][gc,heap      ] GC(49) Humongous regions: 0->0
[3.139s][info][gc,metaspace ] GC(49) Metaspace: 12340K(12800K)->12340K(12800K) NonClass: 11176K(11520K)->11176K(11520K) Class: 1164K(1280K)->1164K(1280K)
[3.139s][info][gc           ] GC(49) Pause Young (Normal) (G1 Evacuation Pause) 1012M->245M(1283M) 0.959ms
[3.139s][info][gc,cpu       ] GC(49) User=0.00s Sys=0.00s Real=0.00s
[3.185s][info][gc,start     ] GC(50) Pause Young (Normal) (G1 Evacuation Pause)
[3.186s][info][gc,task      ] GC(50) Using 15 workers of 15 for evacuation
[3.186s][info][gc,phases    ] GC(50)   Pre Evacuate Collection Set: 0.0ms
[3.187s][info][gc,phases    ] GC(50)   Evacuate Collection Set: 0.6ms
[3.187s][info][gc,phases    ] GC(50)   Post Evacuate Collection Set: 0.2ms
[3.187s][info][gc,phases    ] GC(50)   Other: 0.1ms
[3.187s][info][gc,heap      ] GC(50) Eden regions: 766->0(766)
[3.187s][info][gc,heap      ] GC(50) Survivor regions: 3->3(97)
[3.187s][info][gc,heap      ] GC(50) Old regions: 244->244
[3.187s][info][gc,heap      ] GC(50) Humongous regions: 0->0
[3.187s][info][gc,metaspace ] GC(50) Metaspace: 12340K(12800K)->12340K(12800K) NonClass: 11176K(11520K)->11176K(11520K) Class: 1164K(1280K)->1164K(1280K)
[3.187s][info][gc           ] GC(50) Pause Young (Normal) (G1 Evacuation Pause) 1011M->246M(1283M) 1.082ms
[3.187s][info][gc,cpu       ] GC(50) User=0.00s Sys=0.00s Real=0.00s
[3.237s][info][gc,start     ] GC(51) Pause Young (Normal) (G1 Evacuation Pause)
[3.237s][info][gc,task      ] GC(51) Using 15 workers of 15 for evacuation
[3.238s][info][gc,phases    ] GC(51)   Pre Evacuate Collection Set: 0.0ms
[3.238s][info][gc,phases    ] GC(51)   Evacuate Collection Set: 0.7ms
[3.238s][info][gc,phases    ] GC(51)   Post Evacuate Collection Set: 0.3ms
[3.238s][info][gc,phases    ] GC(51)   Other: 0.1ms
[3.238s][info][gc,heap      ] GC(51) Eden regions: 766->0(766)
[3.238s][info][gc,heap      ] GC(51) Survivor regions: 3->3(97)
[3.238s][info][gc,heap      ] GC(51) Old regions: 244->244
[3.238s][info][gc,heap      ] GC(51) Humongous regions: 0->0
[3.238s][info][gc,metaspace ] GC(51) Metaspace: 12340K(12800K)->12340K(12800K) NonClass: 11176K(11520K)->11176K(11520K) Class: 1164K(1280K)->1164K(1280K)
[3.238s][info][gc           ] GC(51) Pause Young (Normal) (G1 Evacuation Pause) 1012M->245M(1283M) 1.135ms
[3.238s][info][gc,cpu       ] GC(51) User=0.00s Sys=0.00s Real=0.00s
[3.284s][info][gc,start     ] GC(52) Pause Young (Normal) (G1 Evacuation Pause)
[3.284s][info][gc,task      ] GC(52) Using 15 workers of 15 for evacuation
[3.285s][info][gc,phases    ] GC(52)   Pre Evacuate Collection Set: 0.0ms
[3.285s][info][gc,phases    ] GC(52)   Evacuate Collection Set: 0.6ms
[3.285s][info][gc,phases    ] GC(52)   Post Evacuate Collection Set: 0.3ms
[3.285s][info][gc,phases    ] GC(52)   Other: 0.1ms
[3.285s][info][gc,heap      ] GC(52) Eden regions: 766->0(767)
[3.285s][info][gc,heap      ] GC(52) Survivor regions: 3->2(97)
[3.285s][info][gc,heap      ] GC(52) Old regions: 244->244
[3.285s][info][gc,heap      ] GC(52) Humongous regions: 0->0
[3.285s][info][gc,metaspace ] GC(52) Metaspace: 12340K(12800K)->12340K(12800K) NonClass: 11176K(11520K)->11176K(11520K) Class: 1164K(1280K)->1164K(1280K)
[3.285s][info][gc           ] GC(52) Pause Young (Normal) (G1 Evacuation Pause) 1011M->244M(1283M) 1.090ms
[3.285s][info][gc,cpu       ] GC(52) User=0.00s Sys=0.00s Real=0.00s
[3.338s][info][gc,start     ] GC(53) Pause Young (Normal) (G1 Evacuation Pause)
[3.338s][info][gc,task      ] GC(53) Using 15 workers of 15 for evacuation
[3.339s][info][gc,phases    ] GC(53)   Pre Evacuate Collection Set: 0.0ms
[3.339s][info][gc,phases    ] GC(53)   Evacuate Collection Set: 0.8ms
[3.339s][info][gc,phases    ] GC(53)   Post Evacuate Collection Set: 0.2ms
[3.339s][info][gc,phases    ] GC(53)   Other: 0.1ms
[3.339s][info][gc,heap      ] GC(53) Eden regions: 767->0(765)
[3.339s][info][gc,heap      ] GC(53) Survivor regions: 2->4(97)
[3.339s][info][gc,heap      ] GC(53) Old regions: 244->244
[3.339s][info][gc,heap      ] GC(53) Humongous regions: 0->0
[3.339s][info][gc,metaspace ] GC(53) Metaspace: 12340K(12800K)->12340K(12800K) NonClass: 11176K(11520K)->11176K(11520K) Class: 1164K(1280K)->1164K(1280K)
[3.339s][info][gc           ] GC(53) Pause Young (Normal) (G1 Evacuation Pause) 1011M->246M(1283M) 1.263ms
[3.339s][info][gc,cpu       ] GC(53) User=0.00s Sys=0.00s Real=0.00s
[3.393s][info][gc,start     ] GC(54) Pause Young (Normal) (G1 Evacuation Pause)
[3.393s][info][gc,task      ] GC(54) Using 15 workers of 15 for evacuation
[3.394s][info][gc,phases    ] GC(54)   Pre Evacuate Collection Set: 0.0ms
[3.394s][info][gc,phases    ] GC(54)   Evacuate Collection Set: 0.6ms
[3.394s][info][gc,phases    ] GC(54)   Post Evacuate Collection Set: 0.3ms
[3.394s][info][gc,phases    ] GC(54)   Other: 0.2ms
[3.394s][info][gc,heap      ] GC(54) Eden regions: 765->0(766)
[3.394s][info][gc,heap      ] GC(54) Survivor regions: 4->3(97)
[3.394s][info][gc,heap      ] GC(54) Old regions: 244->244
[3.394s][info][gc,heap      ] GC(54) Humongous regions: 0->0
[3.394s][info][gc,metaspace ] GC(54) Metaspace: 12340K(12800K)->12340K(12800K) NonClass: 11176K(11520K)->11176K(11520K) Class: 1164K(1280K)->1164K(1280K)
[3.394s][info][gc           ] GC(54) Pause Young (Normal) (G1 Evacuation Pause) 1011M->246M(1283M) 1.120ms
[3.394s][info][gc,cpu       ] GC(54) User=0.02s Sys=0.00s Real=0.00s
[3.440s][info][gc,start     ] GC(55) Pause Young (Normal) (G1 Evacuation Pause)
[3.440s][info][gc,task      ] GC(55) Using 15 workers of 15 for evacuation
[3.441s][info][gc,phases    ] GC(55)   Pre Evacuate Collection Set: 0.0ms
[3.441s][info][gc,phases    ] GC(55)   Evacuate Collection Set: 0.6ms
[3.441s][info][gc,phases    ] GC(55)   Post Evacuate Collection Set: 0.2ms
[3.441s][info][gc,phases    ] GC(55)   Other: 0.1ms
[3.441s][info][gc,heap      ] GC(55) Eden regions: 766->0(766)
[3.441s][info][gc,heap      ] GC(55) Survivor regions: 3->3(97)
[3.441s][info][gc,heap      ] GC(55) Old regions: 244->244
[3.441s][info][gc,heap      ] GC(55) Humongous regions: 0->0
[3.441s][info][gc,metaspace ] GC(55) Metaspace: 12340K(12800K)->12340K(12800K) NonClass: 11176K(11520K)->11176K(11520K) Class: 1164K(1280K)->1164K(1280K)
[3.441s][info][gc           ] GC(55) Pause Young (Normal) (G1 Evacuation Pause) 1012M->245M(1283M) 1.059ms
[3.441s][info][gc,cpu       ] GC(55) User=0.00s Sys=0.00s Real=0.00s
[3.493s][info][gc,start     ] GC(56) Pause Young (Normal) (G1 Evacuation Pause)
[3.493s][info][gc,task      ] GC(56) Using 15 workers of 15 for evacuation
[3.494s][info][gc,phases    ] GC(56)   Pre Evacuate Collection Set: 0.0ms
[3.494s][info][gc,phases    ] GC(56)   Evacuate Collection Set: 0.5ms
[3.494s][info][gc,phases    ] GC(56)   Post Evacuate Collection Set: 0.2ms
[3.494s][info][gc,phases    ] GC(56)   Other: 0.1ms
[3.494s][info][gc,heap      ] GC(56) Eden regions: 766->0(766)
[3.494s][info][gc,heap      ] GC(56) Survivor regions: 3->3(97)
[3.494s][info][gc,heap      ] GC(56) Old regions: 244->244
[3.494s][info][gc,heap      ] GC(56) Humongous regions: 0->0
[3.494s][info][gc,metaspace ] GC(56) Metaspace: 12340K(12800K)->12340K(12800K) NonClass: 11176K(11520K)->11176K(11520K) Class: 1164K(1280K)->1164K(1280K)
[3.494s][info][gc           ] GC(56) Pause Young (Normal) (G1 Evacuation Pause) 1011M->245M(1283M) 0.985ms
[3.494s][info][gc,cpu       ] GC(56) User=0.00s Sys=0.00s Real=0.00s
[3.548s][info][gc,start     ] GC(57) Pause Young (Normal) (G1 Evacuation Pause)
[3.548s][info][gc,task      ] GC(57) Using 15 workers of 15 for evacuation
[3.549s][info][gc,phases    ] GC(57)   Pre Evacuate Collection Set: 0.0ms
[3.549s][info][gc,phases    ] GC(57)   Evacuate Collection Set: 0.4ms
[3.549s][info][gc,phases    ] GC(57)   Post Evacuate Collection Set: 0.2ms
[3.549s][info][gc,phases    ] GC(57)   Other: 0.1ms
[3.549s][info][gc,heap      ] GC(57) Eden regions: 766->0(766)
[3.549s][info][gc,heap      ] GC(57) Survivor regions: 3->3(97)
[3.549s][info][gc,heap      ] GC(57) Old regions: 244->244
[3.549s][info][gc,heap      ] GC(57) Humongous regions: 0->0
[3.549s][info][gc,metaspace ] GC(57) Metaspace: 12340K(12800K)->12340K(12800K) NonClass: 11176K(11520K)->11176K(11520K) Class: 1164K(1280K)->1164K(1280K)
[3.549s][info][gc           ] GC(57) Pause Young (Normal) (G1 Evacuation Pause) 1011M->245M(1283M) 0.827ms
[3.549s][info][gc,cpu       ] GC(57) User=0.00s Sys=0.00s Real=0.00s
[3.595s][info][gc,start     ] GC(58) Pause Young (Normal) (G1 Evacuation Pause)
[3.595s][info][gc,task      ] GC(58) Using 15 workers of 15 for evacuation
[3.596s][info][gc,phases    ] GC(58)   Pre Evacuate Collection Set: 0.0ms
[3.596s][info][gc,phases    ] GC(58)   Evacuate Collection Set: 0.7ms
[3.596s][info][gc,phases    ] GC(58)   Post Evacuate Collection Set: 0.2ms
[3.596s][info][gc,phases    ] GC(58)   Other: 0.1ms
[3.596s][info][gc,heap      ] GC(58) Eden regions: 766->0(766)
[3.596s][info][gc,heap      ] GC(58) Survivor regions: 3->3(97)
[3.596s][info][gc,heap      ] GC(58) Old regions: 244->244
[3.596s][info][gc,heap      ] GC(58) Humongous regions: 0->0
[3.596s][info][gc,metaspace ] GC(58) Metaspace: 12340K(12800K)->12340K(12800K) NonClass: 11176K(11520K)->11176K(11520K) Class: 1164K(1280K)->1164K(1280K)
[3.596s][info][gc           ] GC(58) Pause Young (Normal) (G1 Evacuation Pause) 1011M->246M(1283M) 1.096ms
[3.596s][info][gc,cpu       ] GC(58) User=0.00s Sys=0.00s Real=0.00s
[3.649s][info][gc,start     ] GC(59) Pause Young (Normal) (G1 Evacuation Pause)
[3.649s][info][gc,task      ] GC(59) Using 15 workers of 15 for evacuation
[3.650s][info][gc,phases    ] GC(59)   Pre Evacuate Collection Set: 0.0ms
[3.650s][info][gc,phases    ] GC(59)   Evacuate Collection Set: 0.5ms
[3.650s][info][gc,phases    ] GC(59)   Post Evacuate Collection Set: 0.2ms
[3.650s][info][gc,phases    ] GC(59)   Other: 0.1ms
[3.650s][info][gc,heap      ] GC(59) Eden regions: 766->0(767)
[3.650s][info][gc,heap      ] GC(59) Survivor regions: 3->2(97)
[3.650s][info][gc,heap      ] GC(59) Old regions: 244->244
[3.650s][info][gc,heap      ] GC(59) Humongous regions: 0->0
[3.650s][info][gc,metaspace ] GC(59) Metaspace: 12340K(12800K)->12340K(12800K) NonClass: 11176K(11520K)->11176K(11520K) Class: 1164K(1280K)->1164K(1280K)
[3.650s][info][gc           ] GC(59) Pause Young (Normal) (G1 Evacuation Pause) 1012M->244M(1283M) 0.914ms
[3.650s][info][gc,cpu       ] GC(59) User=0.00s Sys=0.00s Real=0.00s
[3.699s][info][gc,start     ] GC(60) Pause Young (Normal) (G1 Evacuation Pause)
[3.699s][info][gc,task      ] GC(60) Using 15 workers of 15 for evacuation
[3.700s][info][gc,phases    ] GC(60)   Pre Evacuate Collection Set: 0.0ms
[3.700s][info][gc,phases    ] GC(60)   Evacuate Collection Set: 0.6ms
[3.700s][info][gc,phases    ] GC(60)   Post Evacuate Collection Set: 0.2ms
[3.700s][info][gc,phases    ] GC(60)   Other: 0.1ms
[3.700s][info][gc,heap      ] GC(60) Eden regions: 767->0(766)
[3.700s][info][gc,heap      ] GC(60) Survivor regions: 2->3(97)
[3.700s][info][gc,heap      ] GC(60) Old regions: 244->244
[3.700s][info][gc,heap      ] GC(60) Humongous regions: 0->0
[3.700s][info][gc,metaspace ] GC(60) Metaspace: 12340K(12800K)->12340K(12800K) NonClass: 11176K(11520K)->11176K(11520K) Class: 1164K(1280K)->1164K(1280K)
[3.700s][info][gc           ] GC(60) Pause Young (Normal) (G1 Evacuation Pause) 1011M->245M(1283M) 1.031ms
[3.700s][info][gc,cpu       ] GC(60) User=0.00s Sys=0.00s Real=0.00s
[3.756s][info][gc,start     ] GC(61) Pause Young (Normal) (G1 Evacuation Pause)
[3.756s][info][gc,task      ] GC(61) Using 15 workers of 15 for evacuation
[3.757s][info][gc,phases    ] GC(61)   Pre Evacuate Collection Set: 0.0ms
[3.757s][info][gc,phases    ] GC(61)   Evacuate Collection Set: 0.7ms
[3.757s][info][gc,phases    ] GC(61)   Post Evacuate Collection Set: 0.3ms
[3.757s][info][gc,phases    ] GC(61)   Other: 0.2ms
[3.757s][info][gc,heap      ] GC(61) Eden regions: 766->0(766)
[3.757s][info][gc,heap      ] GC(61) Survivor regions: 3->3(97)
[3.757s][info][gc,heap      ] GC(61) Old regions: 244->244
[3.757s][info][gc,heap      ] GC(61) Humongous regions: 0->0
[3.757s][info][gc,metaspace ] GC(61) Metaspace: 12340K(12800K)->12340K(12800K) NonClass: 11176K(11520K)->11176K(11520K) Class: 1164K(1280K)->1164K(1280K)
[3.757s][info][gc           ] GC(61) Pause Young (Normal) (G1 Evacuation Pause) 1011M->246M(1283M) 1.287ms
[3.757s][info][gc,cpu       ] GC(61) User=0.00s Sys=0.00s Real=0.00s
[3.818s][info][gc,start     ] GC(62) Pause Young (Normal) (G1 Evacuation Pause)
[3.819s][info][gc,task      ] GC(62) Using 15 workers of 15 for evacuation
[3.820s][info][gc,phases    ] GC(62)   Pre Evacuate Collection Set: 0.0ms
[3.820s][info][gc,phases    ] GC(62)   Evacuate Collection Set: 0.9ms
[3.820s][info][gc,phases    ] GC(62)   Post Evacuate Collection Set: 0.3ms
[3.820s][info][gc,phases    ] GC(62)   Other: 0.2ms
[3.820s][info][gc,heap      ] GC(62) Eden regions: 766->0(764)
[3.820s][info][gc,heap      ] GC(62) Survivor regions: 3->5(97)
[3.820s][info][gc,heap      ] GC(62) Old regions: 244->244
[3.820s][info][gc,heap      ] GC(62) Humongous regions: 0->0
[3.820s][info][gc,metaspace ] GC(62) Metaspace: 12340K(12800K)->12340K(12800K) NonClass: 11176K(11520K)->11176K(11520K) Class: 1164K(1280K)->1164K(1280K)
[3.820s][info][gc           ] GC(62) Pause Young (Normal) (G1 Evacuation Pause) 1012M->247M(1283M) 1.507ms
[3.820s][info][gc,cpu       ] GC(62) User=0.00s Sys=0.00s Real=0.00s
[3.871s][info][gc,start     ] GC(63) Pause Young (Normal) (G1 Evacuation Pause)
[3.871s][info][gc,task      ] GC(63) Using 15 workers of 15 for evacuation
[3.872s][info][gc,phases    ] GC(63)   Pre Evacuate Collection Set: 0.0ms
[3.872s][info][gc,phases    ] GC(63)   Evacuate Collection Set: 0.8ms
[3.872s][info][gc,phases    ] GC(63)   Post Evacuate Collection Set: 0.4ms
[3.872s][info][gc,phases    ] GC(63)   Other: 0.2ms
[3.872s][info][gc,heap      ] GC(63) Eden regions: 764->0(766)
[3.872s][info][gc,heap      ] GC(63) Survivor regions: 5->3(97)
[3.872s][info][gc,heap      ] GC(63) Old regions: 244->244
[3.872s][info][gc,heap      ] GC(63) Humongous regions: 0->0
[3.872s][info][gc,metaspace ] GC(63) Metaspace: 12340K(12800K)->12340K(12800K) NonClass: 11176K(11520K)->11176K(11520K) Class: 1164K(1280K)->1164K(1280K)
[3.872s][info][gc           ] GC(63) Pause Young (Normal) (G1 Evacuation Pause) 1011M->246M(1283M) 1.435ms
[3.872s][info][gc,cpu       ] GC(63) User=0.00s Sys=0.00s Real=0.00s
[3.929s][info][gc,start     ] GC(64) Pause Young (Normal) (G1 Evacuation Pause)
[3.929s][info][gc,task      ] GC(64) Using 15 workers of 15 for evacuation
[3.930s][info][gc,phases    ] GC(64)   Pre Evacuate Collection Set: 0.0ms
[3.930s][info][gc,phases    ] GC(64)   Evacuate Collection Set: 0.5ms
[3.930s][info][gc,phases    ] GC(64)   Post Evacuate Collection Set: 0.3ms
[3.930s][info][gc,phases    ] GC(64)   Other: 0.2ms
[3.930s][info][gc,heap      ] GC(64) Eden regions: 766->0(767)
[3.930s][info][gc,heap      ] GC(64) Survivor regions: 3->2(97)
[3.930s][info][gc,heap      ] GC(64) Old regions: 244->244
[3.930s][info][gc,heap      ] GC(64) Humongous regions: 0->0
[3.930s][info][gc,metaspace ] GC(64) Metaspace: 12340K(12800K)->12340K(12800K) NonClass: 11176K(11520K)->11176K(11520K) Class: 1164K(1280K)->1164K(1280K)
[3.930s][info][gc           ] GC(64) Pause Young (Normal) (G1 Evacuation Pause) 1012M->244M(1283M) 1.082ms
[3.930s][info][gc,cpu       ] GC(64) User=0.00s Sys=0.00s Real=0.00s
[3.982s][info][gc,start     ] GC(65) Pause Young (Normal) (G1 Evacuation Pause)
[3.982s][info][gc,task      ] GC(65) Using 15 workers of 15 for evacuation
[3.983s][info][gc,phases    ] GC(65)   Pre Evacuate Collection Set: 0.0ms
[3.983s][info][gc,phases    ] GC(65)   Evacuate Collection Set: 0.5ms
[3.983s][info][gc,phases    ] GC(65)   Post Evacuate Collection Set: 0.3ms
[3.983s][info][gc,phases    ] GC(65)   Other: 0.1ms
[3.983s][info][gc,heap      ] GC(65) Eden regions: 767->0(767)
[3.983s][info][gc,heap      ] GC(65) Survivor regions: 2->2(97)
[3.983s][info][gc,heap      ] GC(65) Old regions: 244->244
[3.983s][info][gc,heap      ] GC(65) Humongous regions: 0->0
[3.983s][info][gc,metaspace ] GC(65) Metaspace: 12340K(12800K)->12340K(12800K) NonClass: 11176K(11520K)->11176K(11520K) Class: 1164K(1280K)->1164K(1280K)
[3.983s][info][gc           ] GC(65) Pause Young (Normal) (G1 Evacuation Pause) 1011M->244M(1283M) 1.026ms
[3.983s][info][gc,cpu       ] GC(65) User=0.00s Sys=0.00s Real=0.00s
[4.038s][info][gc,start     ] GC(66) Pause Young (Normal) (G1 Evacuation Pause)
[4.038s][info][gc,task      ] GC(66) Using 15 workers of 15 for evacuation
[4.039s][info][gc,phases    ] GC(66)   Pre Evacuate Collection Set: 0.0ms
[4.039s][info][gc,phases    ] GC(66)   Evacuate Collection Set: 0.6ms
[4.039s][info][gc,phases    ] GC(66)   Post Evacuate Collection Set: 0.3ms
[4.039s][info][gc,phases    ] GC(66)   Other: 0.1ms
[4.039s][info][gc,heap      ] GC(66) Eden regions: 767->0(766)
[4.039s][info][gc,heap      ] GC(66) Survivor regions: 2->3(97)
[4.039s][info][gc,heap      ] GC(66) Old regions: 244->244
[4.039s][info][gc,heap      ] GC(66) Humongous regions: 0->0
[4.039s][info][gc,metaspace ] GC(66) Metaspace: 12340K(12800K)->12340K(12800K) NonClass: 11176K(11520K)->11176K(11520K) Class: 1164K(1280K)->1164K(1280K)
[4.039s][info][gc           ] GC(66) Pause Young (Normal) (G1 Evacuation Pause) 1011M->245M(1283M) 1.042ms
[4.039s][info][gc,cpu       ] GC(66) User=0.00s Sys=0.00s Real=0.00s
[4.094s][info][gc,start     ] GC(67) Pause Young (Normal) (G1 Evacuation Pause)
[4.094s][info][gc,task      ] GC(67) Using 15 workers of 15 for evacuation
[4.095s][info][gc,phases    ] GC(67)   Pre Evacuate Collection Set: 0.0ms
[4.095s][info][gc,phases    ] GC(67)   Evacuate Collection Set: 0.5ms
[4.095s][info][gc,phases    ] GC(67)   Post Evacuate Collection Set: 0.2ms
[4.095s][info][gc,phases    ] GC(67)   Other: 0.1ms
[4.095s][info][gc,heap      ] GC(67) Eden regions: 766->0(766)
[4.095s][info][gc,heap      ] GC(67) Survivor regions: 3->3(97)
[4.095s][info][gc,heap      ] GC(67) Old regions: 244->244
[4.095s][info][gc,heap      ] GC(67) Humongous regions: 0->0
[4.095s][info][gc,metaspace ] GC(67) Metaspace: 12346K(12800K)->12346K(12800K) NonClass: 11182K(11520K)->11182K(11520K) Class: 1164K(1280K)->1164K(1280K)
[4.095s][info][gc           ] GC(67) Pause Young (Normal) (G1 Evacuation Pause) 1011M->245M(1283M) 0.925ms
[4.095s][info][gc,cpu       ] GC(67) User=0.00s Sys=0.00s Real=0.00s
[4.143s][info][gc,start     ] GC(68) Pause Young (Normal) (G1 Evacuation Pause)
[4.143s][info][gc,task      ] GC(68) Using 15 workers of 15 for evacuation
[4.144s][info][gc,phases    ] GC(68)   Pre Evacuate Collection Set: 0.0ms
[4.144s][info][gc,phases    ] GC(68)   Evacuate Collection Set: 0.7ms
[4.144s][info][gc,phases    ] GC(68)   Post Evacuate Collection Set: 0.3ms
[4.144s][info][gc,phases    ] GC(68)   Other: 0.1ms
[4.144s][info][gc,heap      ] GC(68) Eden regions: 766->0(766)
[4.144s][info][gc,heap      ] GC(68) Survivor regions: 3->3(97)
[4.144s][info][gc,heap      ] GC(68) Old regions: 244->244
[4.144s][info][gc,heap      ] GC(68) Humongous regions: 0->0
[4.144s][info][gc,metaspace ] GC(68) Metaspace: 12346K(12800K)->12346K(12800K) NonClass: 11182K(11520K)->11182K(11520K) Class: 1164K(1280K)->1164K(1280K)
[4.144s][info][gc           ] GC(68) Pause Young (Normal) (G1 Evacuation Pause) 1011M->245M(1283M) 1.176ms
[4.144s][info][gc,cpu       ] GC(68) User=0.02s Sys=0.00s Real=0.00s
[4.198s][info][gc,start     ] GC(69) Pause Young (Normal) (G1 Evacuation Pause)
[4.198s][info][gc,task      ] GC(69) Using 15 workers of 15 for evacuation
[4.199s][info][gc,phases    ] GC(69)   Pre Evacuate Collection Set: 0.0ms
[4.199s][info][gc,phases    ] GC(69)   Evacuate Collection Set: 0.6ms
[4.199s][info][gc,phases    ] GC(69)   Post Evacuate Collection Set: 0.3ms
[4.199s][info][gc,phases    ] GC(69)   Other: 0.2ms
[4.199s][info][gc,heap      ] GC(69) Eden regions: 766->0(766)
[4.199s][info][gc,heap      ] GC(69) Survivor regions: 3->3(97)
[4.199s][info][gc,heap      ] GC(69) Old regions: 244->244
[4.199s][info][gc,heap      ] GC(69) Humongous regions: 0->0
[4.199s][info][gc,metaspace ] GC(69) Metaspace: 12346K(12800K)->12346K(12800K) NonClass: 11182K(11520K)->11182K(11520K) Class: 1164K(1280K)->1164K(1280K)
[4.199s][info][gc           ] GC(69) Pause Young (Normal) (G1 Evacuation Pause) 1011M->245M(1283M) 1.147ms
[4.199s][info][gc,cpu       ] GC(69) User=0.00s Sys=0.00s Real=0.00s
[4.246s][info][gc,start     ] GC(70) Pause Young (Normal) (G1 Evacuation Pause)
[4.246s][info][gc,task      ] GC(70) Using 15 workers of 15 for evacuation
[4.247s][info][gc,phases    ] GC(70)   Pre Evacuate Collection Set: 0.0ms
[4.247s][info][gc,phases    ] GC(70)   Evacuate Collection Set: 0.5ms
[4.247s][info][gc,phases    ] GC(70)   Post Evacuate Collection Set: 0.3ms
[4.247s][info][gc,phases    ] GC(70)   Other: 0.1ms
[4.247s][info][gc,heap      ] GC(70) Eden regions: 766->0(767)
[4.247s][info][gc,heap      ] GC(70) Survivor regions: 3->2(97)
[4.247s][info][gc,heap      ] GC(70) Old regions: 244->244
[4.247s][info][gc,heap      ] GC(70) Humongous regions: 0->0
[4.247s][info][gc,metaspace ] GC(70) Metaspace: 12346K(12800K)->12346K(12800K) NonClass: 11182K(11520K)->11182K(11520K) Class: 1164K(1280K)->1164K(1280K)
[4.247s][info][gc           ] GC(70) Pause Young (Normal) (G1 Evacuation Pause) 1011M->244M(1283M) 0.939ms
[4.247s][info][gc,cpu       ] GC(70) User=0.00s Sys=0.00s Real=0.00s
[4.299s][info][gc,start     ] GC(71) Pause Young (Normal) (G1 Evacuation Pause)
[4.299s][info][gc,task      ] GC(71) Using 15 workers of 15 for evacuation
[4.300s][info][gc,phases    ] GC(71)   Pre Evacuate Collection Set: 0.0ms
[4.300s][info][gc,phases    ] GC(71)   Evacuate Collection Set: 0.8ms
[4.300s][info][gc,phases    ] GC(71)   Post Evacuate Collection Set: 0.2ms
[4.301s][info][gc,phases    ] GC(71)   Other: 0.1ms
[4.301s][info][gc,heap      ] GC(71) Eden regions: 767->0(766)
[4.301s][info][gc,heap      ] GC(71) Survivor regions: 2->3(97)
[4.301s][info][gc,heap      ] GC(71) Old regions: 244->244
[4.301s][info][gc,heap      ] GC(71) Humongous regions: 0->0
[4.301s][info][gc,metaspace ] GC(71) Metaspace: 12346K(12800K)->12346K(12800K) NonClass: 11182K(11520K)->11182K(11520K) Class: 1164K(1280K)->1164K(1280K)
[4.301s][info][gc           ] GC(71) Pause Young (Normal) (G1 Evacuation Pause) 1011M->246M(1283M) 1.290ms
[4.301s][info][gc,cpu       ] GC(71) User=0.02s Sys=0.00s Real=0.00s
[4.353s][info][gc,start     ] GC(72) Pause Young (Normal) (G1 Evacuation Pause)
[4.353s][info][gc,task      ] GC(72) Using 15 workers of 15 for evacuation
[4.354s][info][gc,phases    ] GC(72)   Pre Evacuate Collection Set: 0.0ms
[4.354s][info][gc,phases    ] GC(72)   Evacuate Collection Set: 0.8ms
[4.354s][info][gc,phases    ] GC(72)   Post Evacuate Collection Set: 0.2ms
[4.354s][info][gc,phases    ] GC(72)   Other: 0.1ms
[4.354s][info][gc,heap      ] GC(72) Eden regions: 766->0(765)
[4.354s][info][gc,heap      ] GC(72) Survivor regions: 3->4(97)
[4.354s][info][gc,heap      ] GC(72) Old regions: 244->244
[4.354s][info][gc,heap      ] GC(72) Humongous regions: 0->0
[4.354s][info][gc,metaspace ] GC(72) Metaspace: 12346K(12800K)->12346K(12800K) NonClass: 11182K(11520K)->11182K(11520K) Class: 1164K(1280K)->1164K(1280K)
[4.354s][info][gc           ] GC(72) Pause Young (Normal) (G1 Evacuation Pause) 1012M->246M(1283M) 1.217ms
[4.354s][info][gc,cpu       ] GC(72) User=0.00s Sys=0.00s Real=0.00s
[4.401s][info][gc,start     ] GC(73) Pause Young (Normal) (G1 Evacuation Pause)
[4.401s][info][gc,task      ] GC(73) Using 15 workers of 15 for evacuation
[4.402s][info][gc,phases    ] GC(73)   Pre Evacuate Collection Set: 0.0ms
[4.402s][info][gc,phases    ] GC(73)   Evacuate Collection Set: 0.6ms
[4.402s][info][gc,phases    ] GC(73)   Post Evacuate Collection Set: 0.2ms
[4.402s][info][gc,phases    ] GC(73)   Other: 0.2ms
[4.402s][info][gc,heap      ] GC(73) Eden regions: 765->0(767)
[4.402s][info][gc,heap      ] GC(73) Survivor regions: 4->2(97)
[4.402s][info][gc,heap      ] GC(73) Old regions: 244->244
[4.402s][info][gc,heap      ] GC(73) Humongous regions: 0->0
[4.402s][info][gc,metaspace ] GC(73) Metaspace: 12346K(12800K)->12346K(12800K) NonClass: 11182K(11520K)->11182K(11520K) Class: 1164K(1280K)->1164K(1280K)
[4.402s][info][gc           ] GC(73) Pause Young (Normal) (G1 Evacuation Pause) 1011M->245M(1283M) 1.115ms
[4.402s][info][gc,cpu       ] GC(73) User=0.00s Sys=0.00s Real=0.00s
[4.455s][info][gc,start     ] GC(74) Pause Young (Normal) (G1 Evacuation Pause)
[4.455s][info][gc,task      ] GC(74) Using 15 workers of 15 for evacuation
[4.456s][info][gc,phases    ] GC(74)   Pre Evacuate Collection Set: 0.0ms
[4.456s][info][gc,phases    ] GC(74)   Evacuate Collection Set: 0.6ms
[4.456s][info][gc,phases    ] GC(74)   Post Evacuate Collection Set: 0.2ms
[4.456s][info][gc,phases    ] GC(74)   Other: 0.1ms
[4.456s][info][gc,heap      ] GC(74) Eden regions: 767->0(766)
[4.456s][info][gc,heap      ] GC(74) Survivor regions: 2->3(97)
[4.456s][info][gc,heap      ] GC(74) Old regions: 244->244
[4.456s][info][gc,heap      ] GC(74) Humongous regions: 0->0
[4.456s][info][gc,metaspace ] GC(74) Metaspace: 12346K(12800K)->12346K(12800K) NonClass: 11182K(11520K)->11182K(11520K) Class: 1164K(1280K)->1164K(1280K)
[4.456s][info][gc           ] GC(74) Pause Young (Normal) (G1 Evacuation Pause) 1012M->246M(1283M) 1.056ms
[4.456s][info][gc,cpu       ] GC(74) User=0.00s Sys=0.00s Real=0.00s
[4.509s][info][gc,start     ] GC(75) Pause Young (Normal) (G1 Evacuation Pause)
[4.509s][info][gc,task      ] GC(75) Using 15 workers of 15 for evacuation
[4.509s][info][gc,phases    ] GC(75)   Pre Evacuate Collection Set: 0.0ms
[4.509s][info][gc,phases    ] GC(75)   Evacuate Collection Set: 0.4ms
[4.509s][info][gc,phases    ] GC(75)   Post Evacuate Collection Set: 0.2ms
[4.509s][info][gc,phases    ] GC(75)   Other: 0.1ms
[4.509s][info][gc,heap      ] GC(75) Eden regions: 766->0(767)
[4.509s][info][gc,heap      ] GC(75) Survivor regions: 3->2(97)
[4.509s][info][gc,heap      ] GC(75) Old regions: 244->244
[4.509s][info][gc,heap      ] GC(75) Humongous regions: 0->0
[4.509s][info][gc,metaspace ] GC(75) Metaspace: 12346K(12800K)->12346K(12800K) NonClass: 11182K(11520K)->11182K(11520K) Class: 1164K(1280K)->1164K(1280K)
[4.509s][info][gc           ] GC(75) Pause Young (Normal) (G1 Evacuation Pause) 1012M->245M(1283M) 0.775ms
[4.510s][info][gc,cpu       ] GC(75) User=0.00s Sys=0.00s Real=0.00s
[4.557s][info][gc,start     ] GC(76) Pause Young (Normal) (G1 Evacuation Pause)
[4.557s][info][gc,task      ] GC(76) Using 15 workers of 15 for evacuation
[4.558s][info][gc,phases    ] GC(76)   Pre Evacuate Collection Set: 0.0ms
[4.558s][info][gc,phases    ] GC(76)   Evacuate Collection Set: 0.7ms
[4.558s][info][gc,phases    ] GC(76)   Post Evacuate Collection Set: 0.3ms
[4.558s][info][gc,phases    ] GC(76)   Other: 0.1ms
[4.558s][info][gc,heap      ] GC(76) Eden regions: 767->0(767)
[4.558s][info][gc,heap      ] GC(76) Survivor regions: 2->2(97)
[4.558s][info][gc,heap      ] GC(76) Old regions: 244->244
[4.558s][info][gc,heap      ] GC(76) Humongous regions: 0->0
[4.558s][info][gc,metaspace ] GC(76) Metaspace: 12346K(12800K)->12346K(12800K) NonClass: 11182K(11520K)->11182K(11520K) Class: 1164K(1280K)->1164K(1280K)
[4.558s][info][gc           ] GC(76) Pause Young (Normal) (G1 Evacuation Pause) 1012M->245M(1283M) 1.137ms
[4.558s][info][gc,cpu       ] GC(76) User=0.00s Sys=0.00s Real=0.00s
[10.945s][info][gc,heap,exit ] Heap
[10.945s][info][gc,heap,exit ]  garbage-first heap   total 522240K, used 18432K [0x0000000700000000, 0x0000000800000000)
[10.945s][info][gc,heap,exit ]   region size 1024K, 19 young (19456K), 0 survivors (0K)
[10.945s][info][gc,heap,exit ]  Metaspace       used 12768K, capacity 13081K, committed 13312K, reserved 1060864K
[10.945s][info][gc,heap,exit ]   class space    used 1179K, capacity 1267K, committed 1280K, reserved 1048576K
[4.613s][info][gc,start     ] GC(77) Pause Young (Normal) (G1 Evacuation Pause)
[4.613s][info][gc,task      ] GC(77) Using 15 workers of 15 for evacuation
[4.613s][info][gc,phases    ] GC(77)   Pre Evacuate Collection Set: 0.0ms
[4.613s][info][gc,phases    ] GC(77)   Evacuate Collection Set: 0.3ms
[4.613s][info][gc,phases    ] GC(77)   Post Evacuate Collection Set: 0.3ms
[4.613s][info][gc,phases    ] GC(77)   Other: 0.1ms
[4.613s][info][gc,heap      ] GC(77) Eden regions: 767->0(768)
[4.613s][info][gc,heap      ] GC(77) Survivor regions: 2->1(97)
[4.613s][info][gc,heap      ] GC(77) Old regions: 244->244
[4.613s][info][gc,heap      ] GC(77) Humongous regions: 0->0
[4.613s][info][gc,metaspace ] GC(77) Metaspace: 12351K(12800K)->12351K(12800K) NonClass: 11187K(11520K)->11187K(11520K) Class: 1164K(1280K)->1164K(1280K)
[4.613s][info][gc           ] GC(77) Pause Young (Normal) (G1 Evacuation Pause) 1012M->244M(1283M) 0.775ms
[4.613s][info][gc,cpu       ] GC(77) User=0.00s Sys=0.00s Real=0.00s
[4.663s][info][gc,start     ] GC(78) Pause Young (Normal) (G1 Evacuation Pause)
[4.663s][info][gc,task      ] GC(78) Using 15 workers of 15 for evacuation
[4.664s][info][gc,phases    ] GC(78)   Pre Evacuate Collection Set: 0.0ms
[4.664s][info][gc,phases    ] GC(78)   Evacuate Collection Set: 0.5ms
[4.664s][info][gc,phases    ] GC(78)   Post Evacuate Collection Set: 0.3ms
[4.664s][info][gc,phases    ] GC(78)   Other: 0.2ms
[4.664s][info][gc,heap      ] GC(78) Eden regions: 768->0(767)
[4.664s][info][gc,heap      ] GC(78) Survivor regions: 1->2(97)
[4.664s][info][gc,heap      ] GC(78) Old regions: 244->244
[4.664s][info][gc,heap      ] GC(78) Humongous regions: 0->0
[4.664s][info][gc,metaspace ] GC(78) Metaspace: 12351K(12800K)->12351K(12800K) NonClass: 11187K(11520K)->11187K(11520K) Class: 1164K(1280K)->1164K(1280K)
[4.664s][info][gc           ] GC(78) Pause Young (Normal) (G1 Evacuation Pause) 1012M->244M(1283M) 1.084ms
[4.664s][info][gc,cpu       ] GC(78) User=0.00s Sys=0.00s Real=0.00s
[4.719s][info][gc,start     ] GC(79) Pause Young (Normal) (G1 Evacuation Pause)
[4.719s][info][gc,task      ] GC(79) Using 15 workers of 15 for evacuation
[4.720s][info][gc,phases    ] GC(79)   Pre Evacuate Collection Set: 0.0ms
[4.720s][info][gc,phases    ] GC(79)   Evacuate Collection Set: 0.5ms
[4.720s][info][gc,phases    ] GC(79)   Post Evacuate Collection Set: 0.3ms
[4.720s][info][gc,phases    ] GC(79)   Other: 0.1ms
[4.720s][info][gc,heap      ] GC(79) Eden regions: 767->0(767)
[4.720s][info][gc,heap      ] GC(79) Survivor regions: 2->2(97)
[4.720s][info][gc,heap      ] GC(79) Old regions: 244->244
[4.720s][info][gc,heap      ] GC(79) Humongous regions: 0->0
[4.720s][info][gc,metaspace ] GC(79) Metaspace: 12351K(12800K)->12351K(12800K) NonClass: 11187K(11520K)->11187K(11520K) Class: 1164K(1280K)->1164K(1280K)
[4.720s][info][gc           ] GC(79) Pause Young (Normal) (G1 Evacuation Pause) 1011M->244M(1283M) 1.024ms
[4.720s][info][gc,cpu       ] GC(79) User=0.00s Sys=0.00s Real=0.00s
[4.776s][info][gc,start     ] GC(80) Pause Young (Normal) (G1 Evacuation Pause)
[4.776s][info][gc,task      ] GC(80) Using 15 workers of 15 for evacuation
[4.777s][info][gc,phases    ] GC(80)   Pre Evacuate Collection Set: 0.1ms
[4.777s][info][gc,phases    ] GC(80)   Evacuate Collection Set: 0.6ms
[4.777s][info][gc,phases    ] GC(80)   Post Evacuate Collection Set: 0.3ms
[4.777s][info][gc,phases    ] GC(80)   Other: 0.2ms
[4.777s][info][gc,heap      ] GC(80) Eden regions: 767->0(765)
[4.777s][info][gc,heap      ] GC(80) Survivor regions: 2->4(97)
[4.777s][info][gc,heap      ] GC(80) Old regions: 244->244
[4.777s][info][gc,heap      ] GC(80) Humongous regions: 0->0
[4.777s][info][gc,metaspace ] GC(80) Metaspace: 12352K(12800K)->12352K(12800K) NonClass: 11188K(11520K)->11188K(11520K) Class: 1164K(1280K)->1164K(1280K)
[4.777s][info][gc           ] GC(80) Pause Young (Normal) (G1 Evacuation Pause) 1011M->246M(1283M) 1.223ms
[4.777s][info][gc,cpu       ] GC(80) User=0.00s Sys=0.00s Real=0.00s
[4.826s][info][gc,start     ] GC(81) Pause Young (Normal) (G1 Evacuation Pause)
[4.826s][info][gc,task      ] GC(81) Using 15 workers of 15 for evacuation
[4.827s][info][gc,phases    ] GC(81)   Pre Evacuate Collection Set: 0.0ms
[4.827s][info][gc,phases    ] GC(81)   Evacuate Collection Set: 0.6ms
[4.827s][info][gc,phases    ] GC(81)   Post Evacuate Collection Set: 0.3ms
[4.827s][info][gc,phases    ] GC(81)   Other: 0.1ms
[4.827s][info][gc,heap      ] GC(81) Eden regions: 765->0(767)
[4.827s][info][gc,heap      ] GC(81) Survivor regions: 4->2(97)
[4.827s][info][gc,heap      ] GC(81) Old regions: 244->244
[4.827s][info][gc,heap      ] GC(81) Humongous regions: 0->0
[4.827s][info][gc,metaspace ] GC(81) Metaspace: 12352K(12800K)->12352K(12800K) NonClass: 11188K(11520K)->11188K(11520K) Class: 1164K(1280K)->1164K(1280K)
[4.827s][info][gc           ] GC(81) Pause Young (Normal) (G1 Evacuation Pause) 1011M->245M(1283M) 1.044ms
[4.827s][info][gc,cpu       ] GC(81) User=0.00s Sys=0.00s Real=0.00s
[4.880s][info][gc,start     ] GC(82) Pause Young (Normal) (G1 Evacuation Pause)
[4.880s][info][gc,task      ] GC(82) Using 15 workers of 15 for evacuation
[4.881s][info][gc,phases    ] GC(82)   Pre Evacuate Collection Set: 0.0ms
[4.881s][info][gc,phases    ] GC(82)   Evacuate Collection Set: 0.5ms
[4.881s][info][gc,phases    ] GC(82)   Post Evacuate Collection Set: 0.4ms
[4.881s][info][gc,phases    ] GC(82)   Other: 0.1ms
[4.881s][info][gc,heap      ] GC(82) Eden regions: 767->0(767)
[4.881s][info][gc,heap      ] GC(82) Survivor regions: 2->2(97)
[4.881s][info][gc,heap      ] GC(82) Old regions: 244->244
[4.881s][info][gc,heap      ] GC(82) Humongous regions: 0->0
[4.881s][info][gc,metaspace ] GC(82) Metaspace: 12352K(12800K)->12352K(12800K) NonClass: 11188K(11520K)->11188K(11520K) Class: 1164K(1280K)->1164K(1280K)
[4.881s][info][gc           ] GC(82) Pause Young (Normal) (G1 Evacuation Pause) 1012M->245M(1283M) 1.107ms
[4.881s][info][gc,cpu       ] GC(82) User=0.00s Sys=0.00s Real=0.00s
[4.930s][info][gc,start     ] GC(83) Pause Young (Normal) (G1 Evacuation Pause)
[4.930s][info][gc,task      ] GC(83) Using 15 workers of 15 for evacuation
[4.931s][info][gc,phases    ] GC(83)   Pre Evacuate Collection Set: 0.0ms
[4.931s][info][gc,phases    ] GC(83)   Evacuate Collection Set: 0.6ms
[4.931s][info][gc,phases    ] GC(83)   Post Evacuate Collection Set: 0.3ms
[4.931s][info][gc,phases    ] GC(83)   Other: 0.1ms
[4.931s][info][gc,heap      ] GC(83) Eden regions: 767->0(766)
[4.931s][info][gc,heap      ] GC(83) Survivor regions: 2->3(97)
[4.931s][info][gc,heap      ] GC(83) Old regions: 244->244
[4.931s][info][gc,heap      ] GC(83) Humongous regions: 0->0
[4.931s][info][gc,metaspace ] GC(83) Metaspace: 12352K(12800K)->12352K(12800K) NonClass: 11188K(11520K)->11188K(11520K) Class: 1164K(1280K)->1164K(1280K)
[4.931s][info][gc           ] GC(83) Pause Young (Normal) (G1 Evacuation Pause) 1012M->245M(1283M) 1.138ms
[4.931s][info][gc,cpu       ] GC(83) User=0.00s Sys=0.00s Real=0.00s
[4.988s][info][gc,start     ] GC(84) Pause Young (Normal) (G1 Evacuation Pause)
[4.988s][info][gc,task      ] GC(84) Using 15 workers of 15 for evacuation
[4.989s][info][gc,phases    ] GC(84)   Pre Evacuate Collection Set: 0.0ms
[4.989s][info][gc,phases    ] GC(84)   Evacuate Collection Set: 0.6ms
[4.989s][info][gc,phases    ] GC(84)   Post Evacuate Collection Set: 0.3ms
[4.989s][info][gc,phases    ] GC(84)   Other: 0.1ms
[4.989s][info][gc,heap      ] GC(84) Eden regions: 766->0(767)
[4.989s][info][gc,heap      ] GC(84) Survivor regions: 3->2(97)
[4.989s][info][gc,heap      ] GC(84) Old regions: 244->244
[4.989s][info][gc,heap      ] GC(84) Humongous regions: 0->0
[4.989s][info][gc,metaspace ] GC(84) Metaspace: 12352K(12800K)->12352K(12800K) NonClass: 11188K(11520K)->11188K(11520K) Class: 1164K(1280K)->1164K(1280K)
[4.989s][info][gc           ] GC(84) Pause Young (Normal) (G1 Evacuation Pause) 1011M->245M(1283M) 1.121ms
[4.989s][info][gc,cpu       ] GC(84) User=0.00s Sys=0.00s Real=0.00s
[5.043s][info][gc,start     ] GC(85) Pause Young (Normal) (G1 Evacuation Pause)
[5.043s][info][gc,task      ] GC(85) Using 15 workers of 15 for evacuation
[5.044s][info][gc,phases    ] GC(85)   Pre Evacuate Collection Set: 0.0ms
[5.044s][info][gc,phases    ] GC(85)   Evacuate Collection Set: 0.6ms
[5.044s][info][gc,phases    ] GC(85)   Post Evacuate Collection Set: 0.3ms
[5.044s][info][gc,phases    ] GC(85)   Other: 0.1ms
[5.044s][info][gc,heap      ] GC(85) Eden regions: 767->0(766)
[5.044s][info][gc,heap      ] GC(85) Survivor regions: 2->3(97)
[5.044s][info][gc,heap      ] GC(85) Old regions: 244->244
[5.044s][info][gc,heap      ] GC(85) Humongous regions: 0->0
[5.044s][info][gc,metaspace ] GC(85) Metaspace: 12352K(12800K)->12352K(12800K) NonClass: 11188K(11520K)->11188K(11520K) Class: 1164K(1280K)->1164K(1280K)
[5.044s][info][gc           ] GC(85) Pause Young (Normal) (G1 Evacuation Pause) 1012M->246M(1283M) 1.082ms
[5.044s][info][gc,cpu       ] GC(85) User=0.00s Sys=0.00s Real=0.00s
[5.094s][info][gc,start     ] GC(86) Pause Young (Normal) (G1 Evacuation Pause)
[5.094s][info][gc,task      ] GC(86) Using 15 workers of 15 for evacuation
[5.095s][info][gc,phases    ] GC(86)   Pre Evacuate Collection Set: 0.0ms
[5.095s][info][gc,phases    ] GC(86)   Evacuate Collection Set: 0.7ms
[5.095s][info][gc,phases    ] GC(86)   Post Evacuate Collection Set: 0.4ms
[5.095s][info][gc,phases    ] GC(86)   Other: 0.2ms
[5.095s][info][gc,heap      ] GC(86) Eden regions: 766->0(766)
[5.095s][info][gc,heap      ] GC(86) Survivor regions: 3->3(97)
[5.095s][info][gc,heap      ] GC(86) Old regions: 244->244
[5.095s][info][gc,heap      ] GC(86) Humongous regions: 0->0
[5.095s][info][gc,metaspace ] GC(86) Metaspace: 12352K(12800K)->12352K(12800K) NonClass: 11188K(11520K)->11188K(11520K) Class: 1164K(1280K)->1164K(1280K)
[5.095s][info][gc           ] GC(86) Pause Young (Normal) (G1 Evacuation Pause) 1012M->245M(1283M) 1.310ms
[5.095s][info][gc,cpu       ] GC(86) User=0.00s Sys=0.00s Real=0.00s
[5.126s][info][gc,heap,exit ] Heap
[5.126s][info][gc,heap,exit ]  garbage-first heap   total 1313792K, used 582544K [0x0000000700000000, 0x0000000800000000)
[5.126s][info][gc,heap,exit ]   region size 1024K, 328 young (335872K), 3 survivors (3072K)
[5.126s][info][gc,heap,exit ]  Metaspace       used 12421K, capacity 12768K, committed 12800K, reserved 1060864K
[5.126s][info][gc,heap,exit ]   class space    used 1170K, capacity 1263K, committed 1280K, reserved 1048576K
