[0.007s][info][gc,heap] Heap region size: 1M
[0.015s][info][gc     ] Using G1
[0.015s][info][gc,heap,coops] Heap address: 0x0000000700000000, size: 4096 MB, Compressed Oops mode: Zero based, Oop shift amount: 3
[0.006s][info][gc,heap] Heap region size: 1M
[0.013s][info][gc     ] Using G1
[0.013s][info][gc,heap,coops] Heap address: 0x0000000700000000, size: 4096 MB, Compressed Oops mode: Zero based, Oop shift amount: 3
[0.260s][info][gc,start     ] GC(0) Pause Young (Normal) (G1 Evacuation Pause)
[0.260s][info][gc,task      ] GC(0) Using 12 workers of 15 for evacuation
[0.262s][info][gc,phases    ] GC(0)   Pre Evacuate Collection Set: 0.0ms
[0.262s][info][gc,phases    ] GC(0)   Evacuate Collection Set: 1.8ms
[0.262s][info][gc,phases    ] GC(0)   Post Evacuate Collection Set: 0.1ms
[0.263s][info][gc,phases    ] GC(0)   Other: 0.8ms
[0.263s][info][gc,heap      ] GC(0) Eden regions: 25->0(295)
[0.263s][info][gc,heap      ] GC(0) Survivor regions: 0->4(4)
[0.263s][info][gc,heap      ] GC(0) Old regions: 0->2
[0.263s][info][gc,heap      ] GC(0) Humongous regions: 0->0
[0.263s][info][gc,metaspace ] GC(0) Metaspace: 11594K(12032K)->11594K(12032K) NonClass: 10503K(10752K)->10503K(10752K) Class: 1091K(1280K)->1091K(1280K)
[0.263s][info][gc           ] GC(0) Pause Young (Normal) (G1 Evacuation Pause) 25M->5M(510M) 3.014ms
[0.263s][info][gc,cpu       ] GC(0) User=0.00s Sys=0.00s Real=0.00s
[0.507s][info][gc,start     ] GC(1) Pause Young (Normal) (G1 Evacuation Pause)
[0.507s][info][gc,task      ] GC(1) Using 12 workers of 15 for evacuation
[0.522s][info][gc,phases    ] GC(1)   Pre Evacuate Collection Set: 0.0ms
[0.522s][info][gc,phases    ] GC(1)   Evacuate Collection Set: 14.4ms
[0.522s][info][gc,phases    ] GC(1)   Post Evacuate Collection Set: 0.4ms
[0.522s][info][gc,phases    ] GC(1)   Other: 0.1ms
[0.522s][info][gc,heap      ] GC(1) Eden regions: 295->0(54)
[0.522s][info][gc,heap      ] GC(1) Survivor regions: 4->38(38)
[0.522s][info][gc,heap      ] GC(1) Old regions: 2->40
[0.522s][info][gc,heap      ] GC(1) Humongous regions: 2->0
[0.522s][info][gc,metaspace ] GC(1) Metaspace: 11946K(12544K)->11946K(12544K) NonClass: 10813K(11264K)->10813K(11264K) Class: 1133K(1280K)->1133K(1280K)
[0.522s][info][gc           ] GC(1) Pause Young (Normal) (G1 Evacuation Pause) 302M->77M(510M) 15.002ms
[0.522s][info][gc,cpu       ] GC(1) User=0.00s Sys=0.03s Real=0.02s
[0.544s][info][gc,start     ] GC(2) Pause Young (Normal) (G1 Evacuation Pause)
[0.544s][info][gc,task      ] GC(2) Using 12 workers of 15 for evacuation
[0.551s][info][gc,phases    ] GC(2)   Pre Evacuate Collection Set: 0.0ms
[0.551s][info][gc,phases    ] GC(2)   Evacuate Collection Set: 6.4ms
[0.551s][info][gc,phases    ] GC(2)   Post Evacuate Collection Set: 0.2ms
[0.551s][info][gc,phases    ] GC(2)   Other: 0.1ms
[0.551s][info][gc,heap      ] GC(2) Eden regions: 54->0(32)
[0.551s][info][gc,heap      ] GC(2) Survivor regions: 38->12(12)
[0.551s][info][gc,heap      ] GC(2) Old regions: 40->76
[0.551s][info][gc,heap      ] GC(2) Humongous regions: 0->0
[0.551s][info][gc,metaspace ] GC(2) Metaspace: 11948K(12544K)->11948K(12544K) NonClass: 10815K(11264K)->10815K(11264K) Class: 1133K(1280K)->1133K(1280K)
[0.551s][info][gc           ] GC(2) Pause Young (Normal) (G1 Evacuation Pause) 131M->86M(510M) 6.804ms
[0.551s][info][gc,cpu       ] GC(2) User=0.00s Sys=0.02s Real=0.01s
[0.563s][info][gc,start     ] GC(3) Pause Young (Normal) (G1 Evacuation Pause)
[0.564s][info][gc,task      ] GC(3) Using 12 workers of 15 for evacuation
[0.566s][info][gc,phases    ] GC(3)   Pre Evacuate Collection Set: 0.0ms
[0.566s][info][gc,phases    ] GC(3)   Evacuate Collection Set: 2.2ms
[0.566s][info][gc,phases    ] GC(3)   Post Evacuate Collection Set: 0.2ms
[0.566s][info][gc,phases    ] GC(3)   Other: 0.1ms
[0.566s][info][gc,heap      ] GC(3) Eden regions: 32->0(90)
[0.566s][info][gc,heap      ] GC(3) Survivor regions: 12->6(6)
[0.566s][info][gc,heap      ] GC(3) Old regions: 76->89
[0.566s][info][gc,heap      ] GC(3) Humongous regions: 0->0
[0.566s][info][gc,metaspace ] GC(3) Metaspace: 11948K(12544K)->11948K(12544K) NonClass: 10815K(11264K)->10815K(11264K) Class: 1133K(1280K)->1133K(1280K)
[0.566s][info][gc           ] GC(3) Pause Young (Normal) (G1 Evacuation Pause) 118M->94M(510M) 2.529ms
[0.566s][info][gc,cpu       ] GC(3) User=0.00s Sys=0.00s Real=0.00s
[0.601s][info][gc,start     ] GC(4) Pause Young (Normal) (G1 Evacuation Pause)
[0.601s][info][gc,task      ] GC(4) Using 12 workers of 15 for evacuation
[0.605s][info][gc,phases    ] GC(4)   Pre Evacuate Collection Set: 0.0ms
[0.605s][info][gc,phases    ] GC(4)   Evacuate Collection Set: 3.0ms
[0.605s][info][gc,phases    ] GC(4)   Post Evacuate Collection Set: 0.2ms
[0.605s][info][gc,phases    ] GC(4)   Other: 0.1ms
[0.605s][info][gc,heap      ] GC(4) Eden regions: 90->0(107)
[0.605s][info][gc,heap      ] GC(4) Survivor regions: 6->12(12)
[0.605s][info][gc,heap      ] GC(4) Old regions: 89->105
[0.605s][info][gc,heap      ] GC(4) Humongous regions: 1->0
[0.605s][info][gc,metaspace ] GC(4) Metaspace: 11951K(12544K)->11951K(12544K) NonClass: 10818K(11264K)->10818K(11264K) Class: 1133K(1280K)->1133K(1280K)
[0.605s][info][gc           ] GC(4) Pause Young (Normal) (G1 Evacuation Pause) 185M->116M(510M) 3.468ms
[0.605s][info][gc,cpu       ] GC(4) User=0.00s Sys=0.00s Real=0.00s
[0.647s][info][gc,start     ] GC(5) Pause Young (Normal) (G1 Evacuation Pause)
[0.647s][info][gc,task      ] GC(5) Using 12 workers of 15 for evacuation
[0.654s][info][gc,phases    ] GC(5)   Pre Evacuate Collection Set: 0.0ms
[0.654s][info][gc,phases    ] GC(5)   Evacuate Collection Set: 4.5ms
[0.654s][info][gc,phases    ] GC(5)   Post Evacuate Collection Set: 2.5ms
[0.654s][info][gc,phases    ] GC(5)   Other: 0.1ms
[0.654s][info][gc,heap      ] GC(5) Eden regions: 107->0(131)
[0.654s][info][gc,heap      ] GC(5) Survivor regions: 12->15(15)
[0.654s][info][gc,heap      ] GC(5) Old regions: 105->129
[0.654s][info][gc,heap      ] GC(5) Humongous regions: 0->0
[0.654s][info][gc,metaspace ] GC(5) Metaspace: 11951K(12544K)->11951K(12544K) NonClass: 10818K(11264K)->10818K(11264K) Class: 1133K(1280K)->1133K(1280K)
[0.654s][info][gc           ] GC(5) Pause Young (Normal) (G1 Evacuation Pause) 223M->143M(697M) 7.169ms
[0.654s][info][gc,cpu       ] GC(5) User=0.00s Sys=0.00s Real=0.01s
[0.735s][info][gc,start     ] GC(6) Pause Young (Normal) (G1 Evacuation Pause)
[0.735s][info][gc,task      ] GC(6) Using 15 workers of 15 for evacuation
[0.742s][info][gc,phases    ] GC(6)   Pre Evacuate Collection Set: 0.0ms
[0.742s][info][gc,phases    ] GC(6)   Evacuate Collection Set: 6.7ms
[0.742s][info][gc,phases    ] GC(6)   Post Evacuate Collection Set: 0.2ms
[0.742s][info][gc,phases    ] GC(6)   Other: 0.4ms
[0.742s][info][gc,heap      ] GC(6) Eden regions: 131->0(157)
[0.742s][info][gc,heap      ] GC(6) Survivor regions: 15->19(19)
[0.742s][info][gc,heap      ] GC(6) Old regions: 129->157
[0.742s][info][gc,heap      ] GC(6) Humongous regions: 1->0
[0.742s][info][gc,metaspace ] GC(6) Metaspace: 11952K(12544K)->11952K(12544K) NonClass: 10818K(11264K)->10818K(11264K) Class: 1133K(1280K)->1133K(1280K)
[0.742s][info][gc           ] GC(6) Pause Young (Normal) (G1 Evacuation Pause) 275M->175M(697M) 7.418ms
[0.742s][info][gc,cpu       ] GC(6) User=0.00s Sys=0.00s Real=0.01s
[0.813s][info][gc,start     ] GC(7) Pause Young (Normal) (G1 Evacuation Pause)
[0.813s][info][gc,task      ] GC(7) Using 15 workers of 15 for evacuation
[0.819s][info][gc,phases    ] GC(7)   Pre Evacuate Collection Set: 0.0ms
[0.819s][info][gc,phases    ] GC(7)   Evacuate Collection Set: 5.8ms
[0.819s][info][gc,phases    ] GC(7)   Post Evacuate Collection Set: 0.4ms
[0.819s][info][gc,phases    ] GC(7)   Other: 0.1ms
[0.819s][info][gc,heap      ] GC(7) Eden regions: 157->0(191)
[0.819s][info][gc,heap      ] GC(7) Survivor regions: 19->22(22)
[0.819s][info][gc,heap      ] GC(7) Old regions: 157->195
[0.819s][info][gc,heap      ] GC(7) Humongous regions: 0->0
[0.819s][info][gc,metaspace ] GC(7) Metaspace: 11952K(12544K)->11952K(12544K) NonClass: 10818K(11264K)->10818K(11264K) Class: 1133K(1280K)->1133K(1280K)
[0.819s][info][gc           ] GC(7) Pause Young (Normal) (G1 Evacuation Pause) 332M->216M(697M) 6.503ms
[0.819s][info][gc,cpu       ] GC(7) User=0.00s Sys=0.00s Real=0.01s
[0.955s][info][gc,start     ] GC(8) Pause Young (Normal) (G1 Evacuation Pause)
[0.955s][info][gc,task      ] GC(8) Using 15 workers of 15 for evacuation
[0.959s][info][gc,phases    ] GC(8)   Pre Evacuate Collection Set: 0.0ms
[0.959s][info][gc,phases    ] GC(8)   Evacuate Collection Set: 4.1ms
[0.959s][info][gc,phases    ] GC(8)   Post Evacuate Collection Set: 0.3ms
[0.959s][info][gc,phases    ] GC(8)   Other: 0.1ms
[0.959s][info][gc,heap      ] GC(8) Eden regions: 191->0(196)
[0.959s][info][gc,heap      ] GC(8) Survivor regions: 22->27(27)
[0.959s][info][gc,heap      ] GC(8) Old regions: 195->210
[0.959s][info][gc,heap      ] GC(8) Humongous regions: 1->0
[0.959s][info][gc,metaspace ] GC(8) Metaspace: 12189K(12544K)->12189K(12544K) NonClass: 11039K(11264K)->11039K(11264K) Class: 1149K(1280K)->1149K(1280K)
[0.959s][info][gc           ] GC(8) Pause Young (Normal) (G1 Evacuation Pause) 408M->236M(697M) 4.586ms
[0.959s][info][gc,cpu       ] GC(8) User=0.00s Sys=0.00s Real=0.01s
[0.980s][info][gc,start     ] GC(9) Pause Young (Normal) (G1 Evacuation Pause)
[0.980s][info][gc,task      ] GC(9) Using 15 workers of 15 for evacuation
[0.986s][info][gc,phases    ] GC(9)   Pre Evacuate Collection Set: 0.0ms
[0.986s][info][gc,phases    ] GC(9)   Evacuate Collection Set: 2.3ms
[0.986s][info][gc,phases    ] GC(9)   Post Evacuate Collection Set: 4.2ms
[0.986s][info][gc,phases    ] GC(9)   Other: 0.1ms
[0.986s][info][gc,heap      ] GC(9) Eden regions: 196->0(305)
[0.986s][info][gc,heap      ] GC(9) Survivor regions: 27->5(28)
[0.986s][info][gc,heap      ] GC(9) Old regions: 210->237
[0.986s][info][gc,heap      ] GC(9) Humongous regions: 0->0
[0.986s][info][gc,metaspace ] GC(9) Metaspace: 12191K(12544K)->12191K(12544K) NonClass: 11042K(11264K)->11042K(11264K) Class: 1149K(1280K)->1149K(1280K)
[0.986s][info][gc           ] GC(9) Pause Young (Normal) (G1 Evacuation Pause) 432M->241M(1058M) 6.686ms
[0.986s][info][gc,cpu       ] GC(9) User=0.00s Sys=0.00s Real=0.01s
[1.022s][info][gc,start     ] GC(10) Pause Young (Normal) (G1 Evacuation Pause)
[1.022s][info][gc,task      ] GC(10) Using 15 workers of 15 for evacuation
[1.022s][info][gc,phases    ] GC(10)   Pre Evacuate Collection Set: 0.0ms
[1.022s][info][gc,phases    ] GC(10)   Evacuate Collection Set: 0.5ms
[1.022s][info][gc,phases    ] GC(10)   Post Evacuate Collection Set: 0.2ms
[1.022s][info][gc,phases    ] GC(10)   Other: 0.1ms
[1.022s][info][gc,heap      ] GC(10) Eden regions: 305->0(416)
[1.022s][info][gc,heap      ] GC(10) Survivor regions: 5->3(39)
[1.022s][info][gc,heap      ] GC(10) Old regions: 237->237
[1.022s][info][gc,heap      ] GC(10) Humongous regions: 0->0
[1.022s][info][gc,metaspace ] GC(10) Metaspace: 12208K(12544K)->12208K(12544K) NonClass: 11059K(11264K)->11059K(11264K) Class: 1149K(1280K)->1149K(1280K)
[1.022s][info][gc           ] GC(10) Pause Young (Normal) (G1 Evacuation Pause) 546M->239M(1058M) 0.802ms
[1.022s][info][gc,cpu       ] GC(10) User=0.00s Sys=0.00s Real=0.00s
[1.051s][info][gc,start     ] GC(11) Pause Young (Normal) (G1 Evacuation Pause)
[1.051s][info][gc,task      ] GC(11) Using 15 workers of 15 for evacuation
[1.052s][info][gc,phases    ] GC(11)   Pre Evacuate Collection Set: 0.0ms
[1.052s][info][gc,phases    ] GC(11)   Evacuate Collection Set: 0.5ms
[1.052s][info][gc,phases    ] GC(11)   Post Evacuate Collection Set: 0.2ms
[1.052s][info][gc,phases    ] GC(11)   Other: 0.1ms
[1.052s][info][gc,heap      ] GC(11) Eden regions: 416->0(482)
[1.052s][info][gc,heap      ] GC(11) Survivor regions: 3->2(53)
[1.052s][info][gc,heap      ] GC(11) Old regions: 237->237
[1.052s][info][gc,heap      ] GC(11) Humongous regions: 0->0
[1.052s][info][gc,metaspace ] GC(11) Metaspace: 12209K(12544K)->12209K(12544K) NonClass: 11060K(11264K)->11060K(11264K) Class: 1149K(1280K)->1149K(1280K)
[1.052s][info][gc           ] GC(11) Pause Young (Normal) (G1 Evacuation Pause) 655M->238M(1058M) 0.900ms
[1.052s][info][gc,cpu       ] GC(11) User=0.00s Sys=0.00s Real=0.00s
[1.176s][info][gc,start     ] GC(12) Pause Young (Normal) (G1 Evacuation Pause)
[1.176s][info][gc,task      ] GC(12) Using 15 workers of 15 for evacuation
[1.183s][info][gc,phases    ] GC(12)   Pre Evacuate Collection Set: 0.0ms
[1.183s][info][gc,phases    ] GC(12)   Evacuate Collection Set: 6.6ms
[1.183s][info][gc,phases    ] GC(12)   Post Evacuate Collection Set: 0.5ms
[1.183s][info][gc,phases    ] GC(12)   Other: 0.1ms
[1.183s][info][gc,heap      ] GC(12) Eden regions: 482->0(441)
[1.183s][info][gc,heap      ] GC(12) Survivor regions: 2->58(61)
[1.183s][info][gc,heap      ] GC(12) Old regions: 237->237
[1.183s][info][gc,heap      ] GC(12) Humongous regions: 1->0
[1.183s][info][gc,metaspace ] GC(12) Metaspace: 12307K(12800K)->12307K(12800K) NonClass: 11146K(11520K)->11146K(11520K) Class: 1160K(1280K)->1160K(1280K)
[1.183s][info][gc           ] GC(12) Pause Young (Normal) (G1 Evacuation Pause) 721M->294M(1058M) 7.387ms
[1.183s][info][gc,cpu       ] GC(12) User=0.00s Sys=0.00s Real=0.01s
[1.343s][info][gc,start     ] GC(13) Pause Young (Normal) (G1 Evacuation Pause)
[1.343s][info][gc,task      ] GC(13) Using 15 workers of 15 for evacuation
[1.355s][info][gc,phases    ] GC(13)   Pre Evacuate Collection Set: 0.0ms
[1.355s][info][gc,phases    ] GC(13)   Evacuate Collection Set: 11.7ms
[1.355s][info][gc,phases    ] GC(13)   Post Evacuate Collection Set: 0.3ms
[1.355s][info][gc,phases    ] GC(13)   Other: 0.1ms
[1.355s][info][gc,heap      ] GC(13) Eden regions: 441->0(347)
[1.355s][info][gc,heap      ] GC(13) Survivor regions: 58->63(63)
[1.355s][info][gc,heap      ] GC(13) Old regions: 237->324
[1.355s][info][gc,heap      ] GC(13) Humongous regions: 2->0
[1.355s][info][gc,metaspace ] GC(13) Metaspace: 12307K(12800K)->12307K(12800K) NonClass: 11147K(11520K)->11147K(11520K) Class: 1160K(1280K)->1160K(1280K)
[1.355s][info][gc           ] GC(13) Pause Young (Normal) (G1 Evacuation Pause) 737M->386M(1058M) 12.175ms
[1.355s][info][gc,cpu       ] GC(13) User=0.00s Sys=0.00s Real=0.01s
[1.487s][info][gc,start     ] GC(14) Pause Young (Normal) (G1 Evacuation Pause)
[1.487s][info][gc,task      ] GC(14) Using 15 workers of 15 for evacuation
[1.498s][info][gc,phases    ] GC(14)   Pre Evacuate Collection Set: 0.0ms
[1.498s][info][gc,phases    ] GC(14)   Evacuate Collection Set: 10.9ms
[1.498s][info][gc,phases    ] GC(14)   Post Evacuate Collection Set: 0.6ms
[1.498s][info][gc,phases    ] GC(14)   Other: 0.1ms
[1.498s][info][gc,heap      ] GC(14) Eden regions: 347->0(300)
[1.498s][info][gc,heap      ] GC(14) Survivor regions: 63->52(52)
[1.498s][info][gc,heap      ] GC(14) Old regions: 324->405
[1.498s][info][gc,heap      ] GC(14) Humongous regions: 2->0
[1.498s][info][gc,metaspace ] GC(14) Metaspace: 12307K(12800K)->12307K(12800K) NonClass: 11147K(11520K)->11147K(11520K) Class: 1160K(1280K)->1160K(1280K)
[1.499s][info][gc           ] GC(14) Pause Young (Normal) (G1 Evacuation Pause) 735M->456M(1058M) 11.687ms
[1.499s][info][gc,cpu       ] GC(14) User=0.00s Sys=0.00s Real=0.01s
[1.519s][info][gc,start     ] GC(15) Pause Young (Normal) (G1 Evacuation Pause)
[1.519s][info][gc,task      ] GC(15) Using 15 workers of 15 for evacuation
[1.530s][info][gc,phases    ] GC(15)   Pre Evacuate Collection Set: 0.0ms
[1.530s][info][gc,phases    ] GC(15)   Evacuate Collection Set: 4.1ms
[1.530s][info][gc,phases    ] GC(15)   Post Evacuate Collection Set: 7.1ms
[1.530s][info][gc,phases    ] GC(15)   Other: 0.1ms
[1.530s][info][gc,heap      ] GC(15) Eden regions: 300->0(524)
[1.530s][info][gc,heap      ] GC(15) Survivor regions: 52->8(44)
[1.530s][info][gc,heap      ] GC(15) Old regions: 405->458
[1.530s][info][gc,heap      ] GC(15) Humongous regions: 0->0
[1.530s][info][gc,metaspace ] GC(15) Metaspace: 12307K(12800K)->12307K(12800K) NonClass: 11147K(11520K)->11147K(11520K) Class: 1160K(1280K)->1160K(1280K)
[1.530s][info][gc           ] GC(15) Pause Young (Normal) (G1 Evacuation Pause) 756M->465M(1659M) 11.453ms
[1.530s][info][gc,cpu       ] GC(15) User=0.00s Sys=0.00s Real=0.01s
[1.585s][info][gc,start     ] GC(16) Pause Young (Normal) (G1 Evacuation Pause)
[1.585s][info][gc,task      ] GC(16) Using 15 workers of 15 for evacuation
[1.586s][info][gc,phases    ] GC(16)   Pre Evacuate Collection Set: 0.0ms
[1.586s][info][gc,phases    ] GC(16)   Evacuate Collection Set: 0.8ms
[1.586s][info][gc,phases    ] GC(16)   Post Evacuate Collection Set: 0.2ms
[1.586s][info][gc,phases    ] GC(16)   Other: 0.1ms
[1.586s][info][gc,heap      ] GC(16) Eden regions: 524->0(694)
[1.586s][info][gc,heap      ] GC(16) Survivor regions: 8->5(67)
[1.586s][info][gc,heap      ] GC(16) Old regions: 458->458
[1.586s][info][gc,heap      ] GC(16) Humongous regions: 0->0
[1.586s][info][gc,metaspace ] GC(16) Metaspace: 12307K(12800K)->12307K(12800K) NonClass: 11147K(11520K)->11147K(11520K) Class: 1160K(1280K)->1160K(1280K)
[1.586s][info][gc           ] GC(16) Pause Young (Normal) (G1 Evacuation Pause) 989M->462M(1659M) 1.205ms
[1.586s][info][gc,cpu       ] GC(16) User=0.00s Sys=0.00s Real=0.00s
[1.744s][info][gc,start     ] GC(17) Pause Young (Normal) (G1 Evacuation Pause)
[1.744s][info][gc,task      ] GC(17) Using 15 workers of 15 for evacuation
[1.752s][info][gc,phases    ] GC(17)   Pre Evacuate Collection Set: 0.0ms
[1.752s][info][gc,phases    ] GC(17)   Evacuate Collection Set: 7.4ms
[1.752s][info][gc,phases    ] GC(17)   Post Evacuate Collection Set: 0.4ms
[1.752s][info][gc,phases    ] GC(17)   Other: 0.2ms
[1.752s][info][gc,heap      ] GC(17) Eden regions: 694->0(649)
[1.752s][info][gc,heap      ] GC(17) Survivor regions: 5->75(88)
[1.752s][info][gc,heap      ] GC(17) Old regions: 458->458
[1.752s][info][gc,heap      ] GC(17) Humongous regions: 2->0
[1.752s][info][gc,metaspace ] GC(17) Metaspace: 12313K(12800K)->12313K(12800K) NonClass: 11153K(11520K)->11153K(11520K) Class: 1160K(1280K)->1160K(1280K)
[1.752s][info][gc           ] GC(17) Pause Young (Normal) (G1 Evacuation Pause) 1158M->532M(1659M) 7.977ms
[1.752s][info][gc,cpu       ] GC(17) User=0.02s Sys=0.00s Real=0.01s
[1.997s][info][gc,start     ] GC(18) Pause Young (Normal) (G1 Evacuation Pause)
[1.997s][info][gc,task      ] GC(18) Using 15 workers of 15 for evacuation
[2.018s][info][gc,phases    ] GC(18)   Pre Evacuate Collection Set: 0.0ms
[2.018s][info][gc,phases    ] GC(18)   Evacuate Collection Set: 20.6ms
[2.018s][info][gc,phases    ] GC(18)   Post Evacuate Collection Set: 0.5ms
[2.019s][info][gc,phases    ] GC(18)   Other: 0.2ms
[2.019s][info][gc,heap      ] GC(18) Eden regions: 649->0(498)
[2.019s][info][gc,heap      ] GC(18) Survivor regions: 75->91(91)
[2.019s][info][gc,heap      ] GC(18) Old regions: 458->588
[2.019s][info][gc,heap      ] GC(18) Humongous regions: 2->0
[2.019s][info][gc,metaspace ] GC(18) Metaspace: 12333K(12800K)->12333K(12800K) NonClass: 11173K(11520K)->11173K(11520K) Class: 1160K(1280K)->1160K(1280K)
[2.019s][info][gc           ] GC(18) Pause Young (Normal) (G1 Evacuation Pause) 1183M->678M(1659M) 21.393ms
[2.019s][info][gc,cpu       ] GC(18) User=0.03s Sys=0.00s Real=0.02s
[2.066s][info][gc,start     ] GC(19) Pause Young (Normal) (G1 Evacuation Pause)
[2.066s][info][gc,task      ] GC(19) Using 15 workers of 15 for evacuation
[2.074s][info][gc,phases    ] GC(19)   Pre Evacuate Collection Set: 0.0ms
[2.074s][info][gc,phases    ] GC(19)   Evacuate Collection Set: 7.0ms
[2.074s][info][gc,phases    ] GC(19)   Post Evacuate Collection Set: 0.4ms
[2.074s][info][gc,phases    ] GC(19)   Other: 0.1ms
[2.074s][info][gc,heap      ] GC(19) Eden regions: 498->0(524)
[2.074s][info][gc,heap      ] GC(19) Survivor regions: 91->11(74)
[2.074s][info][gc,heap      ] GC(19) Old regions: 588->678
[2.074s][info][gc,heap      ] GC(19) Humongous regions: 1->0
[2.074s][info][gc,metaspace ] GC(19) Metaspace: 12335K(12800K)->12335K(12800K) NonClass: 11175K(11520K)->11175K(11520K) Class: 1160K(1280K)->1160K(1280K)
[2.074s][info][gc           ] GC(19) Pause Young (Normal) (G1 Evacuation Pause) 1177M->688M(1659M) 7.557ms
[2.074s][info][gc,cpu       ] GC(19) User=0.02s Sys=0.00s Real=0.01s
[2.108s][info][gc,start     ] GC(20) Pause Young (Normal) (G1 Evacuation Pause)
[2.108s][info][gc,task      ] GC(20) Using 15 workers of 15 for evacuation
[2.114s][info][gc,phases    ] GC(20)   Pre Evacuate Collection Set: 0.0ms
[2.114s][info][gc,phases    ] GC(20)   Evacuate Collection Set: 1.3ms
[2.114s][info][gc,phases    ] GC(20)   Post Evacuate Collection Set: 4.5ms
[2.114s][info][gc,phases    ] GC(20)   Other: 0.2ms
[2.114s][info][gc,heap      ] GC(20) Eden regions: 524->0(735)
[2.114s][info][gc,heap      ] GC(20) Survivor regions: 11->8(67)
[2.114s][info][gc,heap      ] GC(20) Old regions: 678->678
[2.114s][info][gc,heap      ] GC(20) Humongous regions: 0->0
[2.114s][info][gc,metaspace ] GC(20) Metaspace: 12337K(12800K)->12337K(12800K) NonClass: 11176K(11520K)->11176K(11520K) Class: 1160K(1280K)->1160K(1280K)
[2.114s][info][gc           ] GC(20) Pause Young (Normal) (G1 Evacuation Pause) 1212M->685M(2027M) 6.112ms
[2.114s][info][gc,cpu       ] GC(20) User=0.02s Sys=0.00s Real=0.01s
[2.337s][info][gc,start     ] GC(21) Pause Young (Normal) (G1 Evacuation Pause)
[2.337s][info][gc,task      ] GC(21) Using 15 workers of 15 for evacuation
[2.347s][info][gc,phases    ] GC(21)   Pre Evacuate Collection Set: 0.0ms
[2.347s][info][gc,phases    ] GC(21)   Evacuate Collection Set: 9.0ms
[2.347s][info][gc,phases    ] GC(21)   Post Evacuate Collection Set: 0.5ms
[2.347s][info][gc,phases    ] GC(21)   Other: 0.1ms
[2.347s][info][gc,heap      ] GC(21) Eden regions: 735->0(688)
[2.347s][info][gc,heap      ] GC(21) Survivor regions: 8->93(93)
[2.347s][info][gc,heap      ] GC(21) Old regions: 678->694
[2.347s][info][gc,heap      ] GC(21) Humongous regions: 2->0
[2.347s][info][gc,metaspace ] GC(21) Metaspace: 12341K(12800K)->12341K(12800K) NonClass: 11180K(11520K)->11180K(11520K) Class: 1160K(1280K)->1160K(1280K)
[2.347s][info][gc           ] GC(21) Pause Young (Normal) (G1 Evacuation Pause) 1422M->786M(2027M) 9.741ms
[2.347s][info][gc,cpu       ] GC(21) User=0.02s Sys=0.00s Real=0.01s
[2.563s][info][gc,start     ] GC(22) Pause Young (Normal) (G1 Evacuation Pause)
[2.563s][info][gc,task      ] GC(22) Using 15 workers of 15 for evacuation
[2.578s][info][gc,phases    ] GC(22)   Pre Evacuate Collection Set: 0.0ms
[2.578s][info][gc,phases    ] GC(22)   Evacuate Collection Set: 14.4ms
[2.578s][info][gc,phases    ] GC(22)   Post Evacuate Collection Set: 0.7ms
[2.578s][info][gc,phases    ] GC(22)   Other: 0.2ms
[2.578s][info][gc,heap      ] GC(22) Eden regions: 688->0(620)
[2.578s][info][gc,heap      ] GC(22) Survivor regions: 93->98(98)
[2.578s][info][gc,heap      ] GC(22) Old regions: 694->807
[2.578s][info][gc,heap      ] GC(22) Humongous regions: 3->0
[2.578s][info][gc,metaspace ] GC(22) Metaspace: 12341K(12800K)->12341K(12800K) NonClass: 11181K(11520K)->11181K(11520K) Class: 1160K(1280K)->1160K(1280K)
[2.578s][info][gc           ] GC(22) Pause Young (Normal) (G1 Evacuation Pause) 1477M->904M(2027M) 15.297ms
[2.578s][info][gc,cpu       ] GC(22) User=0.03s Sys=0.00s Real=0.02s
[2.616s][info][gc,start     ] GC(23) Pause Young (Normal) (G1 Evacuation Pause)
[2.616s][info][gc,task      ] GC(23) Using 15 workers of 15 for evacuation
[2.623s][info][gc,phases    ] GC(23)   Pre Evacuate Collection Set: 0.0ms
[2.623s][info][gc,phases    ] GC(23)   Evacuate Collection Set: 7.0ms
[2.623s][info][gc,phases    ] GC(23)   Post Evacuate Collection Set: 0.3ms
[2.623s][info][gc,phases    ] GC(23)   Other: 0.1ms
[2.623s][info][gc,heap      ] GC(23) Eden regions: 620->0(644)
[2.623s][info][gc,heap      ] GC(23) Survivor regions: 98->8(90)
[2.623s][info][gc,heap      ] GC(23) Old regions: 807->907
[2.623s][info][gc,heap      ] GC(23) Humongous regions: 0->0
[2.623s][info][gc,metaspace ] GC(23) Metaspace: 12341K(12800K)->12341K(12800K) NonClass: 11181K(11520K)->11181K(11520K) Class: 1160K(1280K)->1160K(1280K)
[2.623s][info][gc           ] GC(23) Pause Young (Normal) (G1 Evacuation Pause) 1524M->914M(2027M) 7.560ms
[2.623s][info][gc,cpu       ] GC(23) User=0.00s Sys=0.00s Real=0.01s
[2.725s][info][gc,start     ] GC(24) Pause Young (Normal) (G1 Evacuation Pause)
[2.725s][info][gc,task      ] GC(24) Using 15 workers of 15 for evacuation
[2.729s][info][gc,phases    ] GC(24)   Pre Evacuate Collection Set: 0.0ms
[2.729s][info][gc,phases    ] GC(24)   Evacuate Collection Set: 3.6ms
[2.729s][info][gc,phases    ] GC(24)   Post Evacuate Collection Set: 0.4ms
[2.729s][info][gc,phases    ] GC(24)   Other: 0.1ms
[2.729s][info][gc,heap      ] GC(24) Eden regions: 644->0(638)
[2.729s][info][gc,heap      ] GC(24) Survivor regions: 8->46(82)
[2.729s][info][gc,heap      ] GC(24) Old regions: 907->907
[2.729s][info][gc,heap      ] GC(24) Humongous regions: 1->0
[2.729s][info][gc,metaspace ] GC(24) Metaspace: 12342K(12800K)->12342K(12800K) NonClass: 11181K(11520K)->11181K(11520K) Class: 1160K(1280K)->1160K(1280K)
[2.729s][info][gc           ] GC(24) Pause Young (Normal) (G1 Evacuation Pause) 1559M->951M(2027M) 4.211ms
[2.729s][info][gc,cpu       ] GC(24) User=0.00s Sys=0.00s Real=0.00s
[2.969s][info][gc,start     ] GC(25) Pause Young (Normal) (G1 Evacuation Pause)
[2.969s][info][gc,task      ] GC(25) Using 15 workers of 15 for evacuation
[2.983s][info][gc,phases    ] GC(25)   Pre Evacuate Collection Set: 0.0ms
[2.983s][info][gc,phases    ] GC(25)   Evacuate Collection Set: 13.7ms
[2.983s][info][gc,phases    ] GC(25)   Post Evacuate Collection Set: 0.6ms
[2.983s][info][gc,phases    ] GC(25)   Other: 0.1ms
[2.983s][info][gc,heap      ] GC(25) Eden regions: 638->0(514)
[2.983s][info][gc,heap      ] GC(25) Survivor regions: 46->86(86)
[2.983s][info][gc,heap      ] GC(25) Old regions: 907->1011
[2.983s][info][gc,heap      ] GC(25) Humongous regions: 3->0
[2.983s][info][gc,metaspace ] GC(25) Metaspace: 12343K(12800K)->12343K(12800K) NonClass: 11183K(11520K)->11183K(11520K) Class: 1160K(1280K)->1160K(1280K)
[2.983s][info][gc           ] GC(25) Pause Young (Normal) (G1 Evacuation Pause) 1592M->1096M(2027M) 14.553ms
[2.983s][info][gc,cpu       ] GC(25) User=0.02s Sys=0.00s Real=0.01s
[3.035s][info][gc,start     ] GC(26) Pause Young (Concurrent Start) (G1 Humongous Allocation)
[3.035s][info][gc,task      ] GC(26) Using 15 workers of 15 for evacuation
[3.043s][info][gc,phases    ] GC(26)   Pre Evacuate Collection Set: 0.0ms
[3.043s][info][gc,phases    ] GC(26)   Evacuate Collection Set: 7.4ms
[3.043s][info][gc,phases    ] GC(26)   Post Evacuate Collection Set: 0.6ms
[3.043s][info][gc,phases    ] GC(26)   Other: 0.2ms
[3.043s][info][gc,heap      ] GC(26) Eden regions: 128->0(351)
[3.043s][info][gc,heap      ] GC(26) Survivor regions: 86->35(75)
[3.043s][info][gc,heap      ] GC(26) Old regions: 1011->1100
[3.043s][info][gc,heap      ] GC(26) Humongous regions: 0->0
[3.043s][info][gc,metaspace ] GC(26) Metaspace: 12344K(12800K)->12344K(12800K) NonClass: 11183K(11520K)->11183K(11520K) Class: 1160K(1280K)->1160K(1280K)
[3.043s][info][gc           ] GC(26) Pause Young (Concurrent Start) (G1 Humongous Allocation) 1223M->1135M(2027M) 8.322ms
[3.043s][info][gc,cpu       ] GC(26) User=0.00s Sys=0.00s Real=0.01s
[3.043s][info][gc           ] GC(27) Concurrent Cycle
[3.043s][info][gc,marking   ] GC(27) Concurrent Clear Claimed Marks
[3.043s][info][gc,marking   ] GC(27) Concurrent Clear Claimed Marks 0.008ms
[3.043s][info][gc,marking   ] GC(27) Concurrent Scan Root Regions
[3.044s][info][gc,marking   ] GC(27) Concurrent Scan Root Regions 0.876ms
[3.044s][info][gc,marking   ] GC(27) Concurrent Mark (3.044s)
[3.044s][info][gc,marking   ] GC(27) Concurrent Mark From Roots
[3.044s][info][gc,task      ] GC(27) Using 4 workers of 4 for marking
[3.049s][info][gc,marking   ] GC(27) Concurrent Mark From Roots 4.582ms
[3.049s][info][gc,marking   ] GC(27) Concurrent Preclean
[3.049s][info][gc,marking   ] GC(27) Concurrent Preclean 0.040ms
[3.049s][info][gc,marking   ] GC(27) Concurrent Mark (3.044s, 3.049s) 4.877ms
[3.049s][info][gc,start     ] GC(27) Pause Remark
[3.050s][info][gc,stringtable] GC(27) Cleaned string and symbol table, strings: 5802 processed, 7 removed, symbols: 43122 processed, 1 removed
[3.051s][info][gc            ] GC(27) Pause Remark 1155M->527M(2027M) 1.246ms
[3.051s][info][gc,cpu        ] GC(27) User=0.00s Sys=0.00s Real=0.00s
[3.051s][info][gc,marking    ] GC(27) Concurrent Rebuild Remembered Sets
[3.055s][info][gc,marking    ] GC(27) Concurrent Rebuild Remembered Sets 4.330ms
[3.055s][info][gc,start      ] GC(27) Pause Cleanup
[3.055s][info][gc            ] GC(27) Pause Cleanup 549M->549M(2027M) 0.231ms
[3.055s][info][gc,cpu        ] GC(27) User=0.00s Sys=0.00s Real=0.00s
[3.055s][info][gc,marking    ] GC(27) Concurrent Cleanup for Next Mark
[3.057s][info][gc,marking    ] GC(27) Concurrent Cleanup for Next Mark 1.092ms
[3.057s][info][gc            ] GC(27) Concurrent Cycle 13.255ms
[3.080s][info][gc,start      ] GC(28) Pause Young (Normal) (G1 Evacuation Pause)
[3.080s][info][gc,task       ] GC(28) Using 15 workers of 15 for evacuation
[3.085s][info][gc,phases     ] GC(28)   Pre Evacuate Collection Set: 0.0ms
[3.085s][info][gc,phases     ] GC(28)   Evacuate Collection Set: 4.3ms
[3.085s][info][gc,phases     ] GC(28)   Post Evacuate Collection Set: 0.4ms
[3.085s][info][gc,phases     ] GC(28)   Other: 0.1ms
[3.085s][info][gc,heap       ] GC(28) Eden regions: 351->0(694)
[3.085s][info][gc,heap       ] GC(28) Survivor regions: 35->9(49)
[3.085s][info][gc,heap       ] GC(28) Old regions: 472->509
[3.085s][info][gc,heap       ] GC(28) Humongous regions: 1->0
[3.085s][info][gc,metaspace  ] GC(28) Metaspace: 12344K(12800K)->12344K(12800K) NonClass: 11183K(11520K)->11183K(11520K) Class: 1160K(1280K)->1160K(1280K)
[3.085s][info][gc            ] GC(28) Pause Young (Normal) (G1 Evacuation Pause) 859M->517M(2027M) 4.996ms
[3.085s][info][gc,cpu        ] GC(28) User=0.00s Sys=0.00s Real=0.00s
[3.129s][info][gc,start      ] GC(29) Pause Young (Normal) (G1 Evacuation Pause)
[3.129s][info][gc,task       ] GC(29) Using 15 workers of 15 for evacuation
[3.131s][info][gc,phases     ] GC(29)   Pre Evacuate Collection Set: 0.0ms
[3.131s][info][gc,phases     ] GC(29)   Evacuate Collection Set: 1.8ms
[3.131s][info][gc,phases     ] GC(29)   Post Evacuate Collection Set: 0.3ms
[3.131s][info][gc,phases     ] GC(29)   Other: 0.2ms
[3.131s][info][gc,heap       ] GC(29) Eden regions: 694->0(766)
[3.131s][info][gc,heap       ] GC(29) Survivor regions: 9->8(88)
[3.131s][info][gc,heap       ] GC(29) Old regions: 509->509
[3.131s][info][gc,heap       ] GC(29) Humongous regions: 0->0
[3.131s][info][gc,metaspace  ] GC(29) Metaspace: 12344K(12800K)->12344K(12800K) NonClass: 11183K(11520K)->11183K(11520K) Class: 1160K(1280K)->1160K(1280K)
[3.131s][info][gc            ] GC(29) Pause Young (Normal) (G1 Evacuation Pause) 1211M->516M(2027M) 2.344ms
[3.131s][info][gc,cpu        ] GC(29) User=0.00s Sys=0.00s Real=0.00s
[3.344s][info][gc,start      ] GC(30) Pause Young (Normal) (G1 Evacuation Pause)
[3.344s][info][gc,task       ] GC(30) Using 15 workers of 15 for evacuation
[3.354s][info][gc,phases     ] GC(30)   Pre Evacuate Collection Set: 0.0ms
[3.354s][info][gc,phases     ] GC(30)   Evacuate Collection Set: 8.6ms
[3.354s][info][gc,phases     ] GC(30)   Post Evacuate Collection Set: 0.6ms
[3.354s][info][gc,phases     ] GC(30)   Other: 0.2ms
[3.354s][info][gc,heap       ] GC(30) Eden regions: 766->0(729)
[3.354s][info][gc,heap       ] GC(30) Survivor regions: 8->97(97)
[3.354s][info][gc,heap       ] GC(30) Old regions: 509->534
[3.354s][info][gc,heap       ] GC(30) Humongous regions: 3->0
[3.354s][info][gc,metaspace  ] GC(30) Metaspace: 12349K(12800K)->12349K(12800K) NonClass: 11188K(11520K)->11188K(11520K) Class: 1161K(1280K)->1161K(1280K)
[3.354s][info][gc            ] GC(30) Pause Young (Normal) (G1 Evacuation Pause) 1285M->630M(2027M) 9.414ms
[3.354s][info][gc,cpu        ] GC(30) User=0.00s Sys=0.00s Real=0.01s
[3.551s][info][gc,start      ] GC(31) Pause Young (Normal) (G1 Evacuation Pause)
[3.551s][info][gc,task       ] GC(31) Using 15 workers of 15 for evacuation
[3.567s][info][gc,phases     ] GC(31)   Pre Evacuate Collection Set: 0.0ms
[3.567s][info][gc,phases     ] GC(31)   Evacuate Collection Set: 14.6ms
[3.567s][info][gc,phases     ] GC(31)   Post Evacuate Collection Set: 0.8ms
[3.567s][info][gc,phases     ] GC(31)   Other: 0.2ms
[3.567s][info][gc,heap       ] GC(31) Eden regions: 729->0(690)
[3.567s][info][gc,heap       ] GC(31) Survivor regions: 97->104(104)
[3.567s][info][gc,heap       ] GC(31) Old regions: 534->634
[3.567s][info][gc,heap       ] GC(31) Humongous regions: 2->0
[3.567s][info][gc,metaspace  ] GC(31) Metaspace: 12349K(12800K)->12349K(12800K) NonClass: 11188K(11520K)->11188K(11520K) Class: 1161K(1280K)->1161K(1280K)
[3.567s][info][gc            ] GC(31) Pause Young (Normal) (G1 Evacuation Pause) 1361M->737M(2027M) 15.685ms
[3.567s][info][gc,cpu        ] GC(31) User=0.02s Sys=0.00s Real=0.02s
[3.610s][info][gc,start      ] GC(32) Pause Young (Normal) (G1 Evacuation Pause)
[3.610s][info][gc,task       ] GC(32) Using 15 workers of 15 for evacuation
[3.618s][info][gc,phases     ] GC(32)   Pre Evacuate Collection Set: 0.0ms
[3.618s][info][gc,phases     ] GC(32)   Evacuate Collection Set: 7.6ms
[3.618s][info][gc,phases     ] GC(32)   Post Evacuate Collection Set: 0.5ms
[3.618s][info][gc,phases     ] GC(32)   Other: 0.2ms
[3.618s][info][gc,heap       ] GC(32) Eden regions: 690->0(726)
[3.618s][info][gc,heap       ] GC(32) Survivor regions: 104->8(100)
[3.618s][info][gc,heap       ] GC(32) Old regions: 634->738
[3.618s][info][gc,heap       ] GC(32) Humongous regions: 0->0
[3.618s][info][gc,metaspace  ] GC(32) Metaspace: 12349K(12800K)->12349K(12800K) NonClass: 11188K(11520K)->11188K(11520K) Class: 1161K(1280K)->1161K(1280K)
[3.618s][info][gc            ] GC(32) Pause Young (Normal) (G1 Evacuation Pause) 1427M->745M(2027M) 8.339ms
[3.618s][info][gc,cpu        ] GC(32) User=0.02s Sys=0.00s Real=0.01s
[3.802s][info][gc,start      ] GC(33) Pause Young (Normal) (G1 Evacuation Pause)
[3.802s][info][gc,task       ] GC(33) Using 15 workers of 15 for evacuation
[3.810s][info][gc,phases     ] GC(33)   Pre Evacuate Collection Set: 0.0ms
[3.810s][info][gc,phases     ] GC(33)   Evacuate Collection Set: 6.6ms
[3.810s][info][gc,phases     ] GC(33)   Post Evacuate Collection Set: 0.4ms
[3.810s][info][gc,phases     ] GC(33)   Other: 0.1ms
[3.810s][info][gc,heap       ] GC(33) Eden regions: 726->0(688)
[3.810s][info][gc,heap       ] GC(33) Survivor regions: 8->92(92)
[3.810s][info][gc,heap       ] GC(33) Old regions: 738->744
[3.810s][info][gc,heap       ] GC(33) Humongous regions: 2->0
[3.810s][info][gc,metaspace  ] GC(33) Metaspace: 12356K(12800K)->12356K(12800K) NonClass: 11194K(11520K)->11194K(11520K) Class: 1161K(1280K)->1161K(1280K)
[3.810s][info][gc            ] GC(33) Pause Young (Normal) (G1 Evacuation Pause) 1473M->835M(2027M) 7.228ms
[3.810s][info][gc,cpu        ] GC(33) User=0.00s Sys=0.00s Real=0.01s
[4.033s][info][gc,start      ] GC(34) Pause Young (Normal) (G1 Evacuation Pause)
[4.034s][info][gc,task       ] GC(34) Using 15 workers of 15 for evacuation
[4.049s][info][gc,phases     ] GC(34)   Pre Evacuate Collection Set: 0.0ms
[4.049s][info][gc,phases     ] GC(34)   Evacuate Collection Set: 15.1ms
[4.049s][info][gc,phases     ] GC(34)   Post Evacuate Collection Set: 0.6ms
[4.049s][info][gc,phases     ] GC(34)   Other: 0.3ms
[4.050s][info][gc,heap       ] GC(34) Eden regions: 688->0(590)
[4.050s][info][gc,heap       ] GC(34) Survivor regions: 92->98(98)
[4.050s][info][gc,heap       ] GC(34) Old regions: 744->866
[4.050s][info][gc,heap       ] GC(34) Humongous regions: 3->0
[4.050s][info][gc,metaspace  ] GC(34) Metaspace: 12356K(12800K)->12356K(12800K) NonClass: 11195K(11520K)->11195K(11520K) Class: 1161K(1280K)->1161K(1280K)
[4.050s][info][gc            ] GC(34) Pause Young (Normal) (G1 Evacuation Pause) 1526M->963M(2027M) 16.085ms
[4.050s][info][gc,cpu        ] GC(34) User=0.00s Sys=0.00s Real=0.02s
[4.087s][info][gc,start      ] GC(35) Pause Young (Normal) (G1 Evacuation Pause)
[4.088s][info][gc,task       ] GC(35) Using 15 workers of 15 for evacuation
[4.095s][info][gc,phases     ] GC(35)   Pre Evacuate Collection Set: 0.0ms
[4.095s][info][gc,phases     ] GC(35)   Evacuate Collection Set: 7.3ms
[4.095s][info][gc,phases     ] GC(35)   Post Evacuate Collection Set: 0.5ms
[4.095s][info][gc,phases     ] GC(35)   Other: 0.2ms
[4.095s][info][gc,heap       ] GC(35) Eden regions: 590->0(612)
[4.095s][info][gc,heap       ] GC(35) Survivor regions: 98->8(86)
[4.095s][info][gc,heap       ] GC(35) Old regions: 866->965
[4.095s][info][gc,heap       ] GC(35) Humongous regions: 0->0
[4.095s][info][gc,metaspace  ] GC(35) Metaspace: 12356K(12800K)->12356K(12800K) NonClass: 11195K(11520K)->11195K(11520K) Class: 1161K(1280K)->1161K(1280K)
[4.095s][info][gc            ] GC(35) Pause Young (Normal) (G1 Evacuation Pause) 1553M->972M(2027M) 7.974ms
[4.095s][info][gc,cpu        ] GC(35) User=0.02s Sys=0.00s Real=0.01s
[4.163s][info][gc,start      ] GC(36) Pause Young (Concurrent Start) (G1 Evacuation Pause)
[4.163s][info][gc,task       ] GC(36) Using 15 workers of 15 for evacuation
[4.166s][info][gc,phases     ] GC(36)   Pre Evacuate Collection Set: 0.0ms
[4.166s][info][gc,phases     ] GC(36)   Evacuate Collection Set: 2.1ms
[4.166s][info][gc,phases     ] GC(36)   Post Evacuate Collection Set: 0.4ms
[4.166s][info][gc,phases     ] GC(36)   Other: 0.2ms
[4.166s][info][gc,heap       ] GC(36) Eden regions: 612->0(627)
[4.166s][info][gc,heap       ] GC(36) Survivor regions: 8->19(78)
[4.166s][info][gc,heap       ] GC(36) Old regions: 965->965
[4.166s][info][gc,heap       ] GC(36) Humongous regions: 0->0
[4.166s][info][gc,metaspace  ] GC(36) Metaspace: 12356K(12800K)->12356K(12800K) NonClass: 11195K(11520K)->11195K(11520K) Class: 1161K(1280K)->1161K(1280K)
[4.166s][info][gc            ] GC(36) Pause Young (Concurrent Start) (G1 Evacuation Pause) 1584M->984M(2027M) 2.683ms
[4.166s][info][gc,cpu        ] GC(36) User=0.00s Sys=0.00s Real=0.00s
[4.166s][info][gc            ] GC(37) Concurrent Cycle
[4.166s][info][gc,marking    ] GC(37) Concurrent Clear Claimed Marks
[4.166s][info][gc,marking    ] GC(37) Concurrent Clear Claimed Marks 0.013ms
[4.166s][info][gc,marking    ] GC(37) Concurrent Scan Root Regions
[4.167s][info][gc,marking    ] GC(37) Concurrent Scan Root Regions 0.674ms
[4.167s][info][gc,marking    ] GC(37) Concurrent Mark (4.167s)
[4.167s][info][gc,marking    ] GC(37) Concurrent Mark From Roots
[4.167s][info][gc,task       ] GC(37) Using 4 workers of 4 for marking
[4.170s][info][gc,marking    ] GC(37) Concurrent Mark From Roots 2.970ms
[4.170s][info][gc,marking    ] GC(37) Concurrent Preclean
[4.170s][info][gc,marking    ] GC(37) Concurrent Preclean 0.056ms
[4.170s][info][gc,marking    ] GC(37) Concurrent Mark (4.167s, 4.170s) 3.069ms
[4.170s][info][gc,start      ] GC(37) Pause Remark
[4.172s][info][gc,stringtable] GC(37) Cleaned string and symbol table, strings: 5806 processed, 0 removed, symbols: 43127 processed, 0 removed
[4.173s][info][gc            ] GC(37) Pause Remark 990M->354M(2027M) 2.447ms
[4.173s][info][gc,cpu        ] GC(37) User=0.02s Sys=0.00s Real=0.00s
[4.173s][info][gc,marking    ] GC(37) Concurrent Rebuild Remembered Sets
[4.176s][info][gc,marking    ] GC(37) Concurrent Rebuild Remembered Sets 2.890ms
[4.176s][info][gc,start      ] GC(37) Pause Cleanup
[4.176s][info][gc            ] GC(37) Pause Cleanup 360M->360M(2027M) 0.173ms
[4.176s][info][gc,cpu        ] GC(37) User=0.00s Sys=0.00s Real=0.00s
[4.176s][info][gc,marking    ] GC(37) Concurrent Cleanup for Next Mark
[4.177s][info][gc,marking    ] GC(37) Concurrent Cleanup for Next Mark 1.077ms
[4.177s][info][gc            ] GC(37) Concurrent Cycle 10.767ms
[4.406s][info][gc,start      ] GC(38) Pause Young (Prepare Mixed) (G1 Evacuation Pause)
[4.406s][info][gc,task       ] GC(38) Using 15 workers of 15 for evacuation
[4.417s][info][gc,phases     ] GC(38)   Pre Evacuate Collection Set: 0.0ms
[4.417s][info][gc,phases     ] GC(38)   Evacuate Collection Set: 10.6ms
[4.417s][info][gc,phases     ] GC(38)   Post Evacuate Collection Set: 0.5ms
[4.417s][info][gc,phases     ] GC(38)   Other: 0.1ms
[4.417s][info][gc,heap       ] GC(38) Eden regions: 627->0(20)
[4.417s][info][gc,heap       ] GC(38) Survivor regions: 19->81(81)
[4.417s][info][gc,heap       ] GC(38) Old regions: 329->408
[4.417s][info][gc,heap       ] GC(38) Humongous regions: 3->0
[4.417s][info][gc,metaspace  ] GC(38) Metaspace: 12356K(12800K)->12356K(12800K) NonClass: 11195K(11520K)->11195K(11520K) Class: 1161K(1280K)->1161K(1280K)
[4.417s][info][gc            ] GC(38) Pause Young (Prepare Mixed) (G1 Evacuation Pause) 978M->488M(2027M) 11.345ms
[4.417s][info][gc,cpu        ] GC(38) User=0.00s Sys=0.00s Real=0.01s
[4.425s][info][gc,start      ] GC(39) Pause Young (Mixed) (G1 Evacuation Pause)
[4.425s][info][gc,task       ] GC(39) Using 15 workers of 15 for evacuation
[4.431s][info][gc,phases     ] GC(39)   Pre Evacuate Collection Set: 0.0ms
[4.431s][info][gc,phases     ] GC(39)   Evacuate Collection Set: 5.0ms
[4.431s][info][gc,phases     ] GC(39)   Post Evacuate Collection Set: 0.3ms
[4.431s][info][gc,phases     ] GC(39)   Other: 0.2ms
[4.431s][info][gc,heap       ] GC(39) Eden regions: 20->0(828)
[4.431s][info][gc,heap       ] GC(39) Survivor regions: 81->9(13)
[4.431s][info][gc,heap       ] GC(39) Old regions: 408->488
[4.431s][info][gc,heap       ] GC(39) Humongous regions: 1->0
[4.431s][info][gc,metaspace  ] GC(39) Metaspace: 12356K(12800K)->12356K(12800K) NonClass: 11195K(11520K)->11195K(11520K) Class: 1161K(1280K)->1161K(1280K)
[4.431s][info][gc            ] GC(39) Pause Young (Mixed) (G1 Evacuation Pause) 509M->497M(2027M) 5.594ms
[4.431s][info][gc,cpu        ] GC(39) User=0.00s Sys=0.00s Real=0.01s
[4.572s][info][gc,start      ] GC(40) Pause Young (Normal) (G1 Evacuation Pause)
[4.572s][info][gc,task       ] GC(40) Using 15 workers of 15 for evacuation
[4.579s][info][gc,phases     ] GC(40)   Pre Evacuate Collection Set: 0.0ms
[4.579s][info][gc,phases     ] GC(40)   Evacuate Collection Set: 6.5ms
[4.579s][info][gc,phases     ] GC(40)   Post Evacuate Collection Set: 0.7ms
[4.580s][info][gc,phases     ] GC(40)   Other: 0.2ms
[4.580s][info][gc,heap       ] GC(40) Eden regions: 828->0(840)
[4.580s][info][gc,heap       ] GC(40) Survivor regions: 9->71(105)
[4.580s][info][gc,heap       ] GC(40) Old regions: 488->488
[4.580s][info][gc,heap       ] GC(40) Humongous regions: 1->0
[4.580s][info][gc,metaspace  ] GC(40) Metaspace: 12356K(12800K)->12356K(12800K) NonClass: 11195K(11520K)->11195K(11520K) Class: 1161K(1280K)->1161K(1280K)
[4.580s][info][gc            ] GC(40) Pause Young (Normal) (G1 Evacuation Pause) 1326M->559M(2027M) 7.460ms
[4.580s][info][gc,cpu        ] GC(40) User=0.02s Sys=0.00s Real=0.01s
[4.686s][info][gc,start      ] GC(41) Pause Young (Normal) (G1 Evacuation Pause)
[4.686s][info][gc,task       ] GC(41) Using 15 workers of 15 for evacuation
[4.696s][info][gc,phases     ] GC(41)   Pre Evacuate Collection Set: 0.0ms
[4.696s][info][gc,phases     ] GC(41)   Evacuate Collection Set: 8.8ms
[4.696s][info][gc,phases     ] GC(41)   Post Evacuate Collection Set: 0.6ms
[4.696s][info][gc,phases     ] GC(41)   Other: 0.1ms
[4.696s][info][gc,heap       ] GC(41) Eden regions: 840->0(887)
[4.696s][info][gc,heap       ] GC(41) Survivor regions: 71->39(114)
[4.696s][info][gc,heap       ] GC(41) Old regions: 488->557
[4.696s][info][gc,heap       ] GC(41) Humongous regions: 1->0
[4.696s][info][gc,metaspace  ] GC(41) Metaspace: 12357K(12800K)->12357K(12800K) NonClass: 11195K(11520K)->11195K(11520K) Class: 1161K(1280K)->1161K(1280K)
[4.696s][info][gc            ] GC(41) Pause Young (Normal) (G1 Evacuation Pause) 1400M->595M(2027M) 9.545ms
[4.696s][info][gc,cpu        ] GC(41) User=0.03s Sys=0.00s Real=0.01s
[5.012s][info][gc,start      ] GC(42) Pause Young (Normal) (G1 Evacuation Pause)
[5.012s][info][gc,task       ] GC(42) Using 15 workers of 15 for evacuation
[5.030s][info][gc,phases     ] GC(42)   Pre Evacuate Collection Set: 0.0ms
[5.030s][info][gc,phases     ] GC(42)   Evacuate Collection Set: 16.1ms
[5.030s][info][gc,phases     ] GC(42)   Post Evacuate Collection Set: 0.8ms
[5.030s][info][gc,phases     ] GC(42)   Other: 0.2ms
[5.030s][info][gc,heap       ] GC(42) Eden regions: 887->0(732)
[5.030s][info][gc,heap       ] GC(42) Survivor regions: 39->116(116)
[5.030s][info][gc,heap       ] GC(42) Old regions: 557->662
[5.030s][info][gc,heap       ] GC(42) Humongous regions: 4->0
[5.030s][info][gc,metaspace  ] GC(42) Metaspace: 12359K(12800K)->12359K(12800K) NonClass: 11197K(11520K)->11197K(11520K) Class: 1161K(1280K)->1161K(1280K)
[5.030s][info][gc            ] GC(42) Pause Young (Normal) (G1 Evacuation Pause) 1486M->777M(2027M) 17.270ms
[5.030s][info][gc,cpu        ] GC(42) User=0.05s Sys=0.00s Real=0.02s
[5.074s][info][gc,start      ] GC(43) Pause Young (Normal) (G1 Evacuation Pause)
[5.074s][info][gc,task       ] GC(43) Using 15 workers of 15 for evacuation
[5.084s][info][gc,phases     ] GC(43)   Pre Evacuate Collection Set: 0.0ms
[5.084s][info][gc,phases     ] GC(43)   Evacuate Collection Set: 8.7ms
[5.084s][info][gc,phases     ] GC(43)   Post Evacuate Collection Set: 0.5ms
[5.084s][info][gc,phases     ] GC(43)   Other: 0.2ms
[5.084s][info][gc,heap       ] GC(43) Eden regions: 732->0(768)
[5.084s][info][gc,heap       ] GC(43) Survivor regions: 116->9(106)
[5.084s][info][gc,heap       ] GC(43) Old regions: 662->780
[5.084s][info][gc,heap       ] GC(43) Humongous regions: 0->0
[5.084s][info][gc,metaspace  ] GC(43) Metaspace: 12359K(12800K)->12359K(12800K) NonClass: 11197K(11520K)->11197K(11520K) Class: 1161K(1280K)->1161K(1280K)
[5.084s][info][gc            ] GC(43) Pause Young (Normal) (G1 Evacuation Pause) 1509M->788M(2027M) 9.446ms
[5.084s][info][gc,cpu        ] GC(43) User=0.02s Sys=0.00s Real=0.01s
[5.239s][info][gc,start      ] GC(44) Pause Young (Normal) (G1 Evacuation Pause)
[5.239s][info][gc,task       ] GC(44) Using 15 workers of 15 for evacuation
[5.246s][info][gc,phases     ] GC(44)   Pre Evacuate Collection Set: 0.0ms
[5.246s][info][gc,phases     ] GC(44)   Evacuate Collection Set: 6.2ms
[5.246s][info][gc,phases     ] GC(44)   Post Evacuate Collection Set: 0.6ms
[5.246s][info][gc,phases     ] GC(44)   Other: 0.2ms
[5.246s][info][gc,heap       ] GC(44) Eden regions: 768->0(724)
[5.246s][info][gc,heap       ] GC(44) Survivor regions: 9->79(98)
[5.246s][info][gc,heap       ] GC(44) Old regions: 780->780
[5.246s][info][gc,heap       ] GC(44) Humongous regions: 2->0
[5.246s][info][gc,metaspace  ] GC(44) Metaspace: 12359K(12800K)->12359K(12800K) NonClass: 11198K(11520K)->11198K(11520K) Class: 1161K(1280K)->1161K(1280K)
[5.246s][info][gc            ] GC(44) Pause Young (Normal) (G1 Evacuation Pause) 1558M->858M(2027M) 6.985ms
[5.246s][info][gc,cpu        ] GC(44) User=0.00s Sys=0.00s Real=0.01s
[5.870s][info][gc,heap,exit ] Heap
[5.870s][info][gc,heap,exit ]  garbage-first heap   total 522240K, used 15360K [0x0000000700000000, 0x0000000800000000)
[5.870s][info][gc,heap,exit ]   region size 1024K, 16 young (16384K), 0 survivors (0K)
[5.870s][info][gc,heap,exit ]  Metaspace       used 12181K, capacity 12532K, committed 12800K, reserved 1060864K
[5.870s][info][gc,heap,exit ]   class space    used 1140K, capacity 1230K, committed 1280K, reserved 1048576K
[5.504s][info][gc,start      ] GC(45) Pause Young (Normal) (G1 Evacuation Pause)
[5.504s][info][gc,task       ] GC(45) Using 15 workers of 15 for evacuation
[5.521s][info][gc,phases     ] GC(45)   Pre Evacuate Collection Set: 0.0ms
[5.521s][info][gc,phases     ] GC(45)   Evacuate Collection Set: 16.0ms
[5.521s][info][gc,phases     ] GC(45)   Post Evacuate Collection Set: 0.6ms
[5.521s][info][gc,phases     ] GC(45)   Other: 0.2ms
[5.521s][info][gc,heap       ] GC(45) Eden regions: 724->0(592)
[5.521s][info][gc,heap       ] GC(45) Survivor regions: 79->101(101)
[5.521s][info][gc,heap       ] GC(45) Old regions: 780->901
[5.521s][info][gc,heap       ] GC(45) Humongous regions: 3->0
[5.521s][info][gc,metaspace  ] GC(45) Metaspace: 12361K(12800K)->12361K(12800K) NonClass: 11200K(11520K)->11200K(11520K) Class: 1161K(1280K)->1161K(1280K)
[5.521s][info][gc            ] GC(45) Pause Young (Normal) (G1 Evacuation Pause) 1585M->1001M(2027M) 16.826ms
[5.521s][info][gc,cpu        ] GC(45) User=0.08s Sys=0.02s Real=0.02s
[5.559s][info][gc,start      ] GC(46) Pause Young (Normal) (G1 Evacuation Pause)
[5.559s][info][gc,task       ] GC(46) Using 15 workers of 15 for evacuation
[5.569s][info][gc,phases     ] GC(46)   Pre Evacuate Collection Set: 0.0ms
[5.569s][info][gc,phases     ] GC(46)   Evacuate Collection Set: 7.7ms
[5.569s][info][gc,phases     ] GC(46)   Post Evacuate Collection Set: 1.6ms
[5.569s][info][gc,phases     ] GC(46)   Other: 0.2ms
[5.569s][info][gc,heap       ] GC(46) Eden regions: 592->0(642)
[5.569s][info][gc,heap       ] GC(46) Survivor regions: 101->8(87)
[5.569s][info][gc,heap       ] GC(46) Old regions: 901->1005
[5.569s][info][gc,heap       ] GC(46) Humongous regions: 0->0
[5.569s][info][gc,metaspace  ] GC(46) Metaspace: 12361K(12800K)->12361K(12800K) NonClass: 11200K(11520K)->11200K(11520K) Class: 1161K(1280K)->1161K(1280K)
[5.569s][info][gc            ] GC(46) Pause Young (Normal) (G1 Evacuation Pause) 1593M->1012M(2110M) 9.547ms
[5.569s][info][gc,cpu        ] GC(46) User=0.02s Sys=0.00s Real=0.01s
[5.628s][info][gc,start      ] GC(47) Pause Young (Concurrent Start) (G1 Evacuation Pause)
[5.628s][info][gc,task       ] GC(47) Using 15 workers of 15 for evacuation
[5.629s][info][gc,phases     ] GC(47)   Pre Evacuate Collection Set: 0.0ms
[5.629s][info][gc,phases     ] GC(47)   Evacuate Collection Set: 0.8ms
[5.629s][info][gc,phases     ] GC(47)   Post Evacuate Collection Set: 0.3ms
[5.629s][info][gc,phases     ] GC(47)   Other: 0.2ms
[5.629s][info][gc,heap       ] GC(47) Eden regions: 642->0(666)
[5.629s][info][gc,heap       ] GC(47) Survivor regions: 8->11(82)
[5.629s][info][gc,heap       ] GC(47) Old regions: 1005->1005
[5.629s][info][gc,heap       ] GC(47) Humongous regions: 0->0
[5.629s][info][gc,metaspace  ] GC(47) Metaspace: 12361K(12800K)->12361K(12800K) NonClass: 11200K(11520K)->11200K(11520K) Class: 1161K(1280K)->1161K(1280K)
[5.629s][info][gc            ] GC(47) Pause Young (Concurrent Start) (G1 Evacuation Pause) 1654M->1014M(2110M) 1.334ms
[5.630s][info][gc,cpu        ] GC(47) User=0.00s Sys=0.00s Real=0.00s
[5.630s][info][gc            ] GC(48) Concurrent Cycle
[5.630s][info][gc,marking    ] GC(48) Concurrent Clear Claimed Marks
[5.630s][info][gc,marking    ] GC(48) Concurrent Clear Claimed Marks 0.009ms
[5.630s][info][gc,marking    ] GC(48) Concurrent Scan Root Regions
[5.630s][info][gc,marking    ] GC(48) Concurrent Scan Root Regions 0.255ms
[5.630s][info][gc,marking    ] GC(48) Concurrent Mark (5.630s)
[5.630s][info][gc,marking    ] GC(48) Concurrent Mark From Roots
[5.630s][info][gc,task       ] GC(48) Using 4 workers of 4 for marking
[5.633s][info][gc,marking    ] GC(48) Concurrent Mark From Roots 3.224ms
[5.633s][info][gc,marking    ] GC(48) Concurrent Preclean
[5.633s][info][gc,marking    ] GC(48) Concurrent Preclean 0.069ms
[5.633s][info][gc,marking    ] GC(48) Concurrent Mark (5.630s, 5.633s) 3.353ms
[5.633s][info][gc,start      ] GC(48) Pause Remark
[5.634s][info][gc,stringtable] GC(48) Cleaned string and symbol table, strings: 5806 processed, 0 removed, symbols: 43127 processed, 0 removed
[5.634s][info][gc            ] GC(48) Pause Remark 1023M->384M(2110M) 0.797ms
[5.634s][info][gc,cpu        ] GC(48) User=0.00s Sys=0.00s Real=0.00s
[5.634s][info][gc,marking    ] GC(48) Concurrent Rebuild Remembered Sets
[5.637s][info][gc,marking    ] GC(48) Concurrent Rebuild Remembered Sets 2.946ms
[5.637s][info][gc,start      ] GC(48) Pause Cleanup
[5.637s][info][gc            ] GC(48) Pause Cleanup 391M->391M(2110M) 0.128ms
[5.637s][info][gc,cpu        ] GC(48) User=0.00s Sys=0.00s Real=0.00s
[5.638s][info][gc,marking    ] GC(48) Concurrent Cleanup for Next Mark
[5.639s][info][gc,marking    ] GC(48) Concurrent Cleanup for Next Mark 1.099ms
[5.639s][info][gc            ] GC(48) Concurrent Cycle 9.103ms
[5.884s][info][gc,start      ] GC(49) Pause Young (Prepare Mixed) (G1 Evacuation Pause)
[5.884s][info][gc,task       ] GC(49) Using 15 workers of 15 for evacuation
[5.899s][info][gc,phases     ] GC(49)   Pre Evacuate Collection Set: 0.0ms
[5.899s][info][gc,phases     ] GC(49)   Evacuate Collection Set: 13.4ms
[5.899s][info][gc,phases     ] GC(49)   Post Evacuate Collection Set: 0.6ms
[5.899s][info][gc,phases     ] GC(49)   Other: 0.2ms
[5.899s][info][gc,heap       ] GC(49) Eden regions: 666->0(20)
[5.899s][info][gc,heap       ] GC(49) Survivor regions: 11->85(85)
[5.899s][info][gc,heap       ] GC(49) Old regions: 366->441
[5.899s][info][gc,heap       ] GC(49) Humongous regions: 3->0
[5.899s][info][gc,metaspace  ] GC(49) Metaspace: 12367K(12800K)->12367K(12800K) NonClass: 11206K(11520K)->11206K(11520K) Class: 1161K(1280K)->1161K(1280K)
[5.899s][info][gc            ] GC(49) Pause Young (Prepare Mixed) (G1 Evacuation Pause) 1044M->525M(2110M) 14.275ms
[5.899s][info][gc,cpu        ] GC(49) User=0.00s Sys=0.00s Real=0.01s
[5.908s][info][gc,start      ] GC(50) Pause Young (Mixed) (G1 Evacuation Pause)
[5.908s][info][gc,task       ] GC(50) Using 15 workers of 15 for evacuation
[5.913s][info][gc,phases     ] GC(50)   Pre Evacuate Collection Set: 0.0ms
[5.913s][info][gc,phases     ] GC(50)   Evacuate Collection Set: 5.2ms
[5.913s][info][gc,phases     ] GC(50)   Post Evacuate Collection Set: 0.3ms
[5.913s][info][gc,phases     ] GC(50)   Other: 0.2ms
[5.913s][info][gc,heap       ] GC(50) Eden regions: 20->0(931)
[5.913s][info][gc,heap       ] GC(50) Survivor regions: 85->7(14)
[5.913s][info][gc,heap       ] GC(50) Old regions: 441->494
[5.913s][info][gc,heap       ] GC(50) Humongous regions: 1->0
[5.913s][info][gc,metaspace  ] GC(50) Metaspace: 12367K(12800K)->12367K(12800K) NonClass: 11206K(11520K)->11206K(11520K) Class: 1161K(1280K)->1161K(1280K)
[5.913s][info][gc            ] GC(50) Pause Young (Mixed) (G1 Evacuation Pause) 546M->500M(2110M) 5.724ms
[5.913s][info][gc,cpu        ] GC(50) User=0.00s Sys=0.00s Real=0.01s
[6.061s][info][gc,start      ] GC(51) Pause Young (Normal) (G1 Evacuation Pause)
[6.061s][info][gc,task       ] GC(51) Using 15 workers of 15 for evacuation
[6.068s][info][gc,phases     ] GC(51)   Pre Evacuate Collection Set: 0.0ms
[6.068s][info][gc,phases     ] GC(51)   Evacuate Collection Set: 6.6ms
[6.068s][info][gc,phases     ] GC(51)   Post Evacuate Collection Set: 0.4ms
[6.068s][info][gc,phases     ] GC(51)   Other: 0.3ms
[6.068s][info][gc,heap       ] GC(51) Eden regions: 931->0(925)
[6.068s][info][gc,heap       ] GC(51) Survivor regions: 7->71(118)
[6.068s][info][gc,heap       ] GC(51) Old regions: 494->494
[6.068s][info][gc,heap       ] GC(51) Humongous regions: 1->0
[6.068s][info][gc,metaspace  ] GC(51) Metaspace: 12372K(12800K)->12372K(12800K) NonClass: 11209K(11520K)->11209K(11520K) Class: 1162K(1280K)->1162K(1280K)
[6.068s][info][gc            ] GC(51) Pause Young (Normal) (G1 Evacuation Pause) 1432M->564M(2110M) 7.420ms
[6.068s][info][gc,cpu        ] GC(51) User=0.02s Sys=0.00s Real=0.01s
[6.115s][info][gc,heap,exit  ] Heap
[6.115s][info][gc,heap,exit  ]  garbage-first heap   total 2160640K, used 1179987K [0x0000000700000000, 0x0000000800000000)
[6.115s][info][gc,heap,exit  ]   region size 1024K, 661 young (676864K), 71 survivors (72704K)
[6.115s][info][gc,heap,exit  ]  Metaspace       used 12421K, capacity 12768K, committed 12800K, reserved 1060864K
[6.115s][info][gc,heap,exit  ]   class space    used 1168K, capacity 1263K, committed 1280K, reserved 1048576K
