[0.007s][info][gc,heap] Heap region size: 1M
[0.014s][info][gc     ] Using G1
[0.014s][info][gc,heap,coops] Heap address: 0x0000000700000000, size: 4096 MB, Compressed Oops mode: Zero based, Oop shift amount: 3
[0.006s][info][gc,heap] Heap region size: 1M
[0.013s][info][gc     ] Using G1
[0.013s][info][gc,heap,coops] Heap address: 0x0000000700000000, size: 4096 MB, Compressed Oops mode: Zero based, Oop shift amount: 3
[0.274s][info][gc,start     ] GC(0) Pause Young (Normal) (G1 Evacuation Pause)
[0.275s][info][gc,task      ] GC(0) Using 12 workers of 15 for evacuation
[0.277s][info][gc,phases    ] GC(0)   Pre Evacuate Collection Set: 0.0ms
[0.277s][info][gc,phases    ] GC(0)   Evacuate Collection Set: 1.8ms
[0.277s][info][gc,phases    ] GC(0)   Post Evacuate Collection Set: 0.2ms
[0.277s][info][gc,phases    ] GC(0)   Other: 0.8ms
[0.277s][info][gc,heap      ] GC(0) Eden regions: 25->0(245)
[0.277s][info][gc,heap      ] GC(0) Survivor regions: 0->4(4)
[0.277s][info][gc,heap      ] GC(0) Old regions: 0->2
[0.277s][info][gc,heap      ] GC(0) Humongous regions: 0->0
[0.277s][info][gc,metaspace ] GC(0) Metaspace: 11576K(12032K)->11576K(12032K) NonClass: 10487K(10752K)->10487K(10752K) Class: 1089K(1280K)->1089K(1280K)
[0.277s][info][gc           ] GC(0) Pause Young (Normal) (G1 Evacuation Pause) 25M->5M(510M) 3.130ms
[0.277s][info][gc,cpu       ] GC(0) User=0.00s Sys=0.00s Real=0.00s
[0.473s][info][gc,start     ] GC(1) Pause Young (Normal) (G1 Evacuation Pause)
[0.473s][info][gc,task      ] GC(1) Using 12 workers of 15 for evacuation
[0.488s][info][gc,phases    ] GC(1)   Pre Evacuate Collection Set: 0.0ms
[0.488s][info][gc,phases    ] GC(1)   Evacuate Collection Set: 15.1ms
[0.488s][info][gc,phases    ] GC(1)   Post Evacuate Collection Set: 0.3ms
[0.488s][info][gc,phases    ] GC(1)   Other: 0.1ms
[0.488s][info][gc,heap      ] GC(1) Eden regions: 245->0(50)
[0.488s][info][gc,heap      ] GC(1) Survivor regions: 4->32(32)
[0.488s][info][gc,heap      ] GC(1) Old regions: 2->36
[0.488s][info][gc,heap      ] GC(1) Humongous regions: 1->0
[0.488s][info][gc,metaspace ] GC(1) Metaspace: 11614K(12032K)->11614K(12032K) NonClass: 10524K(10752K)->10524K(10752K) Class: 1089K(1280K)->1089K(1280K)
[0.488s][info][gc           ] GC(1) Pause Young (Normal) (G1 Evacuation Pause) 251M->67M(510M) 15.661ms
[0.488s][info][gc,cpu       ] GC(1) User=0.00s Sys=0.02s Real=0.02s
[0.524s][info][gc,start     ] GC(2) Pause Young (Normal) (G1 Evacuation Pause)
[0.524s][info][gc,task      ] GC(2) Using 12 workers of 15 for evacuation
[0.531s][info][gc,phases    ] GC(2)   Pre Evacuate Collection Set: 0.0ms
[0.531s][info][gc,phases    ] GC(2)   Evacuate Collection Set: 6.7ms
[0.531s][info][gc,phases    ] GC(2)   Post Evacuate Collection Set: 0.2ms
[0.531s][info][gc,phases    ] GC(2)   Other: 0.1ms
[0.531s][info][gc,heap      ] GC(2) Eden regions: 50->0(50)
[0.531s][info][gc,heap      ] GC(2) Survivor regions: 32->11(11)
[0.531s][info][gc,heap      ] GC(2) Old regions: 36->69
[0.531s][info][gc,heap      ] GC(2) Humongous regions: 1->0
[0.531s][info][gc,metaspace ] GC(2) Metaspace: 11932K(12544K)->11932K(12544K) NonClass: 10801K(11264K)->10801K(11264K) Class: 1131K(1280K)->1131K(1280K)
[0.531s][info][gc           ] GC(2) Pause Young (Normal) (G1 Evacuation Pause) 118M->79M(510M) 7.166ms
[0.531s][info][gc,cpu       ] GC(2) User=0.00s Sys=0.02s Real=0.01s
[0.553s][info][gc,start     ] GC(3) Pause Young (Normal) (G1 Evacuation Pause)
[0.553s][info][gc,task      ] GC(3) Using 12 workers of 15 for evacuation
[0.555s][info][gc,phases    ] GC(3)   Pre Evacuate Collection Set: 0.0ms
[0.555s][info][gc,phases    ] GC(3)   Evacuate Collection Set: 2.1ms
[0.555s][info][gc,phases    ] GC(3)   Post Evacuate Collection Set: 0.2ms
[0.555s][info][gc,phases    ] GC(3)   Other: 0.1ms
[0.555s][info][gc,heap      ] GC(3) Eden regions: 50->0(83)
[0.555s][info][gc,heap      ] GC(3) Survivor regions: 11->8(8)
[0.555s][info][gc,heap      ] GC(3) Old regions: 69->80
[0.555s][info][gc,heap      ] GC(3) Humongous regions: 0->0
[0.555s][info][gc,metaspace ] GC(3) Metaspace: 11934K(12544K)->11934K(12544K) NonClass: 10802K(11264K)->10802K(11264K) Class: 1131K(1280K)->1131K(1280K)
[0.555s][info][gc           ] GC(3) Pause Young (Normal) (G1 Evacuation Pause) 129M->88M(510M) 2.550ms
[0.556s][info][gc,cpu       ] GC(3) User=0.00s Sys=0.00s Real=0.00s
[0.587s][info][gc,start     ] GC(4) Pause Young (Normal) (G1 Evacuation Pause)
[0.587s][info][gc,task      ] GC(4) Using 12 workers of 15 for evacuation
[0.590s][info][gc,phases    ] GC(4)   Pre Evacuate Collection Set: 0.0ms
[0.590s][info][gc,phases    ] GC(4)   Evacuate Collection Set: 3.2ms
[0.590s][info][gc,phases    ] GC(4)   Post Evacuate Collection Set: 0.1ms
[0.590s][info][gc,phases    ] GC(4)   Other: 0.1ms
[0.590s][info][gc,heap      ] GC(4) Eden regions: 83->0(105)
[0.590s][info][gc,heap      ] GC(4) Survivor regions: 8->12(12)
[0.590s][info][gc,heap      ] GC(4) Old regions: 80->97
[0.590s][info][gc,heap      ] GC(4) Humongous regions: 0->0
[0.590s][info][gc,metaspace ] GC(4) Metaspace: 11934K(12544K)->11934K(12544K) NonClass: 10802K(11264K)->10802K(11264K) Class: 1131K(1280K)->1131K(1280K)
[0.590s][info][gc           ] GC(4) Pause Young (Normal) (G1 Evacuation Pause) 170M->108M(510M) 3.484ms
[0.590s][info][gc,cpu       ] GC(4) User=0.00s Sys=0.00s Real=0.00s
[0.631s][info][gc,start     ] GC(5) Pause Young (Normal) (G1 Evacuation Pause)
[0.631s][info][gc,task      ] GC(5) Using 12 workers of 15 for evacuation
[0.638s][info][gc,phases    ] GC(5)   Pre Evacuate Collection Set: 0.0ms
[0.638s][info][gc,phases    ] GC(5)   Evacuate Collection Set: 4.4ms
[0.638s][info][gc,phases    ] GC(5)   Post Evacuate Collection Set: 3.0ms
[0.638s][info][gc,phases    ] GC(5)   Other: 0.1ms
[0.638s][info][gc,heap      ] GC(5) Eden regions: 105->0(128)
[0.638s][info][gc,heap      ] GC(5) Survivor regions: 12->15(15)
[0.639s][info][gc,heap      ] GC(5) Old regions: 97->120
[0.639s][info][gc,heap      ] GC(5) Humongous regions: 1->0
[0.639s][info][gc,metaspace ] GC(5) Metaspace: 11937K(12544K)->11937K(12544K) NonClass: 10806K(11264K)->10806K(11264K) Class: 1131K(1280K)->1131K(1280K)
[0.639s][info][gc           ] GC(5) Pause Young (Normal) (G1 Evacuation Pause) 214M->135M(725M) 7.614ms
[0.639s][info][gc,cpu       ] GC(5) User=0.00s Sys=0.00s Real=0.01s
[0.719s][info][gc,start     ] GC(6) Pause Young (Normal) (G1 Evacuation Pause)
[0.719s][info][gc,task      ] GC(6) Using 15 workers of 15 for evacuation
[0.726s][info][gc,phases    ] GC(6)   Pre Evacuate Collection Set: 0.0ms
[0.726s][info][gc,phases    ] GC(6)   Evacuate Collection Set: 6.3ms
[0.726s][info][gc,phases    ] GC(6)   Post Evacuate Collection Set: 0.2ms
[0.726s][info][gc,phases    ] GC(6)   Other: 0.4ms
[0.726s][info][gc,heap      ] GC(6) Eden regions: 128->0(156)
[0.726s][info][gc,heap      ] GC(6) Survivor regions: 15->18(18)
[0.726s][info][gc,heap      ] GC(6) Old regions: 120->148
[0.726s][info][gc,heap      ] GC(6) Humongous regions: 0->0
[0.726s][info][gc,metaspace ] GC(6) Metaspace: 11937K(12544K)->11937K(12544K) NonClass: 10806K(11264K)->10806K(11264K) Class: 1131K(1280K)->1131K(1280K)
[0.726s][info][gc           ] GC(6) Pause Young (Normal) (G1 Evacuation Pause) 263M->165M(725M) 6.929ms
[0.726s][info][gc,cpu       ] GC(6) User=0.00s Sys=0.00s Real=0.01s
[0.797s][info][gc,start     ] GC(7) Pause Young (Normal) (G1 Evacuation Pause)
[0.797s][info][gc,task      ] GC(7) Using 15 workers of 15 for evacuation
[0.806s][info][gc,phases    ] GC(7)   Pre Evacuate Collection Set: 0.0ms
[0.806s][info][gc,phases    ] GC(7)   Evacuate Collection Set: 8.5ms
[0.806s][info][gc,phases    ] GC(7)   Post Evacuate Collection Set: 0.3ms
[0.806s][info][gc,phases    ] GC(7)   Other: 0.1ms
[0.806s][info][gc,heap      ] GC(7) Eden regions: 156->0(189)
[0.806s][info][gc,heap      ] GC(7) Survivor regions: 18->22(22)
[0.806s][info][gc,heap      ] GC(7) Old regions: 148->185
[0.806s][info][gc,heap      ] GC(7) Humongous regions: 1->0
[0.806s][info][gc,metaspace ] GC(7) Metaspace: 11937K(12544K)->11937K(12544K) NonClass: 10806K(11264K)->10806K(11264K) Class: 1131K(1280K)->1131K(1280K)
[0.806s][info][gc           ] GC(7) Pause Young (Normal) (G1 Evacuation Pause) 322M->207M(725M) 8.984ms
[0.806s][info][gc,cpu       ] GC(7) User=0.00s Sys=0.00s Real=0.01s
[0.959s][info][gc,start     ] GC(8) Pause Young (Normal) (G1 Evacuation Pause)
[0.959s][info][gc,task      ] GC(8) Using 15 workers of 15 for evacuation
[0.966s][info][gc,phases    ] GC(8)   Pre Evacuate Collection Set: 0.0ms
[0.966s][info][gc,phases    ] GC(8)   Evacuate Collection Set: 6.8ms
[0.966s][info][gc,phases    ] GC(8)   Post Evacuate Collection Set: 0.3ms
[0.966s][info][gc,phases    ] GC(8)   Other: 0.1ms
[0.966s][info][gc,heap      ] GC(8) Eden regions: 189->0(197)
[0.966s][info][gc,heap      ] GC(8) Survivor regions: 22->27(27)
[0.966s][info][gc,heap      ] GC(8) Old regions: 185->217
[0.966s][info][gc,heap      ] GC(8) Humongous regions: 1->0
[0.966s][info][gc,metaspace ] GC(8) Metaspace: 12199K(12544K)->12199K(12544K) NonClass: 11048K(11264K)->11048K(11264K) Class: 1151K(1280K)->1151K(1280K)
[0.966s][info][gc           ] GC(8) Pause Young (Normal) (G1 Evacuation Pause) 397M->243M(725M) 7.262ms
[0.966s][info][gc,cpu       ] GC(8) User=0.00s Sys=0.02s Real=0.01s
[1.071s][info][gc,start     ] GC(9) Pause Young (Normal) (G1 Evacuation Pause)
[1.071s][info][gc,task      ] GC(9) Using 15 workers of 15 for evacuation
[1.080s][info][gc,phases    ] GC(9)   Pre Evacuate Collection Set: 0.0ms
[1.080s][info][gc,phases    ] GC(9)   Evacuate Collection Set: 3.2ms
[1.080s][info][gc,phases    ] GC(9)   Post Evacuate Collection Set: 5.6ms
[1.080s][info][gc,phases    ] GC(9)   Other: 0.2ms
[1.080s][info][gc,heap      ] GC(9) Eden regions: 197->0(299)
[1.080s][info][gc,heap      ] GC(9) Survivor regions: 27->4(28)
[1.080s][info][gc,heap      ] GC(9) Old regions: 217->244
[1.080s][info][gc,heap      ] GC(9) Humongous regions: 0->0
[1.080s][info][gc,metaspace ] GC(9) Metaspace: 12208K(12544K)->12208K(12544K) NonClass: 11057K(11264K)->11057K(11264K) Class: 1151K(1280K)->1151K(1280K)
[1.080s][info][gc           ] GC(9) Pause Young (Normal) (G1 Evacuation Pause) 440M->248M(1205M) 9.085ms
[1.080s][info][gc,cpu       ] GC(9) User=0.00s Sys=0.00s Real=0.01s
[1.116s][info][gc,start     ] GC(10) Pause Young (Normal) (G1 Evacuation Pause)
[1.116s][info][gc,task      ] GC(10) Using 15 workers of 15 for evacuation
[1.117s][info][gc,phases    ] GC(10)   Pre Evacuate Collection Set: 0.0ms
[1.117s][info][gc,phases    ] GC(10)   Evacuate Collection Set: 0.6ms
[1.117s][info][gc,phases    ] GC(10)   Post Evacuate Collection Set: 0.2ms
[1.117s][info][gc,phases    ] GC(10)   Other: 0.1ms
[1.117s][info][gc,heap      ] GC(10) Eden regions: 299->0(600)
[1.117s][info][gc,heap      ] GC(10) Survivor regions: 4->3(38)
[1.117s][info][gc,heap      ] GC(10) Old regions: 244->244
[1.117s][info][gc,heap      ] GC(10) Humongous regions: 0->0
[1.117s][info][gc,metaspace ] GC(10) Metaspace: 12225K(12544K)->12225K(12544K) NonClass: 11074K(11264K)->11074K(11264K) Class: 1151K(1280K)->1151K(1280K)
[1.117s][info][gc           ] GC(10) Pause Young (Normal) (G1 Evacuation Pause) 547M->246M(1205M) 1.008ms
[1.117s][info][gc,cpu       ] GC(10) User=0.00s Sys=0.00s Real=0.00s
[1.165s][info][gc,start     ] GC(11) Pause Young (Normal) (G1 Evacuation Pause)
[1.165s][info][gc,task      ] GC(11) Using 15 workers of 15 for evacuation
[1.166s][info][gc,phases    ] GC(11)   Pre Evacuate Collection Set: 0.0ms
[1.166s][info][gc,phases    ] GC(11)   Evacuate Collection Set: 0.7ms
[1.166s][info][gc,phases    ] GC(11)   Post Evacuate Collection Set: 0.2ms
[1.166s][info][gc,phases    ] GC(11)   Other: 0.2ms
[1.166s][info][gc,heap      ] GC(11) Eden regions: 600->0(665)
[1.166s][info][gc,heap      ] GC(11) Survivor regions: 3->3(76)
[1.166s][info][gc,heap      ] GC(11) Old regions: 244->244
[1.166s][info][gc,heap      ] GC(11) Humongous regions: 0->0
[1.166s][info][gc,metaspace ] GC(11) Metaspace: 12227K(12544K)->12227K(12544K) NonClass: 11076K(11264K)->11076K(11264K) Class: 1151K(1280K)->1151K(1280K)
[1.166s][info][gc           ] GC(11) Pause Young (Normal) (G1 Evacuation Pause) 846M->246M(1205M) 1.109ms
[1.166s][info][gc,cpu       ] GC(11) User=0.00s Sys=0.00s Real=0.00s
[1.219s][info][gc,start     ] GC(12) Pause Young (Normal) (G1 Evacuation Pause)
[1.219s][info][gc,task      ] GC(12) Using 15 workers of 15 for evacuation
[1.220s][info][gc,phases    ] GC(12)   Pre Evacuate Collection Set: 0.0ms
[1.220s][info][gc,phases    ] GC(12)   Evacuate Collection Set: 1.0ms
[1.220s][info][gc,phases    ] GC(12)   Post Evacuate Collection Set: 0.2ms
[1.220s][info][gc,phases    ] GC(12)   Other: 0.1ms
[1.220s][info][gc,heap      ] GC(12) Eden regions: 665->0(696)
[1.220s][info][gc,heap      ] GC(12) Survivor regions: 3->4(84)
[1.220s][info][gc,heap      ] GC(12) Old regions: 244->244
[1.220s][info][gc,heap      ] GC(12) Humongous regions: 0->0
[1.220s][info][gc,metaspace ] GC(12) Metaspace: 12247K(12800K)->12247K(12800K) NonClass: 11096K(11520K)->11096K(11520K) Class: 1151K(1280K)->1151K(1280K)
[1.220s][info][gc           ] GC(12) Pause Young (Normal) (G1 Evacuation Pause) 911M->247M(1205M) 1.412ms
[1.220s][info][gc,cpu       ] GC(12) User=0.00s Sys=0.00s Real=0.00s
[1.266s][info][gc,start     ] GC(13) Pause Young (Normal) (G1 Evacuation Pause)
[1.266s][info][gc,task      ] GC(13) Using 15 workers of 15 for evacuation
[1.267s][info][gc,phases    ] GC(13)   Pre Evacuate Collection Set: 0.0ms
[1.267s][info][gc,phases    ] GC(13)   Evacuate Collection Set: 0.6ms
[1.267s][info][gc,phases    ] GC(13)   Post Evacuate Collection Set: 0.2ms
[1.267s][info][gc,phases    ] GC(13)   Other: 0.1ms
[1.267s][info][gc,heap      ] GC(13) Eden regions: 696->0(720)
[1.267s][info][gc,heap      ] GC(13) Survivor regions: 4->3(88)
[1.267s][info][gc,heap      ] GC(13) Old regions: 244->244
[1.267s][info][gc,heap      ] GC(13) Humongous regions: 0->0
[1.267s][info][gc,metaspace ] GC(13) Metaspace: 12247K(12800K)->12247K(12800K) NonClass: 11096K(11520K)->11096K(11520K) Class: 1151K(1280K)->1151K(1280K)
[1.267s][info][gc           ] GC(13) Pause Young (Normal) (G1 Evacuation Pause) 943M->246M(1205M) 1.079ms
[1.267s][info][gc,cpu       ] GC(13) User=0.00s Sys=0.00s Real=0.00s
[1.319s][info][gc,start     ] GC(14) Pause Young (Normal) (G1 Evacuation Pause)
[1.320s][info][gc,task      ] GC(14) Using 15 workers of 15 for evacuation
[1.321s][info][gc,phases    ] GC(14)   Pre Evacuate Collection Set: 0.0ms
[1.321s][info][gc,phases    ] GC(14)   Evacuate Collection Set: 0.7ms
[1.321s][info][gc,phases    ] GC(14)   Post Evacuate Collection Set: 0.3ms
[1.321s][info][gc,phases    ] GC(14)   Other: 0.1ms
[1.321s][info][gc,heap      ] GC(14) Eden regions: 720->0(720)
[1.321s][info][gc,heap      ] GC(14) Survivor regions: 3->3(91)
[1.321s][info][gc,heap      ] GC(14) Old regions: 244->244
[1.321s][info][gc,heap      ] GC(14) Humongous regions: 0->0
[1.321s][info][gc,metaspace ] GC(14) Metaspace: 12251K(12800K)->12251K(12800K) NonClass: 11100K(11520K)->11100K(11520K) Class: 1151K(1280K)->1151K(1280K)
[1.321s][info][gc           ] GC(14) Pause Young (Normal) (G1 Evacuation Pause) 966M->246M(1205M) 1.172ms
[1.321s][info][gc,cpu       ] GC(14) User=0.02s Sys=0.00s Real=0.00s
[1.373s][info][gc,start     ] GC(15) Pause Young (Normal) (G1 Evacuation Pause)
[1.373s][info][gc,task      ] GC(15) Using 15 workers of 15 for evacuation
[1.374s][info][gc,phases    ] GC(15)   Pre Evacuate Collection Set: 0.0ms
[1.374s][info][gc,phases    ] GC(15)   Evacuate Collection Set: 0.7ms
[1.374s][info][gc,phases    ] GC(15)   Post Evacuate Collection Set: 0.2ms
[1.374s][info][gc,phases    ] GC(15)   Other: 0.2ms
[1.374s][info][gc,heap      ] GC(15) Eden regions: 720->0(720)
[1.374s][info][gc,heap      ] GC(15) Survivor regions: 3->3(91)
[1.374s][info][gc,heap      ] GC(15) Old regions: 244->244
[1.374s][info][gc,heap      ] GC(15) Humongous regions: 0->0
[1.374s][info][gc,metaspace ] GC(15) Metaspace: 12252K(12800K)->12252K(12800K) NonClass: 11101K(11520K)->11101K(11520K) Class: 1151K(1280K)->1151K(1280K)
[1.374s][info][gc           ] GC(15) Pause Young (Normal) (G1 Evacuation Pause) 966M->246M(1205M) 1.166ms
[1.374s][info][gc,cpu       ] GC(15) User=0.00s Sys=0.00s Real=0.00s
[1.419s][info][gc,start     ] GC(16) Pause Young (Normal) (G1 Evacuation Pause)
[1.419s][info][gc,task      ] GC(16) Using 15 workers of 15 for evacuation
[1.420s][info][gc,phases    ] GC(16)   Pre Evacuate Collection Set: 0.0ms
[1.420s][info][gc,phases    ] GC(16)   Evacuate Collection Set: 0.9ms
[1.420s][info][gc,phases    ] GC(16)   Post Evacuate Collection Set: 0.2ms
[1.420s][info][gc,phases    ] GC(16)   Other: 0.1ms
[1.420s][info][gc,heap      ] GC(16) Eden regions: 720->0(719)
[1.420s][info][gc,heap      ] GC(16) Survivor regions: 3->4(91)
[1.420s][info][gc,heap      ] GC(16) Old regions: 244->244
[1.420s][info][gc,heap      ] GC(16) Humongous regions: 0->0
[1.420s][info][gc,metaspace ] GC(16) Metaspace: 12253K(12800K)->12253K(12800K) NonClass: 11102K(11520K)->11102K(11520K) Class: 1151K(1280K)->1151K(1280K)
[1.420s][info][gc           ] GC(16) Pause Young (Normal) (G1 Evacuation Pause) 966M->247M(1205M) 1.300ms
[1.420s][info][gc,cpu       ] GC(16) User=0.02s Sys=0.00s Real=0.00s
[1.475s][info][gc,start     ] GC(17) Pause Young (Normal) (G1 Evacuation Pause)
[1.475s][info][gc,task      ] GC(17) Using 15 workers of 15 for evacuation
[1.476s][info][gc,phases    ] GC(17)   Pre Evacuate Collection Set: 0.0ms
[1.476s][info][gc,phases    ] GC(17)   Evacuate Collection Set: 1.0ms
[1.476s][info][gc,phases    ] GC(17)   Post Evacuate Collection Set: 0.3ms
[1.476s][info][gc,phases    ] GC(17)   Other: 0.2ms
[1.477s][info][gc,heap      ] GC(17) Eden regions: 719->0(717)
[1.477s][info][gc,heap      ] GC(17) Survivor regions: 4->6(91)
[1.477s][info][gc,heap      ] GC(17) Old regions: 244->244
[1.477s][info][gc,heap      ] GC(17) Humongous regions: 0->0
[1.477s][info][gc,metaspace ] GC(17) Metaspace: 12332K(12800K)->12332K(12800K) NonClass: 11169K(11520K)->11169K(11520K) Class: 1162K(1280K)->1162K(1280K)
[1.477s][info][gc           ] GC(17) Pause Young (Normal) (G1 Evacuation Pause) 966M->249M(1205M) 1.556ms
[1.477s][info][gc,cpu       ] GC(17) User=0.00s Sys=0.00s Real=0.00s
[1.521s][info][gc,start     ] GC(18) Pause Young (Normal) (G1 Evacuation Pause)
[1.521s][info][gc,task      ] GC(18) Using 15 workers of 15 for evacuation
[1.522s][info][gc,phases    ] GC(18)   Pre Evacuate Collection Set: 0.0ms
[1.522s][info][gc,phases    ] GC(18)   Evacuate Collection Set: 1.0ms
[1.522s][info][gc,phases    ] GC(18)   Post Evacuate Collection Set: 0.2ms
[1.522s][info][gc,phases    ] GC(18)   Other: 0.1ms
[1.522s][info][gc,heap      ] GC(18) Eden regions: 717->0(717)
[1.522s][info][gc,heap      ] GC(18) Survivor regions: 6->6(91)
[1.522s][info][gc,heap      ] GC(18) Old regions: 244->244
[1.522s][info][gc,heap      ] GC(18) Humongous regions: 0->0
[1.522s][info][gc,metaspace ] GC(18) Metaspace: 12332K(12800K)->12332K(12800K) NonClass: 11169K(11520K)->11169K(11520K) Class: 1162K(1280K)->1162K(1280K)
[1.522s][info][gc           ] GC(18) Pause Young (Normal) (G1 Evacuation Pause) 966M->249M(1205M) 1.435ms
[1.522s][info][gc,cpu       ] GC(18) User=0.00s Sys=0.00s Real=0.00s
[1.570s][info][gc,start     ] GC(19) Pause Young (Normal) (G1 Evacuation Pause)
[1.570s][info][gc,task      ] GC(19) Using 15 workers of 15 for evacuation
[1.572s][info][gc,phases    ] GC(19)   Pre Evacuate Collection Set: 0.0ms
[1.572s][info][gc,phases    ] GC(19)   Evacuate Collection Set: 0.8ms
[1.572s][info][gc,phases    ] GC(19)   Post Evacuate Collection Set: 0.3ms
[1.572s][info][gc,phases    ] GC(19)   Other: 0.2ms
[1.572s][info][gc,heap      ] GC(19) Eden regions: 717->0(719)
[1.572s][info][gc,heap      ] GC(19) Survivor regions: 6->4(91)
[1.572s][info][gc,heap      ] GC(19) Old regions: 244->244
[1.572s][info][gc,heap      ] GC(19) Humongous regions: 0->0
[1.572s][info][gc,metaspace ] GC(19) Metaspace: 12332K(12800K)->12332K(12800K) NonClass: 11169K(11520K)->11169K(11520K) Class: 1162K(1280K)->1162K(1280K)
[1.572s][info][gc           ] GC(19) Pause Young (Normal) (G1 Evacuation Pause) 966M->247M(1205M) 1.356ms
[1.572s][info][gc,cpu       ] GC(19) User=0.00s Sys=0.00s Real=0.00s
[1.617s][info][gc,start     ] GC(20) Pause Young (Normal) (G1 Evacuation Pause)
[1.617s][info][gc,task      ] GC(20) Using 15 workers of 15 for evacuation
[1.618s][info][gc,phases    ] GC(20)   Pre Evacuate Collection Set: 0.0ms
[1.618s][info][gc,phases    ] GC(20)   Evacuate Collection Set: 0.6ms
[1.618s][info][gc,phases    ] GC(20)   Post Evacuate Collection Set: 0.2ms
[1.618s][info][gc,phases    ] GC(20)   Other: 0.1ms
[1.618s][info][gc,heap      ] GC(20) Eden regions: 719->0(720)
[1.618s][info][gc,heap      ] GC(20) Survivor regions: 4->3(91)
[1.618s][info][gc,heap      ] GC(20) Old regions: 244->244
[1.618s][info][gc,heap      ] GC(20) Humongous regions: 0->0
[1.618s][info][gc,metaspace ] GC(20) Metaspace: 12332K(12800K)->12332K(12800K) NonClass: 11169K(11520K)->11169K(11520K) Class: 1162K(1280K)->1162K(1280K)
[1.618s][info][gc           ] GC(20) Pause Young (Normal) (G1 Evacuation Pause) 966M->246M(1205M) 1.061ms
[1.618s][info][gc,cpu       ] GC(20) User=0.00s Sys=0.00s Real=0.00s
[1.665s][info][gc,start     ] GC(21) Pause Young (Normal) (G1 Evacuation Pause)
[1.665s][info][gc,task      ] GC(21) Using 15 workers of 15 for evacuation
[1.666s][info][gc,phases    ] GC(21)   Pre Evacuate Collection Set: 0.0ms
[1.666s][info][gc,phases    ] GC(21)   Evacuate Collection Set: 0.8ms
[1.666s][info][gc,phases    ] GC(21)   Post Evacuate Collection Set: 0.3ms
[1.666s][info][gc,phases    ] GC(21)   Other: 0.1ms
[1.666s][info][gc,heap      ] GC(21) Eden regions: 720->0(719)
[1.666s][info][gc,heap      ] GC(21) Survivor regions: 3->4(91)
[1.666s][info][gc,heap      ] GC(21) Old regions: 244->244
[1.666s][info][gc,heap      ] GC(21) Humongous regions: 0->0
[1.666s][info][gc,metaspace ] GC(21) Metaspace: 12332K(12800K)->12332K(12800K) NonClass: 11169K(11520K)->11169K(11520K) Class: 1162K(1280K)->1162K(1280K)
[1.666s][info][gc           ] GC(21) Pause Young (Normal) (G1 Evacuation Pause) 966M->247M(1205M) 1.210ms
[1.666s][info][gc,cpu       ] GC(21) User=0.00s Sys=0.00s Real=0.00s
[1.716s][info][gc,start     ] GC(22) Pause Young (Normal) (G1 Evacuation Pause)
[1.716s][info][gc,task      ] GC(22) Using 15 workers of 15 for evacuation
[1.717s][info][gc,phases    ] GC(22)   Pre Evacuate Collection Set: 0.0ms
[1.717s][info][gc,phases    ] GC(22)   Evacuate Collection Set: 0.9ms
[1.717s][info][gc,phases    ] GC(22)   Post Evacuate Collection Set: 0.2ms
[1.717s][info][gc,phases    ] GC(22)   Other: 0.1ms
[1.717s][info][gc,heap      ] GC(22) Eden regions: 719->0(717)
[1.717s][info][gc,heap      ] GC(22) Survivor regions: 4->6(91)
[1.717s][info][gc,heap      ] GC(22) Old regions: 244->244
[1.717s][info][gc,heap      ] GC(22) Humongous regions: 0->0
[1.717s][info][gc,metaspace ] GC(22) Metaspace: 12332K(12800K)->12332K(12800K) NonClass: 11169K(11520K)->11169K(11520K) Class: 1162K(1280K)->1162K(1280K)
[1.717s][info][gc           ] GC(22) Pause Young (Normal) (G1 Evacuation Pause) 966M->249M(1205M) 1.332ms
[1.717s][info][gc,cpu       ] GC(22) User=0.00s Sys=0.00s Real=0.00s
[1.761s][info][gc,start     ] GC(23) Pause Young (Normal) (G1 Evacuation Pause)
[1.761s][info][gc,task      ] GC(23) Using 15 workers of 15 for evacuation
[1.763s][info][gc,phases    ] GC(23)   Pre Evacuate Collection Set: 0.0ms
[1.763s][info][gc,phases    ] GC(23)   Evacuate Collection Set: 0.8ms
[1.763s][info][gc,phases    ] GC(23)   Post Evacuate Collection Set: 0.2ms
[1.763s][info][gc,phases    ] GC(23)   Other: 0.1ms
[1.763s][info][gc,heap      ] GC(23) Eden regions: 717->0(718)
[1.763s][info][gc,heap      ] GC(23) Survivor regions: 6->5(91)
[1.763s][info][gc,heap      ] GC(23) Old regions: 244->244
[1.763s][info][gc,heap      ] GC(23) Humongous regions: 0->0
[1.763s][info][gc,metaspace ] GC(23) Metaspace: 12332K(12800K)->12332K(12800K) NonClass: 11169K(11520K)->11169K(11520K) Class: 1162K(1280K)->1162K(1280K)
[1.763s][info][gc           ] GC(23) Pause Young (Normal) (G1 Evacuation Pause) 966M->248M(1205M) 1.263ms
[1.763s][info][gc,cpu       ] GC(23) User=0.00s Sys=0.00s Real=0.00s
[1.811s][info][gc,start     ] GC(24) Pause Young (Normal) (G1 Evacuation Pause)
[1.812s][info][gc,task      ] GC(24) Using 15 workers of 15 for evacuation
[1.813s][info][gc,phases    ] GC(24)   Pre Evacuate Collection Set: 0.0ms
[1.813s][info][gc,phases    ] GC(24)   Evacuate Collection Set: 0.7ms
[1.813s][info][gc,phases    ] GC(24)   Post Evacuate Collection Set: 0.2ms
[1.813s][info][gc,phases    ] GC(24)   Other: 0.1ms
[1.813s][info][gc,heap      ] GC(24) Eden regions: 718->0(719)
[1.813s][info][gc,heap      ] GC(24) Survivor regions: 5->4(91)
[1.813s][info][gc,heap      ] GC(24) Old regions: 244->245
[1.813s][info][gc,heap      ] GC(24) Humongous regions: 0->0
[1.813s][info][gc,metaspace ] GC(24) Metaspace: 12332K(12800K)->12332K(12800K) NonClass: 11169K(11520K)->11169K(11520K) Class: 1162K(1280K)->1162K(1280K)
[1.813s][info][gc           ] GC(24) Pause Young (Normal) (G1 Evacuation Pause) 966M->247M(1205M) 1.143ms
[1.813s][info][gc,cpu       ] GC(24) User=0.00s Sys=0.00s Real=0.00s
[1.856s][info][gc,start     ] GC(25) Pause Young (Normal) (G1 Evacuation Pause)
[1.856s][info][gc,task      ] GC(25) Using 15 workers of 15 for evacuation
[1.858s][info][gc,phases    ] GC(25)   Pre Evacuate Collection Set: 0.0ms
[1.858s][info][gc,phases    ] GC(25)   Evacuate Collection Set: 0.7ms
[1.858s][info][gc,phases    ] GC(25)   Post Evacuate Collection Set: 0.3ms
[1.858s][info][gc,phases    ] GC(25)   Other: 0.1ms
[1.858s][info][gc,heap      ] GC(25) Eden regions: 719->0(720)
[1.858s][info][gc,heap      ] GC(25) Survivor regions: 4->3(91)
[1.858s][info][gc,heap      ] GC(25) Old regions: 245->245
[1.858s][info][gc,heap      ] GC(25) Humongous regions: 0->0
[1.858s][info][gc,metaspace ] GC(25) Metaspace: 12332K(12800K)->12332K(12800K) NonClass: 11169K(11520K)->11169K(11520K) Class: 1162K(1280K)->1162K(1280K)
[1.858s][info][gc           ] GC(25) Pause Young (Normal) (G1 Evacuation Pause) 966M->246M(1205M) 1.194ms
[1.858s][info][gc,cpu       ] GC(25) User=0.02s Sys=0.00s Real=0.00s
[1.905s][info][gc,start     ] GC(26) Pause Young (Normal) (G1 Evacuation Pause)
[1.905s][info][gc,task      ] GC(26) Using 15 workers of 15 for evacuation
[1.906s][info][gc,phases    ] GC(26)   Pre Evacuate Collection Set: 0.0ms
[1.906s][info][gc,phases    ] GC(26)   Evacuate Collection Set: 0.7ms
[1.906s][info][gc,phases    ] GC(26)   Post Evacuate Collection Set: 0.3ms
[1.906s][info][gc,phases    ] GC(26)   Other: 0.2ms
[1.906s][info][gc,heap      ] GC(26) Eden regions: 720->0(721)
[1.906s][info][gc,heap      ] GC(26) Survivor regions: 3->2(91)
[1.906s][info][gc,heap      ] GC(26) Old regions: 245->245
[1.906s][info][gc,heap      ] GC(26) Humongous regions: 0->0
[1.906s][info][gc,metaspace ] GC(26) Metaspace: 12332K(12800K)->12332K(12800K) NonClass: 11169K(11520K)->11169K(11520K) Class: 1162K(1280K)->1162K(1280K)
[1.906s][info][gc           ] GC(26) Pause Young (Normal) (G1 Evacuation Pause) 966M->246M(1205M) 1.203ms
[1.906s][info][gc,cpu       ] GC(26) User=0.00s Sys=0.00s Real=0.00s
[1.956s][info][gc,start     ] GC(27) Pause Young (Normal) (G1 Evacuation Pause)
[1.956s][info][gc,task      ] GC(27) Using 15 workers of 15 for evacuation
[1.957s][info][gc,phases    ] GC(27)   Pre Evacuate Collection Set: 0.0ms
[1.957s][info][gc,phases    ] GC(27)   Evacuate Collection Set: 0.3ms
[1.957s][info][gc,phases    ] GC(27)   Post Evacuate Collection Set: 0.2ms
[1.957s][info][gc,phases    ] GC(27)   Other: 0.1ms
[1.957s][info][gc,heap      ] GC(27) Eden regions: 721->0(722)
[1.957s][info][gc,heap      ] GC(27) Survivor regions: 2->1(91)
[1.957s][info][gc,heap      ] GC(27) Old regions: 245->245
[1.957s][info][gc,heap      ] GC(27) Humongous regions: 0->0
[1.957s][info][gc,metaspace ] GC(27) Metaspace: 12332K(12800K)->12332K(12800K) NonClass: 11169K(11520K)->11169K(11520K) Class: 1162K(1280K)->1162K(1280K)
[1.957s][info][gc           ] GC(27) Pause Young (Normal) (G1 Evacuation Pause) 967M->245M(1205M) 0.724ms
[1.957s][info][gc,cpu       ] GC(27) User=0.00s Sys=0.00s Real=0.00s
[2.000s][info][gc,start     ] GC(28) Pause Young (Normal) (G1 Evacuation Pause)
[2.000s][info][gc,task      ] GC(28) Using 15 workers of 15 for evacuation
[2.001s][info][gc,phases    ] GC(28)   Pre Evacuate Collection Set: 0.0ms
[2.001s][info][gc,phases    ] GC(28)   Evacuate Collection Set: 0.5ms
[2.001s][info][gc,phases    ] GC(28)   Post Evacuate Collection Set: 0.3ms
[2.001s][info][gc,phases    ] GC(28)   Other: 0.1ms
[2.001s][info][gc,heap      ] GC(28) Eden regions: 722->0(721)
[2.001s][info][gc,heap      ] GC(28) Survivor regions: 1->2(91)
[2.001s][info][gc,heap      ] GC(28) Old regions: 245->245
[2.001s][info][gc,heap      ] GC(28) Humongous regions: 0->0
[2.001s][info][gc,metaspace ] GC(28) Metaspace: 12332K(12800K)->12332K(12800K) NonClass: 11169K(11520K)->11169K(11520K) Class: 1162K(1280K)->1162K(1280K)
[2.001s][info][gc           ] GC(28) Pause Young (Normal) (G1 Evacuation Pause) 967M->246M(1205M) 0.976ms
[2.001s][info][gc,cpu       ] GC(28) User=0.00s Sys=0.00s Real=0.00s
[2.052s][info][gc,start     ] GC(29) Pause Young (Normal) (G1 Evacuation Pause)
[2.052s][info][gc,task      ] GC(29) Using 15 workers of 15 for evacuation
[2.053s][info][gc,phases    ] GC(29)   Pre Evacuate Collection Set: 0.0ms
[2.053s][info][gc,phases    ] GC(29)   Evacuate Collection Set: 0.5ms
[2.053s][info][gc,phases    ] GC(29)   Post Evacuate Collection Set: 0.2ms
[2.053s][info][gc,phases    ] GC(29)   Other: 0.1ms
[2.053s][info][gc,heap      ] GC(29) Eden regions: 721->0(720)
[2.053s][info][gc,heap      ] GC(29) Survivor regions: 2->3(91)
[2.053s][info][gc,heap      ] GC(29) Old regions: 245->245
[2.053s][info][gc,heap      ] GC(29) Humongous regions: 0->0
[2.053s][info][gc,metaspace ] GC(29) Metaspace: 12332K(12800K)->12332K(12800K) NonClass: 11169K(11520K)->11169K(11520K) Class: 1162K(1280K)->1162K(1280K)
[2.053s][info][gc           ] GC(29) Pause Young (Normal) (G1 Evacuation Pause) 967M->247M(1205M) 0.961ms
[2.053s][info][gc,cpu       ] GC(29) User=0.00s Sys=0.00s Real=0.00s
[2.097s][info][gc,start     ] GC(30) Pause Young (Normal) (G1 Evacuation Pause)
[2.097s][info][gc,task      ] GC(30) Using 15 workers of 15 for evacuation
[2.098s][info][gc,phases    ] GC(30)   Pre Evacuate Collection Set: 0.0ms
[2.098s][info][gc,phases    ] GC(30)   Evacuate Collection Set: 0.7ms
[2.098s][info][gc,phases    ] GC(30)   Post Evacuate Collection Set: 0.2ms
[2.098s][info][gc,phases    ] GC(30)   Other: 0.1ms
[2.098s][info][gc,heap      ] GC(30) Eden regions: 720->0(720)
[2.098s][info][gc,heap      ] GC(30) Survivor regions: 3->3(91)
[2.098s][info][gc,heap      ] GC(30) Old regions: 245->245
[2.098s][info][gc,heap      ] GC(30) Humongous regions: 0->0
[2.098s][info][gc,metaspace ] GC(30) Metaspace: 12332K(12800K)->12332K(12800K) NonClass: 11169K(11520K)->11169K(11520K) Class: 1162K(1280K)->1162K(1280K)
[2.098s][info][gc           ] GC(30) Pause Young (Normal) (G1 Evacuation Pause) 967M->247M(1205M) 1.184ms
[2.098s][info][gc,cpu       ] GC(30) User=0.00s Sys=0.00s Real=0.00s
[2.148s][info][gc,start     ] GC(31) Pause Young (Normal) (G1 Evacuation Pause)
[2.148s][info][gc,task      ] GC(31) Using 15 workers of 15 for evacuation
[2.149s][info][gc,phases    ] GC(31)   Pre Evacuate Collection Set: 0.0ms
[2.149s][info][gc,phases    ] GC(31)   Evacuate Collection Set: 0.5ms
[2.149s][info][gc,phases    ] GC(31)   Post Evacuate Collection Set: 0.3ms
[2.149s][info][gc,phases    ] GC(31)   Other: 0.2ms
[2.149s][info][gc,heap      ] GC(31) Eden regions: 720->0(720)
[2.149s][info][gc,heap      ] GC(31) Survivor regions: 3->3(91)
[2.149s][info][gc,heap      ] GC(31) Old regions: 245->245
[2.149s][info][gc,heap      ] GC(31) Humongous regions: 0->0
[2.149s][info][gc,metaspace ] GC(31) Metaspace: 12332K(12800K)->12332K(12800K) NonClass: 11169K(11520K)->11169K(11520K) Class: 1162K(1280K)->1162K(1280K)
[2.149s][info][gc           ] GC(31) Pause Young (Normal) (G1 Evacuation Pause) 967M->247M(1205M) 1.034ms
[2.149s][info][gc,cpu       ] GC(31) User=0.00s Sys=0.00s Real=0.00s
[2.196s][info][gc,start     ] GC(32) Pause Young (Normal) (G1 Evacuation Pause)
[2.196s][info][gc,task      ] GC(32) Using 15 workers of 15 for evacuation
[2.197s][info][gc,phases    ] GC(32)   Pre Evacuate Collection Set: 0.0ms
[2.197s][info][gc,phases    ] GC(32)   Evacuate Collection Set: 0.6ms
[2.197s][info][gc,phases    ] GC(32)   Post Evacuate Collection Set: 0.2ms
[2.197s][info][gc,phases    ] GC(32)   Other: 0.2ms
[2.197s][info][gc,heap      ] GC(32) Eden regions: 720->0(721)
[2.197s][info][gc,heap      ] GC(32) Survivor regions: 3->2(91)
[2.197s][info][gc,heap      ] GC(32) Old regions: 245->246
[2.197s][info][gc,heap      ] GC(32) Humongous regions: 0->0
[2.197s][info][gc,metaspace ] GC(32) Metaspace: 12332K(12800K)->12332K(12800K) NonClass: 11169K(11520K)->11169K(11520K) Class: 1162K(1280K)->1162K(1280K)
[2.197s][info][gc           ] GC(32) Pause Young (Normal) (G1 Evacuation Pause) 967M->246M(1205M) 1.045ms
[2.197s][info][gc,cpu       ] GC(32) User=0.00s Sys=0.00s Real=0.00s
[2.246s][info][gc,start     ] GC(33) Pause Young (Normal) (G1 Evacuation Pause)
[2.246s][info][gc,task      ] GC(33) Using 15 workers of 15 for evacuation
[2.247s][info][gc,phases    ] GC(33)   Pre Evacuate Collection Set: 0.0ms
[2.247s][info][gc,phases    ] GC(33)   Evacuate Collection Set: 0.6ms
[2.247s][info][gc,phases    ] GC(33)   Post Evacuate Collection Set: 0.3ms
[2.247s][info][gc,phases    ] GC(33)   Other: 0.2ms
[2.247s][info][gc,heap      ] GC(33) Eden regions: 721->0(721)
[2.247s][info][gc,heap      ] GC(33) Survivor regions: 2->2(91)
[2.247s][info][gc,heap      ] GC(33) Old regions: 246->246
[2.247s][info][gc,heap      ] GC(33) Humongous regions: 0->0
[2.247s][info][gc,metaspace ] GC(33) Metaspace: 12332K(12800K)->12332K(12800K) NonClass: 11169K(11520K)->11169K(11520K) Class: 1162K(1280K)->1162K(1280K)
[2.247s][info][gc           ] GC(33) Pause Young (Normal) (G1 Evacuation Pause) 967M->246M(1205M) 1.147ms
[2.247s][info][gc,cpu       ] GC(33) User=0.00s Sys=0.00s Real=0.00s
[2.297s][info][gc,start     ] GC(34) Pause Young (Normal) (G1 Evacuation Pause)
[2.297s][info][gc,task      ] GC(34) Using 15 workers of 15 for evacuation
[2.298s][info][gc,phases    ] GC(34)   Pre Evacuate Collection Set: 0.0ms
[2.298s][info][gc,phases    ] GC(34)   Evacuate Collection Set: 0.3ms
[2.298s][info][gc,phases    ] GC(34)   Post Evacuate Collection Set: 0.2ms
[2.298s][info][gc,phases    ] GC(34)   Other: 0.1ms
[2.298s][info][gc,heap      ] GC(34) Eden regions: 721->0(721)
[2.298s][info][gc,heap      ] GC(34) Survivor regions: 2->2(91)
[2.298s][info][gc,heap      ] GC(34) Old regions: 246->246
[2.298s][info][gc,heap      ] GC(34) Humongous regions: 0->0
[2.298s][info][gc,metaspace ] GC(34) Metaspace: 12332K(12800K)->12332K(12800K) NonClass: 11169K(11520K)->11169K(11520K) Class: 1162K(1280K)->1162K(1280K)
[2.298s][info][gc           ] GC(34) Pause Young (Normal) (G1 Evacuation Pause) 967M->246M(1205M) 0.706ms
[2.298s][info][gc,cpu       ] GC(34) User=0.00s Sys=0.00s Real=0.00s
[2.343s][info][gc,start     ] GC(35) Pause Young (Normal) (G1 Evacuation Pause)
[2.343s][info][gc,task      ] GC(35) Using 15 workers of 15 for evacuation
[2.344s][info][gc,phases    ] GC(35)   Pre Evacuate Collection Set: 0.0ms
[2.344s][info][gc,phases    ] GC(35)   Evacuate Collection Set: 0.6ms
[2.344s][info][gc,phases    ] GC(35)   Post Evacuate Collection Set: 0.2ms
[2.344s][info][gc,phases    ] GC(35)   Other: 0.1ms
[2.344s][info][gc,heap      ] GC(35) Eden regions: 721->0(720)
[2.344s][info][gc,heap      ] GC(35) Survivor regions: 2->3(91)
[2.344s][info][gc,heap      ] GC(35) Old regions: 246->246
[2.344s][info][gc,heap      ] GC(35) Humongous regions: 0->0
[2.344s][info][gc,metaspace ] GC(35) Metaspace: 12332K(12800K)->12332K(12800K) NonClass: 11169K(11520K)->11169K(11520K) Class: 1162K(1280K)->1162K(1280K)
[2.344s][info][gc           ] GC(35) Pause Young (Normal) (G1 Evacuation Pause) 967M->247M(1205M) 1.073ms
[2.344s][info][gc,cpu       ] GC(35) User=0.00s Sys=0.00s Real=0.00s
[2.392s][info][gc,start     ] GC(36) Pause Young (Normal) (G1 Evacuation Pause)
[2.392s][info][gc,task      ] GC(36) Using 15 workers of 15 for evacuation
[2.393s][info][gc,phases    ] GC(36)   Pre Evacuate Collection Set: 0.0ms
[2.393s][info][gc,phases    ] GC(36)   Evacuate Collection Set: 0.5ms
[2.393s][info][gc,phases    ] GC(36)   Post Evacuate Collection Set: 0.2ms
[2.393s][info][gc,phases    ] GC(36)   Other: 0.1ms
[2.393s][info][gc,heap      ] GC(36) Eden regions: 720->0(720)
[2.393s][info][gc,heap      ] GC(36) Survivor regions: 3->3(91)
[2.393s][info][gc,heap      ] GC(36) Old regions: 246->246
[2.393s][info][gc,heap      ] GC(36) Humongous regions: 0->0
[2.393s][info][gc,metaspace ] GC(36) Metaspace: 12332K(12800K)->12332K(12800K) NonClass: 11169K(11520K)->11169K(11520K) Class: 1162K(1280K)->1162K(1280K)
[2.393s][info][gc           ] GC(36) Pause Young (Normal) (G1 Evacuation Pause) 967M->247M(1205M) 0.950ms
[2.393s][info][gc,cpu       ] GC(36) User=0.00s Sys=0.00s Real=0.00s
[2.437s][info][gc,start     ] GC(37) Pause Young (Normal) (G1 Evacuation Pause)
[2.437s][info][gc,task      ] GC(37) Using 15 workers of 15 for evacuation
[2.438s][info][gc,phases    ] GC(37)   Pre Evacuate Collection Set: 0.0ms
[2.438s][info][gc,phases    ] GC(37)   Evacuate Collection Set: 0.5ms
[2.438s][info][gc,phases    ] GC(37)   Post Evacuate Collection Set: 0.2ms
[2.438s][info][gc,phases    ] GC(37)   Other: 0.1ms
[2.438s][info][gc,heap      ] GC(37) Eden regions: 720->0(721)
[2.438s][info][gc,heap      ] GC(37) Survivor regions: 3->2(91)
[2.438s][info][gc,heap      ] GC(37) Old regions: 246->246
[2.438s][info][gc,heap      ] GC(37) Humongous regions: 0->0
[2.438s][info][gc,metaspace ] GC(37) Metaspace: 12332K(12800K)->12332K(12800K) NonClass: 11169K(11520K)->11169K(11520K) Class: 1162K(1280K)->1162K(1280K)
[2.438s][info][gc           ] GC(37) Pause Young (Normal) (G1 Evacuation Pause) 967M->246M(1205M) 0.919ms
[2.438s][info][gc,cpu       ] GC(37) User=0.00s Sys=0.00s Real=0.00s
[2.486s][info][gc,start     ] GC(38) Pause Young (Normal) (G1 Evacuation Pause)
[2.486s][info][gc,task      ] GC(38) Using 15 workers of 15 for evacuation
[2.487s][info][gc,phases    ] GC(38)   Pre Evacuate Collection Set: 0.0ms
[2.487s][info][gc,phases    ] GC(38)   Evacuate Collection Set: 0.5ms
[2.487s][info][gc,phases    ] GC(38)   Post Evacuate Collection Set: 0.2ms
[2.487s][info][gc,phases    ] GC(38)   Other: 0.1ms
[2.487s][info][gc,heap      ] GC(38) Eden regions: 721->0(721)
[2.487s][info][gc,heap      ] GC(38) Survivor regions: 2->2(91)
[2.487s][info][gc,heap      ] GC(38) Old regions: 246->246
[2.487s][info][gc,heap      ] GC(38) Humongous regions: 0->0
[2.487s][info][gc,metaspace ] GC(38) Metaspace: 12332K(12800K)->12332K(12800K) NonClass: 11169K(11520K)->11169K(11520K) Class: 1162K(1280K)->1162K(1280K)
[2.487s][info][gc           ] GC(38) Pause Young (Normal) (G1 Evacuation Pause) 967M->246M(1205M) 0.937ms
[2.487s][info][gc,cpu       ] GC(38) User=0.00s Sys=0.00s Real=0.00s
[2.531s][info][gc,start     ] GC(39) Pause Young (Normal) (G1 Evacuation Pause)
[2.531s][info][gc,task      ] GC(39) Using 15 workers of 15 for evacuation
[2.532s][info][gc,phases    ] GC(39)   Pre Evacuate Collection Set: 0.0ms
[2.532s][info][gc,phases    ] GC(39)   Evacuate Collection Set: 0.5ms
[2.532s][info][gc,phases    ] GC(39)   Post Evacuate Collection Set: 0.2ms
[2.532s][info][gc,phases    ] GC(39)   Other: 0.1ms
[2.532s][info][gc,heap      ] GC(39) Eden regions: 721->0(721)
[2.532s][info][gc,heap      ] GC(39) Survivor regions: 2->2(91)
[2.532s][info][gc,heap      ] GC(39) Old regions: 246->246
[2.532s][info][gc,heap      ] GC(39) Humongous regions: 0->0
[2.532s][info][gc,metaspace ] GC(39) Metaspace: 12332K(12800K)->12332K(12800K) NonClass: 11169K(11520K)->11169K(11520K) Class: 1162K(1280K)->1162K(1280K)
[2.532s][info][gc           ] GC(39) Pause Young (Normal) (G1 Evacuation Pause) 967M->246M(1205M) 0.945ms
[2.532s][info][gc,cpu       ] GC(39) User=0.00s Sys=0.00s Real=0.00s
[2.578s][info][gc,start     ] GC(40) Pause Young (Normal) (G1 Evacuation Pause)
[2.578s][info][gc,task      ] GC(40) Using 15 workers of 15 for evacuation
[2.580s][info][gc,phases    ] GC(40)   Pre Evacuate Collection Set: 0.0ms
[2.580s][info][gc,phases    ] GC(40)   Evacuate Collection Set: 0.8ms
[2.580s][info][gc,phases    ] GC(40)   Post Evacuate Collection Set: 0.2ms
[2.580s][info][gc,phases    ] GC(40)   Other: 0.2ms
[2.580s][info][gc,heap      ] GC(40) Eden regions: 721->0(719)
[2.580s][info][gc,heap      ] GC(40) Survivor regions: 2->4(91)
[2.580s][info][gc,heap      ] GC(40) Old regions: 246->246
[2.580s][info][gc,heap      ] GC(40) Humongous regions: 0->0
[2.580s][info][gc,metaspace ] GC(40) Metaspace: 12332K(12800K)->12332K(12800K) NonClass: 11169K(11520K)->11169K(11520K) Class: 1162K(1280K)->1162K(1280K)
[2.580s][info][gc           ] GC(40) Pause Young (Normal) (G1 Evacuation Pause) 967M->248M(1205M) 1.326ms
[2.580s][info][gc,cpu       ] GC(40) User=0.00s Sys=0.00s Real=0.00s
[2.628s][info][gc,start     ] GC(41) Pause Young (Normal) (G1 Evacuation Pause)
[2.629s][info][gc,task      ] GC(41) Using 15 workers of 15 for evacuation
[2.629s][info][gc,phases    ] GC(41)   Pre Evacuate Collection Set: 0.0ms
[2.629s][info][gc,phases    ] GC(41)   Evacuate Collection Set: 0.4ms
[2.629s][info][gc,phases    ] GC(41)   Post Evacuate Collection Set: 0.2ms
[2.629s][info][gc,phases    ] GC(41)   Other: 0.1ms
[2.629s][info][gc,heap      ] GC(41) Eden regions: 719->0(721)
[2.629s][info][gc,heap      ] GC(41) Survivor regions: 4->2(91)
[2.629s][info][gc,heap      ] GC(41) Old regions: 246->246
[2.629s][info][gc,heap      ] GC(41) Humongous regions: 0->0
[2.629s][info][gc,metaspace ] GC(41) Metaspace: 12332K(12800K)->12332K(12800K) NonClass: 11169K(11520K)->11169K(11520K) Class: 1162K(1280K)->1162K(1280K)
[2.629s][info][gc           ] GC(41) Pause Young (Normal) (G1 Evacuation Pause) 967M->246M(1205M) 0.772ms
[2.629s][info][gc,cpu       ] GC(41) User=0.00s Sys=0.00s Real=0.00s
[2.673s][info][gc,start     ] GC(42) Pause Young (Normal) (G1 Evacuation Pause)
[2.673s][info][gc,task      ] GC(42) Using 15 workers of 15 for evacuation
[2.674s][info][gc,phases    ] GC(42)   Pre Evacuate Collection Set: 0.0ms
[2.674s][info][gc,phases    ] GC(42)   Evacuate Collection Set: 0.6ms
[2.674s][info][gc,phases    ] GC(42)   Post Evacuate Collection Set: 0.2ms
[2.674s][info][gc,phases    ] GC(42)   Other: 0.1ms
[2.674s][info][gc,heap      ] GC(42) Eden regions: 721->0(720)
[2.674s][info][gc,heap      ] GC(42) Survivor regions: 2->3(91)
[2.674s][info][gc,heap      ] GC(42) Old regions: 246->246
[2.674s][info][gc,heap      ] GC(42) Humongous regions: 0->0
[2.674s][info][gc,metaspace ] GC(42) Metaspace: 12332K(12800K)->12332K(12800K) NonClass: 11169K(11520K)->11169K(11520K) Class: 1162K(1280K)->1162K(1280K)
[2.674s][info][gc           ] GC(42) Pause Young (Normal) (G1 Evacuation Pause) 967M->247M(1205M) 1.028ms
[2.674s][info][gc,cpu       ] GC(42) User=0.00s Sys=0.00s Real=0.00s
[2.721s][info][gc,start     ] GC(43) Pause Young (Normal) (G1 Evacuation Pause)
[2.722s][info][gc,task      ] GC(43) Using 15 workers of 15 for evacuation
[2.722s][info][gc,phases    ] GC(43)   Pre Evacuate Collection Set: 0.0ms
[2.722s][info][gc,phases    ] GC(43)   Evacuate Collection Set: 0.5ms
[2.722s][info][gc,phases    ] GC(43)   Post Evacuate Collection Set: 0.2ms
[2.722s][info][gc,phases    ] GC(43)   Other: 0.1ms
[2.722s][info][gc,heap      ] GC(43) Eden regions: 720->0(721)
[2.722s][info][gc,heap      ] GC(43) Survivor regions: 3->2(91)
[2.722s][info][gc,heap      ] GC(43) Old regions: 246->246
[2.722s][info][gc,heap      ] GC(43) Humongous regions: 0->0
[2.722s][info][gc,metaspace ] GC(43) Metaspace: 12332K(12800K)->12332K(12800K) NonClass: 11169K(11520K)->11169K(11520K) Class: 1162K(1280K)->1162K(1280K)
[2.722s][info][gc           ] GC(43) Pause Young (Normal) (G1 Evacuation Pause) 967M->246M(1205M) 0.880ms
[2.722s][info][gc,cpu       ] GC(43) User=0.00s Sys=0.00s Real=0.00s
[2.766s][info][gc,start     ] GC(44) Pause Young (Normal) (G1 Evacuation Pause)
[2.766s][info][gc,task      ] GC(44) Using 15 workers of 15 for evacuation
[2.767s][info][gc,phases    ] GC(44)   Pre Evacuate Collection Set: 0.0ms
[2.767s][info][gc,phases    ] GC(44)   Evacuate Collection Set: 0.6ms
[2.767s][info][gc,phases    ] GC(44)   Post Evacuate Collection Set: 0.2ms
[2.767s][info][gc,phases    ] GC(44)   Other: 0.1ms
[2.767s][info][gc,heap      ] GC(44) Eden regions: 721->0(721)
[2.767s][info][gc,heap      ] GC(44) Survivor regions: 2->2(91)
[2.767s][info][gc,heap      ] GC(44) Old regions: 246->246
[2.767s][info][gc,heap      ] GC(44) Humongous regions: 0->0
[2.767s][info][gc,metaspace ] GC(44) Metaspace: 12332K(12800K)->12332K(12800K) NonClass: 11169K(11520K)->11169K(11520K) Class: 1162K(1280K)->1162K(1280K)
[2.767s][info][gc           ] GC(44) Pause Young (Normal) (G1 Evacuation Pause) 967M->247M(1205M) 0.970ms
[2.767s][info][gc,cpu       ] GC(44) User=0.00s Sys=0.00s Real=0.00s
[2.813s][info][gc,start     ] GC(45) Pause Young (Normal) (G1 Evacuation Pause)
[2.814s][info][gc,task      ] GC(45) Using 15 workers of 15 for evacuation
[2.814s][info][gc,phases    ] GC(45)   Pre Evacuate Collection Set: 0.0ms
[2.814s][info][gc,phases    ] GC(45)   Evacuate Collection Set: 0.4ms
[2.814s][info][gc,phases    ] GC(45)   Post Evacuate Collection Set: 0.2ms
[2.814s][info][gc,phases    ] GC(45)   Other: 0.1ms
[2.814s][info][gc,heap      ] GC(45) Eden regions: 721->0(721)
[2.814s][info][gc,heap      ] GC(45) Survivor regions: 2->2(91)
[2.814s][info][gc,heap      ] GC(45) Old regions: 246->246
[2.814s][info][gc,heap      ] GC(45) Humongous regions: 0->0
[2.814s][info][gc,metaspace ] GC(45) Metaspace: 12332K(12800K)->12332K(12800K) NonClass: 11169K(11520K)->11169K(11520K) Class: 1162K(1280K)->1162K(1280K)
[2.814s][info][gc           ] GC(45) Pause Young (Normal) (G1 Evacuation Pause) 968M->246M(1205M) 0.859ms
[2.814s][info][gc,cpu       ] GC(45) User=0.00s Sys=0.00s Real=0.00s
[2.859s][info][gc,start     ] GC(46) Pause Young (Normal) (G1 Evacuation Pause)
[2.859s][info][gc,task      ] GC(46) Using 15 workers of 15 for evacuation
[2.860s][info][gc,phases    ] GC(46)   Pre Evacuate Collection Set: 0.0ms
[2.860s][info][gc,phases    ] GC(46)   Evacuate Collection Set: 0.6ms
[2.860s][info][gc,phases    ] GC(46)   Post Evacuate Collection Set: 0.2ms
[2.860s][info][gc,phases    ] GC(46)   Other: 0.1ms
[2.860s][info][gc,heap      ] GC(46) Eden regions: 721->0(720)
[2.860s][info][gc,heap      ] GC(46) Survivor regions: 2->3(91)
[2.860s][info][gc,heap      ] GC(46) Old regions: 246->246
[2.860s][info][gc,heap      ] GC(46) Humongous regions: 0->0
[2.860s][info][gc,metaspace ] GC(46) Metaspace: 12332K(12800K)->12332K(12800K) NonClass: 11169K(11520K)->11169K(11520K) Class: 1162K(1280K)->1162K(1280K)
[2.860s][info][gc           ] GC(46) Pause Young (Normal) (G1 Evacuation Pause) 967M->247M(1205M) 1.023ms
[2.860s][info][gc,cpu       ] GC(46) User=0.00s Sys=0.00s Real=0.00s
[2.908s][info][gc,start     ] GC(47) Pause Young (Normal) (G1 Evacuation Pause)
[2.908s][info][gc,task      ] GC(47) Using 15 workers of 15 for evacuation
[2.908s][info][gc,phases    ] GC(47)   Pre Evacuate Collection Set: 0.0ms
[2.908s][info][gc,phases    ] GC(47)   Evacuate Collection Set: 0.4ms
[2.908s][info][gc,phases    ] GC(47)   Post Evacuate Collection Set: 0.2ms
[2.908s][info][gc,phases    ] GC(47)   Other: 0.1ms
[2.908s][info][gc,heap      ] GC(47) Eden regions: 720->0(721)
[2.908s][info][gc,heap      ] GC(47) Survivor regions: 3->2(91)
[2.908s][info][gc,heap      ] GC(47) Old regions: 246->246
[2.908s][info][gc,heap      ] GC(47) Humongous regions: 0->0
[2.908s][info][gc,metaspace ] GC(47) Metaspace: 12332K(12800K)->12332K(12800K) NonClass: 11169K(11520K)->11169K(11520K) Class: 1162K(1280K)->1162K(1280K)
[2.908s][info][gc           ] GC(47) Pause Young (Normal) (G1 Evacuation Pause) 967M->246M(1205M) 0.843ms
[2.908s][info][gc,cpu       ] GC(47) User=0.00s Sys=0.00s Real=0.00s
[2.957s][info][gc,start     ] GC(48) Pause Young (Normal) (G1 Evacuation Pause)
[2.957s][info][gc,task      ] GC(48) Using 15 workers of 15 for evacuation
[2.958s][info][gc,phases    ] GC(48)   Pre Evacuate Collection Set: 0.0ms
[2.958s][info][gc,phases    ] GC(48)   Evacuate Collection Set: 0.5ms
[2.958s][info][gc,phases    ] GC(48)   Post Evacuate Collection Set: 0.3ms
[2.958s][info][gc,phases    ] GC(48)   Other: 0.2ms
[2.958s][info][gc,heap      ] GC(48) Eden regions: 721->0(721)
[2.958s][info][gc,heap      ] GC(48) Survivor regions: 2->2(91)
[2.958s][info][gc,heap      ] GC(48) Old regions: 246->246
[2.958s][info][gc,heap      ] GC(48) Humongous regions: 0->0
[2.958s][info][gc,metaspace ] GC(48) Metaspace: 12332K(12800K)->12332K(12800K) NonClass: 11169K(11520K)->11169K(11520K) Class: 1162K(1280K)->1162K(1280K)
[2.958s][info][gc           ] GC(48) Pause Young (Normal) (G1 Evacuation Pause) 967M->247M(1205M) 0.991ms
[2.958s][info][gc,cpu       ] GC(48) User=0.00s Sys=0.00s Real=0.00s
[3.002s][info][gc,start     ] GC(49) Pause Young (Normal) (G1 Evacuation Pause)
[3.002s][info][gc,task      ] GC(49) Using 15 workers of 15 for evacuation
[3.003s][info][gc,phases    ] GC(49)   Pre Evacuate Collection Set: 0.0ms
[3.003s][info][gc,phases    ] GC(49)   Evacuate Collection Set: 0.6ms
[3.003s][info][gc,phases    ] GC(49)   Post Evacuate Collection Set: 0.2ms
[3.003s][info][gc,phases    ] GC(49)   Other: 0.1ms
[3.003s][info][gc,heap      ] GC(49) Eden regions: 721->0(720)
[3.003s][info][gc,heap      ] GC(49) Survivor regions: 2->3(91)
[3.003s][info][gc,heap      ] GC(49) Old regions: 246->246
[3.003s][info][gc,heap      ] GC(49) Humongous regions: 0->0
[3.003s][info][gc,metaspace ] GC(49) Metaspace: 12332K(12800K)->12332K(12800K) NonClass: 11169K(11520K)->11169K(11520K) Class: 1162K(1280K)->1162K(1280K)
[3.003s][info][gc           ] GC(49) Pause Young (Normal) (G1 Evacuation Pause) 968M->247M(1205M) 1.028ms
[3.003s][info][gc,cpu       ] GC(49) User=0.00s Sys=0.00s Real=0.00s
[3.052s][info][gc,start     ] GC(50) Pause Young (Normal) (G1 Evacuation Pause)
[3.053s][info][gc,task      ] GC(50) Using 15 workers of 15 for evacuation
[3.054s][info][gc,phases    ] GC(50)   Pre Evacuate Collection Set: 0.0ms
[3.054s][info][gc,phases    ] GC(50)   Evacuate Collection Set: 0.7ms
[3.054s][info][gc,phases    ] GC(50)   Post Evacuate Collection Set: 0.2ms
[3.054s][info][gc,phases    ] GC(50)   Other: 0.2ms
[3.054s][info][gc,heap      ] GC(50) Eden regions: 720->0(720)
[3.054s][info][gc,heap      ] GC(50) Survivor regions: 3->3(91)
[3.054s][info][gc,heap      ] GC(50) Old regions: 246->246
[3.054s][info][gc,heap      ] GC(50) Humongous regions: 0->0
[3.054s][info][gc,metaspace ] GC(50) Metaspace: 12332K(12800K)->12332K(12800K) NonClass: 11170K(11520K)->11170K(11520K) Class: 1162K(1280K)->1162K(1280K)
[3.054s][info][gc           ] GC(50) Pause Young (Normal) (G1 Evacuation Pause) 967M->247M(1205M) 1.192ms
[3.054s][info][gc,cpu       ] GC(50) User=0.00s Sys=0.00s Real=0.00s
[3.099s][info][gc,start     ] GC(51) Pause Young (Normal) (G1 Evacuation Pause)
[3.099s][info][gc,task      ] GC(51) Using 15 workers of 15 for evacuation
[3.100s][info][gc,phases    ] GC(51)   Pre Evacuate Collection Set: 0.0ms
[3.100s][info][gc,phases    ] GC(51)   Evacuate Collection Set: 0.6ms
[3.100s][info][gc,phases    ] GC(51)   Post Evacuate Collection Set: 0.2ms
[3.100s][info][gc,phases    ] GC(51)   Other: 0.1ms
[3.100s][info][gc,heap      ] GC(51) Eden regions: 720->0(720)
[3.100s][info][gc,heap      ] GC(51) Survivor regions: 3->3(91)
[3.100s][info][gc,heap      ] GC(51) Old regions: 246->246
[3.100s][info][gc,heap      ] GC(51) Humongous regions: 0->0
[3.100s][info][gc,metaspace ] GC(51) Metaspace: 12332K(12800K)->12332K(12800K) NonClass: 11170K(11520K)->11170K(11520K) Class: 1162K(1280K)->1162K(1280K)
[3.100s][info][gc           ] GC(51) Pause Young (Normal) (G1 Evacuation Pause) 967M->247M(1205M) 0.960ms
[3.100s][info][gc,cpu       ] GC(51) User=0.00s Sys=0.00s Real=0.00s
[3.148s][info][gc,start     ] GC(52) Pause Young (Normal) (G1 Evacuation Pause)
[3.149s][info][gc,task      ] GC(52) Using 15 workers of 15 for evacuation
[3.149s][info][gc,phases    ] GC(52)   Pre Evacuate Collection Set: 0.0ms
[3.149s][info][gc,phases    ] GC(52)   Evacuate Collection Set: 0.5ms
[3.149s][info][gc,phases    ] GC(52)   Post Evacuate Collection Set: 0.2ms
[3.149s][info][gc,phases    ] GC(52)   Other: 0.1ms
[3.149s][info][gc,heap      ] GC(52) Eden regions: 720->0(721)
[3.149s][info][gc,heap      ] GC(52) Survivor regions: 3->2(91)
[3.149s][info][gc,heap      ] GC(52) Old regions: 246->246
[3.149s][info][gc,heap      ] GC(52) Humongous regions: 0->0
[3.149s][info][gc,metaspace ] GC(52) Metaspace: 12332K(12800K)->12332K(12800K) NonClass: 11170K(11520K)->11170K(11520K) Class: 1162K(1280K)->1162K(1280K)
[3.149s][info][gc           ] GC(52) Pause Young (Normal) (G1 Evacuation Pause) 967M->246M(1205M) 0.910ms
[3.149s][info][gc,cpu       ] GC(52) User=0.00s Sys=0.00s Real=0.00s
[3.194s][info][gc,start     ] GC(53) Pause Young (Normal) (G1 Evacuation Pause)
[3.194s][info][gc,task      ] GC(53) Using 15 workers of 15 for evacuation
[3.195s][info][gc,phases    ] GC(53)   Pre Evacuate Collection Set: 0.0ms
[3.195s][info][gc,phases    ] GC(53)   Evacuate Collection Set: 0.6ms
[3.195s][info][gc,phases    ] GC(53)   Post Evacuate Collection Set: 0.2ms
[3.195s][info][gc,phases    ] GC(53)   Other: 0.1ms
[3.195s][info][gc,heap      ] GC(53) Eden regions: 721->0(721)
[3.195s][info][gc,heap      ] GC(53) Survivor regions: 2->2(91)
[3.195s][info][gc,heap      ] GC(53) Old regions: 246->246
[3.195s][info][gc,heap      ] GC(53) Humongous regions: 0->0
[3.195s][info][gc,metaspace ] GC(53) Metaspace: 12332K(12800K)->12332K(12800K) NonClass: 11170K(11520K)->11170K(11520K) Class: 1162K(1280K)->1162K(1280K)
[3.195s][info][gc           ] GC(53) Pause Young (Normal) (G1 Evacuation Pause) 967M->247M(1205M) 1.091ms
[3.195s][info][gc,cpu       ] GC(53) User=0.00s Sys=0.00s Real=0.00s
[3.244s][info][gc,start     ] GC(54) Pause Young (Normal) (G1 Evacuation Pause)
[3.245s][info][gc,task      ] GC(54) Using 15 workers of 15 for evacuation
[3.245s][info][gc,phases    ] GC(54)   Pre Evacuate Collection Set: 0.0ms
[3.245s][info][gc,phases    ] GC(54)   Evacuate Collection Set: 0.6ms
[3.245s][info][gc,phases    ] GC(54)   Post Evacuate Collection Set: 0.3ms
[3.245s][info][gc,phases    ] GC(54)   Other: 0.1ms
[3.245s][info][gc,heap      ] GC(54) Eden regions: 721->0(720)
[3.245s][info][gc,heap      ] GC(54) Survivor regions: 2->3(91)
[3.245s][info][gc,heap      ] GC(54) Old regions: 246->246
[3.246s][info][gc,heap      ] GC(54) Humongous regions: 0->0
[3.246s][info][gc,metaspace ] GC(54) Metaspace: 12341K(12800K)->12341K(12800K) NonClass: 11177K(11520K)->11177K(11520K) Class: 1163K(1280K)->1163K(1280K)
[3.246s][info][gc           ] GC(54) Pause Young (Normal) (G1 Evacuation Pause) 968M->247M(1205M) 1.047ms
[3.246s][info][gc,cpu       ] GC(54) User=0.00s Sys=0.00s Real=0.00s
[3.297s][info][gc,start     ] GC(55) Pause Young (Normal) (G1 Evacuation Pause)
[3.297s][info][gc,task      ] GC(55) Using 15 workers of 15 for evacuation
[3.298s][info][gc,phases    ] GC(55)   Pre Evacuate Collection Set: 0.0ms
[3.298s][info][gc,phases    ] GC(55)   Evacuate Collection Set: 0.4ms
[3.298s][info][gc,phases    ] GC(55)   Post Evacuate Collection Set: 0.2ms
[3.298s][info][gc,phases    ] GC(55)   Other: 0.1ms
[3.298s][info][gc,heap      ] GC(55) Eden regions: 720->0(721)
[3.298s][info][gc,heap      ] GC(55) Survivor regions: 3->2(91)
[3.298s][info][gc,heap      ] GC(55) Old regions: 246->246
[3.298s][info][gc,heap      ] GC(55) Humongous regions: 0->0
[3.298s][info][gc,metaspace ] GC(55) Metaspace: 12341K(12800K)->12341K(12800K) NonClass: 11177K(11520K)->11177K(11520K) Class: 1163K(1280K)->1163K(1280K)
[3.298s][info][gc           ] GC(55) Pause Young (Normal) (G1 Evacuation Pause) 967M->246M(1205M) 0.853ms
[3.298s][info][gc,cpu       ] GC(55) User=0.00s Sys=0.00s Real=0.00s
[3.344s][info][gc,start     ] GC(56) Pause Young (Normal) (G1 Evacuation Pause)
[3.344s][info][gc,task      ] GC(56) Using 15 workers of 15 for evacuation
[3.346s][info][gc,phases    ] GC(56)   Pre Evacuate Collection Set: 0.0ms
[3.346s][info][gc,phases    ] GC(56)   Evacuate Collection Set: 0.9ms
[3.346s][info][gc,phases    ] GC(56)   Post Evacuate Collection Set: 0.3ms
[3.346s][info][gc,phases    ] GC(56)   Other: 0.1ms
[3.346s][info][gc,heap      ] GC(56) Eden regions: 721->0(718)
[3.346s][info][gc,heap      ] GC(56) Survivor regions: 2->5(91)
[3.346s][info][gc,heap      ] GC(56) Old regions: 246->246
[3.346s][info][gc,heap      ] GC(56) Humongous regions: 0->0
[3.346s][info][gc,metaspace ] GC(56) Metaspace: 12341K(12800K)->12341K(12800K) NonClass: 11177K(11520K)->11177K(11520K) Class: 1163K(1280K)->1163K(1280K)
[3.346s][info][gc           ] GC(56) Pause Young (Normal) (G1 Evacuation Pause) 967M->249M(1205M) 1.384ms
[3.346s][info][gc,cpu       ] GC(56) User=0.00s Sys=0.00s Real=0.00s
[3.397s][info][gc,start     ] GC(57) Pause Young (Normal) (G1 Evacuation Pause)
[3.397s][info][gc,task      ] GC(57) Using 15 workers of 15 for evacuation
[3.398s][info][gc,phases    ] GC(57)   Pre Evacuate Collection Set: 0.0ms
[3.398s][info][gc,phases    ] GC(57)   Evacuate Collection Set: 0.7ms
[3.398s][info][gc,phases    ] GC(57)   Post Evacuate Collection Set: 0.2ms
[3.398s][info][gc,phases    ] GC(57)   Other: 0.1ms
[3.398s][info][gc,heap      ] GC(57) Eden regions: 718->0(719)
[3.398s][info][gc,heap      ] GC(57) Survivor regions: 5->4(91)
[3.398s][info][gc,heap      ] GC(57) Old regions: 246->246
[3.399s][info][gc,heap      ] GC(57) Humongous regions: 0->0
[3.399s][info][gc,metaspace ] GC(57) Metaspace: 12341K(12800K)->12341K(12800K) NonClass: 11177K(11520K)->11177K(11520K) Class: 1163K(1280K)->1163K(1280K)
[3.399s][info][gc           ] GC(57) Pause Young (Normal) (G1 Evacuation Pause) 967M->248M(1205M) 1.123ms
[3.399s][info][gc,cpu       ] GC(57) User=0.00s Sys=0.00s Real=0.00s
[3.444s][info][gc,start     ] GC(58) Pause Young (Normal) (G1 Evacuation Pause)
[3.444s][info][gc,task      ] GC(58) Using 15 workers of 15 for evacuation
[3.445s][info][gc,phases    ] GC(58)   Pre Evacuate Collection Set: 0.0ms
[3.445s][info][gc,phases    ] GC(58)   Evacuate Collection Set: 0.6ms
[3.445s][info][gc,phases    ] GC(58)   Post Evacuate Collection Set: 0.2ms
[3.445s][info][gc,phases    ] GC(58)   Other: 0.1ms
[3.445s][info][gc,heap      ] GC(58) Eden regions: 719->0(720)
[3.445s][info][gc,heap      ] GC(58) Survivor regions: 4->3(91)
[3.445s][info][gc,heap      ] GC(58) Old regions: 246->246
[3.445s][info][gc,heap      ] GC(58) Humongous regions: 0->0
[3.445s][info][gc,metaspace ] GC(58) Metaspace: 12341K(12800K)->12341K(12800K) NonClass: 11177K(11520K)->11177K(11520K) Class: 1163K(1280K)->1163K(1280K)
[3.445s][info][gc           ] GC(58) Pause Young (Normal) (G1 Evacuation Pause) 967M->247M(1205M) 1.066ms
[3.445s][info][gc,cpu       ] GC(58) User=0.00s Sys=0.00s Real=0.00s
[3.494s][info][gc,start     ] GC(59) Pause Young (Normal) (G1 Evacuation Pause)
[3.494s][info][gc,task      ] GC(59) Using 15 workers of 15 for evacuation
[3.495s][info][gc,phases    ] GC(59)   Pre Evacuate Collection Set: 0.0ms
[3.495s][info][gc,phases    ] GC(59)   Evacuate Collection Set: 0.7ms
[3.495s][info][gc,phases    ] GC(59)   Post Evacuate Collection Set: 0.2ms
[3.495s][info][gc,phases    ] GC(59)   Other: 0.1ms
[3.495s][info][gc,heap      ] GC(59) Eden regions: 720->0(719)
[3.495s][info][gc,heap      ] GC(59) Survivor regions: 3->4(91)
[3.495s][info][gc,heap      ] GC(59) Old regions: 246->246
[3.495s][info][gc,heap      ] GC(59) Humongous regions: 0->0
[3.495s][info][gc,metaspace ] GC(59) Metaspace: 12345K(12800K)->12345K(12800K) NonClass: 11181K(11520K)->11181K(11520K) Class: 1163K(1280K)->1163K(1280K)
[3.495s][info][gc           ] GC(59) Pause Young (Normal) (G1 Evacuation Pause) 967M->248M(1205M) 1.111ms
[3.495s][info][gc,cpu       ] GC(59) User=0.00s Sys=0.00s Real=0.00s
[3.539s][info][gc,start     ] GC(60) Pause Young (Normal) (G1 Evacuation Pause)
[3.539s][info][gc,task      ] GC(60) Using 15 workers of 15 for evacuation
[3.540s][info][gc,phases    ] GC(60)   Pre Evacuate Collection Set: 0.0ms
[3.540s][info][gc,phases    ] GC(60)   Evacuate Collection Set: 0.5ms
[3.540s][info][gc,phases    ] GC(60)   Post Evacuate Collection Set: 0.2ms
[3.540s][info][gc,phases    ] GC(60)   Other: 0.1ms
[3.540s][info][gc,heap      ] GC(60) Eden regions: 719->0(720)
[3.540s][info][gc,heap      ] GC(60) Survivor regions: 4->3(91)
[3.540s][info][gc,heap      ] GC(60) Old regions: 246->246
[3.540s][info][gc,heap      ] GC(60) Humongous regions: 0->0
[3.540s][info][gc,metaspace ] GC(60) Metaspace: 12345K(12800K)->12345K(12800K) NonClass: 11181K(11520K)->11181K(11520K) Class: 1163K(1280K)->1163K(1280K)
[3.540s][info][gc           ] GC(60) Pause Young (Normal) (G1 Evacuation Pause) 967M->247M(1205M) 0.942ms
[3.540s][info][gc,cpu       ] GC(60) User=0.00s Sys=0.00s Real=0.00s
[3.588s][info][gc,start     ] GC(61) Pause Young (Normal) (G1 Evacuation Pause)
[3.588s][info][gc,task      ] GC(61) Using 15 workers of 15 for evacuation
[3.589s][info][gc,phases    ] GC(61)   Pre Evacuate Collection Set: 0.0ms
[3.589s][info][gc,phases    ] GC(61)   Evacuate Collection Set: 0.5ms
[3.589s][info][gc,phases    ] GC(61)   Post Evacuate Collection Set: 0.2ms
[3.589s][info][gc,phases    ] GC(61)   Other: 0.1ms
[3.589s][info][gc,heap      ] GC(61) Eden regions: 720->0(721)
[3.589s][info][gc,heap      ] GC(61) Survivor regions: 3->2(91)
[3.589s][info][gc,heap      ] GC(61) Old regions: 246->246
[3.589s][info][gc,heap      ] GC(61) Humongous regions: 0->0
[3.589s][info][gc,metaspace ] GC(61) Metaspace: 12345K(12800K)->12345K(12800K) NonClass: 11181K(11520K)->11181K(11520K) Class: 1163K(1280K)->1163K(1280K)
[3.589s][info][gc           ] GC(61) Pause Young (Normal) (G1 Evacuation Pause) 967M->246M(1205M) 0.961ms
[3.589s][info][gc,cpu       ] GC(61) User=0.00s Sys=0.00s Real=0.00s
[3.638s][info][gc,start     ] GC(62) Pause Young (Normal) (G1 Evacuation Pause)
[3.638s][info][gc,task      ] GC(62) Using 15 workers of 15 for evacuation
[3.638s][info][gc,phases    ] GC(62)   Pre Evacuate Collection Set: 0.0ms
[3.638s][info][gc,phases    ] GC(62)   Evacuate Collection Set: 0.5ms
[3.638s][info][gc,phases    ] GC(62)   Post Evacuate Collection Set: 0.2ms
[3.638s][info][gc,phases    ] GC(62)   Other: 0.1ms
[3.638s][info][gc,heap      ] GC(62) Eden regions: 721->0(720)
[3.638s][info][gc,heap      ] GC(62) Survivor regions: 2->3(91)
[3.638s][info][gc,heap      ] GC(62) Old regions: 246->246
[3.638s][info][gc,heap      ] GC(62) Humongous regions: 0->0
[3.638s][info][gc,metaspace ] GC(62) Metaspace: 12345K(12800K)->12345K(12800K) NonClass: 11181K(11520K)->11181K(11520K) Class: 1163K(1280K)->1163K(1280K)
[3.638s][info][gc           ] GC(62) Pause Young (Normal) (G1 Evacuation Pause) 967M->247M(1205M) 0.885ms
[3.639s][info][gc,cpu       ] GC(62) User=0.02s Sys=0.00s Real=0.00s
[3.682s][info][gc,start     ] GC(63) Pause Young (Normal) (G1 Evacuation Pause)
[3.682s][info][gc,task      ] GC(63) Using 15 workers of 15 for evacuation
[3.683s][info][gc,phases    ] GC(63)   Pre Evacuate Collection Set: 0.0ms
[3.683s][info][gc,phases    ] GC(63)   Evacuate Collection Set: 0.8ms
[3.683s][info][gc,phases    ] GC(63)   Post Evacuate Collection Set: 0.2ms
[3.683s][info][gc,phases    ] GC(63)   Other: 0.1ms
[3.683s][info][gc,heap      ] GC(63) Eden regions: 720->0(719)
[3.683s][info][gc,heap      ] GC(63) Survivor regions: 3->4(91)
[3.683s][info][gc,heap      ] GC(63) Old regions: 246->246
[3.683s][info][gc,heap      ] GC(63) Humongous regions: 0->0
[3.683s][info][gc,metaspace ] GC(63) Metaspace: 12345K(12800K)->12345K(12800K) NonClass: 11181K(11520K)->11181K(11520K) Class: 1163K(1280K)->1163K(1280K)
[3.683s][info][gc           ] GC(63) Pause Young (Normal) (G1 Evacuation Pause) 967M->248M(1205M) 1.189ms
[3.683s][info][gc,cpu       ] GC(63) User=0.00s Sys=0.00s Real=0.00s
[3.731s][info][gc,start     ] GC(64) Pause Young (Normal) (G1 Evacuation Pause)
[3.731s][info][gc,task      ] GC(64) Using 15 workers of 15 for evacuation
[3.732s][info][gc,phases    ] GC(64)   Pre Evacuate Collection Set: 0.0ms
[3.732s][info][gc,phases    ] GC(64)   Evacuate Collection Set: 0.8ms
[3.732s][info][gc,phases    ] GC(64)   Post Evacuate Collection Set: 0.2ms
[3.732s][info][gc,phases    ] GC(64)   Other: 0.1ms
[3.732s][info][gc,heap      ] GC(64) Eden regions: 719->0(719)
[3.732s][info][gc,heap      ] GC(64) Survivor regions: 4->4(91)
[3.732s][info][gc,heap      ] GC(64) Old regions: 246->246
[3.732s][info][gc,heap      ] GC(64) Humongous regions: 0->0
[3.732s][info][gc,metaspace ] GC(64) Metaspace: 12345K(12800K)->12345K(12800K) NonClass: 11181K(11520K)->11181K(11520K) Class: 1163K(1280K)->1163K(1280K)
[3.732s][info][gc           ] GC(64) Pause Young (Normal) (G1 Evacuation Pause) 967M->248M(1205M) 1.235ms
[3.732s][info][gc,cpu       ] GC(64) User=0.02s Sys=0.00s Real=0.00s
[3.776s][info][gc,start     ] GC(65) Pause Young (Normal) (G1 Evacuation Pause)
[3.776s][info][gc,task      ] GC(65) Using 15 workers of 15 for evacuation
[3.777s][info][gc,phases    ] GC(65)   Pre Evacuate Collection Set: 0.0ms
[3.777s][info][gc,phases    ] GC(65)   Evacuate Collection Set: 0.6ms
[3.777s][info][gc,phases    ] GC(65)   Post Evacuate Collection Set: 0.2ms
[3.777s][info][gc,phases    ] GC(65)   Other: 0.1ms
[3.777s][info][gc,heap      ] GC(65) Eden regions: 719->0(720)
[3.777s][info][gc,heap      ] GC(65) Survivor regions: 4->3(91)
[3.777s][info][gc,heap      ] GC(65) Old regions: 246->246
[3.777s][info][gc,heap      ] GC(65) Humongous regions: 0->0
[3.777s][info][gc,metaspace ] GC(65) Metaspace: 12345K(12800K)->12345K(12800K) NonClass: 11181K(11520K)->11181K(11520K) Class: 1163K(1280K)->1163K(1280K)
[3.777s][info][gc           ] GC(65) Pause Young (Normal) (G1 Evacuation Pause) 967M->247M(1205M) 0.985ms
[3.777s][info][gc,cpu       ] GC(65) User=0.00s Sys=0.00s Real=0.00s
[3.824s][info][gc,start     ] GC(66) Pause Young (Normal) (G1 Evacuation Pause)
[3.824s][info][gc,task      ] GC(66) Using 15 workers of 15 for evacuation
[3.825s][info][gc,phases    ] GC(66)   Pre Evacuate Collection Set: 0.0ms
[3.825s][info][gc,phases    ] GC(66)   Evacuate Collection Set: 0.5ms
[3.825s][info][gc,phases    ] GC(66)   Post Evacuate Collection Set: 0.2ms
[3.825s][info][gc,phases    ] GC(66)   Other: 0.1ms
[3.825s][info][gc,heap      ] GC(66) Eden regions: 720->0(721)
[3.825s][info][gc,heap      ] GC(66) Survivor regions: 3->2(91)
[3.825s][info][gc,heap      ] GC(66) Old regions: 246->246
[3.825s][info][gc,heap      ] GC(66) Humongous regions: 0->0
[3.825s][info][gc,metaspace ] GC(66) Metaspace: 12345K(12800K)->12345K(12800K) NonClass: 11181K(11520K)->11181K(11520K) Class: 1163K(1280K)->1163K(1280K)
[3.825s][info][gc           ] GC(66) Pause Young (Normal) (G1 Evacuation Pause) 967M->246M(1205M) 0.883ms
[3.825s][info][gc,cpu       ] GC(66) User=0.00s Sys=0.00s Real=0.00s
[3.870s][info][gc,start     ] GC(67) Pause Young (Normal) (G1 Evacuation Pause)
[3.870s][info][gc,task      ] GC(67) Using 15 workers of 15 for evacuation
[3.871s][info][gc,phases    ] GC(67)   Pre Evacuate Collection Set: 0.0ms
[3.871s][info][gc,phases    ] GC(67)   Evacuate Collection Set: 0.6ms
[3.871s][info][gc,phases    ] GC(67)   Post Evacuate Collection Set: 0.3ms
[3.871s][info][gc,phases    ] GC(67)   Other: 0.1ms
[3.871s][info][gc,heap      ] GC(67) Eden regions: 721->0(720)
[3.871s][info][gc,heap      ] GC(67) Survivor regions: 2->3(91)
[3.871s][info][gc,heap      ] GC(67) Old regions: 246->246
[3.871s][info][gc,heap      ] GC(67) Humongous regions: 0->0
[3.871s][info][gc,metaspace ] GC(67) Metaspace: 12345K(12800K)->12345K(12800K) NonClass: 11181K(11520K)->11181K(11520K) Class: 1163K(1280K)->1163K(1280K)
[3.871s][info][gc           ] GC(67) Pause Young (Normal) (G1 Evacuation Pause) 967M->247M(1205M) 1.076ms
[3.871s][info][gc,cpu       ] GC(67) User=0.00s Sys=0.00s Real=0.00s
[3.919s][info][gc,start     ] GC(68) Pause Young (Normal) (G1 Evacuation Pause)
[3.919s][info][gc,task      ] GC(68) Using 15 workers of 15 for evacuation
[3.920s][info][gc,phases    ] GC(68)   Pre Evacuate Collection Set: 0.0ms
[3.921s][info][gc,phases    ] GC(68)   Evacuate Collection Set: 0.6ms
[3.921s][info][gc,phases    ] GC(68)   Post Evacuate Collection Set: 0.4ms
[3.921s][info][gc,phases    ] GC(68)   Other: 0.2ms
[3.921s][info][gc,heap      ] GC(68) Eden regions: 720->0(721)
[3.921s][info][gc,heap      ] GC(68) Survivor regions: 3->2(91)
[3.921s][info][gc,heap      ] GC(68) Old regions: 246->246
[3.921s][info][gc,heap      ] GC(68) Humongous regions: 0->0
[3.921s][info][gc,metaspace ] GC(68) Metaspace: 12345K(12800K)->12345K(12800K) NonClass: 11181K(11520K)->11181K(11520K) Class: 1163K(1280K)->1163K(1280K)
[3.921s][info][gc           ] GC(68) Pause Young (Normal) (G1 Evacuation Pause) 967M->246M(1205M) 1.171ms
[3.921s][info][gc,cpu       ] GC(68) User=0.00s Sys=0.00s Real=0.00s
[3.968s][info][gc,start     ] GC(69) Pause Young (Normal) (G1 Evacuation Pause)
[3.968s][info][gc,task      ] GC(69) Using 15 workers of 15 for evacuation
[3.969s][info][gc,phases    ] GC(69)   Pre Evacuate Collection Set: 0.0ms
[3.969s][info][gc,phases    ] GC(69)   Evacuate Collection Set: 0.4ms
[3.969s][info][gc,phases    ] GC(69)   Post Evacuate Collection Set: 0.2ms
[3.969s][info][gc,phases    ] GC(69)   Other: 0.1ms
[3.969s][info][gc,heap      ] GC(69) Eden regions: 721->0(721)
[3.969s][info][gc,heap      ] GC(69) Survivor regions: 2->2(91)
[3.969s][info][gc,heap      ] GC(69) Old regions: 246->246
[3.969s][info][gc,heap      ] GC(69) Humongous regions: 0->0
[3.969s][info][gc,metaspace ] GC(69) Metaspace: 12345K(12800K)->12345K(12800K) NonClass: 11181K(11520K)->11181K(11520K) Class: 1163K(1280K)->1163K(1280K)
[3.969s][info][gc           ] GC(69) Pause Young (Normal) (G1 Evacuation Pause) 967M->246M(1205M) 0.794ms
[3.969s][info][gc,cpu       ] GC(69) User=0.00s Sys=0.00s Real=0.00s
[4.013s][info][gc,start     ] GC(70) Pause Young (Normal) (G1 Evacuation Pause)
[4.013s][info][gc,task      ] GC(70) Using 15 workers of 15 for evacuation
[4.014s][info][gc,phases    ] GC(70)   Pre Evacuate Collection Set: 0.0ms
[4.014s][info][gc,phases    ] GC(70)   Evacuate Collection Set: 0.8ms
[4.014s][info][gc,phases    ] GC(70)   Post Evacuate Collection Set: 0.2ms
[4.014s][info][gc,phases    ] GC(70)   Other: 0.1ms
[4.014s][info][gc,heap      ] GC(70) Eden regions: 721->0(719)
[4.014s][info][gc,heap      ] GC(70) Survivor regions: 2->4(91)
[4.014s][info][gc,heap      ] GC(70) Old regions: 246->246
[4.014s][info][gc,heap      ] GC(70) Humongous regions: 0->0
[4.014s][info][gc,metaspace ] GC(70) Metaspace: 12345K(12800K)->12345K(12800K) NonClass: 11181K(11520K)->11181K(11520K) Class: 1163K(1280K)->1163K(1280K)
[4.014s][info][gc           ] GC(70) Pause Young (Normal) (G1 Evacuation Pause) 967M->248M(1205M) 1.205ms
[4.014s][info][gc,cpu       ] GC(70) User=0.00s Sys=0.00s Real=0.00s
[4.062s][info][gc,start     ] GC(71) Pause Young (Normal) (G1 Evacuation Pause)
[4.062s][info][gc,task      ] GC(71) Using 15 workers of 15 for evacuation
[4.063s][info][gc,phases    ] GC(71)   Pre Evacuate Collection Set: 0.0ms
[4.063s][info][gc,phases    ] GC(71)   Evacuate Collection Set: 0.5ms
[4.063s][info][gc,phases    ] GC(71)   Post Evacuate Collection Set: 0.2ms
[4.063s][info][gc,phases    ] GC(71)   Other: 0.1ms
[4.063s][info][gc,heap      ] GC(71) Eden regions: 719->0(720)
[4.063s][info][gc,heap      ] GC(71) Survivor regions: 4->3(91)
[4.063s][info][gc,heap      ] GC(71) Old regions: 246->246
[4.063s][info][gc,heap      ] GC(71) Humongous regions: 0->0
[4.063s][info][gc,metaspace ] GC(71) Metaspace: 12345K(12800K)->12345K(12800K) NonClass: 11181K(11520K)->11181K(11520K) Class: 1163K(1280K)->1163K(1280K)
[4.063s][info][gc           ] GC(71) Pause Young (Normal) (G1 Evacuation Pause) 967M->247M(1205M) 0.868ms
[4.063s][info][gc,cpu       ] GC(71) User=0.00s Sys=0.00s Real=0.00s
[4.107s][info][gc,start     ] GC(72) Pause Young (Normal) (G1 Evacuation Pause)
[4.107s][info][gc,task      ] GC(72) Using 15 workers of 15 for evacuation
[4.108s][info][gc,phases    ] GC(72)   Pre Evacuate Collection Set: 0.0ms
[4.108s][info][gc,phases    ] GC(72)   Evacuate Collection Set: 0.5ms
[4.108s][info][gc,phases    ] GC(72)   Post Evacuate Collection Set: 0.2ms
[4.108s][info][gc,phases    ] GC(72)   Other: 0.1ms
[4.108s][info][gc,heap      ] GC(72) Eden regions: 720->0(720)
[4.108s][info][gc,heap      ] GC(72) Survivor regions: 3->3(91)
[4.108s][info][gc,heap      ] GC(72) Old regions: 246->246
[4.108s][info][gc,heap      ] GC(72) Humongous regions: 0->0
[4.108s][info][gc,metaspace ] GC(72) Metaspace: 12345K(12800K)->12345K(12800K) NonClass: 11181K(11520K)->11181K(11520K) Class: 1163K(1280K)->1163K(1280K)
[4.108s][info][gc           ] GC(72) Pause Young (Normal) (G1 Evacuation Pause) 967M->247M(1205M) 0.946ms
[4.108s][info][gc,cpu       ] GC(72) User=0.00s Sys=0.00s Real=0.00s
[4.157s][info][gc,start     ] GC(73) Pause Young (Normal) (G1 Evacuation Pause)
[4.157s][info][gc,task      ] GC(73) Using 15 workers of 15 for evacuation
[4.157s][info][gc,phases    ] GC(73)   Pre Evacuate Collection Set: 0.0ms
[4.157s][info][gc,phases    ] GC(73)   Evacuate Collection Set: 0.6ms
[4.157s][info][gc,phases    ] GC(73)   Post Evacuate Collection Set: 0.2ms
[4.157s][info][gc,phases    ] GC(73)   Other: 0.1ms
[4.157s][info][gc,heap      ] GC(73) Eden regions: 720->0(720)
[4.157s][info][gc,heap      ] GC(73) Survivor regions: 3->3(91)
[4.157s][info][gc,heap      ] GC(73) Old regions: 246->246
[4.157s][info][gc,heap      ] GC(73) Humongous regions: 0->0
[4.157s][info][gc,metaspace ] GC(73) Metaspace: 12345K(12800K)->12345K(12800K) NonClass: 11181K(11520K)->11181K(11520K) Class: 1163K(1280K)->1163K(1280K)
[4.158s][info][gc           ] GC(73) Pause Young (Normal) (G1 Evacuation Pause) 967M->247M(1205M) 0.998ms
[4.158s][info][gc,cpu       ] GC(73) User=0.00s Sys=0.00s Real=0.00s
[4.202s][info][gc,start     ] GC(74) Pause Young (Normal) (G1 Evacuation Pause)
[4.202s][info][gc,task      ] GC(74) Using 15 workers of 15 for evacuation
[4.203s][info][gc,phases    ] GC(74)   Pre Evacuate Collection Set: 0.0ms
[4.203s][info][gc,phases    ] GC(74)   Evacuate Collection Set: 0.4ms
[4.203s][info][gc,phases    ] GC(74)   Post Evacuate Collection Set: 0.2ms
[4.203s][info][gc,phases    ] GC(74)   Other: 0.1ms
[4.203s][info][gc,heap      ] GC(74) Eden regions: 720->0(721)
[4.203s][info][gc,heap      ] GC(74) Survivor regions: 3->2(91)
[4.203s][info][gc,heap      ] GC(74) Old regions: 246->246
[4.203s][info][gc,heap      ] GC(74) Humongous regions: 0->0
[4.203s][info][gc,metaspace ] GC(74) Metaspace: 12345K(12800K)->12345K(12800K) NonClass: 11181K(11520K)->11181K(11520K) Class: 1163K(1280K)->1163K(1280K)
[4.203s][info][gc           ] GC(74) Pause Young (Normal) (G1 Evacuation Pause) 967M->246M(1205M) 0.816ms
[4.203s][info][gc,cpu       ] GC(74) User=0.00s Sys=0.00s Real=0.00s
[4.249s][info][gc,start     ] GC(75) Pause Young (Normal) (G1 Evacuation Pause)
[4.249s][info][gc,task      ] GC(75) Using 15 workers of 15 for evacuation
[4.250s][info][gc,phases    ] GC(75)   Pre Evacuate Collection Set: 0.0ms
[4.250s][info][gc,phases    ] GC(75)   Evacuate Collection Set: 0.6ms
[4.250s][info][gc,phases    ] GC(75)   Post Evacuate Collection Set: 0.3ms
[4.250s][info][gc,phases    ] GC(75)   Other: 0.1ms
[4.250s][info][gc,heap      ] GC(75) Eden regions: 721->0(720)
[4.250s][info][gc,heap      ] GC(75) Survivor regions: 2->3(91)
[4.250s][info][gc,heap      ] GC(75) Old regions: 246->246
[4.250s][info][gc,heap      ] GC(75) Humongous regions: 0->0
[4.250s][info][gc,metaspace ] GC(75) Metaspace: 12345K(12800K)->12345K(12800K) NonClass: 11181K(11520K)->11181K(11520K) Class: 1163K(1280K)->1163K(1280K)
[4.250s][info][gc           ] GC(75) Pause Young (Normal) (G1 Evacuation Pause) 967M->247M(1205M) 1.113ms
[4.250s][info][gc,cpu       ] GC(75) User=0.00s Sys=0.00s Real=0.00s
[4.300s][info][gc,start     ] GC(76) Pause Young (Normal) (G1 Evacuation Pause)
[4.300s][info][gc,task      ] GC(76) Using 15 workers of 15 for evacuation
[4.301s][info][gc,phases    ] GC(76)   Pre Evacuate Collection Set: 0.0ms
[4.301s][info][gc,phases    ] GC(76)   Evacuate Collection Set: 0.4ms
[4.301s][info][gc,phases    ] GC(76)   Post Evacuate Collection Set: 0.2ms
[4.301s][info][gc,phases    ] GC(76)   Other: 0.1ms
[4.301s][info][gc,heap      ] GC(76) Eden regions: 720->0(721)
[4.301s][info][gc,heap      ] GC(76) Survivor regions: 3->2(91)
[4.301s][info][gc,heap      ] GC(76) Old regions: 246->246
[4.301s][info][gc,heap      ] GC(76) Humongous regions: 0->0
[4.301s][info][gc,metaspace ] GC(76) Metaspace: 12345K(12800K)->12345K(12800K) NonClass: 11181K(11520K)->11181K(11520K) Class: 1163K(1280K)->1163K(1280K)
[4.301s][info][gc           ] GC(76) Pause Young (Normal) (G1 Evacuation Pause) 967M->246M(1205M) 0.799ms
[4.301s][info][gc,cpu       ] GC(76) User=0.00s Sys=0.00s Real=0.00s
[4.345s][info][gc,start     ] GC(77) Pause Young (Normal) (G1 Evacuation Pause)
[4.345s][info][gc,task      ] GC(77) Using 15 workers of 15 for evacuation
[4.346s][info][gc,phases    ] GC(77)   Pre Evacuate Collection Set: 0.0ms
[4.346s][info][gc,phases    ] GC(77)   Evacuate Collection Set: 0.5ms
[4.346s][info][gc,phases    ] GC(77)   Post Evacuate Collection Set: 0.2ms
[4.346s][info][gc,phases    ] GC(77)   Other: 0.2ms
[4.346s][info][gc,heap      ] GC(77) Eden regions: 721->0(721)
[4.346s][info][gc,heap      ] GC(77) Survivor regions: 2->2(91)
[4.346s][info][gc,heap      ] GC(77) Old regions: 246->246
[4.346s][info][gc,heap      ] GC(77) Humongous regions: 0->0
[4.346s][info][gc,metaspace ] GC(77) Metaspace: 12345K(12800K)->12345K(12800K) NonClass: 11181K(11520K)->11181K(11520K) Class: 1163K(1280K)->1163K(1280K)
[4.346s][info][gc           ] GC(77) Pause Young (Normal) (G1 Evacuation Pause) 967M->247M(1205M) 1.002ms
[4.346s][info][gc,cpu       ] GC(77) User=0.00s Sys=0.00s Real=0.00s
[4.394s][info][gc,start     ] GC(78) Pause Young (Normal) (G1 Evacuation Pause)
[4.394s][info][gc,task      ] GC(78) Using 15 workers of 15 for evacuation
[4.395s][info][gc,phases    ] GC(78)   Pre Evacuate Collection Set: 0.0ms
[4.395s][info][gc,phases    ] GC(78)   Evacuate Collection Set: 0.9ms
[4.395s][info][gc,phases    ] GC(78)   Post Evacuate Collection Set: 0.2ms
[4.395s][info][gc,phases    ] GC(78)   Other: 0.1ms
[4.395s][info][gc,heap      ] GC(78) Eden regions: 721->0(718)
[4.395s][info][gc,heap      ] GC(78) Survivor regions: 2->5(91)
[4.395s][info][gc,heap      ] GC(78) Old regions: 246->246
[4.395s][info][gc,heap      ] GC(78) Humongous regions: 0->0
[4.395s][info][gc,metaspace ] GC(78) Metaspace: 12355K(12800K)->12355K(12800K) NonClass: 11192K(11520K)->11192K(11520K) Class: 1163K(1280K)->1163K(1280K)
[4.395s][info][gc           ] GC(78) Pause Young (Normal) (G1 Evacuation Pause) 968M->250M(1205M) 1.263ms
[4.396s][info][gc,cpu       ] GC(78) User=0.00s Sys=0.00s Real=0.00s
[4.440s][info][gc,start     ] GC(79) Pause Young (Normal) (G1 Evacuation Pause)
[4.440s][info][gc,task      ] GC(79) Using 15 workers of 15 for evacuation
[4.441s][info][gc,phases    ] GC(79)   Pre Evacuate Collection Set: 0.0ms
[4.441s][info][gc,phases    ] GC(79)   Evacuate Collection Set: 0.7ms
[4.441s][info][gc,phases    ] GC(79)   Post Evacuate Collection Set: 0.2ms
[4.441s][info][gc,phases    ] GC(79)   Other: 0.1ms
[4.441s][info][gc,heap      ] GC(79) Eden regions: 718->0(720)
[4.441s][info][gc,heap      ] GC(79) Survivor regions: 5->3(91)
[4.441s][info][gc,heap      ] GC(79) Old regions: 246->246
[4.441s][info][gc,heap      ] GC(79) Humongous regions: 0->0
[4.441s][info][gc,metaspace ] GC(79) Metaspace: 12355K(12800K)->12355K(12800K) NonClass: 11192K(11520K)->11192K(11520K) Class: 1163K(1280K)->1163K(1280K)
[4.441s][info][gc           ] GC(79) Pause Young (Normal) (G1 Evacuation Pause) 968M->248M(1205M) 1.104ms
[4.441s][info][gc,cpu       ] GC(79) User=0.00s Sys=0.00s Real=0.00s
[4.489s][info][gc,start     ] GC(80) Pause Young (Normal) (G1 Evacuation Pause)
[4.489s][info][gc,task      ] GC(80) Using 15 workers of 15 for evacuation
[4.491s][info][gc,phases    ] GC(80)   Pre Evacuate Collection Set: 0.0ms
[4.491s][info][gc,phases    ] GC(80)   Evacuate Collection Set: 0.9ms
[4.491s][info][gc,phases    ] GC(80)   Post Evacuate Collection Set: 0.3ms
[4.491s][info][gc,phases    ] GC(80)   Other: 0.1ms
[4.491s][info][gc,heap      ] GC(80) Eden regions: 720->0(719)
[4.491s][info][gc,heap      ] GC(80) Survivor regions: 3->4(91)
[4.491s][info][gc,heap      ] GC(80) Old regions: 246->246
[4.491s][info][gc,heap      ] GC(80) Humongous regions: 0->0
[4.491s][info][gc,metaspace ] GC(80) Metaspace: 12355K(12800K)->12355K(12800K) NonClass: 11192K(11520K)->11192K(11520K) Class: 1163K(1280K)->1163K(1280K)
[4.491s][info][gc           ] GC(80) Pause Young (Normal) (G1 Evacuation Pause) 968M->248M(1205M) 1.315ms
[4.491s][info][gc,cpu       ] GC(80) User=0.00s Sys=0.00s Real=0.00s
[4.542s][info][gc,start     ] GC(81) Pause Young (Normal) (G1 Evacuation Pause)
[4.542s][info][gc,task      ] GC(81) Using 15 workers of 15 for evacuation
[4.543s][info][gc,phases    ] GC(81)   Pre Evacuate Collection Set: 0.0ms
[4.543s][info][gc,phases    ] GC(81)   Evacuate Collection Set: 0.4ms
[4.543s][info][gc,phases    ] GC(81)   Post Evacuate Collection Set: 0.2ms
[4.543s][info][gc,phases    ] GC(81)   Other: 0.1ms
[4.543s][info][gc,heap      ] GC(81) Eden regions: 719->0(721)
[4.543s][info][gc,heap      ] GC(81) Survivor regions: 4->2(91)
[4.543s][info][gc,heap      ] GC(81) Old regions: 246->246
[4.543s][info][gc,heap      ] GC(81) Humongous regions: 0->0
[4.543s][info][gc,metaspace ] GC(81) Metaspace: 12355K(12800K)->12355K(12800K) NonClass: 11192K(11520K)->11192K(11520K) Class: 1163K(1280K)->1163K(1280K)
[4.543s][info][gc           ] GC(81) Pause Young (Normal) (G1 Evacuation Pause) 967M->247M(1205M) 0.773ms
[4.543s][info][gc,cpu       ] GC(81) User=0.00s Sys=0.00s Real=0.00s
[4.588s][info][gc,start     ] GC(82) Pause Young (Normal) (G1 Evacuation Pause)
[4.588s][info][gc,task      ] GC(82) Using 15 workers of 15 for evacuation
[4.589s][info][gc,phases    ] GC(82)   Pre Evacuate Collection Set: 0.0ms
[4.589s][info][gc,phases    ] GC(82)   Evacuate Collection Set: 0.6ms
[4.589s][info][gc,phases    ] GC(82)   Post Evacuate Collection Set: 0.3ms
[4.589s][info][gc,phases    ] GC(82)   Other: 0.2ms
[4.589s][info][gc,heap      ] GC(82) Eden regions: 721->0(721)
[4.589s][info][gc,heap      ] GC(82) Survivor regions: 2->2(91)
[4.589s][info][gc,heap      ] GC(82) Old regions: 246->246
[4.589s][info][gc,heap      ] GC(82) Humongous regions: 0->0
[4.589s][info][gc,metaspace ] GC(82) Metaspace: 12355K(12800K)->12355K(12800K) NonClass: 11192K(11520K)->11192K(11520K) Class: 1163K(1280K)->1163K(1280K)
[4.589s][info][gc           ] GC(82) Pause Young (Normal) (G1 Evacuation Pause) 968M->246M(1205M) 1.169ms
[4.589s][info][gc,cpu       ] GC(82) User=0.00s Sys=0.00s Real=0.00s
[4.639s][info][gc,start     ] GC(83) Pause Young (Normal) (G1 Evacuation Pause)
[4.639s][info][gc,task      ] GC(83) Using 15 workers of 15 for evacuation
[4.640s][info][gc,phases    ] GC(83)   Pre Evacuate Collection Set: 0.0ms
[4.640s][info][gc,phases    ] GC(83)   Evacuate Collection Set: 0.8ms
[4.640s][info][gc,phases    ] GC(83)   Post Evacuate Collection Set: 0.2ms
[4.640s][info][gc,phases    ] GC(83)   Other: 0.2ms
[4.640s][info][gc,heap      ] GC(83) Eden regions: 721->0(719)
[4.640s][info][gc,heap      ] GC(83) Survivor regions: 2->4(91)
[4.640s][info][gc,heap      ] GC(83) Old regions: 246->246
[4.640s][info][gc,heap      ] GC(83) Humongous regions: 0->0
[4.640s][info][gc,metaspace ] GC(83) Metaspace: 12355K(12800K)->12355K(12800K) NonClass: 11192K(11520K)->11192K(11520K) Class: 1163K(1280K)->1163K(1280K)
[4.640s][info][gc           ] GC(83) Pause Young (Normal) (G1 Evacuation Pause) 967M->248M(1205M) 1.220ms
[4.640s][info][gc,cpu       ] GC(83) User=0.00s Sys=0.00s Real=0.00s
[4.684s][info][gc,start     ] GC(84) Pause Young (Normal) (G1 Evacuation Pause)
[4.684s][info][gc,task      ] GC(84) Using 15 workers of 15 for evacuation
[4.685s][info][gc,phases    ] GC(84)   Pre Evacuate Collection Set: 0.0ms
[4.685s][info][gc,phases    ] GC(84)   Evacuate Collection Set: 0.7ms
[4.685s][info][gc,phases    ] GC(84)   Post Evacuate Collection Set: 0.2ms
[4.685s][info][gc,phases    ] GC(84)   Other: 0.1ms
[4.685s][info][gc,heap      ] GC(84) Eden regions: 719->0(720)
[4.685s][info][gc,heap      ] GC(84) Survivor regions: 4->3(91)
[4.685s][info][gc,heap      ] GC(84) Old regions: 246->246
[4.685s][info][gc,heap      ] GC(84) Humongous regions: 0->0
[4.686s][info][gc,metaspace ] GC(84) Metaspace: 12355K(12800K)->12355K(12800K) NonClass: 11192K(11520K)->11192K(11520K) Class: 1163K(1280K)->1163K(1280K)
[4.686s][info][gc           ] GC(84) Pause Young (Normal) (G1 Evacuation Pause) 967M->247M(1205M) 1.103ms
[4.686s][info][gc,cpu       ] GC(84) User=0.00s Sys=0.00s Real=0.00s
[4.733s][info][gc,start     ] GC(85) Pause Young (Normal) (G1 Evacuation Pause)
[4.733s][info][gc,task      ] GC(85) Using 15 workers of 15 for evacuation
[4.734s][info][gc,phases    ] GC(85)   Pre Evacuate Collection Set: 0.0ms
[4.734s][info][gc,phases    ] GC(85)   Evacuate Collection Set: 0.4ms
[4.734s][info][gc,phases    ] GC(85)   Post Evacuate Collection Set: 0.2ms
[4.734s][info][gc,phases    ] GC(85)   Other: 0.1ms
[4.734s][info][gc,heap      ] GC(85) Eden regions: 720->0(721)
[4.734s][info][gc,heap      ] GC(85) Survivor regions: 3->2(91)
[4.734s][info][gc,heap      ] GC(85) Old regions: 246->246
[4.734s][info][gc,heap      ] GC(85) Humongous regions: 0->0
[4.734s][info][gc,metaspace ] GC(85) Metaspace: 12355K(12800K)->12355K(12800K) NonClass: 11192K(11520K)->11192K(11520K) Class: 1163K(1280K)->1163K(1280K)
[4.734s][info][gc           ] GC(85) Pause Young (Normal) (G1 Evacuation Pause) 967M->246M(1205M) 0.858ms
[4.734s][info][gc,cpu       ] GC(85) User=0.00s Sys=0.00s Real=0.00s
[4.779s][info][gc,start     ] GC(86) Pause Young (Normal) (G1 Evacuation Pause)
[4.779s][info][gc,task      ] GC(86) Using 15 workers of 15 for evacuation
[4.780s][info][gc,phases    ] GC(86)   Pre Evacuate Collection Set: 0.0ms
[4.780s][info][gc,phases    ] GC(86)   Evacuate Collection Set: 0.8ms
[4.780s][info][gc,phases    ] GC(86)   Post Evacuate Collection Set: 0.2ms
[4.780s][info][gc,phases    ] GC(86)   Other: 0.1ms
[4.780s][info][gc,heap      ] GC(86) Eden regions: 721->0(720)
[4.780s][info][gc,heap      ] GC(86) Survivor regions: 2->3(91)
[4.780s][info][gc,heap      ] GC(86) Old regions: 246->246
[4.780s][info][gc,heap      ] GC(86) Humongous regions: 0->0
[4.780s][info][gc,metaspace ] GC(86) Metaspace: 12355K(12800K)->12355K(12800K) NonClass: 11192K(11520K)->11192K(11520K) Class: 1163K(1280K)->1163K(1280K)
[4.780s][info][gc           ] GC(86) Pause Young (Normal) (G1 Evacuation Pause) 967M->247M(1205M) 1.174ms
[4.780s][info][gc,cpu       ] GC(86) User=0.00s Sys=0.00s Real=0.00s
[4.826s][info][gc,start     ] GC(87) Pause Young (Normal) (G1 Evacuation Pause)
[4.826s][info][gc,task      ] GC(87) Using 15 workers of 15 for evacuation
[4.827s][info][gc,phases    ] GC(87)   Pre Evacuate Collection Set: 0.0ms
[4.827s][info][gc,phases    ] GC(87)   Evacuate Collection Set: 0.4ms
[4.827s][info][gc,phases    ] GC(87)   Post Evacuate Collection Set: 0.2ms
[4.827s][info][gc,phases    ] GC(87)   Other: 0.1ms
[4.827s][info][gc,heap      ] GC(87) Eden regions: 720->0(721)
[4.827s][info][gc,heap      ] GC(87) Survivor regions: 3->2(91)
[4.827s][info][gc,heap      ] GC(87) Old regions: 246->246
[4.827s][info][gc,heap      ] GC(87) Humongous regions: 0->0
[4.827s][info][gc,metaspace ] GC(87) Metaspace: 12355K(12800K)->12355K(12800K) NonClass: 11192K(11520K)->11192K(11520K) Class: 1163K(1280K)->1163K(1280K)
[4.827s][info][gc           ] GC(87) Pause Young (Normal) (G1 Evacuation Pause) 967M->246M(1205M) 0.849ms
[4.827s][info][gc,cpu       ] GC(87) User=0.00s Sys=0.00s Real=0.00s
[4.876s][info][gc,start     ] GC(88) Pause Young (Normal) (G1 Evacuation Pause)
[4.876s][info][gc,task      ] GC(88) Using 15 workers of 15 for evacuation
[4.877s][info][gc,phases    ] GC(88)   Pre Evacuate Collection Set: 0.0ms
[4.877s][info][gc,phases    ] GC(88)   Evacuate Collection Set: 0.6ms
[4.877s][info][gc,phases    ] GC(88)   Post Evacuate Collection Set: 0.3ms
[4.877s][info][gc,phases    ] GC(88)   Other: 0.1ms
[4.877s][info][gc,heap      ] GC(88) Eden regions: 721->0(720)
[4.877s][info][gc,heap      ] GC(88) Survivor regions: 2->3(91)
[4.877s][info][gc,heap      ] GC(88) Old regions: 246->246
[4.877s][info][gc,heap      ] GC(88) Humongous regions: 0->0
[4.877s][info][gc,metaspace ] GC(88) Metaspace: 12355K(12800K)->12355K(12800K) NonClass: 11192K(11520K)->11192K(11520K) Class: 1163K(1280K)->1163K(1280K)
[4.877s][info][gc           ] GC(88) Pause Young (Normal) (G1 Evacuation Pause) 967M->247M(1205M) 1.074ms
[4.877s][info][gc,cpu       ] GC(88) User=0.00s Sys=0.00s Real=0.00s
[4.920s][info][gc,start     ] GC(89) Pause Young (Normal) (G1 Evacuation Pause)
[4.920s][info][gc,task      ] GC(89) Using 15 workers of 15 for evacuation
[4.921s][info][gc,phases    ] GC(89)   Pre Evacuate Collection Set: 0.0ms
[4.921s][info][gc,phases    ] GC(89)   Evacuate Collection Set: 0.6ms
[4.921s][info][gc,phases    ] GC(89)   Post Evacuate Collection Set: 0.2ms
[4.921s][info][gc,phases    ] GC(89)   Other: 0.1ms
[4.921s][info][gc,heap      ] GC(89) Eden regions: 720->0(720)
[4.921s][info][gc,heap      ] GC(89) Survivor regions: 3->3(91)
[4.921s][info][gc,heap      ] GC(89) Old regions: 246->246
[4.921s][info][gc,heap      ] GC(89) Humongous regions: 0->0
[4.921s][info][gc,metaspace ] GC(89) Metaspace: 12355K(12800K)->12355K(12800K) NonClass: 11192K(11520K)->11192K(11520K) Class: 1163K(1280K)->1163K(1280K)
[4.921s][info][gc           ] GC(89) Pause Young (Normal) (G1 Evacuation Pause) 967M->247M(1205M) 1.016ms
[4.921s][info][gc,cpu       ] GC(89) User=0.00s Sys=0.00s Real=0.00s
[4.969s][info][gc,start     ] GC(90) Pause Young (Normal) (G1 Evacuation Pause)
[4.970s][info][gc,task      ] GC(90) Using 15 workers of 15 for evacuation
[4.970s][info][gc,phases    ] GC(90)   Pre Evacuate Collection Set: 0.0ms
[4.970s][info][gc,phases    ] GC(90)   Evacuate Collection Set: 0.4ms
[4.970s][info][gc,phases    ] GC(90)   Post Evacuate Collection Set: 0.2ms
[4.970s][info][gc,phases    ] GC(90)   Other: 0.1ms
[4.970s][info][gc,heap      ] GC(90) Eden regions: 720->0(721)
[4.970s][info][gc,heap      ] GC(90) Survivor regions: 3->2(91)
[4.970s][info][gc,heap      ] GC(90) Old regions: 246->246
[4.970s][info][gc,heap      ] GC(90) Humongous regions: 0->0
[4.970s][info][gc,metaspace ] GC(90) Metaspace: 12357K(12800K)->12357K(12800K) NonClass: 11193K(11520K)->11193K(11520K) Class: 1163K(1280K)->1163K(1280K)
[4.970s][info][gc           ] GC(90) Pause Young (Normal) (G1 Evacuation Pause) 967M->246M(1205M) 0.852ms
[4.970s][info][gc,cpu       ] GC(90) User=0.00s Sys=0.00s Real=0.00s
[5.014s][info][gc,start     ] GC(91) Pause Young (Normal) (G1 Evacuation Pause)
[5.014s][info][gc,task      ] GC(91) Using 15 workers of 15 for evacuation
[5.015s][info][gc,phases    ] GC(91)   Pre Evacuate Collection Set: 0.0ms
[5.015s][info][gc,phases    ] GC(91)   Evacuate Collection Set: 0.6ms
[5.015s][info][gc,phases    ] GC(91)   Post Evacuate Collection Set: 0.2ms
[5.015s][info][gc,phases    ] GC(91)   Other: 0.1ms
[5.015s][info][gc,heap      ] GC(91) Eden regions: 721->0(720)
[5.015s][info][gc,heap      ] GC(91) Survivor regions: 2->3(91)
[5.015s][info][gc,heap      ] GC(91) Old regions: 246->246
[5.015s][info][gc,heap      ] GC(91) Humongous regions: 0->0
[5.015s][info][gc,metaspace ] GC(91) Metaspace: 12357K(12800K)->12357K(12800K) NonClass: 11193K(11520K)->11193K(11520K) Class: 1163K(1280K)->1163K(1280K)
[5.015s][info][gc           ] GC(91) Pause Young (Normal) (G1 Evacuation Pause) 967M->247M(1205M) 0.982ms
[5.015s][info][gc,cpu       ] GC(91) User=0.00s Sys=0.00s Real=0.00s
[5.062s][info][gc,start     ] GC(92) Pause Young (Normal) (G1 Evacuation Pause)
[5.063s][info][gc,task      ] GC(92) Using 15 workers of 15 for evacuation
[5.063s][info][gc,phases    ] GC(92)   Pre Evacuate Collection Set: 0.0ms
[5.063s][info][gc,phases    ] GC(92)   Evacuate Collection Set: 0.4ms
[5.063s][info][gc,phases    ] GC(92)   Post Evacuate Collection Set: 0.2ms
[5.063s][info][gc,phases    ] GC(92)   Other: 0.1ms
[5.063s][info][gc,heap      ] GC(92) Eden regions: 720->0(721)
[5.063s][info][gc,heap      ] GC(92) Survivor regions: 3->2(91)
[5.063s][info][gc,heap      ] GC(92) Old regions: 246->246
[5.063s][info][gc,heap      ] GC(92) Humongous regions: 0->0
[5.063s][info][gc,metaspace ] GC(92) Metaspace: 12357K(12800K)->12357K(12800K) NonClass: 11193K(11520K)->11193K(11520K) Class: 1163K(1280K)->1163K(1280K)
[5.063s][info][gc           ] GC(92) Pause Young (Normal) (G1 Evacuation Pause) 967M->246M(1205M) 0.855ms
[5.063s][info][gc,cpu       ] GC(92) User=0.00s Sys=0.00s Real=0.00s
[5.108s][info][gc,start     ] GC(93) Pause Young (Normal) (G1 Evacuation Pause)
[5.108s][info][gc,task      ] GC(93) Using 15 workers of 15 for evacuation
[5.109s][info][gc,phases    ] GC(93)   Pre Evacuate Collection Set: 0.0ms
[5.109s][info][gc,phases    ] GC(93)   Evacuate Collection Set: 0.6ms
[5.109s][info][gc,phases    ] GC(93)   Post Evacuate Collection Set: 0.2ms
[5.109s][info][gc,phases    ] GC(93)   Other: 0.2ms
[5.109s][info][gc,heap      ] GC(93) Eden regions: 721->0(720)
[5.109s][info][gc,heap      ] GC(93) Survivor regions: 2->3(91)
[5.109s][info][gc,heap      ] GC(93) Old regions: 246->246
[5.109s][info][gc,heap      ] GC(93) Humongous regions: 0->0
[5.109s][info][gc,metaspace ] GC(93) Metaspace: 12357K(12800K)->12357K(12800K) NonClass: 11193K(11520K)->11193K(11520K) Class: 1163K(1280K)->1163K(1280K)
[5.109s][info][gc           ] GC(93) Pause Young (Normal) (G1 Evacuation Pause) 967M->247M(1205M) 1.051ms
[5.109s][info][gc,cpu       ] GC(93) User=0.00s Sys=0.00s Real=0.00s
[5.160s][info][gc,start     ] GC(94) Pause Young (Normal) (G1 Evacuation Pause)
[5.161s][info][gc,task      ] GC(94) Using 15 workers of 15 for evacuation
[5.162s][info][gc,phases    ] GC(94)   Pre Evacuate Collection Set: 0.0ms
[5.162s][info][gc,phases    ] GC(94)   Evacuate Collection Set: 0.7ms
[5.162s][info][gc,phases    ] GC(94)   Post Evacuate Collection Set: 0.3ms
[5.162s][info][gc,phases    ] GC(94)   Other: 0.2ms
[5.162s][info][gc,heap      ] GC(94) Eden regions: 720->0(720)
[5.162s][info][gc,heap      ] GC(94) Survivor regions: 3->3(91)
[5.162s][info][gc,heap      ] GC(94) Old regions: 246->246
[5.162s][info][gc,heap      ] GC(94) Humongous regions: 0->0
[5.162s][info][gc,metaspace ] GC(94) Metaspace: 12357K(12800K)->12357K(12800K) NonClass: 11193K(11520K)->11193K(11520K) Class: 1163K(1280K)->1163K(1280K)
[5.162s][info][gc           ] GC(94) Pause Young (Normal) (G1 Evacuation Pause) 967M->247M(1205M) 1.272ms
[5.162s][info][gc,cpu       ] GC(94) User=0.00s Sys=0.00s Real=0.00s
[5.211s][info][gc,start     ] GC(95) Pause Young (Normal) (G1 Evacuation Pause)
[5.211s][info][gc,task      ] GC(95) Using 15 workers of 15 for evacuation
[5.211s][info][gc,phases    ] GC(95)   Pre Evacuate Collection Set: 0.0ms
[5.211s][info][gc,phases    ] GC(95)   Evacuate Collection Set: 0.4ms
[5.211s][info][gc,phases    ] GC(95)   Post Evacuate Collection Set: 0.2ms
[5.211s][info][gc,phases    ] GC(95)   Other: 0.1ms
[5.211s][info][gc,heap      ] GC(95) Eden regions: 720->0(721)
[5.211s][info][gc,heap      ] GC(95) Survivor regions: 3->2(91)
[5.211s][info][gc,heap      ] GC(95) Old regions: 246->246
[5.211s][info][gc,heap      ] GC(95) Humongous regions: 0->0
[5.211s][info][gc,metaspace ] GC(95) Metaspace: 12357K(12800K)->12357K(12800K) NonClass: 11193K(11520K)->11193K(11520K) Class: 1163K(1280K)->1163K(1280K)
[5.211s][info][gc           ] GC(95) Pause Young (Normal) (G1 Evacuation Pause) 967M->246M(1205M) 0.779ms
[5.211s][info][gc,cpu       ] GC(95) User=0.00s Sys=0.00s Real=0.00s
[5.255s][info][gc,start     ] GC(96) Pause Young (Normal) (G1 Evacuation Pause)
[5.255s][info][gc,task      ] GC(96) Using 15 workers of 15 for evacuation
[5.256s][info][gc,phases    ] GC(96)   Pre Evacuate Collection Set: 0.0ms
[5.256s][info][gc,phases    ] GC(96)   Evacuate Collection Set: 0.6ms
[5.256s][info][gc,phases    ] GC(96)   Post Evacuate Collection Set: 0.2ms
[5.256s][info][gc,phases    ] GC(96)   Other: 0.1ms
[5.256s][info][gc,heap      ] GC(96) Eden regions: 721->0(720)
[5.256s][info][gc,heap      ] GC(96) Survivor regions: 2->3(91)
[5.256s][info][gc,heap      ] GC(96) Old regions: 246->246
[5.256s][info][gc,heap      ] GC(96) Humongous regions: 0->0
[5.256s][info][gc,metaspace ] GC(96) Metaspace: 12357K(12800K)->12357K(12800K) NonClass: 11193K(11520K)->11193K(11520K) Class: 1163K(1280K)->1163K(1280K)
[5.256s][info][gc           ] GC(96) Pause Young (Normal) (G1 Evacuation Pause) 967M->247M(1205M) 1.029ms
[5.256s][info][gc,cpu       ] GC(96) User=0.00s Sys=0.00s Real=0.00s
[5.305s][info][gc,start     ] GC(97) Pause Young (Normal) (G1 Evacuation Pause)
[5.305s][info][gc,task      ] GC(97) Using 15 workers of 15 for evacuation
[5.306s][info][gc,phases    ] GC(97)   Pre Evacuate Collection Set: 0.0ms
[5.306s][info][gc,phases    ] GC(97)   Evacuate Collection Set: 0.4ms
[5.306s][info][gc,phases    ] GC(97)   Post Evacuate Collection Set: 0.3ms
[5.306s][info][gc,phases    ] GC(97)   Other: 0.1ms
[5.306s][info][gc,heap      ] GC(97) Eden regions: 720->0(721)
[5.306s][info][gc,heap      ] GC(97) Survivor regions: 3->2(91)
[5.306s][info][gc,heap      ] GC(97) Old regions: 246->246
[5.306s][info][gc,heap      ] GC(97) Humongous regions: 0->0
[5.306s][info][gc,metaspace ] GC(97) Metaspace: 12357K(12800K)->12357K(12800K) NonClass: 11193K(11520K)->11193K(11520K) Class: 1163K(1280K)->1163K(1280K)
[5.306s][info][gc           ] GC(97) Pause Young (Normal) (G1 Evacuation Pause) 967M->246M(1205M) 0.939ms
[5.306s][info][gc,cpu       ] GC(97) User=0.00s Sys=0.00s Real=0.00s
[5.351s][info][gc,start     ] GC(98) Pause Young (Normal) (G1 Evacuation Pause)
[5.351s][info][gc,task      ] GC(98) Using 15 workers of 15 for evacuation
[5.352s][info][gc,phases    ] GC(98)   Pre Evacuate Collection Set: 0.0ms
[5.352s][info][gc,phases    ] GC(98)   Evacuate Collection Set: 0.5ms
[5.352s][info][gc,phases    ] GC(98)   Post Evacuate Collection Set: 0.2ms
[5.352s][info][gc,phases    ] GC(98)   Other: 0.1ms
[5.352s][info][gc,heap      ] GC(98) Eden regions: 721->0(721)
[5.352s][info][gc,heap      ] GC(98) Survivor regions: 2->2(91)
[5.352s][info][gc,heap      ] GC(98) Old regions: 246->246
[5.352s][info][gc,heap      ] GC(98) Humongous regions: 0->0
[5.352s][info][gc,metaspace ] GC(98) Metaspace: 12357K(12800K)->12357K(12800K) NonClass: 11193K(11520K)->11193K(11520K) Class: 1163K(1280K)->1163K(1280K)
[5.352s][info][gc           ] GC(98) Pause Young (Normal) (G1 Evacuation Pause) 967M->246M(1205M) 0.914ms
[5.352s][info][gc,cpu       ] GC(98) User=0.00s Sys=0.00s Real=0.00s
[5.399s][info][gc,start     ] GC(99) Pause Young (Normal) (G1 Evacuation Pause)
[5.399s][info][gc,task      ] GC(99) Using 15 workers of 15 for evacuation
[5.400s][info][gc,phases    ] GC(99)   Pre Evacuate Collection Set: 0.0ms
[5.400s][info][gc,phases    ] GC(99)   Evacuate Collection Set: 0.5ms
[5.400s][info][gc,phases    ] GC(99)   Post Evacuate Collection Set: 0.2ms
[5.400s][info][gc,phases    ] GC(99)   Other: 0.1ms
[5.400s][info][gc,heap      ] GC(99) Eden regions: 721->0(721)
[5.400s][info][gc,heap      ] GC(99) Survivor regions: 2->2(91)
[5.400s][info][gc,heap      ] GC(99) Old regions: 246->246
[5.400s][info][gc,heap      ] GC(99) Humongous regions: 0->0
[5.400s][info][gc,metaspace ] GC(99) Metaspace: 12357K(12800K)->12357K(12800K) NonClass: 11193K(11520K)->11193K(11520K) Class: 1163K(1280K)->1163K(1280K)
[5.400s][info][gc           ] GC(99) Pause Young (Normal) (G1 Evacuation Pause) 967M->246M(1205M) 0.866ms
[5.400s][info][gc,cpu       ] GC(99) User=0.00s Sys=0.00s Real=0.00s
[5.444s][info][gc,start     ] GC(100) Pause Young (Normal) (G1 Evacuation Pause)
[5.444s][info][gc,task      ] GC(100) Using 15 workers of 15 for evacuation
[5.445s][info][gc,phases    ] GC(100)   Pre Evacuate Collection Set: 0.0ms
[5.445s][info][gc,phases    ] GC(100)   Evacuate Collection Set: 0.6ms
[5.445s][info][gc,phases    ] GC(100)   Post Evacuate Collection Set: 0.2ms
[5.445s][info][gc,phases    ] GC(100)   Other: 0.1ms
[5.445s][info][gc,heap      ] GC(100) Eden regions: 721->0(720)
[5.445s][info][gc,heap      ] GC(100) Survivor regions: 2->3(91)
[5.445s][info][gc,heap      ] GC(100) Old regions: 246->246
[5.445s][info][gc,heap      ] GC(100) Humongous regions: 0->0
[5.445s][info][gc,metaspace ] GC(100) Metaspace: 12357K(12800K)->12357K(12800K) NonClass: 11193K(11520K)->11193K(11520K) Class: 1163K(1280K)->1163K(1280K)
[5.445s][info][gc           ] GC(100) Pause Young (Normal) (G1 Evacuation Pause) 967M->247M(1205M) 0.972ms
[5.445s][info][gc,cpu       ] GC(100) User=0.00s Sys=0.00s Real=0.00s
[5.493s][info][gc,start     ] GC(101) Pause Young (Normal) (G1 Evacuation Pause)
[5.494s][info][gc,task      ] GC(101) Using 15 workers of 15 for evacuation
[5.494s][info][gc,phases    ] GC(101)   Pre Evacuate Collection Set: 0.0ms
[5.494s][info][gc,phases    ] GC(101)   Evacuate Collection Set: 0.6ms
[5.494s][info][gc,phases    ] GC(101)   Post Evacuate Collection Set: 0.2ms
[5.494s][info][gc,phases    ] GC(101)   Other: 0.1ms
[5.494s][info][gc,heap      ] GC(101) Eden regions: 720->0(721)
[5.494s][info][gc,heap      ] GC(101) Survivor regions: 3->2(91)
[5.494s][info][gc,heap      ] GC(101) Old regions: 246->246
[5.494s][info][gc,heap      ] GC(101) Humongous regions: 0->0
[5.494s][info][gc,metaspace ] GC(101) Metaspace: 12357K(12800K)->12357K(12800K) NonClass: 11193K(11520K)->11193K(11520K) Class: 1163K(1280K)->1163K(1280K)
[5.494s][info][gc           ] GC(101) Pause Young (Normal) (G1 Evacuation Pause) 967M->246M(1205M) 0.988ms
[5.494s][info][gc,cpu       ] GC(101) User=0.00s Sys=0.00s Real=0.00s
[5.542s][info][gc,heap,exit ] Heap
[5.542s][info][gc,heap,exit ]  garbage-first heap   total 1233920K, used 898986K [0x0000000700000000, 0x0000000800000000)
[5.542s][info][gc,heap,exit ]   region size 1024K, 635 young (650240K), 2 survivors (2048K)
[5.542s][info][gc,heap,exit ]  Metaspace       used 12430K, capacity 12780K, committed 12800K, reserved 1060864K
[5.542s][info][gc,heap,exit ]   class space    used 1170K, capacity 1265K, committed 1280K, reserved 1048576K
[0.006s][info][gc,heap] Heap region size: 1M
[0.013s][info][gc     ] Using G1
[0.013s][info][gc,heap,coops] Heap address: 0x0000000700000000, size: 4096 MB, Compressed Oops mode: Zero based, Oop shift amount: 3
[0.236s][info][gc,start     ] GC(0) Pause Young (Normal) (G1 Evacuation Pause)
[0.237s][info][gc,task      ] GC(0) Using 12 workers of 15 for evacuation
[0.239s][info][gc,phases    ] GC(0)   Pre Evacuate Collection Set: 0.0ms
[0.239s][info][gc,phases    ] GC(0)   Evacuate Collection Set: 2.5ms
[0.239s][info][gc,phases    ] GC(0)   Post Evacuate Collection Set: 0.2ms
[0.239s][info][gc,phases    ] GC(0)   Other: 0.8ms
[0.239s][info][gc,heap      ] GC(0) Eden regions: 25->0(241)
[0.239s][info][gc,heap      ] GC(0) Survivor regions: 0->4(4)
[0.239s][info][gc,heap      ] GC(0) Old regions: 0->2
[0.239s][info][gc,heap      ] GC(0) Humongous regions: 0->0
[0.239s][info][gc,metaspace ] GC(0) Metaspace: 11568K(12032K)->11568K(12032K) NonClass: 10480K(10752K)->10480K(10752K) Class: 1087K(1280K)->1087K(1280K)
[0.239s][info][gc           ] GC(0) Pause Young (Normal) (G1 Evacuation Pause) 25M->5M(510M) 3.626ms
[0.239s][info][gc,cpu       ] GC(0) User=0.00s Sys=0.00s Real=0.00s
[0.436s][info][gc,start     ] GC(1) Pause Young (Normal) (G1 Evacuation Pause)
[0.436s][info][gc,task      ] GC(1) Using 12 workers of 15 for evacuation
[0.448s][info][gc,phases    ] GC(1)   Pre Evacuate Collection Set: 0.0ms
[0.448s][info][gc,phases    ] GC(1)   Evacuate Collection Set: 12.0ms
[0.448s][info][gc,phases    ] GC(1)   Post Evacuate Collection Set: 0.5ms
[0.449s][info][gc,phases    ] GC(1)   Other: 0.1ms
[0.449s][info][gc,heap      ] GC(1) Eden regions: 241->0(50)
[0.449s][info][gc,heap      ] GC(1) Survivor regions: 4->31(31)
[0.449s][info][gc,heap      ] GC(1) Old regions: 2->37
[0.449s][info][gc,heap      ] GC(1) Humongous regions: 1->0
[0.449s][info][gc,metaspace ] GC(1) Metaspace: 11605K(12032K)->11605K(12032K) NonClass: 10518K(10752K)->10518K(10752K) Class: 1087K(1280K)->1087K(1280K)
[0.449s][info][gc           ] GC(1) Pause Young (Normal) (G1 Evacuation Pause) 247M->67M(510M) 12.719ms
[0.449s][info][gc,cpu       ] GC(1) User=0.00s Sys=0.02s Real=0.01s
[0.482s][info][gc,start     ] GC(2) Pause Young (Normal) (G1 Evacuation Pause)
[0.482s][info][gc,task      ] GC(2) Using 12 workers of 15 for evacuation
[0.489s][info][gc,phases    ] GC(2)   Pre Evacuate Collection Set: 0.0ms
[0.489s][info][gc,phases    ] GC(2)   Evacuate Collection Set: 6.4ms
[0.489s][info][gc,phases    ] GC(2)   Post Evacuate Collection Set: 0.3ms
[0.489s][info][gc,phases    ] GC(2)   Other: 0.1ms
[0.489s][info][gc,heap      ] GC(2) Eden regions: 50->0(50)
[0.489s][info][gc,heap      ] GC(2) Survivor regions: 31->11(11)
[0.489s][info][gc,heap      ] GC(2) Old regions: 37->68
[0.489s][info][gc,heap      ] GC(2) Humongous regions: 1->0
[0.489s][info][gc,metaspace ] GC(2) Metaspace: 11924K(12544K)->11924K(12544K) NonClass: 10794K(11264K)->10794K(11264K) Class: 1130K(1280K)->1130K(1280K)
[0.489s][info][gc           ] GC(2) Pause Young (Normal) (G1 Evacuation Pause) 118M->78M(510M) 6.896ms
[0.489s][info][gc,cpu       ] GC(2) User=0.00s Sys=0.00s Real=0.01s
[0.512s][info][gc,start     ] GC(3) Pause Young (Normal) (G1 Evacuation Pause)
[0.512s][info][gc,task      ] GC(3) Using 12 workers of 15 for evacuation
[0.515s][info][gc,phases    ] GC(3)   Pre Evacuate Collection Set: 0.0ms
[0.515s][info][gc,phases    ] GC(3)   Evacuate Collection Set: 2.3ms
[0.515s][info][gc,phases    ] GC(3)   Post Evacuate Collection Set: 0.1ms
[0.515s][info][gc,phases    ] GC(3)   Other: 0.1ms
[0.515s][info][gc,heap      ] GC(3) Eden regions: 50->0(74)
[0.515s][info][gc,heap      ] GC(3) Survivor regions: 11->8(8)
[0.515s][info][gc,heap      ] GC(3) Old regions: 68->80
[0.515s][info][gc,heap      ] GC(3) Humongous regions: 0->0
[0.515s][info][gc,metaspace ] GC(3) Metaspace: 11925K(12544K)->11925K(12544K) NonClass: 10795K(11264K)->10795K(11264K) Class: 1130K(1280K)->1130K(1280K)
[0.515s][info][gc           ] GC(3) Pause Young (Normal) (G1 Evacuation Pause) 128M->87M(510M) 2.589ms
[0.515s][info][gc,cpu       ] GC(3) User=0.02s Sys=0.00s Real=0.00s
[0.543s][info][gc,start     ] GC(4) Pause Young (Normal) (G1 Evacuation Pause)
[0.543s][info][gc,task      ] GC(4) Using 12 workers of 15 for evacuation
[0.549s][info][gc,phases    ] GC(4)   Pre Evacuate Collection Set: 0.0ms
[0.549s][info][gc,phases    ] GC(4)   Evacuate Collection Set: 3.3ms
[0.549s][info][gc,phases    ] GC(4)   Post Evacuate Collection Set: 2.7ms
[0.549s][info][gc,phases    ] GC(4)   Other: 0.1ms
[0.549s][info][gc,heap      ] GC(4) Eden regions: 74->0(97)
[0.549s][info][gc,heap      ] GC(4) Survivor regions: 8->11(11)
[0.549s][info][gc,heap      ] GC(4) Old regions: 80->96
[0.549s][info][gc,heap      ] GC(4) Humongous regions: 0->0
[0.549s][info][gc,metaspace ] GC(4) Metaspace: 11925K(12544K)->11925K(12544K) NonClass: 10795K(11264K)->10795K(11264K) Class: 1130K(1280K)->1130K(1280K)
[0.549s][info][gc           ] GC(4) Pause Young (Normal) (G1 Evacuation Pause) 161M->106M(697M) 6.135ms
[0.549s][info][gc,cpu       ] GC(4) User=0.00s Sys=0.02s Real=0.01s
[0.606s][info][gc,start     ] GC(5) Pause Young (Normal) (G1 Evacuation Pause)
[0.607s][info][gc,task      ] GC(5) Using 15 workers of 15 for evacuation
[0.613s][info][gc,phases    ] GC(5)   Pre Evacuate Collection Set: 0.0ms
[0.613s][info][gc,phases    ] GC(5)   Evacuate Collection Set: 5.7ms
[0.613s][info][gc,phases    ] GC(5)   Post Evacuate Collection Set: 0.2ms
[0.613s][info][gc,phases    ] GC(5)   Other: 0.7ms
[0.613s][info][gc,heap      ] GC(5) Eden regions: 97->0(121)
[0.613s][info][gc,heap      ] GC(5) Survivor regions: 11->14(14)
[0.613s][info][gc,heap      ] GC(5) Old regions: 96->117
[0.613s][info][gc,heap      ] GC(5) Humongous regions: 1->0
[0.613s][info][gc,metaspace ] GC(5) Metaspace: 11929K(12544K)->11929K(12544K) NonClass: 10799K(11264K)->10799K(11264K) Class: 1130K(1280K)->1130K(1280K)
[0.613s][info][gc           ] GC(5) Pause Young (Normal) (G1 Evacuation Pause) 204M->130M(697M) 6.683ms
[0.613s][info][gc,cpu       ] GC(5) User=0.00s Sys=0.02s Real=0.01s
[0.668s][info][gc,start     ] GC(6) Pause Young (Normal) (G1 Evacuation Pause)
[0.668s][info][gc,task      ] GC(6) Using 15 workers of 15 for evacuation
[0.675s][info][gc,phases    ] GC(6)   Pre Evacuate Collection Set: 0.0ms
[0.675s][info][gc,phases    ] GC(6)   Evacuate Collection Set: 6.8ms
[0.675s][info][gc,phases    ] GC(6)   Post Evacuate Collection Set: 0.2ms
[0.675s][info][gc,phases    ] GC(6)   Other: 0.1ms
[0.675s][info][gc,heap      ] GC(6) Eden regions: 121->0(149)
[0.675s][info][gc,heap      ] GC(6) Survivor regions: 14->17(17)
[0.675s][info][gc,heap      ] GC(6) Old regions: 117->143
[0.675s][info][gc,heap      ] GC(6) Humongous regions: 0->0
[0.675s][info][gc,metaspace ] GC(6) Metaspace: 11929K(12544K)->11929K(12544K) NonClass: 10799K(11264K)->10799K(11264K) Class: 1130K(1280K)->1130K(1280K)
[0.675s][info][gc           ] GC(6) Pause Young (Normal) (G1 Evacuation Pause) 251M->159M(697M) 7.122ms
[0.675s][info][gc,cpu       ] GC(6) User=0.06s Sys=0.06s Real=0.01s
[0.739s][info][gc,start     ] GC(7) Pause Young (Normal) (G1 Evacuation Pause)
[0.739s][info][gc,task      ] GC(7) Using 15 workers of 15 for evacuation
[0.747s][info][gc,phases    ] GC(7)   Pre Evacuate Collection Set: 0.0ms
[0.747s][info][gc,phases    ] GC(7)   Evacuate Collection Set: 6.8ms
[0.747s][info][gc,phases    ] GC(7)   Post Evacuate Collection Set: 0.4ms
[0.747s][info][gc,phases    ] GC(7)   Other: 0.1ms
[0.747s][info][gc,heap      ] GC(7) Eden regions: 149->0(185)
[0.747s][info][gc,heap      ] GC(7) Survivor regions: 17->21(21)
[0.747s][info][gc,heap      ] GC(7) Old regions: 143->178
[0.747s][info][gc,heap      ] GC(7) Humongous regions: 1->0
[0.747s][info][gc,metaspace ] GC(7) Metaspace: 11929K(12544K)->11929K(12544K) NonClass: 10799K(11264K)->10799K(11264K) Class: 1130K(1280K)->1130K(1280K)
[0.747s][info][gc           ] GC(7) Pause Young (Normal) (G1 Evacuation Pause) 309M->198M(697M) 7.406ms
[0.747s][info][gc,cpu       ] GC(7) User=0.00s Sys=0.00s Real=0.01s
[0.823s][info][gc,start     ] GC(8) Pause Young (Normal) (G1 Evacuation Pause)
[0.823s][info][gc,task      ] GC(8) Using 15 workers of 15 for evacuation
[0.834s][info][gc,phases    ] GC(8)   Pre Evacuate Collection Set: 0.0ms
[0.834s][info][gc,phases    ] GC(8)   Evacuate Collection Set: 5.9ms
[0.834s][info][gc,phases    ] GC(8)   Post Evacuate Collection Set: 5.2ms
[0.834s][info][gc,phases    ] GC(8)   Other: 0.1ms
[0.834s][info][gc,heap      ] GC(8) Eden regions: 185->0(227)
[0.834s][info][gc,heap      ] GC(8) Survivor regions: 21->26(26)
[0.834s][info][gc,heap      ] GC(8) Old regions: 178->209
[0.834s][info][gc,heap      ] GC(8) Humongous regions: 1->0
[0.834s][info][gc,metaspace ] GC(8) Metaspace: 12063K(12544K)->12063K(12544K) NonClass: 10922K(11264K)->10922K(11264K) Class: 1140K(1280K)->1140K(1280K)
[0.834s][info][gc           ] GC(8) Pause Young (Normal) (G1 Evacuation Pause) 384M->234M(1143M) 11.190ms
[0.834s][info][gc,cpu       ] GC(8) User=0.02s Sys=0.00s Real=0.01s
[0.993s][info][gc,start     ] GC(9) Pause Young (Normal) (G1 Evacuation Pause)
[0.993s][info][gc,task      ] GC(9) Using 15 workers of 15 for evacuation
[0.997s][info][gc,phases    ] GC(9)   Pre Evacuate Collection Set: 0.0ms
[0.997s][info][gc,phases    ] GC(9)   Evacuate Collection Set: 4.1ms
[0.997s][info][gc,phases    ] GC(9)   Post Evacuate Collection Set: 0.2ms
[0.997s][info][gc,phases    ] GC(9)   Other: 0.2ms
[0.997s][info][gc,heap      ] GC(9) Eden regions: 227->0(309)
[0.997s][info][gc,heap      ] GC(9) Survivor regions: 26->5(32)
[0.997s][info][gc,heap      ] GC(9) Old regions: 209->237
[0.997s][info][gc,heap      ] GC(9) Humongous regions: 0->0
[0.997s][info][gc,metaspace ] GC(9) Metaspace: 12199K(12544K)->12199K(12544K) NonClass: 11049K(11264K)->11049K(11264K) Class: 1149K(1280K)->1149K(1280K)
[0.997s][info][gc           ] GC(9) Pause Young (Normal) (G1 Evacuation Pause) 461M->241M(1143M) 4.545ms
[0.997s][info][gc,cpu       ] GC(9) User=0.02s Sys=0.00s Real=0.01s
[1.024s][info][gc,start     ] GC(10) Pause Young (Normal) (G1 Evacuation Pause)
[1.024s][info][gc,task      ] GC(10) Using 15 workers of 15 for evacuation
[1.024s][info][gc,phases    ] GC(10)   Pre Evacuate Collection Set: 0.0ms
[1.024s][info][gc,phases    ] GC(10)   Evacuate Collection Set: 0.5ms
[1.024s][info][gc,phases    ] GC(10)   Post Evacuate Collection Set: 0.2ms
[1.024s][info][gc,phases    ] GC(10)   Other: 0.1ms
[1.024s][info][gc,heap      ] GC(10) Eden regions: 309->0(581)
[1.024s][info][gc,heap      ] GC(10) Survivor regions: 5->3(40)
[1.024s][info][gc,heap      ] GC(10) Old regions: 237->237
[1.024s][info][gc,heap      ] GC(10) Humongous regions: 0->0
[1.024s][info][gc,metaspace ] GC(10) Metaspace: 12213K(12544K)->12213K(12544K) NonClass: 11063K(11264K)->11063K(11264K) Class: 1149K(1280K)->1149K(1280K)
[1.024s][info][gc           ] GC(10) Pause Young (Normal) (G1 Evacuation Pause) 550M->239M(1143M) 0.797ms
[1.024s][info][gc,cpu       ] GC(10) User=0.00s Sys=0.00s Real=0.00s
[1.069s][info][gc,start     ] GC(11) Pause Young (Normal) (G1 Evacuation Pause)
[1.069s][info][gc,task      ] GC(11) Using 15 workers of 15 for evacuation
[1.070s][info][gc,phases    ] GC(11)   Pre Evacuate Collection Set: 0.0ms
[1.070s][info][gc,phases    ] GC(11)   Evacuate Collection Set: 0.6ms
[1.070s][info][gc,phases    ] GC(11)   Post Evacuate Collection Set: 0.2ms
[1.070s][info][gc,phases    ] GC(11)   Other: 0.1ms
[1.070s][info][gc,heap      ] GC(11) Eden regions: 581->0(617)
[1.070s][info][gc,heap      ] GC(11) Survivor regions: 3->3(73)
[1.070s][info][gc,heap      ] GC(11) Old regions: 237->237
[1.070s][info][gc,heap      ] GC(11) Humongous regions: 0->0
[1.070s][info][gc,metaspace ] GC(11) Metaspace: 12215K(12544K)->12215K(12544K) NonClass: 11065K(11264K)->11065K(11264K) Class: 1149K(1280K)->1149K(1280K)
[1.070s][info][gc           ] GC(11) Pause Young (Normal) (G1 Evacuation Pause) 820M->239M(1143M) 1.025ms
[1.070s][info][gc,cpu       ] GC(11) User=0.00s Sys=0.00s Real=0.00s
[1.125s][info][gc,start     ] GC(12) Pause Young (Normal) (G1 Evacuation Pause)
[1.125s][info][gc,task      ] GC(12) Using 15 workers of 15 for evacuation
[1.126s][info][gc,phases    ] GC(12)   Pre Evacuate Collection Set: 0.0ms
[1.126s][info][gc,phases    ] GC(12)   Evacuate Collection Set: 0.5ms
[1.126s][info][gc,phases    ] GC(12)   Post Evacuate Collection Set: 0.2ms
[1.126s][info][gc,phases    ] GC(12)   Other: 0.1ms
[1.126s][info][gc,heap      ] GC(12) Eden regions: 617->0(662)
[1.126s][info][gc,heap      ] GC(12) Survivor regions: 3->3(78)
[1.126s][info][gc,heap      ] GC(12) Old regions: 237->237
[1.126s][info][gc,heap      ] GC(12) Humongous regions: 0->0
[1.126s][info][gc,metaspace ] GC(12) Metaspace: 12232K(12800K)->12232K(12800K) NonClass: 11082K(11520K)->11082K(11520K) Class: 1149K(1280K)->1149K(1280K)
[1.126s][info][gc           ] GC(12) Pause Young (Normal) (G1 Evacuation Pause) 856M->239M(1143M) 0.932ms
[1.126s][info][gc,cpu       ] GC(12) User=0.00s Sys=0.00s Real=0.00s
[1.170s][info][gc,start     ] GC(13) Pause Young (Normal) (G1 Evacuation Pause)
[1.170s][info][gc,task      ] GC(13) Using 15 workers of 15 for evacuation
[1.171s][info][gc,phases    ] GC(13)   Pre Evacuate Collection Set: 0.0ms
[1.171s][info][gc,phases    ] GC(13)   Evacuate Collection Set: 0.7ms
[1.171s][info][gc,phases    ] GC(13)   Post Evacuate Collection Set: 0.3ms
[1.171s][info][gc,phases    ] GC(13)   Other: 0.2ms
[1.171s][info][gc,heap      ] GC(13) Eden regions: 662->0(681)
[1.171s][info][gc,heap      ] GC(13) Survivor regions: 3->4(84)
[1.171s][info][gc,heap      ] GC(13) Old regions: 237->237
[1.171s][info][gc,heap      ] GC(13) Humongous regions: 0->0
[1.171s][info][gc,metaspace ] GC(13) Metaspace: 12237K(12800K)->12237K(12800K) NonClass: 11087K(11520K)->11087K(11520K) Class: 1149K(1280K)->1149K(1280K)
[1.171s][info][gc           ] GC(13) Pause Young (Normal) (G1 Evacuation Pause) 901M->240M(1143M) 1.229ms
[1.171s][info][gc,cpu       ] GC(13) User=0.00s Sys=0.00s Real=0.00s
[1.218s][info][gc,start     ] GC(14) Pause Young (Normal) (G1 Evacuation Pause)
[1.218s][info][gc,task      ] GC(14) Using 15 workers of 15 for evacuation
[1.219s][info][gc,phases    ] GC(14)   Pre Evacuate Collection Set: 0.0ms
[1.219s][info][gc,phases    ] GC(14)   Evacuate Collection Set: 0.7ms
[1.219s][info][gc,phases    ] GC(14)   Post Evacuate Collection Set: 0.3ms
[1.219s][info][gc,phases    ] GC(14)   Other: 0.2ms
[1.219s][info][gc,heap      ] GC(14) Eden regions: 681->0(681)
[1.219s][info][gc,heap      ] GC(14) Survivor regions: 4->4(86)
[1.219s][info][gc,heap      ] GC(14) Old regions: 237->237
[1.219s][info][gc,heap      ] GC(14) Humongous regions: 0->0
[1.219s][info][gc,metaspace ] GC(14) Metaspace: 12243K(12800K)->12243K(12800K) NonClass: 11093K(11520K)->11093K(11520K) Class: 1149K(1280K)->1149K(1280K)
[1.219s][info][gc           ] GC(14) Pause Young (Normal) (G1 Evacuation Pause) 921M->239M(1143M) 1.184ms
[1.219s][info][gc,cpu       ] GC(14) User=0.00s Sys=0.00s Real=0.00s
[1.264s][info][gc,start     ] GC(15) Pause Young (Normal) (G1 Evacuation Pause)
[1.264s][info][gc,task      ] GC(15) Using 15 workers of 15 for evacuation
[1.265s][info][gc,phases    ] GC(15)   Pre Evacuate Collection Set: 0.0ms
[1.265s][info][gc,phases    ] GC(15)   Evacuate Collection Set: 0.5ms
[1.265s][info][gc,phases    ] GC(15)   Post Evacuate Collection Set: 0.2ms
[1.265s][info][gc,phases    ] GC(15)   Other: 0.1ms
[1.265s][info][gc,heap      ] GC(15) Eden regions: 681->0(682)
[1.265s][info][gc,heap      ] GC(15) Survivor regions: 4->3(86)
[1.265s][info][gc,heap      ] GC(15) Old regions: 237->237
[1.265s][info][gc,heap      ] GC(15) Humongous regions: 0->0
[1.265s][info][gc,metaspace ] GC(15) Metaspace: 12243K(12800K)->12243K(12800K) NonClass: 11093K(11520K)->11093K(11520K) Class: 1149K(1280K)->1149K(1280K)
[1.265s][info][gc           ] GC(15) Pause Young (Normal) (G1 Evacuation Pause) 920M->238M(1143M) 0.884ms
[1.265s][info][gc,cpu       ] GC(15) User=0.00s Sys=0.00s Real=0.00s
[1.311s][info][gc,start     ] GC(16) Pause Young (Normal) (G1 Evacuation Pause)
[1.311s][info][gc,task      ] GC(16) Using 15 workers of 15 for evacuation
[1.312s][info][gc,phases    ] GC(16)   Pre Evacuate Collection Set: 0.0ms
[1.312s][info][gc,phases    ] GC(16)   Evacuate Collection Set: 0.7ms
[1.312s][info][gc,phases    ] GC(16)   Post Evacuate Collection Set: 0.2ms
[1.312s][info][gc,phases    ] GC(16)   Other: 0.1ms
[1.312s][info][gc,heap      ] GC(16) Eden regions: 682->0(681)
[1.312s][info][gc,heap      ] GC(16) Survivor regions: 3->4(86)
[1.312s][info][gc,heap      ] GC(16) Old regions: 237->237
[1.312s][info][gc,heap      ] GC(16) Humongous regions: 0->0
[1.312s][info][gc,metaspace ] GC(16) Metaspace: 12243K(12800K)->12243K(12800K) NonClass: 11093K(11520K)->11093K(11520K) Class: 1149K(1280K)->1149K(1280K)
[1.312s][info][gc           ] GC(16) Pause Young (Normal) (G1 Evacuation Pause) 920M->240M(1143M) 1.168ms
[1.312s][info][gc,cpu       ] GC(16) User=0.00s Sys=0.00s Real=0.00s
[1.367s][info][gc,start     ] GC(17) Pause Young (Normal) (G1 Evacuation Pause)
[1.367s][info][gc,task      ] GC(17) Using 15 workers of 15 for evacuation
[1.368s][info][gc,phases    ] GC(17)   Pre Evacuate Collection Set: 0.0ms
[1.368s][info][gc,phases    ] GC(17)   Evacuate Collection Set: 0.7ms
[1.368s][info][gc,phases    ] GC(17)   Post Evacuate Collection Set: 0.2ms
[1.368s][info][gc,phases    ] GC(17)   Other: 0.1ms
[1.368s][info][gc,heap      ] GC(17) Eden regions: 681->0(681)
[1.368s][info][gc,heap      ] GC(17) Survivor regions: 4->4(86)
[1.368s][info][gc,heap      ] GC(17) Old regions: 237->237
[1.368s][info][gc,heap      ] GC(17) Humongous regions: 0->0
[1.368s][info][gc,metaspace ] GC(17) Metaspace: 12322K(12800K)->12322K(12800K) NonClass: 11161K(11520K)->11161K(11520K) Class: 1160K(1280K)->1160K(1280K)
[1.368s][info][gc           ] GC(17) Pause Young (Normal) (G1 Evacuation Pause) 921M->240M(1143M) 1.107ms
[1.368s][info][gc,cpu       ] GC(17) User=0.00s Sys=0.00s Real=0.00s
[1.411s][info][gc,start     ] GC(18) Pause Young (Normal) (G1 Evacuation Pause)
[1.411s][info][gc,task      ] GC(18) Using 15 workers of 15 for evacuation
[1.412s][info][gc,phases    ] GC(18)   Pre Evacuate Collection Set: 0.0ms
[1.412s][info][gc,phases    ] GC(18)   Evacuate Collection Set: 0.6ms
[1.412s][info][gc,phases    ] GC(18)   Post Evacuate Collection Set: 0.2ms
[1.412s][info][gc,phases    ] GC(18)   Other: 0.1ms
[1.412s][info][gc,heap      ] GC(18) Eden regions: 681->0(682)
[1.412s][info][gc,heap      ] GC(18) Survivor regions: 4->3(86)
[1.412s][info][gc,heap      ] GC(18) Old regions: 237->237
[1.412s][info][gc,heap      ] GC(18) Humongous regions: 0->0
[1.412s][info][gc,metaspace ] GC(18) Metaspace: 12322K(12800K)->12322K(12800K) NonClass: 11161K(11520K)->11161K(11520K) Class: 1160K(1280K)->1160K(1280K)
[1.412s][info][gc           ] GC(18) Pause Young (Normal) (G1 Evacuation Pause) 921M->239M(1143M) 1.029ms
[1.412s][info][gc,cpu       ] GC(18) User=0.00s Sys=0.00s Real=0.00s
[1.460s][info][gc,start     ] GC(19) Pause Young (Normal) (G1 Evacuation Pause)
[1.460s][info][gc,task      ] GC(19) Using 15 workers of 15 for evacuation
[1.461s][info][gc,phases    ] GC(19)   Pre Evacuate Collection Set: 0.0ms
[1.461s][info][gc,phases    ] GC(19)   Evacuate Collection Set: 0.7ms
[1.461s][info][gc,phases    ] GC(19)   Post Evacuate Collection Set: 0.2ms
[1.461s][info][gc,phases    ] GC(19)   Other: 0.1ms
[1.461s][info][gc,heap      ] GC(19) Eden regions: 682->0(681)
[1.462s][info][gc,heap      ] GC(19) Survivor regions: 3->4(86)
[1.462s][info][gc,heap      ] GC(19) Old regions: 237->237
[1.462s][info][gc,heap      ] GC(19) Humongous regions: 0->0
[1.462s][info][gc,metaspace ] GC(19) Metaspace: 12322K(12800K)->12322K(12800K) NonClass: 11161K(11520K)->11161K(11520K) Class: 1160K(1280K)->1160K(1280K)
[1.462s][info][gc           ] GC(19) Pause Young (Normal) (G1 Evacuation Pause) 921M->240M(1143M) 1.078ms
[1.462s][info][gc,cpu       ] GC(19) User=0.00s Sys=0.00s Real=0.00s
[1.505s][info][gc,start     ] GC(20) Pause Young (Normal) (G1 Evacuation Pause)
[1.505s][info][gc,task      ] GC(20) Using 15 workers of 15 for evacuation
[1.506s][info][gc,phases    ] GC(20)   Pre Evacuate Collection Set: 0.0ms
[1.506s][info][gc,phases    ] GC(20)   Evacuate Collection Set: 0.7ms
[1.506s][info][gc,phases    ] GC(20)   Post Evacuate Collection Set: 0.2ms
[1.506s][info][gc,phases    ] GC(20)   Other: 0.1ms
[1.506s][info][gc,heap      ] GC(20) Eden regions: 681->0(682)
[1.506s][info][gc,heap      ] GC(20) Survivor regions: 4->3(86)
[1.506s][info][gc,heap      ] GC(20) Old regions: 237->237
[1.506s][info][gc,heap      ] GC(20) Humongous regions: 0->0
[1.506s][info][gc,metaspace ] GC(20) Metaspace: 12322K(12800K)->12322K(12800K) NonClass: 11161K(11520K)->11161K(11520K) Class: 1160K(1280K)->1160K(1280K)
[1.506s][info][gc           ] GC(20) Pause Young (Normal) (G1 Evacuation Pause) 921M->239M(1143M) 1.112ms
[1.506s][info][gc,cpu       ] GC(20) User=0.00s Sys=0.00s Real=0.00s
[1.556s][info][gc,start     ] GC(21) Pause Young (Normal) (G1 Evacuation Pause)
[1.556s][info][gc,task      ] GC(21) Using 15 workers of 15 for evacuation
[1.557s][info][gc,phases    ] GC(21)   Pre Evacuate Collection Set: 0.0ms
[1.557s][info][gc,phases    ] GC(21)   Evacuate Collection Set: 0.6ms
[1.557s][info][gc,phases    ] GC(21)   Post Evacuate Collection Set: 0.2ms
[1.557s][info][gc,phases    ] GC(21)   Other: 0.1ms
[1.557s][info][gc,heap      ] GC(21) Eden regions: 682->0(681)
[1.557s][info][gc,heap      ] GC(21) Survivor regions: 3->4(86)
[1.557s][info][gc,heap      ] GC(21) Old regions: 237->237
[1.557s][info][gc,heap      ] GC(21) Humongous regions: 0->0
[1.557s][info][gc,metaspace ] GC(21) Metaspace: 12322K(12800K)->12322K(12800K) NonClass: 11161K(11520K)->11161K(11520K) Class: 1160K(1280K)->1160K(1280K)
[1.557s][info][gc           ] GC(21) Pause Young (Normal) (G1 Evacuation Pause) 921M->240M(1143M) 1.081ms
[1.557s][info][gc,cpu       ] GC(21) User=0.00s Sys=0.00s Real=0.00s
[1.600s][info][gc,start     ] GC(22) Pause Young (Normal) (G1 Evacuation Pause)
[1.600s][info][gc,task      ] GC(22) Using 15 workers of 15 for evacuation
[1.601s][info][gc,phases    ] GC(22)   Pre Evacuate Collection Set: 0.0ms
[1.601s][info][gc,phases    ] GC(22)   Evacuate Collection Set: 0.8ms
[1.601s][info][gc,phases    ] GC(22)   Post Evacuate Collection Set: 0.2ms
[1.601s][info][gc,phases    ] GC(22)   Other: 0.1ms
[1.601s][info][gc,heap      ] GC(22) Eden regions: 681->0(680)
[1.601s][info][gc,heap      ] GC(22) Survivor regions: 4->5(86)
[1.601s][info][gc,heap      ] GC(22) Old regions: 237->237
[1.601s][info][gc,heap      ] GC(22) Humongous regions: 0->0
[1.601s][info][gc,metaspace ] GC(22) Metaspace: 12322K(12800K)->12322K(12800K) NonClass: 11161K(11520K)->11161K(11520K) Class: 1160K(1280K)->1160K(1280K)
[1.601s][info][gc           ] GC(22) Pause Young (Normal) (G1 Evacuation Pause) 921M->241M(1143M) 1.312ms
[1.601s][info][gc,cpu       ] GC(22) User=0.00s Sys=0.00s Real=0.00s
[1.652s][info][gc,start     ] GC(23) Pause Young (Normal) (G1 Evacuation Pause)
[1.652s][info][gc,task      ] GC(23) Using 15 workers of 15 for evacuation
[1.653s][info][gc,phases    ] GC(23)   Pre Evacuate Collection Set: 0.0ms
[1.653s][info][gc,phases    ] GC(23)   Evacuate Collection Set: 0.5ms
[1.653s][info][gc,phases    ] GC(23)   Post Evacuate Collection Set: 0.3ms
[1.653s][info][gc,phases    ] GC(23)   Other: 0.2ms
[1.653s][info][gc,heap      ] GC(23) Eden regions: 680->0(682)
[1.653s][info][gc,heap      ] GC(23) Survivor regions: 5->3(86)
[1.653s][info][gc,heap      ] GC(23) Old regions: 237->237
[1.653s][info][gc,heap      ] GC(23) Humongous regions: 0->0
[1.653s][info][gc,metaspace ] GC(23) Metaspace: 12322K(12800K)->12322K(12800K) NonClass: 11161K(11520K)->11161K(11520K) Class: 1160K(1280K)->1160K(1280K)
[1.653s][info][gc           ] GC(23) Pause Young (Normal) (G1 Evacuation Pause) 921M->239M(1143M) 1.106ms
[1.653s][info][gc,cpu       ] GC(23) User=0.00s Sys=0.00s Real=0.00s
[1.699s][info][gc,start     ] GC(24) Pause Young (Normal) (G1 Evacuation Pause)
[1.699s][info][gc,task      ] GC(24) Using 15 workers of 15 for evacuation
[1.700s][info][gc,phases    ] GC(24)   Pre Evacuate Collection Set: 0.0ms
[1.700s][info][gc,phases    ] GC(24)   Evacuate Collection Set: 0.7ms
[1.700s][info][gc,phases    ] GC(24)   Post Evacuate Collection Set: 0.3ms
[1.700s][info][gc,phases    ] GC(24)   Other: 0.1ms
[1.700s][info][gc,heap      ] GC(24) Eden regions: 682->0(682)
[1.700s][info][gc,heap      ] GC(24) Survivor regions: 3->3(86)
[1.700s][info][gc,heap      ] GC(24) Old regions: 237->238
[1.700s][info][gc,heap      ] GC(24) Humongous regions: 0->0
[1.700s][info][gc,metaspace ] GC(24) Metaspace: 12322K(12800K)->12322K(12800K) NonClass: 11161K(11520K)->11161K(11520K) Class: 1160K(1280K)->1160K(1280K)
[1.700s][info][gc           ] GC(24) Pause Young (Normal) (G1 Evacuation Pause) 921M->239M(1143M) 1.228ms
[1.700s][info][gc,cpu       ] GC(24) User=0.00s Sys=0.00s Real=0.00s
[1.748s][info][gc,start     ] GC(25) Pause Young (Normal) (G1 Evacuation Pause)
[1.748s][info][gc,task      ] GC(25) Using 15 workers of 15 for evacuation
[1.749s][info][gc,phases    ] GC(25)   Pre Evacuate Collection Set: 0.0ms
[1.749s][info][gc,phases    ] GC(25)   Evacuate Collection Set: 0.6ms
[1.749s][info][gc,phases    ] GC(25)   Post Evacuate Collection Set: 0.2ms
[1.749s][info][gc,phases    ] GC(25)   Other: 0.2ms
[1.749s][info][gc,heap      ] GC(25) Eden regions: 682->0(682)
[1.749s][info][gc,heap      ] GC(25) Survivor regions: 3->3(86)
[1.749s][info][gc,heap      ] GC(25) Old regions: 238->238
[1.749s][info][gc,heap      ] GC(25) Humongous regions: 0->0
[1.749s][info][gc,metaspace ] GC(25) Metaspace: 12322K(12800K)->12322K(12800K) NonClass: 11161K(11520K)->11161K(11520K) Class: 1160K(1280K)->1160K(1280K)
[1.749s][info][gc           ] GC(25) Pause Young (Normal) (G1 Evacuation Pause) 921M->239M(1143M) 1.046ms
[1.749s][info][gc,cpu       ] GC(25) User=0.00s Sys=0.00s Real=0.00s
[1.794s][info][gc,start     ] GC(26) Pause Young (Normal) (G1 Evacuation Pause)
[1.794s][info][gc,task      ] GC(26) Using 15 workers of 15 for evacuation
[1.795s][info][gc,phases    ] GC(26)   Pre Evacuate Collection Set: 0.0ms
[1.795s][info][gc,phases    ] GC(26)   Evacuate Collection Set: 0.8ms
[1.795s][info][gc,phases    ] GC(26)   Post Evacuate Collection Set: 0.4ms
[1.795s][info][gc,phases    ] GC(26)   Other: 0.2ms
[1.795s][info][gc,heap      ] GC(26) Eden regions: 682->0(681)
[1.795s][info][gc,heap      ] GC(26) Survivor regions: 3->4(86)
[1.795s][info][gc,heap      ] GC(26) Old regions: 238->238
[1.795s][info][gc,heap      ] GC(26) Humongous regions: 0->0
[1.795s][info][gc,metaspace ] GC(26) Metaspace: 12322K(12800K)->12322K(12800K) NonClass: 11161K(11520K)->11161K(11520K) Class: 1160K(1280K)->1160K(1280K)
[1.795s][info][gc           ] GC(26) Pause Young (Normal) (G1 Evacuation Pause) 921M->240M(1143M) 1.476ms
[1.795s][info][gc,cpu       ] GC(26) User=0.02s Sys=0.00s Real=0.00s
[1.845s][info][gc,start     ] GC(27) Pause Young (Normal) (G1 Evacuation Pause)
[1.845s][info][gc,task      ] GC(27) Using 15 workers of 15 for evacuation
[1.846s][info][gc,phases    ] GC(27)   Pre Evacuate Collection Set: 0.0ms
[1.846s][info][gc,phases    ] GC(27)   Evacuate Collection Set: 0.6ms
[1.846s][info][gc,phases    ] GC(27)   Post Evacuate Collection Set: 0.2ms
[1.846s][info][gc,phases    ] GC(27)   Other: 0.2ms
[1.846s][info][gc,heap      ] GC(27) Eden regions: 681->0(682)
[1.846s][info][gc,heap      ] GC(27) Survivor regions: 4->3(86)
[1.846s][info][gc,heap      ] GC(27) Old regions: 238->238
[1.846s][info][gc,heap      ] GC(27) Humongous regions: 0->0
[1.846s][info][gc,metaspace ] GC(27) Metaspace: 12322K(12800K)->12322K(12800K) NonClass: 11161K(11520K)->11161K(11520K) Class: 1160K(1280K)->1160K(1280K)
[1.846s][info][gc           ] GC(27) Pause Young (Normal) (G1 Evacuation Pause) 921M->239M(1143M) 1.118ms
[1.846s][info][gc,cpu       ] GC(27) User=0.00s Sys=0.00s Real=0.00s
[1.897s][info][gc,start     ] GC(28) Pause Young (Normal) (G1 Evacuation Pause)
[1.897s][info][gc,task      ] GC(28) Using 15 workers of 15 for evacuation
[1.897s][info][gc,phases    ] GC(28)   Pre Evacuate Collection Set: 0.0ms
[1.897s][info][gc,phases    ] GC(28)   Evacuate Collection Set: 0.4ms
[1.897s][info][gc,phases    ] GC(28)   Post Evacuate Collection Set: 0.3ms
[1.897s][info][gc,phases    ] GC(28)   Other: 0.1ms
[1.897s][info][gc,heap      ] GC(28) Eden regions: 682->0(683)
[1.897s][info][gc,heap      ] GC(28) Survivor regions: 3->2(86)
[1.897s][info][gc,heap      ] GC(28) Old regions: 238->238
[1.897s][info][gc,heap      ] GC(28) Humongous regions: 0->0
[1.897s][info][gc,metaspace ] GC(28) Metaspace: 12322K(12800K)->12322K(12800K) NonClass: 11161K(11520K)->11161K(11520K) Class: 1160K(1280K)->1160K(1280K)
[1.898s][info][gc           ] GC(28) Pause Young (Normal) (G1 Evacuation Pause) 921M->239M(1143M) 0.875ms
[1.898s][info][gc,cpu       ] GC(28) User=0.00s Sys=0.00s Real=0.00s
[1.941s][info][gc,start     ] GC(29) Pause Young (Normal) (G1 Evacuation Pause)
[1.941s][info][gc,task      ] GC(29) Using 15 workers of 15 for evacuation
[1.942s][info][gc,phases    ] GC(29)   Pre Evacuate Collection Set: 0.0ms
[1.942s][info][gc,phases    ] GC(29)   Evacuate Collection Set: 0.6ms
[1.942s][info][gc,phases    ] GC(29)   Post Evacuate Collection Set: 0.2ms
[1.942s][info][gc,phases    ] GC(29)   Other: 0.1ms
[1.942s][info][gc,heap      ] GC(29) Eden regions: 683->0(682)
[1.942s][info][gc,heap      ] GC(29) Survivor regions: 2->3(86)
[1.942s][info][gc,heap      ] GC(29) Old regions: 238->238
[1.942s][info][gc,heap      ] GC(29) Humongous regions: 0->0
[1.942s][info][gc,metaspace ] GC(29) Metaspace: 12322K(12800K)->12322K(12800K) NonClass: 11161K(11520K)->11161K(11520K) Class: 1160K(1280K)->1160K(1280K)
[1.942s][info][gc           ] GC(29) Pause Young (Normal) (G1 Evacuation Pause) 922M->239M(1143M) 1.035ms
[1.942s][info][gc,cpu       ] GC(29) User=0.00s Sys=0.00s Real=0.00s
[1.991s][info][gc,start     ] GC(30) Pause Young (Normal) (G1 Evacuation Pause)
[1.991s][info][gc,task      ] GC(30) Using 15 workers of 15 for evacuation
[1.992s][info][gc,phases    ] GC(30)   Pre Evacuate Collection Set: 0.0ms
[1.992s][info][gc,phases    ] GC(30)   Evacuate Collection Set: 0.5ms
[1.992s][info][gc,phases    ] GC(30)   Post Evacuate Collection Set: 0.2ms
[1.992s][info][gc,phases    ] GC(30)   Other: 0.2ms
[1.992s][info][gc,heap      ] GC(30) Eden regions: 682->0(683)
[1.992s][info][gc,heap      ] GC(30) Survivor regions: 3->2(86)
[1.992s][info][gc,heap      ] GC(30) Old regions: 238->238
[1.992s][info][gc,heap      ] GC(30) Humongous regions: 0->0
[1.992s][info][gc,metaspace ] GC(30) Metaspace: 12322K(12800K)->12322K(12800K) NonClass: 11161K(11520K)->11161K(11520K) Class: 1160K(1280K)->1160K(1280K)
[1.992s][info][gc           ] GC(30) Pause Young (Normal) (G1 Evacuation Pause) 921M->239M(1143M) 1.022ms
[1.992s][info][gc,cpu       ] GC(30) User=0.00s Sys=0.00s Real=0.00s
[2.035s][info][gc,start     ] GC(31) Pause Young (Normal) (G1 Evacuation Pause)
[2.035s][info][gc,task      ] GC(31) Using 15 workers of 15 for evacuation
[2.036s][info][gc,phases    ] GC(31)   Pre Evacuate Collection Set: 0.0ms
[2.036s][info][gc,phases    ] GC(31)   Evacuate Collection Set: 0.6ms
[2.036s][info][gc,phases    ] GC(31)   Post Evacuate Collection Set: 0.4ms
[2.036s][info][gc,phases    ] GC(31)   Other: 0.1ms
[2.036s][info][gc,heap      ] GC(31) Eden regions: 683->0(682)
[2.036s][info][gc,heap      ] GC(31) Survivor regions: 2->3(86)
[2.036s][info][gc,heap      ] GC(31) Old regions: 238->238
[2.036s][info][gc,heap      ] GC(31) Humongous regions: 0->0
[2.036s][info][gc,metaspace ] GC(31) Metaspace: 12322K(12800K)->12322K(12800K) NonClass: 11161K(11520K)->11161K(11520K) Class: 1160K(1280K)->1160K(1280K)
[2.036s][info][gc           ] GC(31) Pause Young (Normal) (G1 Evacuation Pause) 922M->240M(1143M) 1.219ms
[2.036s][info][gc,cpu       ] GC(31) User=0.00s Sys=0.00s Real=0.00s
[2.084s][info][gc,start     ] GC(32) Pause Young (Normal) (G1 Evacuation Pause)
[2.084s][info][gc,task      ] GC(32) Using 15 workers of 15 for evacuation
[2.085s][info][gc,phases    ] GC(32)   Pre Evacuate Collection Set: 0.0ms
[2.085s][info][gc,phases    ] GC(32)   Evacuate Collection Set: 0.6ms
[2.085s][info][gc,phases    ] GC(32)   Post Evacuate Collection Set: 0.2ms
[2.085s][info][gc,phases    ] GC(32)   Other: 0.2ms
[2.085s][info][gc,heap      ] GC(32) Eden regions: 682->0(681)
[2.085s][info][gc,heap      ] GC(32) Survivor regions: 3->4(86)
[2.085s][info][gc,heap      ] GC(32) Old regions: 238->238
[2.085s][info][gc,heap      ] GC(32) Humongous regions: 0->0
[2.085s][info][gc,metaspace ] GC(32) Metaspace: 12322K(12800K)->12322K(12800K) NonClass: 11161K(11520K)->11161K(11520K) Class: 1160K(1280K)->1160K(1280K)
[2.085s][info][gc           ] GC(32) Pause Young (Normal) (G1 Evacuation Pause) 922M->240M(1143M) 1.110ms
[2.085s][info][gc,cpu       ] GC(32) User=0.00s Sys=0.00s Real=0.00s
[2.128s][info][gc,start     ] GC(33) Pause Young (Normal) (G1 Evacuation Pause)
[2.128s][info][gc,task      ] GC(33) Using 15 workers of 15 for evacuation
[2.129s][info][gc,phases    ] GC(33)   Pre Evacuate Collection Set: 0.0ms
[2.129s][info][gc,phases    ] GC(33)   Evacuate Collection Set: 0.6ms
[2.129s][info][gc,phases    ] GC(33)   Post Evacuate Collection Set: 0.2ms
[2.129s][info][gc,phases    ] GC(33)   Other: 0.1ms
[2.129s][info][gc,heap      ] GC(33) Eden regions: 681->0(682)
[2.129s][info][gc,heap      ] GC(33) Survivor regions: 4->3(86)
[2.129s][info][gc,heap      ] GC(33) Old regions: 238->238
[2.129s][info][gc,heap      ] GC(33) Humongous regions: 0->0
[2.129s][info][gc,metaspace ] GC(33) Metaspace: 12322K(12800K)->12322K(12800K) NonClass: 11161K(11520K)->11161K(11520K) Class: 1160K(1280K)->1160K(1280K)
[2.129s][info][gc           ] GC(33) Pause Young (Normal) (G1 Evacuation Pause) 921M->240M(1143M) 1.021ms
[2.129s][info][gc,cpu       ] GC(33) User=0.00s Sys=0.00s Real=0.00s
[2.175s][info][gc,start     ] GC(34) Pause Young (Normal) (G1 Evacuation Pause)
[2.175s][info][gc,task      ] GC(34) Using 15 workers of 15 for evacuation
[2.176s][info][gc,phases    ] GC(34)   Pre Evacuate Collection Set: 0.0ms
[2.176s][info][gc,phases    ] GC(34)   Evacuate Collection Set: 0.6ms
[2.176s][info][gc,phases    ] GC(34)   Post Evacuate Collection Set: 0.2ms
[2.176s][info][gc,phases    ] GC(34)   Other: 0.2ms
[2.176s][info][gc,heap      ] GC(34) Eden regions: 682->0(682)
[2.176s][info][gc,heap      ] GC(34) Survivor regions: 3->3(86)
[2.176s][info][gc,heap      ] GC(34) Old regions: 238->238
[2.176s][info][gc,heap      ] GC(34) Humongous regions: 0->0
[2.176s][info][gc,metaspace ] GC(34) Metaspace: 12322K(12800K)->12322K(12800K) NonClass: 11161K(11520K)->11161K(11520K) Class: 1160K(1280K)->1160K(1280K)
[2.176s][info][gc           ] GC(34) Pause Young (Normal) (G1 Evacuation Pause) 922M->239M(1143M) 1.065ms
[2.176s][info][gc,cpu       ] GC(34) User=0.00s Sys=0.00s Real=0.00s
[2.219s][info][gc,start     ] GC(35) Pause Young (Normal) (G1 Evacuation Pause)
[2.219s][info][gc,task      ] GC(35) Using 15 workers of 15 for evacuation
[2.220s][info][gc,phases    ] GC(35)   Pre Evacuate Collection Set: 0.0ms
[2.220s][info][gc,phases    ] GC(35)   Evacuate Collection Set: 0.6ms
[2.220s][info][gc,phases    ] GC(35)   Post Evacuate Collection Set: 0.2ms
[2.220s][info][gc,phases    ] GC(35)   Other: 0.1ms
[2.220s][info][gc,heap      ] GC(35) Eden regions: 682->0(682)
[2.220s][info][gc,heap      ] GC(35) Survivor regions: 3->3(86)
[2.220s][info][gc,heap      ] GC(35) Old regions: 238->238
[2.220s][info][gc,heap      ] GC(35) Humongous regions: 0->0
[2.220s][info][gc,metaspace ] GC(35) Metaspace: 12322K(12800K)->12322K(12800K) NonClass: 11161K(11520K)->11161K(11520K) Class: 1160K(1280K)->1160K(1280K)
[2.220s][info][gc           ] GC(35) Pause Young (Normal) (G1 Evacuation Pause) 921M->239M(1143M) 1.046ms
[2.220s][info][gc,cpu       ] GC(35) User=0.00s Sys=0.00s Real=0.00s
[2.267s][info][gc,start     ] GC(36) Pause Young (Normal) (G1 Evacuation Pause)
[2.267s][info][gc,task      ] GC(36) Using 15 workers of 15 for evacuation
[2.268s][info][gc,phases    ] GC(36)   Pre Evacuate Collection Set: 0.0ms
[2.268s][info][gc,phases    ] GC(36)   Evacuate Collection Set: 0.5ms
[2.268s][info][gc,phases    ] GC(36)   Post Evacuate Collection Set: 0.2ms
[2.268s][info][gc,phases    ] GC(36)   Other: 0.1ms
[2.268s][info][gc,heap      ] GC(36) Eden regions: 682->0(683)
[2.268s][info][gc,heap      ] GC(36) Survivor regions: 3->2(86)
[2.268s][info][gc,heap      ] GC(36) Old regions: 238->238
[2.268s][info][gc,heap      ] GC(36) Humongous regions: 0->0
[2.268s][info][gc,metaspace ] GC(36) Metaspace: 12322K(12800K)->12322K(12800K) NonClass: 11161K(11520K)->11161K(11520K) Class: 1160K(1280K)->1160K(1280K)
[2.268s][info][gc           ] GC(36) Pause Young (Normal) (G1 Evacuation Pause) 921M->239M(1143M) 0.922ms
[2.268s][info][gc,cpu       ] GC(36) User=0.00s Sys=0.00s Real=0.00s
[2.310s][info][gc,start     ] GC(37) Pause Young (Normal) (G1 Evacuation Pause)
[2.310s][info][gc,task      ] GC(37) Using 15 workers of 15 for evacuation
[2.311s][info][gc,phases    ] GC(37)   Pre Evacuate Collection Set: 0.0ms
[2.311s][info][gc,phases    ] GC(37)   Evacuate Collection Set: 0.5ms
[2.311s][info][gc,phases    ] GC(37)   Post Evacuate Collection Set: 0.2ms
[2.311s][info][gc,phases    ] GC(37)   Other: 0.1ms
[2.311s][info][gc,heap      ] GC(37) Eden regions: 683->0(683)
[2.311s][info][gc,heap      ] GC(37) Survivor regions: 2->2(86)
[2.311s][info][gc,heap      ] GC(37) Old regions: 238->238
[2.311s][info][gc,heap      ] GC(37) Humongous regions: 0->0
[2.311s][info][gc,metaspace ] GC(37) Metaspace: 12322K(12800K)->12322K(12800K) NonClass: 11161K(11520K)->11161K(11520K) Class: 1160K(1280K)->1160K(1280K)
[2.311s][info][gc           ] GC(37) Pause Young (Normal) (G1 Evacuation Pause) 922M->239M(1143M) 0.902ms
[2.311s][info][gc,cpu       ] GC(37) User=0.00s Sys=0.00s Real=0.00s
[2.358s][info][gc,start     ] GC(38) Pause Young (Normal) (G1 Evacuation Pause)
[2.358s][info][gc,task      ] GC(38) Using 15 workers of 15 for evacuation
[2.359s][info][gc,phases    ] GC(38)   Pre Evacuate Collection Set: 0.0ms
[2.359s][info][gc,phases    ] GC(38)   Evacuate Collection Set: 0.6ms
[2.359s][info][gc,phases    ] GC(38)   Post Evacuate Collection Set: 0.2ms
[2.359s][info][gc,phases    ] GC(38)   Other: 0.1ms
[2.359s][info][gc,heap      ] GC(38) Eden regions: 683->0(682)
[2.359s][info][gc,heap      ] GC(38) Survivor regions: 2->3(86)
[2.359s][info][gc,heap      ] GC(38) Old regions: 238->238
[2.359s][info][gc,heap      ] GC(38) Humongous regions: 0->0
[2.359s][info][gc,metaspace ] GC(38) Metaspace: 12322K(12800K)->12322K(12800K) NonClass: 11161K(11520K)->11161K(11520K) Class: 1160K(1280K)->1160K(1280K)
[2.359s][info][gc           ] GC(38) Pause Young (Normal) (G1 Evacuation Pause) 922M->240M(1143M) 1.049ms
[2.359s][info][gc,cpu       ] GC(38) User=0.00s Sys=0.00s Real=0.00s
[2.409s][info][gc,start     ] GC(39) Pause Young (Normal) (G1 Evacuation Pause)
[2.409s][info][gc,task      ] GC(39) Using 15 workers of 15 for evacuation
[2.410s][info][gc,phases    ] GC(39)   Pre Evacuate Collection Set: 0.0ms
[2.410s][info][gc,phases    ] GC(39)   Evacuate Collection Set: 0.7ms
[2.410s][info][gc,phases    ] GC(39)   Post Evacuate Collection Set: 0.2ms
[2.410s][info][gc,phases    ] GC(39)   Other: 0.1ms
[2.411s][info][gc,heap      ] GC(39) Eden regions: 682->0(681)
[2.411s][info][gc,heap      ] GC(39) Survivor regions: 3->4(86)
[2.411s][info][gc,heap      ] GC(39) Old regions: 238->238
[2.411s][info][gc,heap      ] GC(39) Humongous regions: 0->0
[2.411s][info][gc,metaspace ] GC(39) Metaspace: 12326K(12800K)->12326K(12800K) NonClass: 11165K(11520K)->11165K(11520K) Class: 1160K(1280K)->1160K(1280K)
[2.411s][info][gc           ] GC(39) Pause Young (Normal) (G1 Evacuation Pause) 922M->240M(1143M) 1.074ms
[2.411s][info][gc,cpu       ] GC(39) User=0.00s Sys=0.00s Real=0.00s
[8.962s][info][gc,heap,exit ] Heap
[8.962s][info][gc,heap,exit ]  garbage-first heap   total 522240K, used 18432K [0x0000000700000000, 0x0000000800000000)
[8.962s][info][gc,heap,exit ]   region size 1024K, 19 young (19456K), 0 survivors (0K)
[8.962s][info][gc,heap,exit ]  Metaspace       used 12750K, capacity 13080K, committed 13312K, reserved 1060864K
[8.962s][info][gc,heap,exit ]   class space    used 1179K, capacity 1267K, committed 1280K, reserved 1048576K
[2.453s][info][gc,start     ] GC(40) Pause Young (Normal) (G1 Evacuation Pause)
[2.453s][info][gc,task      ] GC(40) Using 15 workers of 15 for evacuation
[2.454s][info][gc,phases    ] GC(40)   Pre Evacuate Collection Set: 0.0ms
[2.454s][info][gc,phases    ] GC(40)   Evacuate Collection Set: 0.6ms
[2.454s][info][gc,phases    ] GC(40)   Post Evacuate Collection Set: 0.3ms
[2.454s][info][gc,phases    ] GC(40)   Other: 0.1ms
[2.454s][info][gc,heap      ] GC(40) Eden regions: 681->0(682)
[2.454s][info][gc,heap      ] GC(40) Survivor regions: 4->3(86)
[2.454s][info][gc,heap      ] GC(40) Old regions: 238->238
[2.454s][info][gc,heap      ] GC(40) Humongous regions: 0->0
[2.454s][info][gc,metaspace ] GC(40) Metaspace: 12326K(12800K)->12326K(12800K) NonClass: 11165K(11520K)->11165K(11520K) Class: 1160K(1280K)->1160K(1280K)
[2.454s][info][gc           ] GC(40) Pause Young (Normal) (G1 Evacuation Pause) 921M->239M(1143M) 1.019ms
[2.454s][info][gc,cpu       ] GC(40) User=0.00s Sys=0.00s Real=0.00s
[2.504s][info][gc,start     ] GC(41) Pause Young (Normal) (G1 Evacuation Pause)
[2.504s][info][gc,task      ] GC(41) Using 15 workers of 15 for evacuation
[2.505s][info][gc,phases    ] GC(41)   Pre Evacuate Collection Set: 0.0ms
[2.505s][info][gc,phases    ] GC(41)   Evacuate Collection Set: 0.5ms
[2.505s][info][gc,phases    ] GC(41)   Post Evacuate Collection Set: 0.2ms
[2.505s][info][gc,phases    ] GC(41)   Other: 0.1ms
[2.505s][info][gc,heap      ] GC(41) Eden regions: 682->0(682)
[2.505s][info][gc,heap      ] GC(41) Survivor regions: 3->3(86)
[2.505s][info][gc,heap      ] GC(41) Old regions: 238->238
[2.505s][info][gc,heap      ] GC(41) Humongous regions: 0->0
[2.505s][info][gc,metaspace ] GC(41) Metaspace: 12326K(12800K)->12326K(12800K) NonClass: 11165K(11520K)->11165K(11520K) Class: 1160K(1280K)->1160K(1280K)
[2.505s][info][gc           ] GC(41) Pause Young (Normal) (G1 Evacuation Pause) 921M->239M(1143M) 0.958ms
[2.505s][info][gc,cpu       ] GC(41) User=0.00s Sys=0.00s Real=0.00s
[2.548s][info][gc,start     ] GC(42) Pause Young (Normal) (G1 Evacuation Pause)
[2.548s][info][gc,task      ] GC(42) Using 15 workers of 15 for evacuation
[2.549s][info][gc,phases    ] GC(42)   Pre Evacuate Collection Set: 0.0ms
[2.549s][info][gc,phases    ] GC(42)   Evacuate Collection Set: 0.6ms
[2.549s][info][gc,phases    ] GC(42)   Post Evacuate Collection Set: 0.3ms
[2.549s][info][gc,phases    ] GC(42)   Other: 0.2ms
[2.549s][info][gc,heap      ] GC(42) Eden regions: 682->0(682)
[2.549s][info][gc,heap      ] GC(42) Survivor regions: 3->3(86)
[2.549s][info][gc,heap      ] GC(42) Old regions: 238->238
[2.549s][info][gc,heap      ] GC(42) Humongous regions: 0->0
[2.549s][info][gc,metaspace ] GC(42) Metaspace: 12326K(12800K)->12326K(12800K) NonClass: 11165K(11520K)->11165K(11520K) Class: 1160K(1280K)->1160K(1280K)
[2.549s][info][gc           ] GC(42) Pause Young (Normal) (G1 Evacuation Pause) 921M->239M(1143M) 1.176ms
[2.549s][info][gc,cpu       ] GC(42) User=0.00s Sys=0.00s Real=0.00s
[2.598s][info][gc,start     ] GC(43) Pause Young (Normal) (G1 Evacuation Pause)
[2.598s][info][gc,task      ] GC(43) Using 15 workers of 15 for evacuation
[2.599s][info][gc,phases    ] GC(43)   Pre Evacuate Collection Set: 0.0ms
[2.599s][info][gc,phases    ] GC(43)   Evacuate Collection Set: 0.9ms
[2.599s][info][gc,phases    ] GC(43)   Post Evacuate Collection Set: 0.2ms
[2.599s][info][gc,phases    ] GC(43)   Other: 0.1ms
[2.599s][info][gc,heap      ] GC(43) Eden regions: 682->0(679)
[2.599s][info][gc,heap      ] GC(43) Survivor regions: 3->6(86)
[2.599s][info][gc,heap      ] GC(43) Old regions: 238->238
[2.599s][info][gc,heap      ] GC(43) Humongous regions: 0->0
[2.599s][info][gc,metaspace ] GC(43) Metaspace: 12326K(12800K)->12326K(12800K) NonClass: 11165K(11520K)->11165K(11520K) Class: 1160K(1280K)->1160K(1280K)
[2.599s][info][gc           ] GC(43) Pause Young (Normal) (G1 Evacuation Pause) 921M->242M(1143M) 1.381ms
[2.599s][info][gc,cpu       ] GC(43) User=0.00s Sys=0.00s Real=0.00s
[2.642s][info][gc,start     ] GC(44) Pause Young (Normal) (G1 Evacuation Pause)
[2.642s][info][gc,task      ] GC(44) Using 15 workers of 15 for evacuation
[2.643s][info][gc,phases    ] GC(44)   Pre Evacuate Collection Set: 0.0ms
[2.643s][info][gc,phases    ] GC(44)   Evacuate Collection Set: 0.6ms
[2.643s][info][gc,phases    ] GC(44)   Post Evacuate Collection Set: 0.2ms
[2.643s][info][gc,phases    ] GC(44)   Other: 0.2ms
[2.643s][info][gc,heap      ] GC(44) Eden regions: 679->0(682)
[2.643s][info][gc,heap      ] GC(44) Survivor regions: 6->3(86)
[2.643s][info][gc,heap      ] GC(44) Old regions: 238->238
[2.643s][info][gc,heap      ] GC(44) Humongous regions: 0->0
[2.643s][info][gc,metaspace ] GC(44) Metaspace: 12326K(12800K)->12326K(12800K) NonClass: 11165K(11520K)->11165K(11520K) Class: 1160K(1280K)->1160K(1280K)
[2.643s][info][gc           ] GC(44) Pause Young (Normal) (G1 Evacuation Pause) 921M->239M(1143M) 1.016ms
[2.643s][info][gc,cpu       ] GC(44) User=0.00s Sys=0.00s Real=0.00s
[2.691s][info][gc,start     ] GC(45) Pause Young (Normal) (G1 Evacuation Pause)
[2.691s][info][gc,task      ] GC(45) Using 15 workers of 15 for evacuation
[2.692s][info][gc,phases    ] GC(45)   Pre Evacuate Collection Set: 0.0ms
[2.692s][info][gc,phases    ] GC(45)   Evacuate Collection Set: 0.5ms
[2.692s][info][gc,phases    ] GC(45)   Post Evacuate Collection Set: 0.2ms
[2.692s][info][gc,phases    ] GC(45)   Other: 0.2ms
[2.692s][info][gc,heap      ] GC(45) Eden regions: 682->0(682)
[2.692s][info][gc,heap      ] GC(45) Survivor regions: 3->3(86)
[2.692s][info][gc,heap      ] GC(45) Old regions: 238->238
[2.692s][info][gc,heap      ] GC(45) Humongous regions: 0->0
[2.692s][info][gc,metaspace ] GC(45) Metaspace: 12326K(12800K)->12326K(12800K) NonClass: 11165K(11520K)->11165K(11520K) Class: 1160K(1280K)->1160K(1280K)
[2.692s][info][gc           ] GC(45) Pause Young (Normal) (G1 Evacuation Pause) 921M->240M(1143M) 0.936ms
[2.692s][info][gc,cpu       ] GC(45) User=0.00s Sys=0.00s Real=0.00s
[2.736s][info][gc,start     ] GC(46) Pause Young (Normal) (G1 Evacuation Pause)
[2.736s][info][gc,task      ] GC(46) Using 15 workers of 15 for evacuation
[2.737s][info][gc,phases    ] GC(46)   Pre Evacuate Collection Set: 0.0ms
[2.737s][info][gc,phases    ] GC(46)   Evacuate Collection Set: 0.6ms
[2.737s][info][gc,phases    ] GC(46)   Post Evacuate Collection Set: 0.2ms
[2.737s][info][gc,phases    ] GC(46)   Other: 0.2ms
[2.737s][info][gc,heap      ] GC(46) Eden regions: 682->0(682)
[2.737s][info][gc,heap      ] GC(46) Survivor regions: 3->3(86)
[2.737s][info][gc,heap      ] GC(46) Old regions: 238->238
[2.737s][info][gc,heap      ] GC(46) Humongous regions: 0->0
[2.737s][info][gc,metaspace ] GC(46) Metaspace: 12326K(12800K)->12326K(12800K) NonClass: 11165K(11520K)->11165K(11520K) Class: 1160K(1280K)->1160K(1280K)
[2.737s][info][gc           ] GC(46) Pause Young (Normal) (G1 Evacuation Pause) 922M->240M(1143M) 1.067ms
[2.737s][info][gc,cpu       ] GC(46) User=0.00s Sys=0.00s Real=0.00s
[2.786s][info][gc,start     ] GC(47) Pause Young (Normal) (G1 Evacuation Pause)
[2.786s][info][gc,task      ] GC(47) Using 15 workers of 15 for evacuation
[2.787s][info][gc,phases    ] GC(47)   Pre Evacuate Collection Set: 0.0ms
[2.787s][info][gc,phases    ] GC(47)   Evacuate Collection Set: 0.5ms
[2.787s][info][gc,phases    ] GC(47)   Post Evacuate Collection Set: 0.2ms
[2.787s][info][gc,phases    ] GC(47)   Other: 0.1ms
[2.787s][info][gc,heap      ] GC(47) Eden regions: 682->0(683)
[2.787s][info][gc,heap      ] GC(47) Survivor regions: 3->2(86)
[2.787s][info][gc,heap      ] GC(47) Old regions: 238->238
[2.787s][info][gc,heap      ] GC(47) Humongous regions: 0->0
[2.787s][info][gc,metaspace ] GC(47) Metaspace: 12326K(12800K)->12326K(12800K) NonClass: 11165K(11520K)->11165K(11520K) Class: 1160K(1280K)->1160K(1280K)
[2.787s][info][gc           ] GC(47) Pause Young (Normal) (G1 Evacuation Pause) 922M->239M(1143M) 0.915ms
[2.787s][info][gc,cpu       ] GC(47) User=0.00s Sys=0.00s Real=0.00s
[2.830s][info][gc,start     ] GC(48) Pause Young (Normal) (G1 Evacuation Pause)
[2.830s][info][gc,task      ] GC(48) Using 15 workers of 15 for evacuation
[2.831s][info][gc,phases    ] GC(48)   Pre Evacuate Collection Set: 0.0ms
[2.831s][info][gc,phases    ] GC(48)   Evacuate Collection Set: 0.6ms
[2.831s][info][gc,phases    ] GC(48)   Post Evacuate Collection Set: 0.2ms
[2.831s][info][gc,phases    ] GC(48)   Other: 0.1ms
[2.831s][info][gc,heap      ] GC(48) Eden regions: 683->0(683)
[2.831s][info][gc,heap      ] GC(48) Survivor regions: 2->2(86)
[2.831s][info][gc,heap      ] GC(48) Old regions: 238->238
[2.831s][info][gc,heap      ] GC(48) Humongous regions: 0->0
[2.831s][info][gc,metaspace ] GC(48) Metaspace: 12326K(12800K)->12326K(12800K) NonClass: 11165K(11520K)->11165K(11520K) Class: 1160K(1280K)->1160K(1280K)
[2.831s][info][gc           ] GC(48) Pause Young (Normal) (G1 Evacuation Pause) 922M->239M(1143M) 1.006ms
[2.831s][info][gc,cpu       ] GC(48) User=0.00s Sys=0.00s Real=0.00s
[2.880s][info][gc,start     ] GC(49) Pause Young (Normal) (G1 Evacuation Pause)
[2.880s][info][gc,task      ] GC(49) Using 15 workers of 15 for evacuation
[2.881s][info][gc,phases    ] GC(49)   Pre Evacuate Collection Set: 0.0ms
[2.881s][info][gc,phases    ] GC(49)   Evacuate Collection Set: 0.6ms
[2.881s][info][gc,phases    ] GC(49)   Post Evacuate Collection Set: 0.2ms
[2.881s][info][gc,phases    ] GC(49)   Other: 0.1ms
[2.881s][info][gc,heap      ] GC(49) Eden regions: 683->0(682)
[2.881s][info][gc,heap      ] GC(49) Survivor regions: 2->3(86)
[2.881s][info][gc,heap      ] GC(49) Old regions: 238->238
[2.881s][info][gc,heap      ] GC(49) Humongous regions: 0->0
[2.881s][info][gc,metaspace ] GC(49) Metaspace: 12326K(12800K)->12326K(12800K) NonClass: 11165K(11520K)->11165K(11520K) Class: 1160K(1280K)->1160K(1280K)
[2.881s][info][gc           ] GC(49) Pause Young (Normal) (G1 Evacuation Pause) 922M->239M(1143M) 1.043ms
[2.881s][info][gc,cpu       ] GC(49) User=0.00s Sys=0.00s Real=0.00s
[2.932s][info][gc,start     ] GC(50) Pause Young (Normal) (G1 Evacuation Pause)
[2.932s][info][gc,task      ] GC(50) Using 15 workers of 15 for evacuation
[2.933s][info][gc,phases    ] GC(50)   Pre Evacuate Collection Set: 0.0ms
[2.933s][info][gc,phases    ] GC(50)   Evacuate Collection Set: 0.2ms
[2.933s][info][gc,phases    ] GC(50)   Post Evacuate Collection Set: 0.2ms
[2.933s][info][gc,phases    ] GC(50)   Other: 0.1ms
[2.933s][info][gc,heap      ] GC(50) Eden regions: 682->0(684)
[2.933s][info][gc,heap      ] GC(50) Survivor regions: 3->1(86)
[2.933s][info][gc,heap      ] GC(50) Old regions: 238->238
[2.933s][info][gc,heap      ] GC(50) Humongous regions: 0->0
[2.933s][info][gc,metaspace ] GC(50) Metaspace: 12334K(12800K)->12334K(12800K) NonClass: 11172K(11520K)->11172K(11520K) Class: 1162K(1280K)->1162K(1280K)
[2.933s][info][gc           ] GC(50) Pause Young (Normal) (G1 Evacuation Pause) 921M->238M(1143M) 0.603ms
[2.933s][info][gc,cpu       ] GC(50) User=0.00s Sys=0.00s Real=0.00s
[2.977s][info][gc,start     ] GC(51) Pause Young (Normal) (G1 Evacuation Pause)
[2.977s][info][gc,task      ] GC(51) Using 15 workers of 15 for evacuation
[2.978s][info][gc,phases    ] GC(51)   Pre Evacuate Collection Set: 0.0ms
[2.978s][info][gc,phases    ] GC(51)   Evacuate Collection Set: 0.6ms
[2.978s][info][gc,phases    ] GC(51)   Post Evacuate Collection Set: 0.2ms
[2.978s][info][gc,phases    ] GC(51)   Other: 0.2ms
[2.978s][info][gc,heap      ] GC(51) Eden regions: 684->0(682)
[2.978s][info][gc,heap      ] GC(51) Survivor regions: 1->3(86)
[2.978s][info][gc,heap      ] GC(51) Old regions: 238->238
[2.978s][info][gc,heap      ] GC(51) Humongous regions: 0->0
[2.978s][info][gc,metaspace ] GC(51) Metaspace: 12339K(12800K)->12339K(12800K) NonClass: 11175K(11520K)->11175K(11520K) Class: 1163K(1280K)->1163K(1280K)
[2.978s][info][gc           ] GC(51) Pause Young (Normal) (G1 Evacuation Pause) 922M->239M(1143M) 1.115ms
[2.978s][info][gc,cpu       ] GC(51) User=0.00s Sys=0.00s Real=0.00s
[3.030s][info][gc,start     ] GC(52) Pause Young (Normal) (G1 Evacuation Pause)
[3.030s][info][gc,task      ] GC(52) Using 15 workers of 15 for evacuation
[3.031s][info][gc,phases    ] GC(52)   Pre Evacuate Collection Set: 0.0ms
[3.031s][info][gc,phases    ] GC(52)   Evacuate Collection Set: 0.5ms
[3.031s][info][gc,phases    ] GC(52)   Post Evacuate Collection Set: 0.3ms
[3.031s][info][gc,phases    ] GC(52)   Other: 0.2ms
[3.031s][info][gc,heap      ] GC(52) Eden regions: 682->0(683)
[3.031s][info][gc,heap      ] GC(52) Survivor regions: 3->2(86)
[3.031s][info][gc,heap      ] GC(52) Old regions: 238->238
[3.031s][info][gc,heap      ] GC(52) Humongous regions: 0->0
[3.031s][info][gc,metaspace ] GC(52) Metaspace: 12339K(12800K)->12339K(12800K) NonClass: 11175K(11520K)->11175K(11520K) Class: 1163K(1280K)->1163K(1280K)
[3.031s][info][gc           ] GC(52) Pause Young (Normal) (G1 Evacuation Pause) 921M->239M(1143M) 1.009ms
[3.031s][info][gc,cpu       ] GC(52) User=0.00s Sys=0.00s Real=0.00s
[3.075s][info][gc,start     ] GC(53) Pause Young (Normal) (G1 Evacuation Pause)
[3.075s][info][gc,task      ] GC(53) Using 15 workers of 15 for evacuation
[3.076s][info][gc,phases    ] GC(53)   Pre Evacuate Collection Set: 0.0ms
[3.076s][info][gc,phases    ] GC(53)   Evacuate Collection Set: 0.7ms
[3.076s][info][gc,phases    ] GC(53)   Post Evacuate Collection Set: 0.3ms
[3.076s][info][gc,phases    ] GC(53)   Other: 0.2ms
[3.076s][info][gc,heap      ] GC(53) Eden regions: 683->0(682)
[3.076s][info][gc,heap      ] GC(53) Survivor regions: 2->3(86)
[3.076s][info][gc,heap      ] GC(53) Old regions: 238->238
[3.076s][info][gc,heap      ] GC(53) Humongous regions: 0->0
[3.076s][info][gc,metaspace ] GC(53) Metaspace: 12339K(12800K)->12339K(12800K) NonClass: 11175K(11520K)->11175K(11520K) Class: 1163K(1280K)->1163K(1280K)
[3.076s][info][gc           ] GC(53) Pause Young (Normal) (G1 Evacuation Pause) 922M->239M(1143M) 1.320ms
[3.076s][info][gc,cpu       ] GC(53) User=0.00s Sys=0.00s Real=0.00s
[3.127s][info][gc,start     ] GC(54) Pause Young (Normal) (G1 Evacuation Pause)
[3.127s][info][gc,task      ] GC(54) Using 15 workers of 15 for evacuation
[3.128s][info][gc,phases    ] GC(54)   Pre Evacuate Collection Set: 0.0ms
[3.128s][info][gc,phases    ] GC(54)   Evacuate Collection Set: 0.6ms
[3.128s][info][gc,phases    ] GC(54)   Post Evacuate Collection Set: 0.4ms
[3.128s][info][gc,phases    ] GC(54)   Other: 0.2ms
[3.128s][info][gc,heap      ] GC(54) Eden regions: 682->0(682)
[3.128s][info][gc,heap      ] GC(54) Survivor regions: 3->3(86)
[3.128s][info][gc,heap      ] GC(54) Old regions: 238->238
[3.128s][info][gc,heap      ] GC(54) Humongous regions: 0->0
[3.128s][info][gc,metaspace ] GC(54) Metaspace: 12339K(12800K)->12339K(12800K) NonClass: 11175K(11520K)->11175K(11520K) Class: 1163K(1280K)->1163K(1280K)
[3.128s][info][gc           ] GC(54) Pause Young (Normal) (G1 Evacuation Pause) 921M->240M(1143M) 1.270ms
[3.128s][info][gc,cpu       ] GC(54) User=0.00s Sys=0.00s Real=0.00s
[3.170s][info][gc,start     ] GC(55) Pause Young (Normal) (G1 Evacuation Pause)
[3.170s][info][gc,task      ] GC(55) Using 15 workers of 15 for evacuation
[3.171s][info][gc,phases    ] GC(55)   Pre Evacuate Collection Set: 0.0ms
[3.171s][info][gc,phases    ] GC(55)   Evacuate Collection Set: 0.7ms
[3.171s][info][gc,phases    ] GC(55)   Post Evacuate Collection Set: 0.3ms
[3.171s][info][gc,phases    ] GC(55)   Other: 0.2ms
[3.171s][info][gc,heap      ] GC(55) Eden regions: 682->0(682)
[3.171s][info][gc,heap      ] GC(55) Survivor regions: 3->3(86)
[3.171s][info][gc,heap      ] GC(55) Old regions: 238->238
[3.171s][info][gc,heap      ] GC(55) Humongous regions: 0->0
[3.171s][info][gc,metaspace ] GC(55) Metaspace: 12339K(12800K)->12339K(12800K) NonClass: 11175K(11520K)->11175K(11520K) Class: 1163K(1280K)->1163K(1280K)
[3.171s][info][gc           ] GC(55) Pause Young (Normal) (G1 Evacuation Pause) 922M->240M(1143M) 1.230ms
[3.171s][info][gc,cpu       ] GC(55) User=0.00s Sys=0.00s Real=0.00s
[3.221s][info][gc,start     ] GC(56) Pause Young (Normal) (G1 Evacuation Pause)
[3.221s][info][gc,task      ] GC(56) Using 15 workers of 15 for evacuation
[3.222s][info][gc,phases    ] GC(56)   Pre Evacuate Collection Set: 0.0ms
[3.222s][info][gc,phases    ] GC(56)   Evacuate Collection Set: 0.7ms
[3.222s][info][gc,phases    ] GC(56)   Post Evacuate Collection Set: 0.2ms
[3.222s][info][gc,phases    ] GC(56)   Other: 0.1ms
[3.222s][info][gc,heap      ] GC(56) Eden regions: 682->0(681)
[3.222s][info][gc,heap      ] GC(56) Survivor regions: 3->4(86)
[3.222s][info][gc,heap      ] GC(56) Old regions: 238->238
[3.222s][info][gc,heap      ] GC(56) Humongous regions: 0->0
[3.222s][info][gc,metaspace ] GC(56) Metaspace: 12339K(12800K)->12339K(12800K) NonClass: 11175K(11520K)->11175K(11520K) Class: 1163K(1280K)->1163K(1280K)
[3.222s][info][gc           ] GC(56) Pause Young (Normal) (G1 Evacuation Pause) 922M->241M(1143M) 1.167ms
[3.222s][info][gc,cpu       ] GC(56) User=0.00s Sys=0.00s Real=0.00s
[3.264s][info][gc,start     ] GC(57) Pause Young (Normal) (G1 Evacuation Pause)
[3.264s][info][gc,task      ] GC(57) Using 15 workers of 15 for evacuation
[3.265s][info][gc,phases    ] GC(57)   Pre Evacuate Collection Set: 0.0ms
[3.265s][info][gc,phases    ] GC(57)   Evacuate Collection Set: 0.7ms
[3.265s][info][gc,phases    ] GC(57)   Post Evacuate Collection Set: 0.2ms
[3.265s][info][gc,phases    ] GC(57)   Other: 0.1ms
[3.265s][info][gc,heap      ] GC(57) Eden regions: 681->0(681)
[3.265s][info][gc,heap      ] GC(57) Survivor regions: 4->4(86)
[3.265s][info][gc,heap      ] GC(57) Old regions: 238->238
[3.265s][info][gc,heap      ] GC(57) Humongous regions: 0->0
[3.265s][info][gc,metaspace ] GC(57) Metaspace: 12339K(12800K)->12339K(12800K) NonClass: 11175K(11520K)->11175K(11520K) Class: 1163K(1280K)->1163K(1280K)
[3.265s][info][gc           ] GC(57) Pause Young (Normal) (G1 Evacuation Pause) 922M->241M(1143M) 1.107ms
[3.265s][info][gc,cpu       ] GC(57) User=0.00s Sys=0.00s Real=0.00s
[3.313s][info][gc,start     ] GC(58) Pause Young (Normal) (G1 Evacuation Pause)
[3.313s][info][gc,task      ] GC(58) Using 15 workers of 15 for evacuation
[3.314s][info][gc,phases    ] GC(58)   Pre Evacuate Collection Set: 0.0ms
[3.314s][info][gc,phases    ] GC(58)   Evacuate Collection Set: 0.7ms
[3.314s][info][gc,phases    ] GC(58)   Post Evacuate Collection Set: 0.3ms
[3.314s][info][gc,phases    ] GC(58)   Other: 0.1ms
[3.314s][info][gc,heap      ] GC(58) Eden regions: 681->0(681)
[3.314s][info][gc,heap      ] GC(58) Survivor regions: 4->4(86)
[3.314s][info][gc,heap      ] GC(58) Old regions: 238->238
[3.314s][info][gc,heap      ] GC(58) Humongous regions: 0->0
[3.314s][info][gc,metaspace ] GC(58) Metaspace: 12339K(12800K)->12339K(12800K) NonClass: 11175K(11520K)->11175K(11520K) Class: 1163K(1280K)->1163K(1280K)
[3.314s][info][gc           ] GC(58) Pause Young (Normal) (G1 Evacuation Pause) 922M->241M(1143M) 1.183ms
[3.314s][info][gc,cpu       ] GC(58) User=0.00s Sys=0.00s Real=0.00s
[3.359s][info][gc,start     ] GC(59) Pause Young (Normal) (G1 Evacuation Pause)
[3.359s][info][gc,task      ] GC(59) Using 15 workers of 15 for evacuation
[3.361s][info][gc,phases    ] GC(59)   Pre Evacuate Collection Set: 0.0ms
[3.361s][info][gc,phases    ] GC(59)   Evacuate Collection Set: 0.9ms
[3.361s][info][gc,phases    ] GC(59)   Post Evacuate Collection Set: 0.2ms
[3.361s][info][gc,phases    ] GC(59)   Other: 0.1ms
[3.361s][info][gc,heap      ] GC(59) Eden regions: 681->0(680)
[3.361s][info][gc,heap      ] GC(59) Survivor regions: 4->5(86)
[3.361s][info][gc,heap      ] GC(59) Old regions: 238->238
[3.361s][info][gc,heap      ] GC(59) Humongous regions: 0->0
[3.361s][info][gc,metaspace ] GC(59) Metaspace: 12339K(12800K)->12339K(12800K) NonClass: 11175K(11520K)->11175K(11520K) Class: 1163K(1280K)->1163K(1280K)
[3.361s][info][gc           ] GC(59) Pause Young (Normal) (G1 Evacuation Pause) 922M->242M(1143M) 1.403ms
[3.361s][info][gc,cpu       ] GC(59) User=0.00s Sys=0.00s Real=0.00s
[3.413s][info][gc,start     ] GC(60) Pause Young (Normal) (G1 Evacuation Pause)
[3.413s][info][gc,task      ] GC(60) Using 15 workers of 15 for evacuation
[3.414s][info][gc,phases    ] GC(60)   Pre Evacuate Collection Set: 0.0ms
[3.414s][info][gc,phases    ] GC(60)   Evacuate Collection Set: 0.5ms
[3.414s][info][gc,phases    ] GC(60)   Post Evacuate Collection Set: 0.2ms
[3.414s][info][gc,phases    ] GC(60)   Other: 0.2ms
[3.414s][info][gc,heap      ] GC(60) Eden regions: 680->0(683)
[3.414s][info][gc,heap      ] GC(60) Survivor regions: 5->2(86)
[3.414s][info][gc,heap      ] GC(60) Old regions: 238->238
[3.414s][info][gc,heap      ] GC(60) Humongous regions: 0->0
[3.414s][info][gc,metaspace ] GC(60) Metaspace: 12339K(12800K)->12339K(12800K) NonClass: 11175K(11520K)->11175K(11520K) Class: 1163K(1280K)->1163K(1280K)
[3.414s][info][gc           ] GC(60) Pause Young (Normal) (G1 Evacuation Pause) 922M->239M(1143M) 1.027ms
[3.414s][info][gc,cpu       ] GC(60) User=0.00s Sys=0.00s Real=0.00s
[3.459s][info][gc,start     ] GC(61) Pause Young (Normal) (G1 Evacuation Pause)
[3.459s][info][gc,task      ] GC(61) Using 15 workers of 15 for evacuation
[3.460s][info][gc,phases    ] GC(61)   Pre Evacuate Collection Set: 0.0ms
[3.460s][info][gc,phases    ] GC(61)   Evacuate Collection Set: 0.6ms
[3.460s][info][gc,phases    ] GC(61)   Post Evacuate Collection Set: 0.2ms
[3.460s][info][gc,phases    ] GC(61)   Other: 0.1ms
[3.460s][info][gc,heap      ] GC(61) Eden regions: 683->0(683)
[3.460s][info][gc,heap      ] GC(61) Survivor regions: 2->2(86)
[3.460s][info][gc,heap      ] GC(61) Old regions: 238->238
[3.460s][info][gc,heap      ] GC(61) Humongous regions: 0->0
[3.460s][info][gc,metaspace ] GC(61) Metaspace: 12339K(12800K)->12339K(12800K) NonClass: 11175K(11520K)->11175K(11520K) Class: 1163K(1280K)->1163K(1280K)
[3.460s][info][gc           ] GC(61) Pause Young (Normal) (G1 Evacuation Pause) 922M->239M(1143M) 1.000ms
[3.460s][info][gc,cpu       ] GC(61) User=0.00s Sys=0.00s Real=0.00s
[3.471s][info][gc,heap,exit ] Heap
[3.471s][info][gc,heap,exit ]  garbage-first heap   total 1170432K, used 282684K [0x0000000700000000, 0x0000000800000000)
[3.471s][info][gc,heap,exit ]   region size 1024K, 40 young (40960K), 2 survivors (2048K)
[3.471s][info][gc,heap,exit ]  Metaspace       used 12384K, capacity 12704K, committed 12800K, reserved 1060864K
[3.471s][info][gc,heap,exit ]   class space    used 1168K, capacity 1263K, committed 1280K, reserved 1048576K
