[0.007s][info][gc,heap] Heap region size: 1M
[0.015s][info][gc     ] Using G1
[0.015s][info][gc,heap,coops] Heap address: 0x0000000700000000, size: 4096 MB, Compressed Oops mode: Zero based, Oop shift amount: 3
[0.006s][info][gc,heap] Heap region size: 1M
[0.014s][info][gc     ] Using G1
[0.014s][info][gc,heap,coops] Heap address: 0x0000000700000000, size: 4096 MB, Compressed Oops mode: Zero based, Oop shift amount: 3
[0.279s][info][gc,start     ] GC(0) Pause Young (Normal) (G1 Evacuation Pause)
[0.280s][info][gc,task      ] GC(0) Using 12 workers of 15 for evacuation
[0.282s][info][gc,phases    ] GC(0)   Pre Evacuate Collection Set: 0.0ms
[0.282s][info][gc,phases    ] GC(0)   Evacuate Collection Set: 2.0ms
[0.282s][info][gc,phases    ] GC(0)   Post Evacuate Collection Set: 0.2ms
[0.283s][info][gc,phases    ] GC(0)   Other: 0.8ms
[0.283s][info][gc,heap      ] GC(0) Eden regions: 25->0(268)
[0.283s][info][gc,heap      ] GC(0) Survivor regions: 0->4(4)
[0.283s][info][gc,heap      ] GC(0) Old regions: 0->2
[0.283s][info][gc,heap      ] GC(0) Humongous regions: 0->0
[0.283s][info][gc,metaspace ] GC(0) Metaspace: 11596K(12032K)->11596K(12032K) NonClass: 10503K(10752K)->10503K(10752K) Class: 1093K(1280K)->1093K(1280K)
[0.283s][info][gc           ] GC(0) Pause Young (Normal) (G1 Evacuation Pause) 25M->5M(510M) 3.215ms
[0.283s][info][gc,cpu       ] GC(0) User=0.00s Sys=0.00s Real=0.00s
[0.481s][info][gc,start     ] GC(1) Pause Young (Normal) (G1 Evacuation Pause)
[0.481s][info][gc,task      ] GC(1) Using 12 workers of 15 for evacuation
[0.494s][info][gc,phases    ] GC(1)   Pre Evacuate Collection Set: 0.0ms
[0.494s][info][gc,phases    ] GC(1)   Evacuate Collection Set: 12.3ms
[0.494s][info][gc,phases    ] GC(1)   Post Evacuate Collection Set: 0.5ms
[0.494s][info][gc,phases    ] GC(1)   Other: 0.2ms
[0.494s][info][gc,heap      ] GC(1) Eden regions: 268->0(50)
[0.494s][info][gc,heap      ] GC(1) Survivor regions: 4->34(34)
[0.494s][info][gc,heap      ] GC(1) Old regions: 2->40
[0.494s][info][gc,heap      ] GC(1) Humongous regions: 1->0
[0.494s][info][gc,metaspace ] GC(1) Metaspace: 11634K(12288K)->11634K(12288K) NonClass: 10541K(11008K)->10541K(11008K) Class: 1093K(1280K)->1093K(1280K)
[0.494s][info][gc           ] GC(1) Pause Young (Normal) (G1 Evacuation Pause) 274M->73M(510M) 13.058ms
[0.494s][info][gc,cpu       ] GC(1) User=0.00s Sys=0.02s Real=0.01s
[0.530s][info][gc,start     ] GC(2) Pause Young (Normal) (G1 Evacuation Pause)
[0.530s][info][gc,task      ] GC(2) Using 12 workers of 15 for evacuation
[0.536s][info][gc,phases    ] GC(2)   Pre Evacuate Collection Set: 0.0ms
[0.536s][info][gc,phases    ] GC(2)   Evacuate Collection Set: 5.8ms
[0.536s][info][gc,phases    ] GC(2)   Post Evacuate Collection Set: 0.3ms
[0.536s][info][gc,phases    ] GC(2)   Other: 0.1ms
[0.536s][info][gc,heap      ] GC(2) Eden regions: 50->0(49)
[0.536s][info][gc,heap      ] GC(2) Survivor regions: 34->7(11)
[0.536s][info][gc,heap      ] GC(2) Old regions: 40->73
[0.536s][info][gc,heap      ] GC(2) Humongous regions: 1->0
[0.536s][info][gc,metaspace ] GC(2) Metaspace: 11953K(12544K)->11953K(12544K) NonClass: 10817K(11264K)->10817K(11264K) Class: 1135K(1280K)->1135K(1280K)
[0.536s][info][gc           ] GC(2) Pause Young (Normal) (G1 Evacuation Pause) 124M->78M(510M) 6.271ms
[0.536s][info][gc,cpu       ] GC(2) User=0.00s Sys=0.02s Real=0.01s
[0.555s][info][gc,start     ] GC(3) Pause Young (Normal) (G1 Evacuation Pause)
[0.555s][info][gc,task      ] GC(3) Using 12 workers of 15 for evacuation
[0.557s][info][gc,phases    ] GC(3)   Pre Evacuate Collection Set: 0.0ms
[0.557s][info][gc,phases    ] GC(3)   Evacuate Collection Set: 1.8ms
[0.557s][info][gc,phases    ] GC(3)   Post Evacuate Collection Set: 0.1ms
[0.557s][info][gc,phases    ] GC(3)   Other: 0.1ms
[0.557s][info][gc,heap      ] GC(3) Eden regions: 49->0(84)
[0.557s][info][gc,heap      ] GC(3) Survivor regions: 7->7(7)
[0.557s][info][gc,heap      ] GC(3) Old regions: 73->85
[0.557s][info][gc,heap      ] GC(3) Humongous regions: 0->0
[0.558s][info][gc,metaspace ] GC(3) Metaspace: 11953K(12544K)->11953K(12544K) NonClass: 10817K(11264K)->10817K(11264K) Class: 1135K(1280K)->1135K(1280K)
[0.558s][info][gc           ] GC(3) Pause Young (Normal) (G1 Evacuation Pause) 127M->91M(510M) 2.137ms
[0.558s][info][gc,cpu       ] GC(3) User=0.00s Sys=0.00s Real=0.00s
[0.589s][info][gc,start     ] GC(4) Pause Young (Normal) (G1 Evacuation Pause)
[0.589s][info][gc,task      ] GC(4) Using 12 workers of 15 for evacuation
[0.593s][info][gc,phases    ] GC(4)   Pre Evacuate Collection Set: 0.0ms
[0.593s][info][gc,phases    ] GC(4)   Evacuate Collection Set: 3.0ms
[0.593s][info][gc,phases    ] GC(4)   Post Evacuate Collection Set: 0.1ms
[0.593s][info][gc,phases    ] GC(4)   Other: 0.1ms
[0.593s][info][gc,heap      ] GC(4) Eden regions: 84->0(104)
[0.593s][info][gc,heap      ] GC(4) Survivor regions: 7->12(12)
[0.593s][info][gc,heap      ] GC(4) Old regions: 85->101
[0.593s][info][gc,heap      ] GC(4) Humongous regions: 0->0
[0.593s][info][gc,metaspace ] GC(4) Metaspace: 11953K(12544K)->11953K(12544K) NonClass: 10817K(11264K)->10817K(11264K) Class: 1135K(1280K)->1135K(1280K)
[0.593s][info][gc           ] GC(4) Pause Young (Normal) (G1 Evacuation Pause) 175M->112M(510M) 3.338ms
[0.593s][info][gc,cpu       ] GC(4) User=0.00s Sys=0.00s Real=0.00s
[0.636s][info][gc,start     ] GC(5) Pause Young (Normal) (G1 Evacuation Pause)
[0.636s][info][gc,task      ] GC(5) Using 12 workers of 15 for evacuation
[0.640s][info][gc,phases    ] GC(5)   Pre Evacuate Collection Set: 0.0ms
[0.640s][info][gc,phases    ] GC(5)   Evacuate Collection Set: 4.2ms
[0.640s][info][gc,phases    ] GC(5)   Post Evacuate Collection Set: 0.2ms
[0.640s][info][gc,phases    ] GC(5)   Other: 0.1ms
[0.640s][info][gc,heap      ] GC(5) Eden regions: 104->0(127)
[0.640s][info][gc,heap      ] GC(5) Survivor regions: 12->15(15)
[0.640s][info][gc,heap      ] GC(5) Old regions: 101->124
[0.640s][info][gc,heap      ] GC(5) Humongous regions: 1->0
[0.640s][info][gc,metaspace ] GC(5) Metaspace: 11956K(12544K)->11956K(12544K) NonClass: 10821K(11264K)->10821K(11264K) Class: 1135K(1280K)->1135K(1280K)
[0.640s][info][gc           ] GC(5) Pause Young (Normal) (G1 Evacuation Pause) 217M->138M(510M) 4.592ms
[0.640s][info][gc,cpu       ] GC(5) User=0.00s Sys=0.00s Real=0.00s
[0.689s][info][gc,start     ] GC(6) Pause Young (Normal) (G1 Evacuation Pause)
[0.689s][info][gc,task      ] GC(6) Using 12 workers of 15 for evacuation
[0.697s][info][gc,phases    ] GC(6)   Pre Evacuate Collection Set: 0.0ms
[0.697s][info][gc,phases    ] GC(6)   Evacuate Collection Set: 4.8ms
[0.697s][info][gc,phases    ] GC(6)   Post Evacuate Collection Set: 2.6ms
[0.697s][info][gc,phases    ] GC(6)   Other: 0.1ms
[0.697s][info][gc,heap      ] GC(6) Eden regions: 127->0(154)
[0.697s][info][gc,heap      ] GC(6) Survivor regions: 15->18(18)
[0.697s][info][gc,heap      ] GC(6) Old regions: 124->150
[0.697s][info][gc,heap      ] GC(6) Humongous regions: 0->0
[0.697s][info][gc,metaspace ] GC(6) Metaspace: 11956K(12544K)->11956K(12544K) NonClass: 10821K(11264K)->10821K(11264K) Class: 1135K(1280K)->1135K(1280K)
[0.697s][info][gc           ] GC(6) Pause Young (Normal) (G1 Evacuation Pause) 265M->167M(727M) 7.524ms
[0.697s][info][gc,cpu       ] GC(6) User=0.02s Sys=0.00s Real=0.01s
[0.788s][info][gc,start     ] GC(7) Pause Young (Normal) (G1 Evacuation Pause)
[0.788s][info][gc,task      ] GC(7) Using 15 workers of 15 for evacuation
[0.797s][info][gc,phases    ] GC(7)   Pre Evacuate Collection Set: 0.0ms
[0.797s][info][gc,phases    ] GC(7)   Evacuate Collection Set: 8.0ms
[0.797s][info][gc,phases    ] GC(7)   Post Evacuate Collection Set: 0.4ms
[0.797s][info][gc,phases    ] GC(7)   Other: 0.4ms
[0.797s][info][gc,heap      ] GC(7) Eden regions: 154->0(190)
[0.797s][info][gc,heap      ] GC(7) Survivor regions: 18->22(22)
[0.797s][info][gc,heap      ] GC(7) Old regions: 150->187
[0.797s][info][gc,heap      ] GC(7) Humongous regions: 1->0
[0.797s][info][gc,metaspace ] GC(7) Metaspace: 11956K(12544K)->11956K(12544K) NonClass: 10821K(11264K)->10821K(11264K) Class: 1135K(1280K)->1135K(1280K)
[0.797s][info][gc           ] GC(7) Pause Young (Normal) (G1 Evacuation Pause) 322M->209M(727M) 8.945ms
[0.797s][info][gc,cpu       ] GC(7) User=0.00s Sys=0.00s Real=0.01s
[0.986s][info][gc,start     ] GC(8) Pause Young (Normal) (G1 Evacuation Pause)
[0.986s][info][gc,task      ] GC(8) Using 15 workers of 15 for evacuation
[0.992s][info][gc,phases    ] GC(8)   Pre Evacuate Collection Set: 0.0ms
[0.993s][info][gc,phases    ] GC(8)   Evacuate Collection Set: 5.8ms
[0.993s][info][gc,phases    ] GC(8)   Post Evacuate Collection Set: 0.2ms
[0.993s][info][gc,phases    ] GC(8)   Other: 0.1ms
[0.993s][info][gc,heap      ] GC(8) Eden regions: 190->0(200)
[0.993s][info][gc,heap      ] GC(8) Survivor regions: 22->27(27)
[0.993s][info][gc,heap      ] GC(8) Old regions: 187->213
[0.993s][info][gc,heap      ] GC(8) Humongous regions: 1->0
[0.993s][info][gc,metaspace ] GC(8) Metaspace: 12192K(12544K)->12192K(12544K) NonClass: 11040K(11264K)->11040K(11264K) Class: 1151K(1280K)->1151K(1280K)
[0.993s][info][gc           ] GC(8) Pause Young (Normal) (G1 Evacuation Pause) 400M->239M(727M) 6.231ms
[0.993s][info][gc,cpu       ] GC(8) User=0.02s Sys=0.00s Real=0.01s
[1.051s][info][gc,start     ] GC(9) Pause Young (Normal) (G1 Evacuation Pause)
[1.051s][info][gc,task      ] GC(9) Using 15 workers of 15 for evacuation
[1.054s][info][gc,phases    ] GC(9)   Pre Evacuate Collection Set: 0.0ms
[1.054s][info][gc,phases    ] GC(9)   Evacuate Collection Set: 2.9ms
[1.054s][info][gc,phases    ] GC(9)   Post Evacuate Collection Set: 0.3ms
[1.054s][info][gc,phases    ] GC(9)   Other: 0.1ms
[1.054s][info][gc,heap      ] GC(9) Eden regions: 200->0(212)
[1.054s][info][gc,heap      ] GC(9) Survivor regions: 27->4(29)
[1.054s][info][gc,heap      ] GC(9) Old regions: 213->241
[1.054s][info][gc,heap      ] GC(9) Humongous regions: 0->0
[1.054s][info][gc,metaspace ] GC(9) Metaspace: 12198K(12544K)->12198K(12544K) NonClass: 11047K(11264K)->11047K(11264K) Class: 1151K(1280K)->1151K(1280K)
[1.054s][info][gc           ] GC(9) Pause Young (Normal) (G1 Evacuation Pause) 439M->244M(727M) 3.432ms
[1.054s][info][gc,cpu       ] GC(9) User=0.00s Sys=0.00s Real=0.00s
[1.070s][info][gc,start     ] GC(10) Pause Young (Normal) (G1 Evacuation Pause)
[1.070s][info][gc,task      ] GC(10) Using 15 workers of 15 for evacuation
[1.075s][info][gc,phases    ] GC(10)   Pre Evacuate Collection Set: 0.0ms
[1.075s][info][gc,phases    ] GC(10)   Evacuate Collection Set: 0.3ms
[1.075s][info][gc,phases    ] GC(10)   Post Evacuate Collection Set: 4.2ms
[1.075s][info][gc,phases    ] GC(10)   Other: 0.1ms
[1.075s][info][gc,heap      ] GC(10) Eden regions: 212->0(341)
[1.075s][info][gc,heap      ] GC(10) Survivor regions: 4->2(27)
[1.075s][info][gc,heap      ] GC(10) Old regions: 241->241
[1.075s][info][gc,heap      ] GC(10) Humongous regions: 0->0
[1.075s][info][gc,metaspace ] GC(10) Metaspace: 12213K(12544K)->12213K(12544K) NonClass: 11061K(11264K)->11061K(11264K) Class: 1151K(1280K)->1151K(1280K)
[1.075s][info][gc           ] GC(10) Pause Young (Normal) (G1 Evacuation Pause) 456M->242M(1090M) 4.751ms
[1.075s][info][gc,cpu       ] GC(10) User=0.02s Sys=0.00s Real=0.00s
[1.113s][info][gc,start     ] GC(11) Pause Young (Normal) (G1 Evacuation Pause)
[1.114s][info][gc,task      ] GC(11) Using 15 workers of 15 for evacuation
[1.114s][info][gc,phases    ] GC(11)   Pre Evacuate Collection Set: 0.0ms
[1.114s][info][gc,phases    ] GC(11)   Evacuate Collection Set: 0.6ms
[1.114s][info][gc,phases    ] GC(11)   Post Evacuate Collection Set: 0.2ms
[1.114s][info][gc,phases    ] GC(11)   Other: 0.1ms
[1.114s][info][gc,heap      ] GC(11) Eden regions: 341->0(503)
[1.114s][info][gc,heap      ] GC(11) Survivor regions: 2->3(43)
[1.114s][info][gc,heap      ] GC(11) Old regions: 241->241
[1.114s][info][gc,heap      ] GC(11) Humongous regions: 0->0
[1.114s][info][gc,metaspace ] GC(11) Metaspace: 12216K(12544K)->12216K(12544K) NonClass: 11065K(11264K)->11065K(11264K) Class: 1151K(1280K)->1151K(1280K)
[1.114s][info][gc           ] GC(11) Pause Young (Normal) (G1 Evacuation Pause) 583M->243M(1090M) 0.932ms
[1.114s][info][gc,cpu       ] GC(11) User=0.00s Sys=0.00s Real=0.00s
[1.161s][info][gc,start     ] GC(12) Pause Young (Normal) (G1 Evacuation Pause)
[1.161s][info][gc,task      ] GC(12) Using 15 workers of 15 for evacuation
[1.162s][info][gc,phases    ] GC(12)   Pre Evacuate Collection Set: 0.0ms
[1.162s][info][gc,phases    ] GC(12)   Evacuate Collection Set: 0.7ms
[1.162s][info][gc,phases    ] GC(12)   Post Evacuate Collection Set: 0.3ms
[1.162s][info][gc,phases    ] GC(12)   Other: 0.2ms
[1.163s][info][gc,heap      ] GC(12) Eden regions: 503->0(579)
[1.163s][info][gc,heap      ] GC(12) Survivor regions: 3->3(64)
[1.163s][info][gc,heap      ] GC(12) Old regions: 241->241
[1.163s][info][gc,heap      ] GC(12) Humongous regions: 0->0
[1.163s][info][gc,metaspace ] GC(12) Metaspace: 12237K(12800K)->12237K(12800K) NonClass: 11085K(11520K)->11085K(11520K) Class: 1151K(1280K)->1151K(1280K)
[1.163s][info][gc           ] GC(12) Pause Young (Normal) (G1 Evacuation Pause) 746M->243M(1090M) 1.232ms
[1.163s][info][gc,cpu       ] GC(12) User=0.00s Sys=0.00s Real=0.00s
[1.202s][info][gc,start     ] GC(13) Pause Young (Normal) (G1 Evacuation Pause)
[1.202s][info][gc,task      ] GC(13) Using 15 workers of 15 for evacuation
[1.203s][info][gc,phases    ] GC(13)   Pre Evacuate Collection Set: 0.0ms
[1.203s][info][gc,phases    ] GC(13)   Evacuate Collection Set: 0.9ms
[1.203s][info][gc,phases    ] GC(13)   Post Evacuate Collection Set: 0.3ms
[1.204s][info][gc,phases    ] GC(13)   Other: 0.2ms
[1.204s][info][gc,heap      ] GC(13) Eden regions: 579->0(597)
[1.204s][info][gc,heap      ] GC(13) Survivor regions: 3->5(73)
[1.204s][info][gc,heap      ] GC(13) Old regions: 241->241
[1.204s][info][gc,heap      ] GC(13) Humongous regions: 0->0
[1.204s][info][gc,metaspace ] GC(13) Metaspace: 12237K(12800K)->12237K(12800K) NonClass: 11085K(11520K)->11085K(11520K) Class: 1151K(1280K)->1151K(1280K)
[1.204s][info][gc           ] GC(13) Pause Young (Normal) (G1 Evacuation Pause) 822M->245M(1090M) 1.440ms
[1.204s][info][gc,cpu       ] GC(13) User=0.00s Sys=0.00s Real=0.00s
[1.243s][info][gc,start     ] GC(14) Pause Young (Normal) (G1 Evacuation Pause)
[1.243s][info][gc,task      ] GC(14) Using 15 workers of 15 for evacuation
[1.244s][info][gc,phases    ] GC(14)   Pre Evacuate Collection Set: 0.0ms
[1.244s][info][gc,phases    ] GC(14)   Evacuate Collection Set: 0.7ms
[1.244s][info][gc,phases    ] GC(14)   Post Evacuate Collection Set: 0.2ms
[1.244s][info][gc,phases    ] GC(14)   Other: 0.1ms
[1.244s][info][gc,heap      ] GC(14) Eden regions: 597->0(638)
[1.244s][info][gc,heap      ] GC(14) Survivor regions: 5->3(76)
[1.244s][info][gc,heap      ] GC(14) Old regions: 241->241
[1.244s][info][gc,heap      ] GC(14) Humongous regions: 0->0
[1.244s][info][gc,metaspace ] GC(14) Metaspace: 12239K(12800K)->12239K(12800K) NonClass: 11087K(11520K)->11087K(11520K) Class: 1151K(1280K)->1151K(1280K)
[1.244s][info][gc           ] GC(14) Pause Young (Normal) (G1 Evacuation Pause) 842M->243M(1090M) 1.096ms
[1.244s][info][gc,cpu       ] GC(14) User=0.00s Sys=0.00s Real=0.00s
[1.292s][info][gc,start     ] GC(15) Pause Young (Normal) (G1 Evacuation Pause)
[1.292s][info][gc,task      ] GC(15) Using 15 workers of 15 for evacuation
[1.294s][info][gc,phases    ] GC(15)   Pre Evacuate Collection Set: 0.1ms
[1.294s][info][gc,phases    ] GC(15)   Evacuate Collection Set: 0.9ms
[1.294s][info][gc,phases    ] GC(15)   Post Evacuate Collection Set: 0.7ms
[1.294s][info][gc,phases    ] GC(15)   Other: 0.4ms
[1.294s][info][gc,heap      ] GC(15) Eden regions: 638->0(650)
[1.294s][info][gc,heap      ] GC(15) Survivor regions: 3->4(81)
[1.294s][info][gc,heap      ] GC(15) Old regions: 241->241
[1.294s][info][gc,heap      ] GC(15) Humongous regions: 0->0
[1.294s][info][gc,metaspace ] GC(15) Metaspace: 12241K(12800K)->12241K(12800K) NonClass: 11089K(11520K)->11089K(11520K) Class: 1151K(1280K)->1151K(1280K)
[1.294s][info][gc           ] GC(15) Pause Young (Normal) (G1 Evacuation Pause) 881M->244M(1090M) 2.069ms
[1.294s][info][gc,cpu       ] GC(15) User=0.00s Sys=0.00s Real=0.00s
[1.344s][info][gc,start     ] GC(16) Pause Young (Normal) (G1 Evacuation Pause)
[1.344s][info][gc,task      ] GC(16) Using 15 workers of 15 for evacuation
[1.344s][info][gc,phases    ] GC(16)   Pre Evacuate Collection Set: 0.0ms
[1.344s][info][gc,phases    ] GC(16)   Evacuate Collection Set: 0.5ms
[1.344s][info][gc,phases    ] GC(16)   Post Evacuate Collection Set: 0.2ms
[1.344s][info][gc,phases    ] GC(16)   Other: 0.1ms
[1.344s][info][gc,heap      ] GC(16) Eden regions: 650->0(652)
[1.344s][info][gc,heap      ] GC(16) Survivor regions: 4->2(82)
[1.344s][info][gc,heap      ] GC(16) Old regions: 241->241
[1.344s][info][gc,heap      ] GC(16) Humongous regions: 0->0
[1.344s][info][gc,metaspace ] GC(16) Metaspace: 12242K(12800K)->12242K(12800K) NonClass: 11090K(11520K)->11090K(11520K) Class: 1151K(1280K)->1151K(1280K)
[1.344s][info][gc           ] GC(16) Pause Young (Normal) (G1 Evacuation Pause) 894M->242M(1090M) 0.900ms
[1.344s][info][gc,cpu       ] GC(16) User=0.00s Sys=0.00s Real=0.00s
[1.385s][info][gc,start     ] GC(17) Pause Young (Normal) (G1 Evacuation Pause)
[1.385s][info][gc,task      ] GC(17) Using 15 workers of 15 for evacuation
[1.386s][info][gc,phases    ] GC(17)   Pre Evacuate Collection Set: 0.0ms
[1.386s][info][gc,phases    ] GC(17)   Evacuate Collection Set: 0.9ms
[1.386s][info][gc,phases    ] GC(17)   Post Evacuate Collection Set: 0.3ms
[1.386s][info][gc,phases    ] GC(17)   Other: 0.2ms
[1.386s][info][gc,heap      ] GC(17) Eden regions: 652->0(650)
[1.386s][info][gc,heap      ] GC(17) Survivor regions: 2->4(82)
[1.386s][info][gc,heap      ] GC(17) Old regions: 241->241
[1.386s][info][gc,heap      ] GC(17) Humongous regions: 0->0
[1.386s][info][gc,metaspace ] GC(17) Metaspace: 12243K(12800K)->12243K(12800K) NonClass: 11091K(11520K)->11091K(11520K) Class: 1151K(1280K)->1151K(1280K)
[1.386s][info][gc           ] GC(17) Pause Young (Normal) (G1 Evacuation Pause) 894M->244M(1090M) 1.393ms
[1.386s][info][gc,cpu       ] GC(17) User=0.00s Sys=0.00s Real=0.00s
[1.437s][info][gc,start     ] GC(18) Pause Young (Normal) (G1 Evacuation Pause)
[1.437s][info][gc,task      ] GC(18) Using 15 workers of 15 for evacuation
[1.438s][info][gc,phases    ] GC(18)   Pre Evacuate Collection Set: 0.0ms
[1.438s][info][gc,phases    ] GC(18)   Evacuate Collection Set: 0.7ms
[1.438s][info][gc,phases    ] GC(18)   Post Evacuate Collection Set: 0.3ms
[1.438s][info][gc,phases    ] GC(18)   Other: 0.2ms
[1.438s][info][gc,heap      ] GC(18) Eden regions: 650->0(651)
[1.439s][info][gc,heap      ] GC(18) Survivor regions: 4->3(82)
[1.439s][info][gc,heap      ] GC(18) Old regions: 241->241
[1.439s][info][gc,heap      ] GC(18) Humongous regions: 0->0
[1.439s][info][gc,metaspace ] GC(18) Metaspace: 12320K(12800K)->12320K(12800K) NonClass: 11157K(11520K)->11157K(11520K) Class: 1162K(1280K)->1162K(1280K)
[1.439s][info][gc           ] GC(18) Pause Young (Normal) (G1 Evacuation Pause) 894M->243M(1090M) 1.276ms
[1.439s][info][gc,cpu       ] GC(18) User=0.00s Sys=0.00s Real=0.00s
[1.480s][info][gc,start     ] GC(19) Pause Young (Normal) (G1 Evacuation Pause)
[1.480s][info][gc,task      ] GC(19) Using 15 workers of 15 for evacuation
[1.482s][info][gc,phases    ] GC(19)   Pre Evacuate Collection Set: 0.0ms
[1.482s][info][gc,phases    ] GC(19)   Evacuate Collection Set: 1.0ms
[1.482s][info][gc,phases    ] GC(19)   Post Evacuate Collection Set: 0.2ms
[1.482s][info][gc,phases    ] GC(19)   Other: 0.1ms
[1.482s][info][gc,heap      ] GC(19) Eden regions: 651->0(649)
[1.482s][info][gc,heap      ] GC(19) Survivor regions: 3->5(82)
[1.482s][info][gc,heap      ] GC(19) Old regions: 241->241
[1.482s][info][gc,heap      ] GC(19) Humongous regions: 0->0
[1.482s][info][gc,metaspace ] GC(19) Metaspace: 12320K(12800K)->12320K(12800K) NonClass: 11157K(11520K)->11157K(11520K) Class: 1162K(1280K)->1162K(1280K)
[1.482s][info][gc           ] GC(19) Pause Young (Normal) (G1 Evacuation Pause) 894M->245M(1090M) 1.474ms
[1.482s][info][gc,cpu       ] GC(19) User=0.00s Sys=0.00s Real=0.00s
[1.527s][info][gc,start     ] GC(20) Pause Young (Normal) (G1 Evacuation Pause)
[1.527s][info][gc,task      ] GC(20) Using 15 workers of 15 for evacuation
[1.528s][info][gc,phases    ] GC(20)   Pre Evacuate Collection Set: 0.0ms
[1.528s][info][gc,phases    ] GC(20)   Evacuate Collection Set: 0.7ms
[1.528s][info][gc,phases    ] GC(20)   Post Evacuate Collection Set: 0.2ms
[1.528s][info][gc,phases    ] GC(20)   Other: 0.1ms
[1.528s][info][gc,heap      ] GC(20) Eden regions: 649->0(650)
[1.528s][info][gc,heap      ] GC(20) Survivor regions: 5->4(82)
[1.528s][info][gc,heap      ] GC(20) Old regions: 241->241
[1.528s][info][gc,heap      ] GC(20) Humongous regions: 0->0
[1.528s][info][gc,metaspace ] GC(20) Metaspace: 12320K(12800K)->12320K(12800K) NonClass: 11157K(11520K)->11157K(11520K) Class: 1162K(1280K)->1162K(1280K)
[1.528s][info][gc           ] GC(20) Pause Young (Normal) (G1 Evacuation Pause) 894M->243M(1090M) 1.154ms
[1.528s][info][gc,cpu       ] GC(20) User=0.00s Sys=0.00s Real=0.00s
[1.571s][info][gc,start     ] GC(21) Pause Young (Normal) (G1 Evacuation Pause)
[1.571s][info][gc,task      ] GC(21) Using 15 workers of 15 for evacuation
[1.572s][info][gc,phases    ] GC(21)   Pre Evacuate Collection Set: 0.0ms
[1.572s][info][gc,phases    ] GC(21)   Evacuate Collection Set: 0.8ms
[1.572s][info][gc,phases    ] GC(21)   Post Evacuate Collection Set: 0.4ms
[1.572s][info][gc,phases    ] GC(21)   Other: 0.1ms
[1.572s][info][gc,heap      ] GC(21) Eden regions: 650->0(650)
[1.572s][info][gc,heap      ] GC(21) Survivor regions: 4->4(82)
[1.572s][info][gc,heap      ] GC(21) Old regions: 241->241
[1.572s][info][gc,heap      ] GC(21) Humongous regions: 0->0
[1.572s][info][gc,metaspace ] GC(21) Metaspace: 12320K(12800K)->12320K(12800K) NonClass: 11157K(11520K)->11157K(11520K) Class: 1162K(1280K)->1162K(1280K)
[1.572s][info][gc           ] GC(21) Pause Young (Normal) (G1 Evacuation Pause) 893M->244M(1090M) 1.405ms
[1.572s][info][gc,cpu       ] GC(21) User=0.00s Sys=0.00s Real=0.00s
[1.619s][info][gc,start     ] GC(22) Pause Young (Normal) (G1 Evacuation Pause)
[1.619s][info][gc,task      ] GC(22) Using 15 workers of 15 for evacuation
[1.620s][info][gc,phases    ] GC(22)   Pre Evacuate Collection Set: 0.0ms
[1.620s][info][gc,phases    ] GC(22)   Evacuate Collection Set: 0.7ms
[1.620s][info][gc,phases    ] GC(22)   Post Evacuate Collection Set: 0.2ms
[1.620s][info][gc,phases    ] GC(22)   Other: 0.1ms
[1.620s][info][gc,heap      ] GC(22) Eden regions: 650->0(651)
[1.620s][info][gc,heap      ] GC(22) Survivor regions: 4->3(82)
[1.620s][info][gc,heap      ] GC(22) Old regions: 241->241
[1.620s][info][gc,heap      ] GC(22) Humongous regions: 0->0
[1.620s][info][gc,metaspace ] GC(22) Metaspace: 12320K(12800K)->12320K(12800K) NonClass: 11157K(11520K)->11157K(11520K) Class: 1162K(1280K)->1162K(1280K)
[1.620s][info][gc           ] GC(22) Pause Young (Normal) (G1 Evacuation Pause) 894M->243M(1090M) 1.094ms
[1.620s][info][gc,cpu       ] GC(22) User=0.00s Sys=0.00s Real=0.00s
[1.661s][info][gc,start     ] GC(23) Pause Young (Normal) (G1 Evacuation Pause)
[1.661s][info][gc,task      ] GC(23) Using 15 workers of 15 for evacuation
[1.663s][info][gc,phases    ] GC(23)   Pre Evacuate Collection Set: 0.0ms
[1.663s][info][gc,phases    ] GC(23)   Evacuate Collection Set: 1.0ms
[1.663s][info][gc,phases    ] GC(23)   Post Evacuate Collection Set: 0.3ms
[1.663s][info][gc,phases    ] GC(23)   Other: 0.2ms
[1.663s][info][gc,heap      ] GC(23) Eden regions: 651->0(648)
[1.663s][info][gc,heap      ] GC(23) Survivor regions: 3->6(82)
[1.663s][info][gc,heap      ] GC(23) Old regions: 241->241
[1.663s][info][gc,heap      ] GC(23) Humongous regions: 0->0
[1.663s][info][gc,metaspace ] GC(23) Metaspace: 12320K(12800K)->12320K(12800K) NonClass: 11157K(11520K)->11157K(11520K) Class: 1162K(1280K)->1162K(1280K)
[1.663s][info][gc           ] GC(23) Pause Young (Normal) (G1 Evacuation Pause) 894M->246M(1090M) 1.524ms
[1.663s][info][gc,cpu       ] GC(23) User=0.00s Sys=0.00s Real=0.00s
[1.708s][info][gc,start     ] GC(24) Pause Young (Normal) (G1 Evacuation Pause)
[1.708s][info][gc,task      ] GC(24) Using 15 workers of 15 for evacuation
[1.709s][info][gc,phases    ] GC(24)   Pre Evacuate Collection Set: 0.0ms
[1.709s][info][gc,phases    ] GC(24)   Evacuate Collection Set: 0.7ms
[1.709s][info][gc,phases    ] GC(24)   Post Evacuate Collection Set: 0.3ms
[1.709s][info][gc,phases    ] GC(24)   Other: 0.2ms
[1.709s][info][gc,heap      ] GC(24) Eden regions: 648->0(651)
[1.709s][info][gc,heap      ] GC(24) Survivor regions: 6->3(82)
[1.709s][info][gc,heap      ] GC(24) Old regions: 241->242
[1.709s][info][gc,heap      ] GC(24) Humongous regions: 0->0
[1.709s][info][gc,metaspace ] GC(24) Metaspace: 12320K(12800K)->12320K(12800K) NonClass: 11157K(11520K)->11157K(11520K) Class: 1162K(1280K)->1162K(1280K)
[1.709s][info][gc           ] GC(24) Pause Young (Normal) (G1 Evacuation Pause) 894M->244M(1090M) 1.194ms
[1.709s][info][gc,cpu       ] GC(24) User=0.00s Sys=0.00s Real=0.00s
[1.750s][info][gc,start     ] GC(25) Pause Young (Normal) (G1 Evacuation Pause)
[1.750s][info][gc,task      ] GC(25) Using 15 workers of 15 for evacuation
[1.751s][info][gc,phases    ] GC(25)   Pre Evacuate Collection Set: 0.0ms
[1.751s][info][gc,phases    ] GC(25)   Evacuate Collection Set: 1.0ms
[1.751s][info][gc,phases    ] GC(25)   Post Evacuate Collection Set: 0.3ms
[1.751s][info][gc,phases    ] GC(25)   Other: 0.2ms
[1.751s][info][gc,heap      ] GC(25) Eden regions: 651->0(649)
[1.751s][info][gc,heap      ] GC(25) Survivor regions: 3->5(82)
[1.751s][info][gc,heap      ] GC(25) Old regions: 242->242
[1.751s][info][gc,heap      ] GC(25) Humongous regions: 0->0
[1.751s][info][gc,metaspace ] GC(25) Metaspace: 12320K(12800K)->12320K(12800K) NonClass: 11157K(11520K)->11157K(11520K) Class: 1162K(1280K)->1162K(1280K)
[1.751s][info][gc           ] GC(25) Pause Young (Normal) (G1 Evacuation Pause) 895M->245M(1090M) 1.486ms
[1.751s][info][gc,cpu       ] GC(25) User=0.00s Sys=0.00s Real=0.00s
[1.799s][info][gc,start     ] GC(26) Pause Young (Normal) (G1 Evacuation Pause)
[1.799s][info][gc,task      ] GC(26) Using 15 workers of 15 for evacuation
[1.800s][info][gc,phases    ] GC(26)   Pre Evacuate Collection Set: 0.0ms
[1.800s][info][gc,phases    ] GC(26)   Evacuate Collection Set: 0.9ms
[1.800s][info][gc,phases    ] GC(26)   Post Evacuate Collection Set: 0.3ms
[1.800s][info][gc,phases    ] GC(26)   Other: 0.1ms
[1.800s][info][gc,heap      ] GC(26) Eden regions: 649->0(650)
[1.800s][info][gc,heap      ] GC(26) Survivor regions: 5->4(82)
[1.800s][info][gc,heap      ] GC(26) Old regions: 242->242
[1.800s][info][gc,heap      ] GC(26) Humongous regions: 0->0
[1.800s][info][gc,metaspace ] GC(26) Metaspace: 12320K(12800K)->12320K(12800K) NonClass: 11157K(11520K)->11157K(11520K) Class: 1162K(1280K)->1162K(1280K)
[1.800s][info][gc           ] GC(26) Pause Young (Normal) (G1 Evacuation Pause) 894M->245M(1090M) 1.326ms
[1.800s][info][gc,cpu       ] GC(26) User=0.00s Sys=0.00s Real=0.00s
[1.841s][info][gc,start     ] GC(27) Pause Young (Normal) (G1 Evacuation Pause)
[1.841s][info][gc,task      ] GC(27) Using 15 workers of 15 for evacuation
[1.842s][info][gc,phases    ] GC(27)   Pre Evacuate Collection Set: 0.0ms
[1.842s][info][gc,phases    ] GC(27)   Evacuate Collection Set: 0.8ms
[1.842s][info][gc,phases    ] GC(27)   Post Evacuate Collection Set: 0.3ms
[1.842s][info][gc,phases    ] GC(27)   Other: 0.2ms
[1.842s][info][gc,heap      ] GC(27) Eden regions: 650->0(651)
[1.842s][info][gc,heap      ] GC(27) Survivor regions: 4->3(82)
[1.842s][info][gc,heap      ] GC(27) Old regions: 242->242
[1.842s][info][gc,heap      ] GC(27) Humongous regions: 0->0
[1.842s][info][gc,metaspace ] GC(27) Metaspace: 12320K(12800K)->12320K(12800K) NonClass: 11157K(11520K)->11157K(11520K) Class: 1162K(1280K)->1162K(1280K)
[1.842s][info][gc           ] GC(27) Pause Young (Normal) (G1 Evacuation Pause) 895M->244M(1090M) 1.294ms
[1.842s][info][gc,cpu       ] GC(27) User=0.00s Sys=0.00s Real=0.00s
[1.887s][info][gc,start     ] GC(28) Pause Young (Normal) (G1 Evacuation Pause)
[1.887s][info][gc,task      ] GC(28) Using 15 workers of 15 for evacuation
[1.888s][info][gc,phases    ] GC(28)   Pre Evacuate Collection Set: 0.0ms
[1.888s][info][gc,phases    ] GC(28)   Evacuate Collection Set: 0.5ms
[1.888s][info][gc,phases    ] GC(28)   Post Evacuate Collection Set: 0.2ms
[1.888s][info][gc,phases    ] GC(28)   Other: 0.2ms
[1.888s][info][gc,heap      ] GC(28) Eden regions: 651->0(652)
[1.888s][info][gc,heap      ] GC(28) Survivor regions: 3->2(82)
[1.888s][info][gc,heap      ] GC(28) Old regions: 242->242
[1.888s][info][gc,heap      ] GC(28) Humongous regions: 0->0
[1.888s][info][gc,metaspace ] GC(28) Metaspace: 12320K(12800K)->12320K(12800K) NonClass: 11157K(11520K)->11157K(11520K) Class: 1162K(1280K)->1162K(1280K)
[1.888s][info][gc           ] GC(28) Pause Young (Normal) (G1 Evacuation Pause) 895M->243M(1090M) 0.940ms
[1.888s][info][gc,cpu       ] GC(28) User=0.00s Sys=0.00s Real=0.00s
[1.929s][info][gc,start     ] GC(29) Pause Young (Normal) (G1 Evacuation Pause)
[1.929s][info][gc,task      ] GC(29) Using 15 workers of 15 for evacuation
[1.930s][info][gc,phases    ] GC(29)   Pre Evacuate Collection Set: 0.0ms
[1.930s][info][gc,phases    ] GC(29)   Evacuate Collection Set: 0.6ms
[1.930s][info][gc,phases    ] GC(29)   Post Evacuate Collection Set: 0.3ms
[1.930s][info][gc,phases    ] GC(29)   Other: 0.2ms
[1.930s][info][gc,heap      ] GC(29) Eden regions: 652->0(651)
[1.930s][info][gc,heap      ] GC(29) Survivor regions: 2->3(82)
[1.930s][info][gc,heap      ] GC(29) Old regions: 242->242
[1.930s][info][gc,heap      ] GC(29) Humongous regions: 0->0
[1.930s][info][gc,metaspace ] GC(29) Metaspace: 12320K(12800K)->12320K(12800K) NonClass: 11157K(11520K)->11157K(11520K) Class: 1162K(1280K)->1162K(1280K)
[1.930s][info][gc           ] GC(29) Pause Young (Normal) (G1 Evacuation Pause) 895M->244M(1090M) 1.151ms
[1.930s][info][gc,cpu       ] GC(29) User=0.00s Sys=0.00s Real=0.00s
[1.975s][info][gc,start     ] GC(30) Pause Young (Normal) (G1 Evacuation Pause)
[1.975s][info][gc,task      ] GC(30) Using 15 workers of 15 for evacuation
[1.976s][info][gc,phases    ] GC(30)   Pre Evacuate Collection Set: 0.0ms
[1.976s][info][gc,phases    ] GC(30)   Evacuate Collection Set: 0.4ms
[1.976s][info][gc,phases    ] GC(30)   Post Evacuate Collection Set: 0.3ms
[1.976s][info][gc,phases    ] GC(30)   Other: 0.1ms
[1.976s][info][gc,heap      ] GC(30) Eden regions: 651->0(652)
[1.976s][info][gc,heap      ] GC(30) Survivor regions: 3->2(82)
[1.976s][info][gc,heap      ] GC(30) Old regions: 242->242
[1.976s][info][gc,heap      ] GC(30) Humongous regions: 0->0
[1.976s][info][gc,metaspace ] GC(30) Metaspace: 12320K(12800K)->12320K(12800K) NonClass: 11157K(11520K)->11157K(11520K) Class: 1162K(1280K)->1162K(1280K)
[1.976s][info][gc           ] GC(30) Pause Young (Normal) (G1 Evacuation Pause) 895M->243M(1090M) 0.891ms
[1.976s][info][gc,cpu       ] GC(30) User=0.00s Sys=0.00s Real=0.00s
[2.018s][info][gc,start     ] GC(31) Pause Young (Normal) (G1 Evacuation Pause)
[2.018s][info][gc,task      ] GC(31) Using 15 workers of 15 for evacuation
[2.019s][info][gc,phases    ] GC(31)   Pre Evacuate Collection Set: 0.0ms
[2.019s][info][gc,phases    ] GC(31)   Evacuate Collection Set: 0.6ms
[2.019s][info][gc,phases    ] GC(31)   Post Evacuate Collection Set: 0.2ms
[2.019s][info][gc,phases    ] GC(31)   Other: 0.2ms
[2.019s][info][gc,heap      ] GC(31) Eden regions: 652->0(651)
[2.019s][info][gc,heap      ] GC(31) Survivor regions: 2->3(82)
[2.019s][info][gc,heap      ] GC(31) Old regions: 242->242
[2.019s][info][gc,heap      ] GC(31) Humongous regions: 0->0
[2.019s][info][gc,metaspace ] GC(31) Metaspace: 12320K(12800K)->12320K(12800K) NonClass: 11157K(11520K)->11157K(11520K) Class: 1162K(1280K)->1162K(1280K)
[2.019s][info][gc           ] GC(31) Pause Young (Normal) (G1 Evacuation Pause) 895M->244M(1090M) 1.091ms
[2.019s][info][gc,cpu       ] GC(31) User=0.00s Sys=0.00s Real=0.00s
[2.068s][info][gc,start     ] GC(32) Pause Young (Normal) (G1 Evacuation Pause)
[2.068s][info][gc,task      ] GC(32) Using 15 workers of 15 for evacuation
[2.069s][info][gc,phases    ] GC(32)   Pre Evacuate Collection Set: 0.0ms
[2.069s][info][gc,phases    ] GC(32)   Evacuate Collection Set: 0.5ms
[2.069s][info][gc,phases    ] GC(32)   Post Evacuate Collection Set: 0.3ms
[2.069s][info][gc,phases    ] GC(32)   Other: 0.3ms
[2.069s][info][gc,heap      ] GC(32) Eden regions: 651->0(652)
[2.069s][info][gc,heap      ] GC(32) Survivor regions: 3->2(82)
[2.069s][info][gc,heap      ] GC(32) Old regions: 242->242
[2.069s][info][gc,heap      ] GC(32) Humongous regions: 0->0
[2.069s][info][gc,metaspace ] GC(32) Metaspace: 12320K(12800K)->12320K(12800K) NonClass: 11157K(11520K)->11157K(11520K) Class: 1162K(1280K)->1162K(1280K)
[2.069s][info][gc           ] GC(32) Pause Young (Normal) (G1 Evacuation Pause) 895M->243M(1090M) 1.208ms
[2.069s][info][gc,cpu       ] GC(32) User=0.00s Sys=0.00s Real=0.00s
[2.111s][info][gc,start     ] GC(33) Pause Young (Normal) (G1 Evacuation Pause)
[2.111s][info][gc,task      ] GC(33) Using 15 workers of 15 for evacuation
[2.112s][info][gc,phases    ] GC(33)   Pre Evacuate Collection Set: 0.0ms
[2.112s][info][gc,phases    ] GC(33)   Evacuate Collection Set: 0.8ms
[2.112s][info][gc,phases    ] GC(33)   Post Evacuate Collection Set: 0.2ms
[2.112s][info][gc,phases    ] GC(33)   Other: 0.1ms
[2.112s][info][gc,heap      ] GC(33) Eden regions: 652->0(651)
[2.112s][info][gc,heap      ] GC(33) Survivor regions: 2->3(82)
[2.112s][info][gc,heap      ] GC(33) Old regions: 242->242
[2.112s][info][gc,heap      ] GC(33) Humongous regions: 0->0
[2.112s][info][gc,metaspace ] GC(33) Metaspace: 12320K(12800K)->12320K(12800K) NonClass: 11157K(11520K)->11157K(11520K) Class: 1162K(1280K)->1162K(1280K)
[2.112s][info][gc           ] GC(33) Pause Young (Normal) (G1 Evacuation Pause) 895M->244M(1090M) 1.244ms
[2.112s][info][gc,cpu       ] GC(33) User=0.00s Sys=0.00s Real=0.00s
[2.157s][info][gc,start     ] GC(34) Pause Young (Normal) (G1 Evacuation Pause)
[2.157s][info][gc,task      ] GC(34) Using 15 workers of 15 for evacuation
[2.158s][info][gc,phases    ] GC(34)   Pre Evacuate Collection Set: 0.0ms
[2.158s][info][gc,phases    ] GC(34)   Evacuate Collection Set: 0.6ms
[2.158s][info][gc,phases    ] GC(34)   Post Evacuate Collection Set: 0.2ms
[2.158s][info][gc,phases    ] GC(34)   Other: 0.1ms
[2.158s][info][gc,heap      ] GC(34) Eden regions: 651->0(651)
[2.158s][info][gc,heap      ] GC(34) Survivor regions: 3->3(82)
[2.158s][info][gc,heap      ] GC(34) Old regions: 242->242
[2.158s][info][gc,heap      ] GC(34) Humongous regions: 0->0
[2.158s][info][gc,metaspace ] GC(34) Metaspace: 12320K(12800K)->12320K(12800K) NonClass: 11157K(11520K)->11157K(11520K) Class: 1162K(1280K)->1162K(1280K)
[2.158s][info][gc           ] GC(34) Pause Young (Normal) (G1 Evacuation Pause) 895M->244M(1090M) 1.037ms
[2.158s][info][gc,cpu       ] GC(34) User=0.00s Sys=0.00s Real=0.00s
[2.199s][info][gc,start     ] GC(35) Pause Young (Normal) (G1 Evacuation Pause)
[2.199s][info][gc,task      ] GC(35) Using 15 workers of 15 for evacuation
[2.200s][info][gc,phases    ] GC(35)   Pre Evacuate Collection Set: 0.0ms
[2.200s][info][gc,phases    ] GC(35)   Evacuate Collection Set: 0.6ms
[2.200s][info][gc,phases    ] GC(35)   Post Evacuate Collection Set: 0.2ms
[2.200s][info][gc,phases    ] GC(35)   Other: 0.1ms
[2.200s][info][gc,heap      ] GC(35) Eden regions: 651->0(651)
[2.200s][info][gc,heap      ] GC(35) Survivor regions: 3->3(82)
[2.200s][info][gc,heap      ] GC(35) Old regions: 242->242
[2.200s][info][gc,heap      ] GC(35) Humongous regions: 0->0
[2.200s][info][gc,metaspace ] GC(35) Metaspace: 12320K(12800K)->12320K(12800K) NonClass: 11157K(11520K)->11157K(11520K) Class: 1162K(1280K)->1162K(1280K)
[2.200s][info][gc           ] GC(35) Pause Young (Normal) (G1 Evacuation Pause) 895M->244M(1090M) 1.027ms
[2.200s][info][gc,cpu       ] GC(35) User=0.00s Sys=0.00s Real=0.00s
[2.243s][info][gc,start     ] GC(36) Pause Young (Normal) (G1 Evacuation Pause)
[2.243s][info][gc,task      ] GC(36) Using 15 workers of 15 for evacuation
[2.244s][info][gc,phases    ] GC(36)   Pre Evacuate Collection Set: 0.0ms
[2.244s][info][gc,phases    ] GC(36)   Evacuate Collection Set: 0.5ms
[2.244s][info][gc,phases    ] GC(36)   Post Evacuate Collection Set: 0.2ms
[2.244s][info][gc,phases    ] GC(36)   Other: 0.1ms
[2.244s][info][gc,heap      ] GC(36) Eden regions: 651->0(651)
[2.244s][info][gc,heap      ] GC(36) Survivor regions: 3->3(82)
[2.244s][info][gc,heap      ] GC(36) Old regions: 242->242
[2.244s][info][gc,heap      ] GC(36) Humongous regions: 0->0
[2.244s][info][gc,metaspace ] GC(36) Metaspace: 12320K(12800K)->12320K(12800K) NonClass: 11157K(11520K)->11157K(11520K) Class: 1162K(1280K)->1162K(1280K)
[2.244s][info][gc           ] GC(36) Pause Young (Normal) (G1 Evacuation Pause) 895M->244M(1090M) 0.939ms
[2.244s][info][gc,cpu       ] GC(36) User=0.00s Sys=0.00s Real=0.00s
[2.285s][info][gc,start     ] GC(37) Pause Young (Normal) (G1 Evacuation Pause)
[2.285s][info][gc,task      ] GC(37) Using 15 workers of 15 for evacuation
[2.286s][info][gc,phases    ] GC(37)   Pre Evacuate Collection Set: 0.0ms
[2.286s][info][gc,phases    ] GC(37)   Evacuate Collection Set: 0.7ms
[2.286s][info][gc,phases    ] GC(37)   Post Evacuate Collection Set: 0.2ms
[2.286s][info][gc,phases    ] GC(37)   Other: 0.1ms
[2.286s][info][gc,heap      ] GC(37) Eden regions: 651->0(651)
[2.286s][info][gc,heap      ] GC(37) Survivor regions: 3->3(82)
[2.286s][info][gc,heap      ] GC(37) Old regions: 242->242
[2.286s][info][gc,heap      ] GC(37) Humongous regions: 0->0
[2.286s][info][gc,metaspace ] GC(37) Metaspace: 12320K(12800K)->12320K(12800K) NonClass: 11157K(11520K)->11157K(11520K) Class: 1162K(1280K)->1162K(1280K)
[2.286s][info][gc           ] GC(37) Pause Young (Normal) (G1 Evacuation Pause) 895M->244M(1090M) 1.107ms
[2.286s][info][gc,cpu       ] GC(37) User=0.00s Sys=0.00s Real=0.00s
[2.329s][info][gc,start     ] GC(38) Pause Young (Normal) (G1 Evacuation Pause)
[2.329s][info][gc,task      ] GC(38) Using 15 workers of 15 for evacuation
[2.330s][info][gc,phases    ] GC(38)   Pre Evacuate Collection Set: 0.0ms
[2.330s][info][gc,phases    ] GC(38)   Evacuate Collection Set: 0.5ms
[2.330s][info][gc,phases    ] GC(38)   Post Evacuate Collection Set: 0.2ms
[2.330s][info][gc,phases    ] GC(38)   Other: 0.1ms
[2.330s][info][gc,heap      ] GC(38) Eden regions: 651->0(651)
[2.330s][info][gc,heap      ] GC(38) Survivor regions: 3->3(82)
[2.330s][info][gc,heap      ] GC(38) Old regions: 242->242
[2.330s][info][gc,heap      ] GC(38) Humongous regions: 0->0
[2.330s][info][gc,metaspace ] GC(38) Metaspace: 12320K(12800K)->12320K(12800K) NonClass: 11157K(11520K)->11157K(11520K) Class: 1162K(1280K)->1162K(1280K)
[2.330s][info][gc           ] GC(38) Pause Young (Normal) (G1 Evacuation Pause) 895M->244M(1090M) 0.881ms
[2.330s][info][gc,cpu       ] GC(38) User=0.00s Sys=0.00s Real=0.00s
[2.369s][info][gc,start     ] GC(39) Pause Young (Normal) (G1 Evacuation Pause)
[2.369s][info][gc,task      ] GC(39) Using 15 workers of 15 for evacuation
[2.370s][info][gc,phases    ] GC(39)   Pre Evacuate Collection Set: 0.0ms
[2.370s][info][gc,phases    ] GC(39)   Evacuate Collection Set: 0.6ms
[2.370s][info][gc,phases    ] GC(39)   Post Evacuate Collection Set: 0.2ms
[2.370s][info][gc,phases    ] GC(39)   Other: 0.1ms
[2.370s][info][gc,heap      ] GC(39) Eden regions: 651->0(651)
[2.370s][info][gc,heap      ] GC(39) Survivor regions: 3->3(82)
[2.370s][info][gc,heap      ] GC(39) Old regions: 242->242
[2.370s][info][gc,heap      ] GC(39) Humongous regions: 0->0
[2.370s][info][gc,metaspace ] GC(39) Metaspace: 12320K(12800K)->12320K(12800K) NonClass: 11157K(11520K)->11157K(11520K) Class: 1162K(1280K)->1162K(1280K)
[2.370s][info][gc           ] GC(39) Pause Young (Normal) (G1 Evacuation Pause) 895M->244M(1090M) 1.030ms
[2.370s][info][gc,cpu       ] GC(39) User=0.00s Sys=0.00s Real=0.00s
[2.413s][info][gc,start     ] GC(40) Pause Young (Normal) (G1 Evacuation Pause)
[2.413s][info][gc,task      ] GC(40) Using 15 workers of 15 for evacuation
[2.414s][info][gc,phases    ] GC(40)   Pre Evacuate Collection Set: 0.0ms
[2.414s][info][gc,phases    ] GC(40)   Evacuate Collection Set: 0.7ms
[2.414s][info][gc,phases    ] GC(40)   Post Evacuate Collection Set: 0.2ms
[2.414s][info][gc,phases    ] GC(40)   Other: 0.1ms
[2.414s][info][gc,heap      ] GC(40) Eden regions: 651->0(650)
[2.414s][info][gc,heap      ] GC(40) Survivor regions: 3->4(82)
[2.414s][info][gc,heap      ] GC(40) Old regions: 242->242
[2.414s][info][gc,heap      ] GC(40) Humongous regions: 0->0
[2.414s][info][gc,metaspace ] GC(40) Metaspace: 12320K(12800K)->12320K(12800K) NonClass: 11157K(11520K)->11157K(11520K) Class: 1162K(1280K)->1162K(1280K)
[2.414s][info][gc           ] GC(40) Pause Young (Normal) (G1 Evacuation Pause) 895M->245M(1090M) 1.170ms
[2.414s][info][gc,cpu       ] GC(40) User=0.00s Sys=0.00s Real=0.00s
[2.454s][info][gc,start     ] GC(41) Pause Young (Normal) (G1 Evacuation Pause)
[2.454s][info][gc,task      ] GC(41) Using 15 workers of 15 for evacuation
[2.455s][info][gc,phases    ] GC(41)   Pre Evacuate Collection Set: 0.0ms
[2.455s][info][gc,phases    ] GC(41)   Evacuate Collection Set: 0.6ms
[2.455s][info][gc,phases    ] GC(41)   Post Evacuate Collection Set: 0.2ms
[2.455s][info][gc,phases    ] GC(41)   Other: 0.1ms
[2.455s][info][gc,heap      ] GC(41) Eden regions: 650->0(651)
[2.455s][info][gc,heap      ] GC(41) Survivor regions: 4->3(82)
[2.455s][info][gc,heap      ] GC(41) Old regions: 242->242
[2.455s][info][gc,heap      ] GC(41) Humongous regions: 0->0
[2.455s][info][gc,metaspace ] GC(41) Metaspace: 12320K(12800K)->12320K(12800K) NonClass: 11157K(11520K)->11157K(11520K) Class: 1162K(1280K)->1162K(1280K)
[2.455s][info][gc           ] GC(41) Pause Young (Normal) (G1 Evacuation Pause) 895M->244M(1090M) 1.008ms
[2.455s][info][gc,cpu       ] GC(41) User=0.00s Sys=0.00s Real=0.00s
[2.499s][info][gc,start     ] GC(42) Pause Young (Normal) (G1 Evacuation Pause)
[2.499s][info][gc,task      ] GC(42) Using 15 workers of 15 for evacuation
[2.500s][info][gc,phases    ] GC(42)   Pre Evacuate Collection Set: 0.0ms
[2.500s][info][gc,phases    ] GC(42)   Evacuate Collection Set: 0.4ms
[2.500s][info][gc,phases    ] GC(42)   Post Evacuate Collection Set: 0.2ms
[2.500s][info][gc,phases    ] GC(42)   Other: 0.1ms
[2.500s][info][gc,heap      ] GC(42) Eden regions: 651->0(652)
[2.500s][info][gc,heap      ] GC(42) Survivor regions: 3->2(82)
[2.500s][info][gc,heap      ] GC(42) Old regions: 242->242
[2.500s][info][gc,heap      ] GC(42) Humongous regions: 0->0
[2.500s][info][gc,metaspace ] GC(42) Metaspace: 12320K(12800K)->12320K(12800K) NonClass: 11157K(11520K)->11157K(11520K) Class: 1162K(1280K)->1162K(1280K)
[2.500s][info][gc           ] GC(42) Pause Young (Normal) (G1 Evacuation Pause) 895M->243M(1090M) 0.844ms
[2.500s][info][gc,cpu       ] GC(42) User=0.00s Sys=0.00s Real=0.00s
[2.540s][info][gc,start     ] GC(43) Pause Young (Normal) (G1 Evacuation Pause)
[2.540s][info][gc,task      ] GC(43) Using 15 workers of 15 for evacuation
[2.541s][info][gc,phases    ] GC(43)   Pre Evacuate Collection Set: 0.0ms
[2.541s][info][gc,phases    ] GC(43)   Evacuate Collection Set: 0.5ms
[2.541s][info][gc,phases    ] GC(43)   Post Evacuate Collection Set: 0.2ms
[2.541s][info][gc,phases    ] GC(43)   Other: 0.1ms
[2.541s][info][gc,heap      ] GC(43) Eden regions: 652->0(652)
[2.541s][info][gc,heap      ] GC(43) Survivor regions: 2->2(82)
[2.541s][info][gc,heap      ] GC(43) Old regions: 242->242
[2.541s][info][gc,heap      ] GC(43) Humongous regions: 0->0
[2.541s][info][gc,metaspace ] GC(43) Metaspace: 12320K(12800K)->12320K(12800K) NonClass: 11157K(11520K)->11157K(11520K) Class: 1162K(1280K)->1162K(1280K)
[2.541s][info][gc           ] GC(43) Pause Young (Normal) (G1 Evacuation Pause) 895M->243M(1090M) 0.837ms
[2.541s][info][gc,cpu       ] GC(43) User=0.00s Sys=0.00s Real=0.00s
[2.583s][info][gc,start     ] GC(44) Pause Young (Normal) (G1 Evacuation Pause)
[2.583s][info][gc,task      ] GC(44) Using 15 workers of 15 for evacuation
[2.583s][info][gc,phases    ] GC(44)   Pre Evacuate Collection Set: 0.0ms
[2.583s][info][gc,phases    ] GC(44)   Evacuate Collection Set: 0.5ms
[2.583s][info][gc,phases    ] GC(44)   Post Evacuate Collection Set: 0.2ms
[2.583s][info][gc,phases    ] GC(44)   Other: 0.1ms
[2.583s][info][gc,heap      ] GC(44) Eden regions: 652->0(652)
[2.583s][info][gc,heap      ] GC(44) Survivor regions: 2->2(82)
[2.583s][info][gc,heap      ] GC(44) Old regions: 242->242
[2.583s][info][gc,heap      ] GC(44) Humongous regions: 0->0
[2.583s][info][gc,metaspace ] GC(44) Metaspace: 12320K(12800K)->12320K(12800K) NonClass: 11157K(11520K)->11157K(11520K) Class: 1162K(1280K)->1162K(1280K)
[2.583s][info][gc           ] GC(44) Pause Young (Normal) (G1 Evacuation Pause) 895M->243M(1090M) 0.907ms
[2.583s][info][gc,cpu       ] GC(44) User=0.00s Sys=0.00s Real=0.00s
[2.629s][info][gc,start     ] GC(45) Pause Young (Normal) (G1 Evacuation Pause)
[2.629s][info][gc,task      ] GC(45) Using 15 workers of 15 for evacuation
[2.629s][info][gc,phases    ] GC(45)   Pre Evacuate Collection Set: 0.0ms
[2.629s][info][gc,phases    ] GC(45)   Evacuate Collection Set: 0.4ms
[2.629s][info][gc,phases    ] GC(45)   Post Evacuate Collection Set: 0.2ms
[2.629s][info][gc,phases    ] GC(45)   Other: 0.1ms
[2.629s][info][gc,heap      ] GC(45) Eden regions: 652->0(652)
[2.629s][info][gc,heap      ] GC(45) Survivor regions: 2->2(82)
[2.629s][info][gc,heap      ] GC(45) Old regions: 242->242
[2.629s][info][gc,heap      ] GC(45) Humongous regions: 0->0
[2.629s][info][gc,metaspace ] GC(45) Metaspace: 12320K(12800K)->12320K(12800K) NonClass: 11157K(11520K)->11157K(11520K) Class: 1162K(1280K)->1162K(1280K)
[2.629s][info][gc           ] GC(45) Pause Young (Normal) (G1 Evacuation Pause) 895M->243M(1090M) 0.780ms
[2.629s][info][gc,cpu       ] GC(45) User=0.00s Sys=0.00s Real=0.00s
[2.669s][info][gc,start     ] GC(46) Pause Young (Normal) (G1 Evacuation Pause)
[2.669s][info][gc,task      ] GC(46) Using 15 workers of 15 for evacuation
[2.670s][info][gc,phases    ] GC(46)   Pre Evacuate Collection Set: 0.0ms
[2.670s][info][gc,phases    ] GC(46)   Evacuate Collection Set: 0.7ms
[2.670s][info][gc,phases    ] GC(46)   Post Evacuate Collection Set: 0.2ms
[2.670s][info][gc,phases    ] GC(46)   Other: 0.1ms
[2.670s][info][gc,heap      ] GC(46) Eden regions: 652->0(650)
[2.670s][info][gc,heap      ] GC(46) Survivor regions: 2->4(82)
[2.670s][info][gc,heap      ] GC(46) Old regions: 242->242
[2.670s][info][gc,heap      ] GC(46) Humongous regions: 0->0
[2.670s][info][gc,metaspace ] GC(46) Metaspace: 12320K(12800K)->12320K(12800K) NonClass: 11157K(11520K)->11157K(11520K) Class: 1162K(1280K)->1162K(1280K)
[2.670s][info][gc           ] GC(46) Pause Young (Normal) (G1 Evacuation Pause) 895M->245M(1090M) 1.067ms
[2.670s][info][gc,cpu       ] GC(46) User=0.00s Sys=0.00s Real=0.00s
[2.714s][info][gc,start     ] GC(47) Pause Young (Normal) (G1 Evacuation Pause)
[2.714s][info][gc,task      ] GC(47) Using 15 workers of 15 for evacuation
[2.714s][info][gc,phases    ] GC(47)   Pre Evacuate Collection Set: 0.0ms
[2.714s][info][gc,phases    ] GC(47)   Evacuate Collection Set: 0.5ms
[2.714s][info][gc,phases    ] GC(47)   Post Evacuate Collection Set: 0.2ms
[2.714s][info][gc,phases    ] GC(47)   Other: 0.1ms
[2.714s][info][gc,heap      ] GC(47) Eden regions: 650->0(651)
[2.715s][info][gc,heap      ] GC(47) Survivor regions: 4->3(82)
[2.715s][info][gc,heap      ] GC(47) Old regions: 242->242
[2.715s][info][gc,heap      ] GC(47) Humongous regions: 0->0
[2.715s][info][gc,metaspace ] GC(47) Metaspace: 12320K(12800K)->12320K(12800K) NonClass: 11157K(11520K)->11157K(11520K) Class: 1162K(1280K)->1162K(1280K)
[2.715s][info][gc           ] GC(47) Pause Young (Normal) (G1 Evacuation Pause) 895M->244M(1090M) 0.944ms
[2.715s][info][gc,cpu       ] GC(47) User=0.00s Sys=0.00s Real=0.00s
[2.755s][info][gc,start     ] GC(48) Pause Young (Normal) (G1 Evacuation Pause)
[2.755s][info][gc,task      ] GC(48) Using 15 workers of 15 for evacuation
[2.755s][info][gc,phases    ] GC(48)   Pre Evacuate Collection Set: 0.0ms
[2.755s][info][gc,phases    ] GC(48)   Evacuate Collection Set: 0.5ms
[2.755s][info][gc,phases    ] GC(48)   Post Evacuate Collection Set: 0.2ms
[2.755s][info][gc,phases    ] GC(48)   Other: 0.1ms
[2.755s][info][gc,heap      ] GC(48) Eden regions: 651->0(652)
[2.755s][info][gc,heap      ] GC(48) Survivor regions: 3->2(82)
[2.755s][info][gc,heap      ] GC(48) Old regions: 242->242
[2.755s][info][gc,heap      ] GC(48) Humongous regions: 0->0
[2.755s][info][gc,metaspace ] GC(48) Metaspace: 12320K(12800K)->12320K(12800K) NonClass: 11157K(11520K)->11157K(11520K) Class: 1162K(1280K)->1162K(1280K)
[2.755s][info][gc           ] GC(48) Pause Young (Normal) (G1 Evacuation Pause) 895M->243M(1090M) 0.892ms
[2.755s][info][gc,cpu       ] GC(48) User=0.00s Sys=0.00s Real=0.00s
[2.799s][info][gc,start     ] GC(49) Pause Young (Normal) (G1 Evacuation Pause)
[2.799s][info][gc,task      ] GC(49) Using 15 workers of 15 for evacuation
[2.800s][info][gc,phases    ] GC(49)   Pre Evacuate Collection Set: 0.0ms
[2.800s][info][gc,phases    ] GC(49)   Evacuate Collection Set: 0.8ms
[2.800s][info][gc,phases    ] GC(49)   Post Evacuate Collection Set: 0.2ms
[2.800s][info][gc,phases    ] GC(49)   Other: 0.1ms
[2.800s][info][gc,heap      ] GC(49) Eden regions: 652->0(649)
[2.800s][info][gc,heap      ] GC(49) Survivor regions: 2->5(82)
[2.800s][info][gc,heap      ] GC(49) Old regions: 242->242
[2.800s][info][gc,heap      ] GC(49) Humongous regions: 0->0
[2.800s][info][gc,metaspace ] GC(49) Metaspace: 12320K(12800K)->12320K(12800K) NonClass: 11157K(11520K)->11157K(11520K) Class: 1162K(1280K)->1162K(1280K)
[2.800s][info][gc           ] GC(49) Pause Young (Normal) (G1 Evacuation Pause) 895M->245M(1090M) 1.179ms
[2.800s][info][gc,cpu       ] GC(49) User=0.00s Sys=0.00s Real=0.00s
[2.841s][info][gc,start     ] GC(50) Pause Young (Normal) (G1 Evacuation Pause)
[2.841s][info][gc,task      ] GC(50) Using 15 workers of 15 for evacuation
[2.842s][info][gc,phases    ] GC(50)   Pre Evacuate Collection Set: 0.0ms
[2.842s][info][gc,phases    ] GC(50)   Evacuate Collection Set: 0.5ms
[2.842s][info][gc,phases    ] GC(50)   Post Evacuate Collection Set: 0.2ms
[2.842s][info][gc,phases    ] GC(50)   Other: 0.1ms
[2.842s][info][gc,heap      ] GC(50) Eden regions: 649->0(652)
[2.842s][info][gc,heap      ] GC(50) Survivor regions: 5->2(82)
[2.842s][info][gc,heap      ] GC(50) Old regions: 242->242
[2.842s][info][gc,heap      ] GC(50) Humongous regions: 0->0
[2.842s][info][gc,metaspace ] GC(50) Metaspace: 12320K(12800K)->12320K(12800K) NonClass: 11157K(11520K)->11157K(11520K) Class: 1162K(1280K)->1162K(1280K)
[2.842s][info][gc           ] GC(50) Pause Young (Normal) (G1 Evacuation Pause) 894M->243M(1090M) 0.931ms
[2.842s][info][gc,cpu       ] GC(50) User=0.00s Sys=0.00s Real=0.00s
[2.888s][info][gc,start     ] GC(51) Pause Young (Normal) (G1 Evacuation Pause)
[2.888s][info][gc,task      ] GC(51) Using 15 workers of 15 for evacuation
[2.889s][info][gc,phases    ] GC(51)   Pre Evacuate Collection Set: 0.0ms
[2.889s][info][gc,phases    ] GC(51)   Evacuate Collection Set: 0.5ms
[2.889s][info][gc,phases    ] GC(51)   Post Evacuate Collection Set: 0.2ms
[2.889s][info][gc,phases    ] GC(51)   Other: 0.1ms
[2.889s][info][gc,heap      ] GC(51) Eden regions: 652->0(652)
[2.889s][info][gc,heap      ] GC(51) Survivor regions: 2->2(82)
[2.889s][info][gc,heap      ] GC(51) Old regions: 242->242
[2.889s][info][gc,heap      ] GC(51) Humongous regions: 0->0
[2.889s][info][gc,metaspace ] GC(51) Metaspace: 12320K(12800K)->12320K(12800K) NonClass: 11157K(11520K)->11157K(11520K) Class: 1162K(1280K)->1162K(1280K)
[2.889s][info][gc           ] GC(51) Pause Young (Normal) (G1 Evacuation Pause) 895M->243M(1090M) 0.880ms
[2.889s][info][gc,cpu       ] GC(51) User=0.00s Sys=0.00s Real=0.00s
[2.929s][info][gc,start     ] GC(52) Pause Young (Normal) (G1 Evacuation Pause)
[2.929s][info][gc,task      ] GC(52) Using 15 workers of 15 for evacuation
[2.930s][info][gc,phases    ] GC(52)   Pre Evacuate Collection Set: 0.0ms
[2.930s][info][gc,phases    ] GC(52)   Evacuate Collection Set: 0.6ms
[2.930s][info][gc,phases    ] GC(52)   Post Evacuate Collection Set: 0.3ms
[2.930s][info][gc,phases    ] GC(52)   Other: 0.1ms
[2.930s][info][gc,heap      ] GC(52) Eden regions: 652->0(652)
[2.930s][info][gc,heap      ] GC(52) Survivor regions: 2->2(82)
[2.930s][info][gc,heap      ] GC(52) Old regions: 242->242
[2.930s][info][gc,heap      ] GC(52) Humongous regions: 0->0
[2.930s][info][gc,metaspace ] GC(52) Metaspace: 12320K(12800K)->12320K(12800K) NonClass: 11157K(11520K)->11157K(11520K) Class: 1162K(1280K)->1162K(1280K)
[2.930s][info][gc           ] GC(52) Pause Young (Normal) (G1 Evacuation Pause) 895M->243M(1090M) 1.055ms
[2.930s][info][gc,cpu       ] GC(52) User=0.00s Sys=0.00s Real=0.00s
[2.975s][info][gc,start     ] GC(53) Pause Young (Normal) (G1 Evacuation Pause)
[2.975s][info][gc,task      ] GC(53) Using 15 workers of 15 for evacuation
[2.976s][info][gc,phases    ] GC(53)   Pre Evacuate Collection Set: 0.0ms
[2.976s][info][gc,phases    ] GC(53)   Evacuate Collection Set: 0.5ms
[2.976s][info][gc,phases    ] GC(53)   Post Evacuate Collection Set: 0.2ms
[2.976s][info][gc,phases    ] GC(53)   Other: 0.1ms
[2.976s][info][gc,heap      ] GC(53) Eden regions: 652->0(652)
[2.976s][info][gc,heap      ] GC(53) Survivor regions: 2->2(82)
[2.976s][info][gc,heap      ] GC(53) Old regions: 242->242
[2.976s][info][gc,heap      ] GC(53) Humongous regions: 0->0
[2.976s][info][gc,metaspace ] GC(53) Metaspace: 12320K(12800K)->12320K(12800K) NonClass: 11157K(11520K)->11157K(11520K) Class: 1162K(1280K)->1162K(1280K)
[2.976s][info][gc           ] GC(53) Pause Young (Normal) (G1 Evacuation Pause) 895M->243M(1090M) 0.953ms
[2.976s][info][gc,cpu       ] GC(53) User=0.00s Sys=0.00s Real=0.00s
[3.016s][info][gc,start     ] GC(54) Pause Young (Normal) (G1 Evacuation Pause)
[3.016s][info][gc,task      ] GC(54) Using 15 workers of 15 for evacuation
[3.017s][info][gc,phases    ] GC(54)   Pre Evacuate Collection Set: 0.0ms
[3.017s][info][gc,phases    ] GC(54)   Evacuate Collection Set: 0.5ms
[3.017s][info][gc,phases    ] GC(54)   Post Evacuate Collection Set: 0.2ms
[3.017s][info][gc,phases    ] GC(54)   Other: 0.1ms
[3.017s][info][gc,heap      ] GC(54) Eden regions: 652->0(652)
[3.017s][info][gc,heap      ] GC(54) Survivor regions: 2->2(82)
[3.017s][info][gc,heap      ] GC(54) Old regions: 242->242
[3.017s][info][gc,heap      ] GC(54) Humongous regions: 0->0
[3.017s][info][gc,metaspace ] GC(54) Metaspace: 12320K(12800K)->12320K(12800K) NonClass: 11157K(11520K)->11157K(11520K) Class: 1162K(1280K)->1162K(1280K)
[3.017s][info][gc           ] GC(54) Pause Young (Normal) (G1 Evacuation Pause) 895M->243M(1090M) 0.972ms
[3.017s][info][gc,cpu       ] GC(54) User=0.00s Sys=0.00s Real=0.00s
[3.062s][info][gc,start     ] GC(55) Pause Young (Normal) (G1 Evacuation Pause)
[3.062s][info][gc,task      ] GC(55) Using 15 workers of 15 for evacuation
[3.063s][info][gc,phases    ] GC(55)   Pre Evacuate Collection Set: 0.0ms
[3.063s][info][gc,phases    ] GC(55)   Evacuate Collection Set: 0.5ms
[3.063s][info][gc,phases    ] GC(55)   Post Evacuate Collection Set: 0.2ms
[3.063s][info][gc,phases    ] GC(55)   Other: 0.1ms
[3.063s][info][gc,heap      ] GC(55) Eden regions: 652->0(652)
[3.063s][info][gc,heap      ] GC(55) Survivor regions: 2->2(82)
[3.063s][info][gc,heap      ] GC(55) Old regions: 242->242
[3.063s][info][gc,heap      ] GC(55) Humongous regions: 0->0
[3.063s][info][gc,metaspace ] GC(55) Metaspace: 12328K(12800K)->12328K(12800K) NonClass: 11164K(11520K)->11164K(11520K) Class: 1164K(1280K)->1164K(1280K)
[3.063s][info][gc           ] GC(55) Pause Young (Normal) (G1 Evacuation Pause) 895M->243M(1090M) 0.897ms
[3.063s][info][gc,cpu       ] GC(55) User=0.00s Sys=0.00s Real=0.00s
[3.103s][info][gc,start     ] GC(56) Pause Young (Normal) (G1 Evacuation Pause)
[3.104s][info][gc,task      ] GC(56) Using 15 workers of 15 for evacuation
[3.104s][info][gc,phases    ] GC(56)   Pre Evacuate Collection Set: 0.0ms
[3.104s][info][gc,phases    ] GC(56)   Evacuate Collection Set: 0.5ms
[3.104s][info][gc,phases    ] GC(56)   Post Evacuate Collection Set: 0.2ms
[3.104s][info][gc,phases    ] GC(56)   Other: 0.1ms
[3.104s][info][gc,heap      ] GC(56) Eden regions: 652->0(652)
[3.104s][info][gc,heap      ] GC(56) Survivor regions: 2->2(82)
[3.104s][info][gc,heap      ] GC(56) Old regions: 242->242
[3.104s][info][gc,heap      ] GC(56) Humongous regions: 0->0
[3.104s][info][gc,metaspace ] GC(56) Metaspace: 12328K(12800K)->12328K(12800K) NonClass: 11164K(11520K)->11164K(11520K) Class: 1164K(1280K)->1164K(1280K)
[3.104s][info][gc           ] GC(56) Pause Young (Normal) (G1 Evacuation Pause) 895M->243M(1090M) 0.879ms
[3.104s][info][gc,cpu       ] GC(56) User=0.00s Sys=0.00s Real=0.00s
[3.150s][info][gc,start     ] GC(57) Pause Young (Normal) (G1 Evacuation Pause)
[3.150s][info][gc,task      ] GC(57) Using 15 workers of 15 for evacuation
[3.151s][info][gc,phases    ] GC(57)   Pre Evacuate Collection Set: 0.0ms
[3.151s][info][gc,phases    ] GC(57)   Evacuate Collection Set: 0.8ms
[3.151s][info][gc,phases    ] GC(57)   Post Evacuate Collection Set: 0.2ms
[3.151s][info][gc,phases    ] GC(57)   Other: 0.1ms
[3.151s][info][gc,heap      ] GC(57) Eden regions: 652->0(650)
[3.151s][info][gc,heap      ] GC(57) Survivor regions: 2->4(82)
[3.151s][info][gc,heap      ] GC(57) Old regions: 242->242
[3.151s][info][gc,heap      ] GC(57) Humongous regions: 0->0
[3.151s][info][gc,metaspace ] GC(57) Metaspace: 12328K(12800K)->12328K(12800K) NonClass: 11164K(11520K)->11164K(11520K) Class: 1164K(1280K)->1164K(1280K)
[3.151s][info][gc           ] GC(57) Pause Young (Normal) (G1 Evacuation Pause) 895M->245M(1090M) 1.249ms
[3.151s][info][gc,cpu       ] GC(57) User=0.00s Sys=0.00s Real=0.00s
[3.192s][info][gc,start     ] GC(58) Pause Young (Normal) (G1 Evacuation Pause)
[3.192s][info][gc,task      ] GC(58) Using 15 workers of 15 for evacuation
[3.192s][info][gc,phases    ] GC(58)   Pre Evacuate Collection Set: 0.0ms
[3.192s][info][gc,phases    ] GC(58)   Evacuate Collection Set: 0.5ms
[3.192s][info][gc,phases    ] GC(58)   Post Evacuate Collection Set: 0.3ms
[3.192s][info][gc,phases    ] GC(58)   Other: 0.1ms
[3.192s][info][gc,heap      ] GC(58) Eden regions: 650->0(652)
[3.192s][info][gc,heap      ] GC(58) Survivor regions: 4->2(82)
[3.192s][info][gc,heap      ] GC(58) Old regions: 242->242
[3.192s][info][gc,heap      ] GC(58) Humongous regions: 0->0
[3.193s][info][gc,metaspace ] GC(58) Metaspace: 12328K(12800K)->12328K(12800K) NonClass: 11164K(11520K)->11164K(11520K) Class: 1164K(1280K)->1164K(1280K)
[3.193s][info][gc           ] GC(58) Pause Young (Normal) (G1 Evacuation Pause) 895M->243M(1090M) 1.003ms
[3.193s][info][gc,cpu       ] GC(58) User=0.00s Sys=0.00s Real=0.00s
[3.237s][info][gc,start     ] GC(59) Pause Young (Normal) (G1 Evacuation Pause)
[3.237s][info][gc,task      ] GC(59) Using 15 workers of 15 for evacuation
[3.238s][info][gc,phases    ] GC(59)   Pre Evacuate Collection Set: 0.0ms
[3.238s][info][gc,phases    ] GC(59)   Evacuate Collection Set: 0.5ms
[3.238s][info][gc,phases    ] GC(59)   Post Evacuate Collection Set: 0.2ms
[3.238s][info][gc,phases    ] GC(59)   Other: 0.1ms
[3.238s][info][gc,heap      ] GC(59) Eden regions: 652->0(651)
[3.238s][info][gc,heap      ] GC(59) Survivor regions: 2->3(82)
[3.238s][info][gc,heap      ] GC(59) Old regions: 242->242
[3.238s][info][gc,heap      ] GC(59) Humongous regions: 0->0
[3.238s][info][gc,metaspace ] GC(59) Metaspace: 12328K(12800K)->12328K(12800K) NonClass: 11164K(11520K)->11164K(11520K) Class: 1164K(1280K)->1164K(1280K)
[3.238s][info][gc           ] GC(59) Pause Young (Normal) (G1 Evacuation Pause) 895M->244M(1090M) 0.886ms
[3.238s][info][gc,cpu       ] GC(59) User=0.02s Sys=0.00s Real=0.00s
[3.280s][info][gc,start     ] GC(60) Pause Young (Normal) (G1 Evacuation Pause)
[3.280s][info][gc,task      ] GC(60) Using 15 workers of 15 for evacuation
[3.281s][info][gc,phases    ] GC(60)   Pre Evacuate Collection Set: 0.1ms
[3.281s][info][gc,phases    ] GC(60)   Evacuate Collection Set: 0.7ms
[3.281s][info][gc,phases    ] GC(60)   Post Evacuate Collection Set: 0.4ms
[3.281s][info][gc,phases    ] GC(60)   Other: 0.2ms
[3.281s][info][gc,heap      ] GC(60) Eden regions: 651->0(652)
[3.281s][info][gc,heap      ] GC(60) Survivor regions: 3->2(82)
[3.281s][info][gc,heap      ] GC(60) Old regions: 242->242
[3.281s][info][gc,heap      ] GC(60) Humongous regions: 0->0
[3.281s][info][gc,metaspace ] GC(60) Metaspace: 12328K(12800K)->12328K(12800K) NonClass: 11164K(11520K)->11164K(11520K) Class: 1164K(1280K)->1164K(1280K)
[3.281s][info][gc           ] GC(60) Pause Young (Normal) (G1 Evacuation Pause) 895M->243M(1090M) 1.420ms
[3.281s][info][gc,cpu       ] GC(60) User=0.00s Sys=0.00s Real=0.00s
[3.327s][info][gc,start     ] GC(61) Pause Young (Normal) (G1 Evacuation Pause)
[3.327s][info][gc,task      ] GC(61) Using 15 workers of 15 for evacuation
[3.327s][info][gc,phases    ] GC(61)   Pre Evacuate Collection Set: 0.0ms
[3.327s][info][gc,phases    ] GC(61)   Evacuate Collection Set: 0.4ms
[3.327s][info][gc,phases    ] GC(61)   Post Evacuate Collection Set: 0.2ms
[3.327s][info][gc,phases    ] GC(61)   Other: 0.1ms
[3.327s][info][gc,heap      ] GC(61) Eden regions: 652->0(652)
[3.327s][info][gc,heap      ] GC(61) Survivor regions: 2->2(82)
[3.327s][info][gc,heap      ] GC(61) Old regions: 242->242
[3.327s][info][gc,heap      ] GC(61) Humongous regions: 0->0
[3.327s][info][gc,metaspace ] GC(61) Metaspace: 12328K(12800K)->12328K(12800K) NonClass: 11164K(11520K)->11164K(11520K) Class: 1164K(1280K)->1164K(1280K)
[3.327s][info][gc           ] GC(61) Pause Young (Normal) (G1 Evacuation Pause) 895M->243M(1090M) 0.882ms
[3.327s][info][gc,cpu       ] GC(61) User=0.00s Sys=0.00s Real=0.00s
[3.368s][info][gc,start     ] GC(62) Pause Young (Normal) (G1 Evacuation Pause)
[3.368s][info][gc,task      ] GC(62) Using 15 workers of 15 for evacuation
[3.369s][info][gc,phases    ] GC(62)   Pre Evacuate Collection Set: 0.0ms
[3.369s][info][gc,phases    ] GC(62)   Evacuate Collection Set: 0.6ms
[3.369s][info][gc,phases    ] GC(62)   Post Evacuate Collection Set: 0.3ms
[3.369s][info][gc,phases    ] GC(62)   Other: 0.2ms
[3.369s][info][gc,heap      ] GC(62) Eden regions: 652->0(652)
[3.369s][info][gc,heap      ] GC(62) Survivor regions: 2->2(82)
[3.369s][info][gc,heap      ] GC(62) Old regions: 242->242
[3.369s][info][gc,heap      ] GC(62) Humongous regions: 0->0
[3.370s][info][gc,metaspace ] GC(62) Metaspace: 12328K(12800K)->12328K(12800K) NonClass: 11164K(11520K)->11164K(11520K) Class: 1164K(1280K)->1164K(1280K)
[3.370s][info][gc           ] GC(62) Pause Young (Normal) (G1 Evacuation Pause) 895M->243M(1090M) 1.117ms
[3.370s][info][gc,cpu       ] GC(62) User=0.00s Sys=0.00s Real=0.00s
[3.414s][info][gc,start     ] GC(63) Pause Young (Normal) (G1 Evacuation Pause)
[3.414s][info][gc,task      ] GC(63) Using 15 workers of 15 for evacuation
[3.415s][info][gc,phases    ] GC(63)   Pre Evacuate Collection Set: 0.0ms
[3.415s][info][gc,phases    ] GC(63)   Evacuate Collection Set: 1.0ms
[3.415s][info][gc,phases    ] GC(63)   Post Evacuate Collection Set: 0.3ms
[3.415s][info][gc,phases    ] GC(63)   Other: 0.2ms
[3.415s][info][gc,heap      ] GC(63) Eden regions: 652->0(648)
[3.415s][info][gc,heap      ] GC(63) Survivor regions: 2->6(82)
[3.415s][info][gc,heap      ] GC(63) Old regions: 242->242
[3.415s][info][gc,heap      ] GC(63) Humongous regions: 0->0
[3.415s][info][gc,metaspace ] GC(63) Metaspace: 12328K(12800K)->12328K(12800K) NonClass: 11164K(11520K)->11164K(11520K) Class: 1164K(1280K)->1164K(1280K)
[3.415s][info][gc           ] GC(63) Pause Young (Normal) (G1 Evacuation Pause) 895M->247M(1090M) 1.482ms
[3.415s][info][gc,cpu       ] GC(63) User=0.00s Sys=0.00s Real=0.00s
[3.457s][info][gc,start     ] GC(64) Pause Young (Normal) (G1 Evacuation Pause)
[3.457s][info][gc,task      ] GC(64) Using 15 workers of 15 for evacuation
[3.458s][info][gc,phases    ] GC(64)   Pre Evacuate Collection Set: 0.0ms
[3.458s][info][gc,phases    ] GC(64)   Evacuate Collection Set: 0.6ms
[3.458s][info][gc,phases    ] GC(64)   Post Evacuate Collection Set: 0.2ms
[3.458s][info][gc,phases    ] GC(64)   Other: 0.2ms
[3.458s][info][gc,heap      ] GC(64) Eden regions: 648->0(651)
[3.458s][info][gc,heap      ] GC(64) Survivor regions: 6->3(82)
[3.458s][info][gc,heap      ] GC(64) Old regions: 242->242
[3.458s][info][gc,heap      ] GC(64) Humongous regions: 0->0
[3.458s][info][gc,metaspace ] GC(64) Metaspace: 12328K(12800K)->12328K(12800K) NonClass: 11164K(11520K)->11164K(11520K) Class: 1164K(1280K)->1164K(1280K)
[3.458s][info][gc           ] GC(64) Pause Young (Normal) (G1 Evacuation Pause) 895M->244M(1090M) 1.119ms
[3.458s][info][gc,cpu       ] GC(64) User=0.00s Sys=0.00s Real=0.00s
[3.502s][info][gc,start     ] GC(65) Pause Young (Normal) (G1 Evacuation Pause)
[3.502s][info][gc,task      ] GC(65) Using 15 workers of 15 for evacuation
[3.503s][info][gc,phases    ] GC(65)   Pre Evacuate Collection Set: 0.0ms
[3.503s][info][gc,phases    ] GC(65)   Evacuate Collection Set: 0.7ms
[3.503s][info][gc,phases    ] GC(65)   Post Evacuate Collection Set: 0.2ms
[3.503s][info][gc,phases    ] GC(65)   Other: 0.1ms
[3.503s][info][gc,heap      ] GC(65) Eden regions: 651->0(650)
[3.503s][info][gc,heap      ] GC(65) Survivor regions: 3->4(82)
[3.503s][info][gc,heap      ] GC(65) Old regions: 242->242
[3.503s][info][gc,heap      ] GC(65) Humongous regions: 0->0
[3.503s][info][gc,metaspace ] GC(65) Metaspace: 12328K(12800K)->12328K(12800K) NonClass: 11164K(11520K)->11164K(11520K) Class: 1164K(1280K)->1164K(1280K)
[3.503s][info][gc           ] GC(65) Pause Young (Normal) (G1 Evacuation Pause) 895M->245M(1090M) 1.046ms
[3.503s][info][gc,cpu       ] GC(65) User=0.00s Sys=0.00s Real=0.00s
[3.542s][info][gc,start     ] GC(66) Pause Young (Normal) (G1 Evacuation Pause)
[3.542s][info][gc,task      ] GC(66) Using 15 workers of 15 for evacuation
[3.543s][info][gc,phases    ] GC(66)   Pre Evacuate Collection Set: 0.0ms
[3.543s][info][gc,phases    ] GC(66)   Evacuate Collection Set: 0.5ms
[3.543s][info][gc,phases    ] GC(66)   Post Evacuate Collection Set: 0.2ms
[3.543s][info][gc,phases    ] GC(66)   Other: 0.1ms
[3.543s][info][gc,heap      ] GC(66) Eden regions: 650->0(652)
[3.543s][info][gc,heap      ] GC(66) Survivor regions: 4->2(82)
[3.543s][info][gc,heap      ] GC(66) Old regions: 242->242
[3.543s][info][gc,heap      ] GC(66) Humongous regions: 0->0
[3.543s][info][gc,metaspace ] GC(66) Metaspace: 12328K(12800K)->12328K(12800K) NonClass: 11164K(11520K)->11164K(11520K) Class: 1164K(1280K)->1164K(1280K)
[3.543s][info][gc           ] GC(66) Pause Young (Normal) (G1 Evacuation Pause) 895M->243M(1090M) 0.886ms
[3.543s][info][gc,cpu       ] GC(66) User=0.00s Sys=0.00s Real=0.00s
[3.588s][info][gc,start     ] GC(67) Pause Young (Normal) (G1 Evacuation Pause)
[3.588s][info][gc,task      ] GC(67) Using 15 workers of 15 for evacuation
[3.588s][info][gc,phases    ] GC(67)   Pre Evacuate Collection Set: 0.0ms
[3.588s][info][gc,phases    ] GC(67)   Evacuate Collection Set: 0.5ms
[3.588s][info][gc,phases    ] GC(67)   Post Evacuate Collection Set: 0.2ms
[3.588s][info][gc,phases    ] GC(67)   Other: 0.1ms
[3.588s][info][gc,heap      ] GC(67) Eden regions: 652->0(652)
[3.588s][info][gc,heap      ] GC(67) Survivor regions: 2->2(82)
[3.588s][info][gc,heap      ] GC(67) Old regions: 242->242
[3.588s][info][gc,heap      ] GC(67) Humongous regions: 0->0
[3.588s][info][gc,metaspace ] GC(67) Metaspace: 12328K(12800K)->12328K(12800K) NonClass: 11164K(11520K)->11164K(11520K) Class: 1164K(1280K)->1164K(1280K)
[3.588s][info][gc           ] GC(67) Pause Young (Normal) (G1 Evacuation Pause) 895M->243M(1090M) 0.927ms
[3.588s][info][gc,cpu       ] GC(67) User=0.00s Sys=0.00s Real=0.00s
[3.629s][info][gc,start     ] GC(68) Pause Young (Normal) (G1 Evacuation Pause)
[3.629s][info][gc,task      ] GC(68) Using 15 workers of 15 for evacuation
[3.630s][info][gc,phases    ] GC(68)   Pre Evacuate Collection Set: 0.0ms
[3.630s][info][gc,phases    ] GC(68)   Evacuate Collection Set: 0.7ms
[3.630s][info][gc,phases    ] GC(68)   Post Evacuate Collection Set: 0.2ms
[3.630s][info][gc,phases    ] GC(68)   Other: 0.1ms
[3.630s][info][gc,heap      ] GC(68) Eden regions: 652->0(651)
[3.630s][info][gc,heap      ] GC(68) Survivor regions: 2->3(82)
[3.630s][info][gc,heap      ] GC(68) Old regions: 242->242
[3.630s][info][gc,heap      ] GC(68) Humongous regions: 0->0
[3.630s][info][gc,metaspace ] GC(68) Metaspace: 12328K(12800K)->12328K(12800K) NonClass: 11164K(11520K)->11164K(11520K) Class: 1164K(1280K)->1164K(1280K)
[3.630s][info][gc           ] GC(68) Pause Young (Normal) (G1 Evacuation Pause) 895M->244M(1090M) 1.056ms
[3.630s][info][gc,cpu       ] GC(68) User=0.00s Sys=0.00s Real=0.00s
[3.672s][info][gc,start     ] GC(69) Pause Young (Normal) (G1 Evacuation Pause)
[3.672s][info][gc,task      ] GC(69) Using 15 workers of 15 for evacuation
[3.673s][info][gc,phases    ] GC(69)   Pre Evacuate Collection Set: 0.0ms
[3.673s][info][gc,phases    ] GC(69)   Evacuate Collection Set: 0.6ms
[3.673s][info][gc,phases    ] GC(69)   Post Evacuate Collection Set: 0.2ms
[3.673s][info][gc,phases    ] GC(69)   Other: 0.1ms
[3.673s][info][gc,heap      ] GC(69) Eden regions: 651->0(651)
[3.673s][info][gc,heap      ] GC(69) Survivor regions: 3->3(82)
[3.673s][info][gc,heap      ] GC(69) Old regions: 242->242
[3.673s][info][gc,heap      ] GC(69) Humongous regions: 0->0
[3.673s][info][gc,metaspace ] GC(69) Metaspace: 12328K(12800K)->12328K(12800K) NonClass: 11164K(11520K)->11164K(11520K) Class: 1164K(1280K)->1164K(1280K)
[3.673s][info][gc           ] GC(69) Pause Young (Normal) (G1 Evacuation Pause) 895M->244M(1090M) 0.965ms
[3.673s][info][gc,cpu       ] GC(69) User=0.00s Sys=0.00s Real=0.00s
[3.719s][info][gc,start     ] GC(70) Pause Young (Normal) (G1 Evacuation Pause)
[3.719s][info][gc,task      ] GC(70) Using 15 workers of 15 for evacuation
[3.720s][info][gc,phases    ] GC(70)   Pre Evacuate Collection Set: 0.0ms
[3.720s][info][gc,phases    ] GC(70)   Evacuate Collection Set: 0.3ms
[3.720s][info][gc,phases    ] GC(70)   Post Evacuate Collection Set: 0.2ms
[3.720s][info][gc,phases    ] GC(70)   Other: 0.1ms
[3.720s][info][gc,heap      ] GC(70) Eden regions: 651->0(652)
[3.720s][info][gc,heap      ] GC(70) Survivor regions: 3->2(82)
[3.720s][info][gc,heap      ] GC(70) Old regions: 242->242
[3.720s][info][gc,heap      ] GC(70) Humongous regions: 0->0
[3.720s][info][gc,metaspace ] GC(70) Metaspace: 12328K(12800K)->12328K(12800K) NonClass: 11164K(11520K)->11164K(11520K) Class: 1164K(1280K)->1164K(1280K)
[3.720s][info][gc           ] GC(70) Pause Young (Normal) (G1 Evacuation Pause) 895M->243M(1090M) 0.703ms
[3.720s][info][gc,cpu       ] GC(70) User=0.00s Sys=0.00s Real=0.00s
[3.759s][info][gc,start     ] GC(71) Pause Young (Normal) (G1 Evacuation Pause)
[3.759s][info][gc,task      ] GC(71) Using 15 workers of 15 for evacuation
[3.760s][info][gc,phases    ] GC(71)   Pre Evacuate Collection Set: 0.0ms
[3.760s][info][gc,phases    ] GC(71)   Evacuate Collection Set: 0.5ms
[3.760s][info][gc,phases    ] GC(71)   Post Evacuate Collection Set: 0.2ms
[3.760s][info][gc,phases    ] GC(71)   Other: 0.1ms
[3.760s][info][gc,heap      ] GC(71) Eden regions: 652->0(652)
[3.760s][info][gc,heap      ] GC(71) Survivor regions: 2->2(82)
[3.760s][info][gc,heap      ] GC(71) Old regions: 242->242
[3.760s][info][gc,heap      ] GC(71) Humongous regions: 0->0
[3.760s][info][gc,metaspace ] GC(71) Metaspace: 12328K(12800K)->12328K(12800K) NonClass: 11164K(11520K)->11164K(11520K) Class: 1164K(1280K)->1164K(1280K)
[3.760s][info][gc           ] GC(71) Pause Young (Normal) (G1 Evacuation Pause) 895M->243M(1090M) 0.922ms
[3.760s][info][gc,cpu       ] GC(71) User=0.00s Sys=0.00s Real=0.00s
[3.804s][info][gc,start     ] GC(72) Pause Young (Normal) (G1 Evacuation Pause)
[3.805s][info][gc,task      ] GC(72) Using 15 workers of 15 for evacuation
[3.806s][info][gc,phases    ] GC(72)   Pre Evacuate Collection Set: 0.0ms
[3.806s][info][gc,phases    ] GC(72)   Evacuate Collection Set: 0.7ms
[3.806s][info][gc,phases    ] GC(72)   Post Evacuate Collection Set: 0.2ms
[3.806s][info][gc,phases    ] GC(72)   Other: 0.1ms
[3.806s][info][gc,heap      ] GC(72) Eden regions: 652->0(649)
[3.806s][info][gc,heap      ] GC(72) Survivor regions: 2->5(82)
[3.806s][info][gc,heap      ] GC(72) Old regions: 242->242
[3.806s][info][gc,heap      ] GC(72) Humongous regions: 0->0
[3.806s][info][gc,metaspace ] GC(72) Metaspace: 12332K(12800K)->12332K(12800K) NonClass: 11168K(11520K)->11168K(11520K) Class: 1164K(1280K)->1164K(1280K)
[3.806s][info][gc           ] GC(72) Pause Young (Normal) (G1 Evacuation Pause) 895M->246M(1090M) 1.105ms
[3.806s][info][gc,cpu       ] GC(72) User=0.00s Sys=0.00s Real=0.00s
[3.845s][info][gc,start     ] GC(73) Pause Young (Normal) (G1 Evacuation Pause)
[3.845s][info][gc,task      ] GC(73) Using 15 workers of 15 for evacuation
[3.846s][info][gc,phases    ] GC(73)   Pre Evacuate Collection Set: 0.0ms
[3.846s][info][gc,phases    ] GC(73)   Evacuate Collection Set: 0.8ms
[3.846s][info][gc,phases    ] GC(73)   Post Evacuate Collection Set: 0.2ms
[3.846s][info][gc,phases    ] GC(73)   Other: 0.1ms
[3.846s][info][gc,heap      ] GC(73) Eden regions: 649->0(650)
[3.846s][info][gc,heap      ] GC(73) Survivor regions: 5->4(82)
[3.846s][info][gc,heap      ] GC(73) Old regions: 242->242
[3.846s][info][gc,heap      ] GC(73) Humongous regions: 0->0
[3.846s][info][gc,metaspace ] GC(73) Metaspace: 12332K(12800K)->12332K(12800K) NonClass: 11168K(11520K)->11168K(11520K) Class: 1164K(1280K)->1164K(1280K)
[3.846s][info][gc           ] GC(73) Pause Young (Normal) (G1 Evacuation Pause) 895M->245M(1090M) 1.146ms
[3.846s][info][gc,cpu       ] GC(73) User=0.00s Sys=0.00s Real=0.00s
[3.891s][info][gc,start     ] GC(74) Pause Young (Normal) (G1 Evacuation Pause)
[3.891s][info][gc,task      ] GC(74) Using 15 workers of 15 for evacuation
[3.892s][info][gc,phases    ] GC(74)   Pre Evacuate Collection Set: 0.0ms
[3.892s][info][gc,phases    ] GC(74)   Evacuate Collection Set: 0.6ms
[3.892s][info][gc,phases    ] GC(74)   Post Evacuate Collection Set: 0.2ms
[3.892s][info][gc,phases    ] GC(74)   Other: 0.1ms
[3.892s][info][gc,heap      ] GC(74) Eden regions: 650->0(651)
[3.892s][info][gc,heap      ] GC(74) Survivor regions: 4->3(82)
[3.892s][info][gc,heap      ] GC(74) Old regions: 242->242
[3.892s][info][gc,heap      ] GC(74) Humongous regions: 0->0
[3.892s][info][gc,metaspace ] GC(74) Metaspace: 12332K(12800K)->12332K(12800K) NonClass: 11168K(11520K)->11168K(11520K) Class: 1164K(1280K)->1164K(1280K)
[3.892s][info][gc           ] GC(74) Pause Young (Normal) (G1 Evacuation Pause) 895M->244M(1090M) 1.014ms
[3.892s][info][gc,cpu       ] GC(74) User=0.00s Sys=0.00s Real=0.00s
[3.931s][info][gc,start     ] GC(75) Pause Young (Normal) (G1 Evacuation Pause)
[3.931s][info][gc,task      ] GC(75) Using 15 workers of 15 for evacuation
[3.932s][info][gc,phases    ] GC(75)   Pre Evacuate Collection Set: 0.0ms
[3.932s][info][gc,phases    ] GC(75)   Evacuate Collection Set: 0.5ms
[3.932s][info][gc,phases    ] GC(75)   Post Evacuate Collection Set: 0.2ms
[3.932s][info][gc,phases    ] GC(75)   Other: 0.1ms
[3.932s][info][gc,heap      ] GC(75) Eden regions: 651->0(652)
[3.932s][info][gc,heap      ] GC(75) Survivor regions: 3->2(82)
[3.932s][info][gc,heap      ] GC(75) Old regions: 242->242
[3.932s][info][gc,heap      ] GC(75) Humongous regions: 0->0
[3.932s][info][gc,metaspace ] GC(75) Metaspace: 12332K(12800K)->12332K(12800K) NonClass: 11168K(11520K)->11168K(11520K) Class: 1164K(1280K)->1164K(1280K)
[3.932s][info][gc           ] GC(75) Pause Young (Normal) (G1 Evacuation Pause) 895M->243M(1090M) 0.881ms
[3.932s][info][gc,cpu       ] GC(75) User=0.00s Sys=0.00s Real=0.00s
[3.976s][info][gc,start     ] GC(76) Pause Young (Normal) (G1 Evacuation Pause)
[3.976s][info][gc,task      ] GC(76) Using 15 workers of 15 for evacuation
[3.977s][info][gc,phases    ] GC(76)   Pre Evacuate Collection Set: 0.0ms
[3.977s][info][gc,phases    ] GC(76)   Evacuate Collection Set: 0.3ms
[3.977s][info][gc,phases    ] GC(76)   Post Evacuate Collection Set: 0.2ms
[3.977s][info][gc,phases    ] GC(76)   Other: 0.1ms
[3.977s][info][gc,heap      ] GC(76) Eden regions: 652->0(652)
[3.977s][info][gc,heap      ] GC(76) Survivor regions: 2->2(82)
[3.977s][info][gc,heap      ] GC(76) Old regions: 242->242
[3.977s][info][gc,heap      ] GC(76) Humongous regions: 0->0
[3.977s][info][gc,metaspace ] GC(76) Metaspace: 12332K(12800K)->12332K(12800K) NonClass: 11168K(11520K)->11168K(11520K) Class: 1164K(1280K)->1164K(1280K)
[3.977s][info][gc           ] GC(76) Pause Young (Normal) (G1 Evacuation Pause) 895M->243M(1090M) 0.713ms
[3.977s][info][gc,cpu       ] GC(76) User=0.00s Sys=0.00s Real=0.00s
[4.016s][info][gc,start     ] GC(77) Pause Young (Normal) (G1 Evacuation Pause)
[4.016s][info][gc,task      ] GC(77) Using 15 workers of 15 for evacuation
[4.017s][info][gc,phases    ] GC(77)   Pre Evacuate Collection Set: 0.0ms
[4.017s][info][gc,phases    ] GC(77)   Evacuate Collection Set: 0.5ms
[4.017s][info][gc,phases    ] GC(77)   Post Evacuate Collection Set: 0.2ms
[4.017s][info][gc,phases    ] GC(77)   Other: 0.1ms
[4.017s][info][gc,heap      ] GC(77) Eden regions: 652->0(652)
[4.017s][info][gc,heap      ] GC(77) Survivor regions: 2->2(82)
[4.017s][info][gc,heap      ] GC(77) Old regions: 242->242
[4.017s][info][gc,heap      ] GC(77) Humongous regions: 0->0
[4.017s][info][gc,metaspace ] GC(77) Metaspace: 12332K(12800K)->12332K(12800K) NonClass: 11168K(11520K)->11168K(11520K) Class: 1164K(1280K)->1164K(1280K)
[4.017s][info][gc           ] GC(77) Pause Young (Normal) (G1 Evacuation Pause) 895M->243M(1090M) 0.934ms
[4.017s][info][gc,cpu       ] GC(77) User=0.00s Sys=0.00s Real=0.00s
[4.061s][info][gc,start     ] GC(78) Pause Young (Normal) (G1 Evacuation Pause)
[4.061s][info][gc,task      ] GC(78) Using 15 workers of 15 for evacuation
[4.061s][info][gc,phases    ] GC(78)   Pre Evacuate Collection Set: 0.0ms
[4.061s][info][gc,phases    ] GC(78)   Evacuate Collection Set: 0.4ms
[4.061s][info][gc,phases    ] GC(78)   Post Evacuate Collection Set: 0.2ms
[4.061s][info][gc,phases    ] GC(78)   Other: 0.1ms
[4.061s][info][gc,heap      ] GC(78) Eden regions: 652->0(652)
[4.061s][info][gc,heap      ] GC(78) Survivor regions: 2->2(82)
[4.061s][info][gc,heap      ] GC(78) Old regions: 242->242
[4.061s][info][gc,heap      ] GC(78) Humongous regions: 0->0
[4.061s][info][gc,metaspace ] GC(78) Metaspace: 12332K(12800K)->12332K(12800K) NonClass: 11168K(11520K)->11168K(11520K) Class: 1164K(1280K)->1164K(1280K)
[4.061s][info][gc           ] GC(78) Pause Young (Normal) (G1 Evacuation Pause) 895M->243M(1090M) 0.750ms
[4.061s][info][gc,cpu       ] GC(78) User=0.00s Sys=0.00s Real=0.00s
[4.101s][info][gc,start     ] GC(79) Pause Young (Normal) (G1 Evacuation Pause)
[4.101s][info][gc,task      ] GC(79) Using 15 workers of 15 for evacuation
[4.102s][info][gc,phases    ] GC(79)   Pre Evacuate Collection Set: 0.0ms
[4.102s][info][gc,phases    ] GC(79)   Evacuate Collection Set: 0.6ms
[4.102s][info][gc,phases    ] GC(79)   Post Evacuate Collection Set: 0.2ms
[4.102s][info][gc,phases    ] GC(79)   Other: 0.1ms
[4.102s][info][gc,heap      ] GC(79) Eden regions: 652->0(651)
[4.102s][info][gc,heap      ] GC(79) Survivor regions: 2->3(82)
[4.102s][info][gc,heap      ] GC(79) Old regions: 242->242
[4.102s][info][gc,heap      ] GC(79) Humongous regions: 0->0
[4.102s][info][gc,metaspace ] GC(79) Metaspace: 12332K(12800K)->12332K(12800K) NonClass: 11168K(11520K)->11168K(11520K) Class: 1164K(1280K)->1164K(1280K)
[4.102s][info][gc           ] GC(79) Pause Young (Normal) (G1 Evacuation Pause) 895M->244M(1090M) 0.995ms
[4.102s][info][gc,cpu       ] GC(79) User=0.00s Sys=0.00s Real=0.00s
[4.146s][info][gc,start     ] GC(80) Pause Young (Normal) (G1 Evacuation Pause)
[4.146s][info][gc,task      ] GC(80) Using 15 workers of 15 for evacuation
[4.147s][info][gc,phases    ] GC(80)   Pre Evacuate Collection Set: 0.0ms
[4.147s][info][gc,phases    ] GC(80)   Evacuate Collection Set: 0.8ms
[4.147s][info][gc,phases    ] GC(80)   Post Evacuate Collection Set: 0.2ms
[4.147s][info][gc,phases    ] GC(80)   Other: 0.1ms
[4.147s][info][gc,heap      ] GC(80) Eden regions: 651->0(649)
[4.147s][info][gc,heap      ] GC(80) Survivor regions: 3->5(82)
[4.147s][info][gc,heap      ] GC(80) Old regions: 242->242
[4.147s][info][gc,heap      ] GC(80) Humongous regions: 0->0
[4.147s][info][gc,metaspace ] GC(80) Metaspace: 12339K(12800K)->12339K(12800K) NonClass: 11175K(11520K)->11175K(11520K) Class: 1164K(1280K)->1164K(1280K)
[4.147s][info][gc           ] GC(80) Pause Young (Normal) (G1 Evacuation Pause) 895M->246M(1090M) 1.175ms
[4.147s][info][gc,cpu       ] GC(80) User=0.00s Sys=0.00s Real=0.00s
[4.187s][info][gc,start     ] GC(81) Pause Young (Normal) (G1 Evacuation Pause)
[4.187s][info][gc,task      ] GC(81) Using 15 workers of 15 for evacuation
[4.187s][info][gc,phases    ] GC(81)   Pre Evacuate Collection Set: 0.0ms
[4.187s][info][gc,phases    ] GC(81)   Evacuate Collection Set: 0.6ms
[4.187s][info][gc,phases    ] GC(81)   Post Evacuate Collection Set: 0.2ms
[4.188s][info][gc,phases    ] GC(81)   Other: 0.1ms
[4.188s][info][gc,heap      ] GC(81) Eden regions: 649->0(651)
[4.188s][info][gc,heap      ] GC(81) Survivor regions: 5->3(82)
[4.188s][info][gc,heap      ] GC(81) Old regions: 242->242
[4.188s][info][gc,heap      ] GC(81) Humongous regions: 0->0
[4.188s][info][gc,metaspace ] GC(81) Metaspace: 12339K(12800K)->12339K(12800K) NonClass: 11175K(11520K)->11175K(11520K) Class: 1164K(1280K)->1164K(1280K)
[4.188s][info][gc           ] GC(81) Pause Young (Normal) (G1 Evacuation Pause) 895M->244M(1090M) 0.974ms
[4.188s][info][gc,cpu       ] GC(81) User=0.00s Sys=0.00s Real=0.00s
[4.232s][info][gc,start     ] GC(82) Pause Young (Normal) (G1 Evacuation Pause)
[4.232s][info][gc,task      ] GC(82) Using 15 workers of 15 for evacuation
[4.233s][info][gc,phases    ] GC(82)   Pre Evacuate Collection Set: 0.0ms
[4.233s][info][gc,phases    ] GC(82)   Evacuate Collection Set: 0.5ms
[4.233s][info][gc,phases    ] GC(82)   Post Evacuate Collection Set: 0.2ms
[4.233s][info][gc,phases    ] GC(82)   Other: 0.1ms
[4.233s][info][gc,heap      ] GC(82) Eden regions: 651->0(652)
[4.233s][info][gc,heap      ] GC(82) Survivor regions: 3->2(82)
[4.233s][info][gc,heap      ] GC(82) Old regions: 242->242
[4.233s][info][gc,heap      ] GC(82) Humongous regions: 0->0
[4.233s][info][gc,metaspace ] GC(82) Metaspace: 12339K(12800K)->12339K(12800K) NonClass: 11175K(11520K)->11175K(11520K) Class: 1164K(1280K)->1164K(1280K)
[4.233s][info][gc           ] GC(82) Pause Young (Normal) (G1 Evacuation Pause) 895M->243M(1090M) 0.829ms
[4.233s][info][gc,cpu       ] GC(82) User=0.00s Sys=0.00s Real=0.00s
[4.274s][info][gc,start     ] GC(83) Pause Young (Normal) (G1 Evacuation Pause)
[4.274s][info][gc,task      ] GC(83) Using 15 workers of 15 for evacuation
[4.275s][info][gc,phases    ] GC(83)   Pre Evacuate Collection Set: 0.0ms
[4.275s][info][gc,phases    ] GC(83)   Evacuate Collection Set: 0.7ms
[4.275s][info][gc,phases    ] GC(83)   Post Evacuate Collection Set: 0.2ms
[4.275s][info][gc,phases    ] GC(83)   Other: 0.1ms
[4.275s][info][gc,heap      ] GC(83) Eden regions: 652->0(651)
[4.275s][info][gc,heap      ] GC(83) Survivor regions: 2->3(82)
[4.275s][info][gc,heap      ] GC(83) Old regions: 242->242
[4.275s][info][gc,heap      ] GC(83) Humongous regions: 0->0
[4.275s][info][gc,metaspace ] GC(83) Metaspace: 12339K(12800K)->12339K(12800K) NonClass: 11175K(11520K)->11175K(11520K) Class: 1164K(1280K)->1164K(1280K)
[4.275s][info][gc           ] GC(83) Pause Young (Normal) (G1 Evacuation Pause) 895M->244M(1090M) 1.072ms
[4.275s][info][gc,cpu       ] GC(83) User=0.00s Sys=0.00s Real=0.00s
[4.318s][info][gc,start     ] GC(84) Pause Young (Normal) (G1 Evacuation Pause)
[4.318s][info][gc,task      ] GC(84) Using 15 workers of 15 for evacuation
[4.318s][info][gc,phases    ] GC(84)   Pre Evacuate Collection Set: 0.0ms
[4.318s][info][gc,phases    ] GC(84)   Evacuate Collection Set: 0.5ms
[4.318s][info][gc,phases    ] GC(84)   Post Evacuate Collection Set: 0.3ms
[4.318s][info][gc,phases    ] GC(84)   Other: 0.1ms
[4.318s][info][gc,heap      ] GC(84) Eden regions: 651->0(652)
[4.318s][info][gc,heap      ] GC(84) Survivor regions: 3->2(82)
[4.318s][info][gc,heap      ] GC(84) Old regions: 242->242
[4.318s][info][gc,heap      ] GC(84) Humongous regions: 0->0
[4.318s][info][gc,metaspace ] GC(84) Metaspace: 12339K(12800K)->12339K(12800K) NonClass: 11175K(11520K)->11175K(11520K) Class: 1164K(1280K)->1164K(1280K)
[4.318s][info][gc           ] GC(84) Pause Young (Normal) (G1 Evacuation Pause) 895M->243M(1090M) 0.924ms
[4.318s][info][gc,cpu       ] GC(84) User=0.00s Sys=0.00s Real=0.00s
[4.358s][info][gc,start     ] GC(85) Pause Young (Normal) (G1 Evacuation Pause)
[4.358s][info][gc,task      ] GC(85) Using 15 workers of 15 for evacuation
[4.359s][info][gc,phases    ] GC(85)   Pre Evacuate Collection Set: 0.0ms
[4.359s][info][gc,phases    ] GC(85)   Evacuate Collection Set: 0.6ms
[4.359s][info][gc,phases    ] GC(85)   Post Evacuate Collection Set: 0.2ms
[4.359s][info][gc,phases    ] GC(85)   Other: 0.1ms
[4.359s][info][gc,heap      ] GC(85) Eden regions: 652->0(651)
[4.359s][info][gc,heap      ] GC(85) Survivor regions: 2->3(82)
[4.359s][info][gc,heap      ] GC(85) Old regions: 242->242
[4.359s][info][gc,heap      ] GC(85) Humongous regions: 0->0
[4.359s][info][gc,metaspace ] GC(85) Metaspace: 12339K(12800K)->12339K(12800K) NonClass: 11175K(11520K)->11175K(11520K) Class: 1164K(1280K)->1164K(1280K)
[4.359s][info][gc           ] GC(85) Pause Young (Normal) (G1 Evacuation Pause) 895M->244M(1090M) 0.954ms
[4.359s][info][gc,cpu       ] GC(85) User=0.00s Sys=0.00s Real=0.00s
[4.403s][info][gc,start     ] GC(86) Pause Young (Normal) (G1 Evacuation Pause)
[4.403s][info][gc,task      ] GC(86) Using 15 workers of 15 for evacuation
[4.403s][info][gc,phases    ] GC(86)   Pre Evacuate Collection Set: 0.0ms
[4.403s][info][gc,phases    ] GC(86)   Evacuate Collection Set: 0.4ms
[4.403s][info][gc,phases    ] GC(86)   Post Evacuate Collection Set: 0.2ms
[4.404s][info][gc,phases    ] GC(86)   Other: 0.2ms
[4.404s][info][gc,heap      ] GC(86) Eden regions: 651->0(652)
[4.404s][info][gc,heap      ] GC(86) Survivor regions: 3->2(82)
[4.404s][info][gc,heap      ] GC(86) Old regions: 242->242
[4.404s][info][gc,heap      ] GC(86) Humongous regions: 0->0
[4.404s][info][gc,metaspace ] GC(86) Metaspace: 12339K(12800K)->12339K(12800K) NonClass: 11175K(11520K)->11175K(11520K) Class: 1164K(1280K)->1164K(1280K)
[4.404s][info][gc           ] GC(86) Pause Young (Normal) (G1 Evacuation Pause) 895M->243M(1090M) 0.952ms
[4.404s][info][gc,cpu       ] GC(86) User=0.00s Sys=0.00s Real=0.00s
[4.444s][info][gc,start     ] GC(87) Pause Young (Normal) (G1 Evacuation Pause)
[4.444s][info][gc,task      ] GC(87) Using 15 workers of 15 for evacuation
[4.445s][info][gc,phases    ] GC(87)   Pre Evacuate Collection Set: 0.0ms
[4.445s][info][gc,phases    ] GC(87)   Evacuate Collection Set: 0.5ms
[4.445s][info][gc,phases    ] GC(87)   Post Evacuate Collection Set: 0.3ms
[4.445s][info][gc,phases    ] GC(87)   Other: 0.2ms
[4.445s][info][gc,heap      ] GC(87) Eden regions: 652->0(652)
[4.445s][info][gc,heap      ] GC(87) Survivor regions: 2->2(82)
[4.445s][info][gc,heap      ] GC(87) Old regions: 242->242
[4.445s][info][gc,heap      ] GC(87) Humongous regions: 0->0
[4.445s][info][gc,metaspace ] GC(87) Metaspace: 12339K(12800K)->12339K(12800K) NonClass: 11175K(11520K)->11175K(11520K) Class: 1164K(1280K)->1164K(1280K)
[4.445s][info][gc           ] GC(87) Pause Young (Normal) (G1 Evacuation Pause) 895M->243M(1090M) 0.998ms
[4.445s][info][gc,cpu       ] GC(87) User=0.00s Sys=0.00s Real=0.00s
[4.491s][info][gc,start     ] GC(88) Pause Young (Normal) (G1 Evacuation Pause)
[4.491s][info][gc,task      ] GC(88) Using 15 workers of 15 for evacuation
[4.491s][info][gc,phases    ] GC(88)   Pre Evacuate Collection Set: 0.0ms
[4.491s][info][gc,phases    ] GC(88)   Evacuate Collection Set: 0.6ms
[4.492s][info][gc,phases    ] GC(88)   Post Evacuate Collection Set: 0.2ms
[4.492s][info][gc,phases    ] GC(88)   Other: 0.1ms
[4.492s][info][gc,heap      ] GC(88) Eden regions: 652->0(652)
[4.492s][info][gc,heap      ] GC(88) Survivor regions: 2->2(82)
[4.492s][info][gc,heap      ] GC(88) Old regions: 242->242
[4.492s][info][gc,heap      ] GC(88) Humongous regions: 0->0
[4.492s][info][gc,metaspace ] GC(88) Metaspace: 12339K(12800K)->12339K(12800K) NonClass: 11175K(11520K)->11175K(11520K) Class: 1164K(1280K)->1164K(1280K)
[4.492s][info][gc           ] GC(88) Pause Young (Normal) (G1 Evacuation Pause) 895M->243M(1090M) 1.029ms
[4.492s][info][gc,cpu       ] GC(88) User=0.00s Sys=0.00s Real=0.00s
[4.534s][info][gc,start     ] GC(89) Pause Young (Normal) (G1 Evacuation Pause)
[4.534s][info][gc,task      ] GC(89) Using 15 workers of 15 for evacuation
[4.535s][info][gc,phases    ] GC(89)   Pre Evacuate Collection Set: 0.0ms
[4.535s][info][gc,phases    ] GC(89)   Evacuate Collection Set: 0.6ms
[4.535s][info][gc,phases    ] GC(89)   Post Evacuate Collection Set: 0.2ms
[4.535s][info][gc,phases    ] GC(89)   Other: 0.2ms
[4.535s][info][gc,heap      ] GC(89) Eden regions: 652->0(652)
[4.535s][info][gc,heap      ] GC(89) Survivor regions: 2->2(82)
[4.535s][info][gc,heap      ] GC(89) Old regions: 242->242
[4.535s][info][gc,heap      ] GC(89) Humongous regions: 0->0
[4.535s][info][gc,metaspace ] GC(89) Metaspace: 12339K(12800K)->12339K(12800K) NonClass: 11175K(11520K)->11175K(11520K) Class: 1164K(1280K)->1164K(1280K)
[4.535s][info][gc           ] GC(89) Pause Young (Normal) (G1 Evacuation Pause) 895M->243M(1090M) 1.141ms
[4.535s][info][gc,cpu       ] GC(89) User=0.00s Sys=0.00s Real=0.00s
[4.581s][info][gc,start     ] GC(90) Pause Young (Normal) (G1 Evacuation Pause)
[4.581s][info][gc,task      ] GC(90) Using 15 workers of 15 for evacuation
[4.582s][info][gc,phases    ] GC(90)   Pre Evacuate Collection Set: 0.0ms
[4.582s][info][gc,phases    ] GC(90)   Evacuate Collection Set: 0.5ms
[4.582s][info][gc,phases    ] GC(90)   Post Evacuate Collection Set: 0.2ms
[4.582s][info][gc,phases    ] GC(90)   Other: 0.1ms
[4.582s][info][gc,heap      ] GC(90) Eden regions: 652->0(652)
[4.582s][info][gc,heap      ] GC(90) Survivor regions: 2->2(82)
[4.582s][info][gc,heap      ] GC(90) Old regions: 242->242
[4.582s][info][gc,heap      ] GC(90) Humongous regions: 0->0
[4.582s][info][gc,metaspace ] GC(90) Metaspace: 12339K(12800K)->12339K(12800K) NonClass: 11175K(11520K)->11175K(11520K) Class: 1164K(1280K)->1164K(1280K)
[4.582s][info][gc           ] GC(90) Pause Young (Normal) (G1 Evacuation Pause) 895M->243M(1090M) 0.913ms
[4.582s][info][gc,cpu       ] GC(90) User=0.00s Sys=0.00s Real=0.00s
[4.624s][info][gc,start     ] GC(91) Pause Young (Normal) (G1 Evacuation Pause)
[4.624s][info][gc,task      ] GC(91) Using 15 workers of 15 for evacuation
[4.625s][info][gc,phases    ] GC(91)   Pre Evacuate Collection Set: 0.0ms
[4.625s][info][gc,phases    ] GC(91)   Evacuate Collection Set: 0.6ms
[4.625s][info][gc,phases    ] GC(91)   Post Evacuate Collection Set: 0.3ms
[4.625s][info][gc,phases    ] GC(91)   Other: 0.1ms
[4.625s][info][gc,heap      ] GC(91) Eden regions: 652->0(652)
[4.625s][info][gc,heap      ] GC(91) Survivor regions: 2->2(82)
[4.625s][info][gc,heap      ] GC(91) Old regions: 242->242
[4.625s][info][gc,heap      ] GC(91) Humongous regions: 0->0
[4.625s][info][gc,metaspace ] GC(91) Metaspace: 12339K(12800K)->12339K(12800K) NonClass: 11175K(11520K)->11175K(11520K) Class: 1164K(1280K)->1164K(1280K)
[4.625s][info][gc           ] GC(91) Pause Young (Normal) (G1 Evacuation Pause) 895M->243M(1090M) 1.110ms
[4.625s][info][gc,cpu       ] GC(91) User=0.00s Sys=0.00s Real=0.00s
[4.670s][info][gc,start     ] GC(92) Pause Young (Normal) (G1 Evacuation Pause)
[4.670s][info][gc,task      ] GC(92) Using 15 workers of 15 for evacuation
[4.671s][info][gc,phases    ] GC(92)   Pre Evacuate Collection Set: 0.0ms
[4.671s][info][gc,phases    ] GC(92)   Evacuate Collection Set: 0.5ms
[4.671s][info][gc,phases    ] GC(92)   Post Evacuate Collection Set: 0.2ms
[4.671s][info][gc,phases    ] GC(92)   Other: 0.1ms
[4.671s][info][gc,heap      ] GC(92) Eden regions: 652->0(652)
[4.671s][info][gc,heap      ] GC(92) Survivor regions: 2->2(82)
[4.671s][info][gc,heap      ] GC(92) Old regions: 242->242
[4.671s][info][gc,heap      ] GC(92) Humongous regions: 0->0
[4.671s][info][gc,metaspace ] GC(92) Metaspace: 12339K(12800K)->12339K(12800K) NonClass: 11175K(11520K)->11175K(11520K) Class: 1164K(1280K)->1164K(1280K)
[4.671s][info][gc           ] GC(92) Pause Young (Normal) (G1 Evacuation Pause) 895M->243M(1090M) 0.875ms
[4.671s][info][gc,cpu       ] GC(92) User=0.00s Sys=0.00s Real=0.00s
[4.711s][info][gc,start     ] GC(93) Pause Young (Normal) (G1 Evacuation Pause)
[4.711s][info][gc,task      ] GC(93) Using 15 workers of 15 for evacuation
[4.712s][info][gc,phases    ] GC(93)   Pre Evacuate Collection Set: 0.0ms
[4.712s][info][gc,phases    ] GC(93)   Evacuate Collection Set: 0.5ms
[4.712s][info][gc,phases    ] GC(93)   Post Evacuate Collection Set: 0.2ms
[4.712s][info][gc,phases    ] GC(93)   Other: 0.2ms
[4.712s][info][gc,heap      ] GC(93) Eden regions: 652->0(652)
[4.712s][info][gc,heap      ] GC(93) Survivor regions: 2->2(82)
[4.712s][info][gc,heap      ] GC(93) Old regions: 242->242
[4.712s][info][gc,heap      ] GC(93) Humongous regions: 0->0
[4.712s][info][gc,metaspace ] GC(93) Metaspace: 12339K(12800K)->12339K(12800K) NonClass: 11175K(11520K)->11175K(11520K) Class: 1164K(1280K)->1164K(1280K)
[4.712s][info][gc           ] GC(93) Pause Young (Normal) (G1 Evacuation Pause) 895M->243M(1090M) 1.025ms
[4.712s][info][gc,cpu       ] GC(93) User=0.00s Sys=0.00s Real=0.00s
[4.756s][info][gc,start     ] GC(94) Pause Young (Normal) (G1 Evacuation Pause)
[4.756s][info][gc,task      ] GC(94) Using 15 workers of 15 for evacuation
[4.758s][info][gc,phases    ] GC(94)   Pre Evacuate Collection Set: 0.0ms
[4.758s][info][gc,phases    ] GC(94)   Evacuate Collection Set: 0.9ms
[4.758s][info][gc,phases    ] GC(94)   Post Evacuate Collection Set: 0.2ms
[4.758s][info][gc,phases    ] GC(94)   Other: 0.1ms
[4.758s][info][gc,heap      ] GC(94) Eden regions: 652->0(649)
[4.758s][info][gc,heap      ] GC(94) Survivor regions: 2->5(82)
[4.758s][info][gc,heap      ] GC(94) Old regions: 242->242
[4.758s][info][gc,heap      ] GC(94) Humongous regions: 0->0
[4.758s][info][gc,metaspace ] GC(94) Metaspace: 12345K(12800K)->12345K(12800K) NonClass: 11181K(11520K)->11181K(11520K) Class: 1164K(1280K)->1164K(1280K)
[4.758s][info][gc           ] GC(94) Pause Young (Normal) (G1 Evacuation Pause) 895M->246M(1090M) 1.401ms
[4.758s][info][gc,cpu       ] GC(94) User=0.00s Sys=0.00s Real=0.00s
[4.798s][info][gc,start     ] GC(95) Pause Young (Normal) (G1 Evacuation Pause)
[4.798s][info][gc,task      ] GC(95) Using 15 workers of 15 for evacuation
[4.799s][info][gc,phases    ] GC(95)   Pre Evacuate Collection Set: 0.0ms
[4.799s][info][gc,phases    ] GC(95)   Evacuate Collection Set: 0.6ms
[4.799s][info][gc,phases    ] GC(95)   Post Evacuate Collection Set: 0.3ms
[4.799s][info][gc,phases    ] GC(95)   Other: 0.1ms
[4.799s][info][gc,heap      ] GC(95) Eden regions: 649->0(651)
[4.799s][info][gc,heap      ] GC(95) Survivor regions: 5->3(82)
[4.799s][info][gc,heap      ] GC(95) Old regions: 242->242
[4.799s][info][gc,heap      ] GC(95) Humongous regions: 0->0
[4.799s][info][gc,metaspace ] GC(95) Metaspace: 12345K(12800K)->12345K(12800K) NonClass: 11181K(11520K)->11181K(11520K) Class: 1164K(1280K)->1164K(1280K)
[4.799s][info][gc           ] GC(95) Pause Young (Normal) (G1 Evacuation Pause) 895M->244M(1090M) 1.089ms
[4.799s][info][gc,cpu       ] GC(95) User=0.00s Sys=0.00s Real=0.00s
[4.843s][info][gc,start     ] GC(96) Pause Young (Normal) (G1 Evacuation Pause)
[4.843s][info][gc,task      ] GC(96) Using 15 workers of 15 for evacuation
[4.844s][info][gc,phases    ] GC(96)   Pre Evacuate Collection Set: 0.0ms
[4.844s][info][gc,phases    ] GC(96)   Evacuate Collection Set: 0.5ms
[4.844s][info][gc,phases    ] GC(96)   Post Evacuate Collection Set: 0.2ms
[4.844s][info][gc,phases    ] GC(96)   Other: 0.1ms
[4.844s][info][gc,heap      ] GC(96) Eden regions: 651->0(652)
[4.844s][info][gc,heap      ] GC(96) Survivor regions: 3->2(82)
[4.844s][info][gc,heap      ] GC(96) Old regions: 242->242
[4.844s][info][gc,heap      ] GC(96) Humongous regions: 0->0
[4.844s][info][gc,metaspace ] GC(96) Metaspace: 12345K(12800K)->12345K(12800K) NonClass: 11181K(11520K)->11181K(11520K) Class: 1164K(1280K)->1164K(1280K)
[4.844s][info][gc           ] GC(96) Pause Young (Normal) (G1 Evacuation Pause) 895M->243M(1090M) 0.876ms
[4.844s][info][gc,cpu       ] GC(96) User=0.00s Sys=0.00s Real=0.00s
[4.888s][info][gc,start     ] GC(97) Pause Young (Normal) (G1 Evacuation Pause)
[4.888s][info][gc,task      ] GC(97) Using 15 workers of 15 for evacuation
[4.889s][info][gc,phases    ] GC(97)   Pre Evacuate Collection Set: 0.0ms
[4.889s][info][gc,phases    ] GC(97)   Evacuate Collection Set: 0.4ms
[4.889s][info][gc,phases    ] GC(97)   Post Evacuate Collection Set: 0.2ms
[4.889s][info][gc,phases    ] GC(97)   Other: 0.1ms
[4.889s][info][gc,heap      ] GC(97) Eden regions: 652->0(652)
[4.889s][info][gc,heap      ] GC(97) Survivor regions: 2->2(82)
[4.889s][info][gc,heap      ] GC(97) Old regions: 242->242
[4.889s][info][gc,heap      ] GC(97) Humongous regions: 0->0
[4.889s][info][gc,metaspace ] GC(97) Metaspace: 12345K(12800K)->12345K(12800K) NonClass: 11181K(11520K)->11181K(11520K) Class: 1164K(1280K)->1164K(1280K)
[4.889s][info][gc           ] GC(97) Pause Young (Normal) (G1 Evacuation Pause) 895M->243M(1090M) 0.749ms
[4.889s][info][gc,cpu       ] GC(97) User=0.00s Sys=0.00s Real=0.00s
[4.929s][info][gc,start     ] GC(98) Pause Young (Normal) (G1 Evacuation Pause)
[4.929s][info][gc,task      ] GC(98) Using 15 workers of 15 for evacuation
[4.930s][info][gc,phases    ] GC(98)   Pre Evacuate Collection Set: 0.0ms
[4.930s][info][gc,phases    ] GC(98)   Evacuate Collection Set: 0.6ms
[4.930s][info][gc,phases    ] GC(98)   Post Evacuate Collection Set: 0.3ms
[4.930s][info][gc,phases    ] GC(98)   Other: 0.2ms
[4.930s][info][gc,heap      ] GC(98) Eden regions: 652->0(652)
[4.930s][info][gc,heap      ] GC(98) Survivor regions: 2->2(82)
[4.930s][info][gc,heap      ] GC(98) Old regions: 242->242
[4.930s][info][gc,heap      ] GC(98) Humongous regions: 0->0
[4.930s][info][gc,metaspace ] GC(98) Metaspace: 12345K(12800K)->12345K(12800K) NonClass: 11181K(11520K)->11181K(11520K) Class: 1164K(1280K)->1164K(1280K)
[4.930s][info][gc           ] GC(98) Pause Young (Normal) (G1 Evacuation Pause) 895M->243M(1090M) 1.117ms
[4.930s][info][gc,cpu       ] GC(98) User=0.00s Sys=0.00s Real=0.00s
[4.974s][info][gc,start     ] GC(99) Pause Young (Normal) (G1 Evacuation Pause)
[4.974s][info][gc,task      ] GC(99) Using 15 workers of 15 for evacuation
[4.975s][info][gc,phases    ] GC(99)   Pre Evacuate Collection Set: 0.0ms
[4.975s][info][gc,phases    ] GC(99)   Evacuate Collection Set: 0.4ms
[4.975s][info][gc,phases    ] GC(99)   Post Evacuate Collection Set: 0.2ms
[4.975s][info][gc,phases    ] GC(99)   Other: 0.1ms
[4.975s][info][gc,heap      ] GC(99) Eden regions: 652->0(652)
[4.975s][info][gc,heap      ] GC(99) Survivor regions: 2->2(82)
[4.975s][info][gc,heap      ] GC(99) Old regions: 242->242
[4.975s][info][gc,heap      ] GC(99) Humongous regions: 0->0
[4.975s][info][gc,metaspace ] GC(99) Metaspace: 12345K(12800K)->12345K(12800K) NonClass: 11181K(11520K)->11181K(11520K) Class: 1164K(1280K)->1164K(1280K)
[4.975s][info][gc           ] GC(99) Pause Young (Normal) (G1 Evacuation Pause) 895M->243M(1090M) 0.777ms
[4.975s][info][gc,cpu       ] GC(99) User=0.00s Sys=0.00s Real=0.00s
[5.014s][info][gc,start     ] GC(100) Pause Young (Normal) (G1 Evacuation Pause)
[5.014s][info][gc,task      ] GC(100) Using 15 workers of 15 for evacuation
[5.015s][info][gc,phases    ] GC(100)   Pre Evacuate Collection Set: 0.0ms
[5.015s][info][gc,phases    ] GC(100)   Evacuate Collection Set: 0.6ms
[5.015s][info][gc,phases    ] GC(100)   Post Evacuate Collection Set: 0.2ms
[5.015s][info][gc,phases    ] GC(100)   Other: 0.2ms
[5.015s][info][gc,heap      ] GC(100) Eden regions: 652->0(651)
[5.015s][info][gc,heap      ] GC(100) Survivor regions: 2->3(82)
[5.015s][info][gc,heap      ] GC(100) Old regions: 242->242
[5.015s][info][gc,heap      ] GC(100) Humongous regions: 0->0
[5.015s][info][gc,metaspace ] GC(100) Metaspace: 12345K(12800K)->12345K(12800K) NonClass: 11181K(11520K)->11181K(11520K) Class: 1164K(1280K)->1164K(1280K)
[5.015s][info][gc           ] GC(100) Pause Young (Normal) (G1 Evacuation Pause) 895M->244M(1090M) 1.085ms
[5.015s][info][gc,cpu       ] GC(100) User=0.00s Sys=0.00s Real=0.00s
[5.059s][info][gc,start     ] GC(101) Pause Young (Normal) (G1 Evacuation Pause)
[5.060s][info][gc,task      ] GC(101) Using 15 workers of 15 for evacuation
[5.060s][info][gc,phases    ] GC(101)   Pre Evacuate Collection Set: 0.0ms
[5.060s][info][gc,phases    ] GC(101)   Evacuate Collection Set: 0.5ms
[5.060s][info][gc,phases    ] GC(101)   Post Evacuate Collection Set: 0.2ms
[5.060s][info][gc,phases    ] GC(101)   Other: 0.1ms
[5.060s][info][gc,heap      ] GC(101) Eden regions: 651->0(651)
[5.060s][info][gc,heap      ] GC(101) Survivor regions: 3->3(82)
[5.060s][info][gc,heap      ] GC(101) Old regions: 242->242
[5.060s][info][gc,heap      ] GC(101) Humongous regions: 0->0
[5.060s][info][gc,metaspace ] GC(101) Metaspace: 12345K(12800K)->12345K(12800K) NonClass: 11181K(11520K)->11181K(11520K) Class: 1164K(1280K)->1164K(1280K)
[5.060s][info][gc           ] GC(101) Pause Young (Normal) (G1 Evacuation Pause) 895M->244M(1090M) 0.940ms
[5.060s][info][gc,cpu       ] GC(101) User=0.00s Sys=0.00s Real=0.00s
[5.100s][info][gc,start     ] GC(102) Pause Young (Normal) (G1 Evacuation Pause)
[5.100s][info][gc,task      ] GC(102) Using 15 workers of 15 for evacuation
[5.101s][info][gc,phases    ] GC(102)   Pre Evacuate Collection Set: 0.0ms
[5.101s][info][gc,phases    ] GC(102)   Evacuate Collection Set: 0.6ms
[5.101s][info][gc,phases    ] GC(102)   Post Evacuate Collection Set: 0.2ms
[5.101s][info][gc,phases    ] GC(102)   Other: 0.1ms
[5.101s][info][gc,heap      ] GC(102) Eden regions: 651->0(652)
[5.101s][info][gc,heap      ] GC(102) Survivor regions: 3->2(82)
[5.101s][info][gc,heap      ] GC(102) Old regions: 242->242
[5.101s][info][gc,heap      ] GC(102) Humongous regions: 0->0
[5.101s][info][gc,metaspace ] GC(102) Metaspace: 12345K(12800K)->12345K(12800K) NonClass: 11181K(11520K)->11181K(11520K) Class: 1164K(1280K)->1164K(1280K)
[5.101s][info][gc           ] GC(102) Pause Young (Normal) (G1 Evacuation Pause) 895M->243M(1090M) 1.087ms
[5.101s][info][gc,cpu       ] GC(102) User=0.00s Sys=0.00s Real=0.00s
[5.145s][info][gc,start     ] GC(103) Pause Young (Normal) (G1 Evacuation Pause)
[5.145s][info][gc,task      ] GC(103) Using 15 workers of 15 for evacuation
[5.146s][info][gc,phases    ] GC(103)   Pre Evacuate Collection Set: 0.0ms
[5.146s][info][gc,phases    ] GC(103)   Evacuate Collection Set: 0.6ms
[5.146s][info][gc,phases    ] GC(103)   Post Evacuate Collection Set: 0.2ms
[5.146s][info][gc,phases    ] GC(103)   Other: 0.1ms
[5.146s][info][gc,heap      ] GC(103) Eden regions: 652->0(651)
[5.146s][info][gc,heap      ] GC(103) Survivor regions: 2->3(82)
[5.146s][info][gc,heap      ] GC(103) Old regions: 242->242
[5.146s][info][gc,heap      ] GC(103) Humongous regions: 0->0
[5.146s][info][gc,metaspace ] GC(103) Metaspace: 12345K(12800K)->12345K(12800K) NonClass: 11181K(11520K)->11181K(11520K) Class: 1164K(1280K)->1164K(1280K)
[5.146s][info][gc           ] GC(103) Pause Young (Normal) (G1 Evacuation Pause) 895M->244M(1090M) 0.977ms
[5.146s][info][gc,cpu       ] GC(103) User=0.00s Sys=0.00s Real=0.00s
[5.185s][info][gc,start     ] GC(104) Pause Young (Normal) (G1 Evacuation Pause)
[5.185s][info][gc,task      ] GC(104) Using 15 workers of 15 for evacuation
[5.186s][info][gc,phases    ] GC(104)   Pre Evacuate Collection Set: 0.0ms
[5.186s][info][gc,phases    ] GC(104)   Evacuate Collection Set: 0.6ms
[5.186s][info][gc,phases    ] GC(104)   Post Evacuate Collection Set: 0.2ms
[5.186s][info][gc,phases    ] GC(104)   Other: 0.1ms
[5.186s][info][gc,heap      ] GC(104) Eden regions: 651->0(651)
[5.186s][info][gc,heap      ] GC(104) Survivor regions: 3->3(82)
[5.186s][info][gc,heap      ] GC(104) Old regions: 242->242
[5.186s][info][gc,heap      ] GC(104) Humongous regions: 0->0
[5.186s][info][gc,metaspace ] GC(104) Metaspace: 12345K(12800K)->12345K(12800K) NonClass: 11181K(11520K)->11181K(11520K) Class: 1164K(1280K)->1164K(1280K)
[5.186s][info][gc           ] GC(104) Pause Young (Normal) (G1 Evacuation Pause) 895M->244M(1090M) 1.028ms
[5.186s][info][gc,cpu       ] GC(104) User=0.00s Sys=0.00s Real=0.00s
[5.229s][info][gc,start     ] GC(105) Pause Young (Normal) (G1 Evacuation Pause)
[5.229s][info][gc,task      ] GC(105) Using 15 workers of 15 for evacuation
[5.230s][info][gc,phases    ] GC(105)   Pre Evacuate Collection Set: 0.0ms
[5.230s][info][gc,phases    ] GC(105)   Evacuate Collection Set: 0.4ms
[5.230s][info][gc,phases    ] GC(105)   Post Evacuate Collection Set: 0.2ms
[5.230s][info][gc,phases    ] GC(105)   Other: 0.1ms
[5.230s][info][gc,heap      ] GC(105) Eden regions: 651->0(652)
[5.230s][info][gc,heap      ] GC(105) Survivor regions: 3->2(82)
[5.230s][info][gc,heap      ] GC(105) Old regions: 242->242
[5.230s][info][gc,heap      ] GC(105) Humongous regions: 0->0
[5.230s][info][gc,metaspace ] GC(105) Metaspace: 12345K(12800K)->12345K(12800K) NonClass: 11181K(11520K)->11181K(11520K) Class: 1164K(1280K)->1164K(1280K)
[5.230s][info][gc           ] GC(105) Pause Young (Normal) (G1 Evacuation Pause) 895M->243M(1090M) 0.782ms
[5.230s][info][gc,cpu       ] GC(105) User=0.00s Sys=0.00s Real=0.00s
[5.271s][info][gc,start     ] GC(106) Pause Young (Normal) (G1 Evacuation Pause)
[5.271s][info][gc,task      ] GC(106) Using 15 workers of 15 for evacuation
[5.272s][info][gc,phases    ] GC(106)   Pre Evacuate Collection Set: 0.0ms
[5.272s][info][gc,phases    ] GC(106)   Evacuate Collection Set: 0.6ms
[5.272s][info][gc,phases    ] GC(106)   Post Evacuate Collection Set: 0.2ms
[5.272s][info][gc,phases    ] GC(106)   Other: 0.1ms
[5.272s][info][gc,heap      ] GC(106) Eden regions: 652->0(651)
[5.272s][info][gc,heap      ] GC(106) Survivor regions: 2->3(82)
[5.272s][info][gc,heap      ] GC(106) Old regions: 242->242
[5.272s][info][gc,heap      ] GC(106) Humongous regions: 0->0
[5.272s][info][gc,metaspace ] GC(106) Metaspace: 12345K(12800K)->12345K(12800K) NonClass: 11181K(11520K)->11181K(11520K) Class: 1164K(1280K)->1164K(1280K)
[5.272s][info][gc           ] GC(106) Pause Young (Normal) (G1 Evacuation Pause) 895M->244M(1090M) 1.053ms
[5.272s][info][gc,cpu       ] GC(106) User=0.00s Sys=0.00s Real=0.00s
[5.303s][info][gc,heap,exit ] Heap
[5.304s][info][gc,heap,exit ]  garbage-first heap   total 1116160K, used 646052K [0x0000000700000000, 0x0000000800000000)
[5.304s][info][gc,heap,exit ]   region size 1024K, 391 young (400384K), 3 survivors (3072K)
[5.304s][info][gc,heap,exit ]  Metaspace       used 12418K, capacity 12780K, committed 12800K, reserved 1060864K
[5.304s][info][gc,heap,exit ]   class space    used 1170K, capacity 1265K, committed 1280K, reserved 1048576K
[0.006s][info][gc,heap] Heap region size: 1M
[0.013s][info][gc     ] Using G1
[0.013s][info][gc,heap,coops] Heap address: 0x0000000700000000, size: 4096 MB, Compressed Oops mode: Zero based, Oop shift amount: 3
[0.229s][info][gc,start     ] GC(0) Pause Young (Normal) (G1 Evacuation Pause)
[0.229s][info][gc,task      ] GC(0) Using 12 workers of 15 for evacuation
[0.232s][info][gc,phases    ] GC(0)   Pre Evacuate Collection Set: 0.0ms
[0.232s][info][gc,phases    ] GC(0)   Evacuate Collection Set: 2.4ms
[0.232s][info][gc,phases    ] GC(0)   Post Evacuate Collection Set: 0.2ms
[0.232s][info][gc,phases    ] GC(0)   Other: 0.8ms
[0.232s][info][gc,heap      ] GC(0) Eden regions: 25->0(278)
[0.232s][info][gc,heap      ] GC(0) Survivor regions: 0->4(4)
[0.232s][info][gc,heap      ] GC(0) Old regions: 0->2
[0.232s][info][gc,heap      ] GC(0) Humongous regions: 0->0
[0.232s][info][gc,metaspace ] GC(0) Metaspace: 11598K(12032K)->11598K(12032K) NonClass: 10507K(10752K)->10507K(10752K) Class: 1091K(1280K)->1091K(1280K)
[0.232s][info][gc           ] GC(0) Pause Young (Normal) (G1 Evacuation Pause) 25M->5M(510M) 3.529ms
[0.232s][info][gc,cpu       ] GC(0) User=0.00s Sys=0.00s Real=0.00s
[0.454s][info][gc,start     ] GC(1) Pause Young (Normal) (G1 Evacuation Pause)
[0.454s][info][gc,task      ] GC(1) Using 12 workers of 15 for evacuation
[0.470s][info][gc,phases    ] GC(1)   Pre Evacuate Collection Set: 0.0ms
[0.470s][info][gc,phases    ] GC(1)   Evacuate Collection Set: 16.2ms
[0.470s][info][gc,phases    ] GC(1)   Post Evacuate Collection Set: 0.4ms
[0.470s][info][gc,phases    ] GC(1)   Other: 0.1ms
[0.470s][info][gc,heap      ] GC(1) Eden regions: 278->0(49)
[0.470s][info][gc,heap      ] GC(1) Survivor regions: 4->36(36)
[0.470s][info][gc,heap      ] GC(1) Old regions: 2->41
[0.470s][info][gc,heap      ] GC(1) Humongous regions: 2->0
[0.470s][info][gc,metaspace ] GC(1) Metaspace: 11701K(12288K)->11701K(12288K) NonClass: 10601K(11008K)->10601K(11008K) Class: 1099K(1280K)->1099K(1280K)
[0.470s][info][gc           ] GC(1) Pause Young (Normal) (G1 Evacuation Pause) 285M->76M(510M) 16.823ms
[0.470s][info][gc,cpu       ] GC(1) User=0.00s Sys=0.03s Real=0.02s
[0.505s][info][gc,start     ] GC(2) Pause Young (Normal) (G1 Evacuation Pause)
[0.505s][info][gc,task      ] GC(2) Using 12 workers of 15 for evacuation
[0.512s][info][gc,phases    ] GC(2)   Pre Evacuate Collection Set: 0.0ms
[0.512s][info][gc,phases    ] GC(2)   Evacuate Collection Set: 7.0ms
[0.512s][info][gc,phases    ] GC(2)   Post Evacuate Collection Set: 0.2ms
[0.512s][info][gc,phases    ] GC(2)   Other: 0.1ms
[0.512s][info][gc,heap      ] GC(2) Eden regions: 49->0(50)
[0.512s][info][gc,heap      ] GC(2) Survivor regions: 36->7(11)
[0.512s][info][gc,heap      ] GC(2) Old regions: 41->76
[0.512s][info][gc,heap      ] GC(2) Humongous regions: 0->0
[0.512s][info][gc,metaspace ] GC(2) Metaspace: 11954K(12544K)->11954K(12544K) NonClass: 10821K(11264K)->10821K(11264K) Class: 1133K(1280K)->1133K(1280K)
[0.512s][info][gc           ] GC(2) Pause Young (Normal) (G1 Evacuation Pause) 125M->81M(510M) 7.375ms
[0.512s][info][gc,cpu       ] GC(2) User=0.00s Sys=0.02s Real=0.01s
[0.532s][info][gc,start     ] GC(3) Pause Young (Normal) (G1 Evacuation Pause)
[0.532s][info][gc,task      ] GC(3) Using 12 workers of 15 for evacuation
[0.533s][info][gc,phases    ] GC(3)   Pre Evacuate Collection Set: 0.0ms
[0.533s][info][gc,phases    ] GC(3)   Evacuate Collection Set: 1.6ms
[0.533s][info][gc,phases    ] GC(3)   Post Evacuate Collection Set: 0.1ms
[0.533s][info][gc,phases    ] GC(3)   Other: 0.1ms
[0.533s][info][gc,heap      ] GC(3) Eden regions: 50->0(80)
[0.533s][info][gc,heap      ] GC(3) Survivor regions: 7->8(8)
[0.533s][info][gc,heap      ] GC(3) Old regions: 76->87
[0.533s][info][gc,heap      ] GC(3) Humongous regions: 0->0
[0.533s][info][gc,metaspace ] GC(3) Metaspace: 11954K(12544K)->11954K(12544K) NonClass: 10821K(11264K)->10821K(11264K) Class: 1133K(1280K)->1133K(1280K)
[0.533s][info][gc           ] GC(3) Pause Young (Normal) (G1 Evacuation Pause) 131M->94M(510M) 1.912ms
[0.533s][info][gc,cpu       ] GC(3) User=0.00s Sys=0.00s Real=0.00s
[0.564s][info][gc,start     ] GC(4) Pause Young (Normal) (G1 Evacuation Pause)
[0.564s][info][gc,task      ] GC(4) Using 12 workers of 15 for evacuation
[0.567s][info][gc,phases    ] GC(4)   Pre Evacuate Collection Set: 0.0ms
[0.567s][info][gc,phases    ] GC(4)   Evacuate Collection Set: 3.1ms
[0.567s][info][gc,phases    ] GC(4)   Post Evacuate Collection Set: 0.1ms
[0.567s][info][gc,phases    ] GC(4)   Other: 0.1ms
[0.567s][info][gc,heap      ] GC(4) Eden regions: 80->0(103)
[0.567s][info][gc,heap      ] GC(4) Survivor regions: 8->11(11)
[0.567s][info][gc,heap      ] GC(4) Old regions: 87->104
[0.567s][info][gc,heap      ] GC(4) Humongous regions: 1->0
[0.568s][info][gc,metaspace ] GC(4) Metaspace: 11954K(12544K)->11954K(12544K) NonClass: 10821K(11264K)->10821K(11264K) Class: 1133K(1280K)->1133K(1280K)
[0.568s][info][gc           ] GC(4) Pause Young (Normal) (G1 Evacuation Pause) 175M->114M(510M) 3.356ms
[0.568s][info][gc,cpu       ] GC(4) User=0.00s Sys=0.02s Real=0.00s
[0.607s][info][gc,start     ] GC(5) Pause Young (Normal) (G1 Evacuation Pause)
[0.607s][info][gc,task      ] GC(5) Using 12 workers of 15 for evacuation
[0.615s][info][gc,phases    ] GC(5)   Pre Evacuate Collection Set: 0.0ms
[0.615s][info][gc,phases    ] GC(5)   Evacuate Collection Set: 4.4ms
[0.615s][info][gc,phases    ] GC(5)   Post Evacuate Collection Set: 3.3ms
[0.615s][info][gc,phases    ] GC(5)   Other: 0.1ms
[0.615s][info][gc,heap      ] GC(5) Eden regions: 103->0(125)
[0.615s][info][gc,heap      ] GC(5) Survivor regions: 11->15(15)
[0.615s][info][gc,heap      ] GC(5) Old regions: 104->126
[0.615s][info][gc,heap      ] GC(5) Humongous regions: 0->0
[0.615s][info][gc,metaspace ] GC(5) Metaspace: 11958K(12544K)->11958K(12544K) NonClass: 10824K(11264K)->10824K(11264K) Class: 1133K(1280K)->1133K(1280K)
[0.615s][info][gc           ] GC(5) Pause Young (Normal) (G1 Evacuation Pause) 217M->140M(753M) 7.891ms
[0.615s][info][gc,cpu       ] GC(5) User=0.02s Sys=0.00s Real=0.01s
[0.691s][info][gc,start     ] GC(6) Pause Young (Normal) (G1 Evacuation Pause)
[0.691s][info][gc,task      ] GC(6) Using 15 workers of 15 for evacuation
[0.697s][info][gc,phases    ] GC(6)   Pre Evacuate Collection Set: 0.0ms
[0.698s][info][gc,phases    ] GC(6)   Evacuate Collection Set: 6.0ms
[0.698s][info][gc,phases    ] GC(6)   Post Evacuate Collection Set: 0.2ms
[0.698s][info][gc,phases    ] GC(6)   Other: 0.4ms
[0.698s][info][gc,heap      ] GC(6) Eden regions: 125->0(154)
[0.698s][info][gc,heap      ] GC(6) Survivor regions: 15->18(18)
[0.698s][info][gc,heap      ] GC(6) Old regions: 126->152
[0.698s][info][gc,heap      ] GC(6) Humongous regions: 0->0
[0.698s][info][gc,metaspace ] GC(6) Metaspace: 11958K(12544K)->11958K(12544K) NonClass: 10824K(11264K)->10824K(11264K) Class: 1133K(1280K)->1133K(1280K)
[0.698s][info][gc           ] GC(6) Pause Young (Normal) (G1 Evacuation Pause) 265M->170M(753M) 6.697ms
[0.698s][info][gc,cpu       ] GC(6) User=0.02s Sys=0.03s Real=0.01s
[0.767s][info][gc,start     ] GC(7) Pause Young (Normal) (G1 Evacuation Pause)
[0.767s][info][gc,task      ] GC(7) Using 15 workers of 15 for evacuation
[0.777s][info][gc,phases    ] GC(7)   Pre Evacuate Collection Set: 0.0ms
[0.777s][info][gc,phases    ] GC(7)   Evacuate Collection Set: 8.8ms
[0.777s][info][gc,phases    ] GC(7)   Post Evacuate Collection Set: 0.4ms
[0.777s][info][gc,phases    ] GC(7)   Other: 0.1ms
[0.777s][info][gc,heap      ] GC(7) Eden regions: 154->0(187)
[0.777s][info][gc,heap      ] GC(7) Survivor regions: 18->22(22)
[0.777s][info][gc,heap      ] GC(7) Old regions: 152->190
[0.777s][info][gc,heap      ] GC(7) Humongous regions: 1->0
[0.777s][info][gc,metaspace ] GC(7) Metaspace: 11958K(12544K)->11958K(12544K) NonClass: 10824K(11264K)->10824K(11264K) Class: 1133K(1280K)->1133K(1280K)
[0.777s][info][gc           ] GC(7) Pause Young (Normal) (G1 Evacuation Pause) 325M->211M(753M) 9.373ms
[0.777s][info][gc,cpu       ] GC(7) User=0.00s Sys=0.02s Real=0.01s
[0.921s][info][gc,start     ] GC(8) Pause Young (Normal) (G1 Evacuation Pause)
[0.921s][info][gc,task      ] GC(8) Using 15 workers of 15 for evacuation
[0.928s][info][gc,phases    ] GC(8)   Pre Evacuate Collection Set: 0.0ms
[0.928s][info][gc,phases    ] GC(8)   Evacuate Collection Set: 6.2ms
[0.928s][info][gc,phases    ] GC(8)   Post Evacuate Collection Set: 0.2ms
[0.928s][info][gc,phases    ] GC(8)   Other: 0.1ms
[0.928s][info][gc,heap      ] GC(8) Eden regions: 187->0(207)
[0.928s][info][gc,heap      ] GC(8) Survivor regions: 22->27(27)
[0.928s][info][gc,heap      ] GC(8) Old regions: 190->215
[0.928s][info][gc,heap      ] GC(8) Humongous regions: 1->0
[0.928s][info][gc,metaspace ] GC(8) Metaspace: 12193K(12544K)->12193K(12544K) NonClass: 11044K(11264K)->11044K(11264K) Class: 1149K(1280K)->1149K(1280K)
[0.928s][info][gc           ] GC(8) Pause Young (Normal) (G1 Evacuation Pause) 399M->241M(753M) 6.566ms
[0.928s][info][gc,cpu       ] GC(8) User=0.00s Sys=0.02s Real=0.01s
[0.982s][info][gc,start     ] GC(9) Pause Young (Normal) (G1 Evacuation Pause)
[0.982s][info][gc,task      ] GC(9) Using 15 workers of 15 for evacuation
[0.990s][info][gc,phases    ] GC(9)   Pre Evacuate Collection Set: 0.0ms
[0.990s][info][gc,phases    ] GC(9)   Evacuate Collection Set: 2.9ms
[0.990s][info][gc,phases    ] GC(9)   Post Evacuate Collection Set: 5.6ms
[0.990s][info][gc,phases    ] GC(9)   Other: 0.1ms
[0.990s][info][gc,heap      ] GC(9) Eden regions: 207->0(306)
[0.990s][info][gc,heap      ] GC(9) Survivor regions: 27->4(30)
[0.990s][info][gc,heap      ] GC(9) Old regions: 215->243
[0.990s][info][gc,heap      ] GC(9) Humongous regions: 0->0
[0.990s][info][gc,metaspace ] GC(9) Metaspace: 12199K(12544K)->12199K(12544K) NonClass: 11049K(11264K)->11049K(11264K) Class: 1149K(1280K)->1149K(1280K)
[0.990s][info][gc           ] GC(9) Pause Young (Normal) (G1 Evacuation Pause) 448M->246M(1245M) 8.698ms
[0.990s][info][gc,cpu       ] GC(9) User=0.00s Sys=0.00s Real=0.01s
[1.027s][info][gc,start     ] GC(10) Pause Young (Normal) (G1 Evacuation Pause)
[1.027s][info][gc,task      ] GC(10) Using 15 workers of 15 for evacuation
[1.028s][info][gc,phases    ] GC(10)   Pre Evacuate Collection Set: 0.0ms
[1.028s][info][gc,phases    ] GC(10)   Evacuate Collection Set: 0.5ms
[1.028s][info][gc,phases    ] GC(10)   Post Evacuate Collection Set: 0.2ms
[1.028s][info][gc,phases    ] GC(10)   Other: 0.1ms
[1.028s][info][gc,heap      ] GC(10) Eden regions: 306->0(586)
[1.028s][info][gc,heap      ] GC(10) Survivor regions: 4->3(39)
[1.028s][info][gc,heap      ] GC(10) Old regions: 243->243
[1.028s][info][gc,heap      ] GC(10) Humongous regions: 0->0
[1.028s][info][gc,metaspace ] GC(10) Metaspace: 12213K(12544K)->12213K(12544K) NonClass: 11064K(11264K)->11064K(11264K) Class: 1149K(1280K)->1149K(1280K)
[1.028s][info][gc           ] GC(10) Pause Young (Normal) (G1 Evacuation Pause) 552M->245M(1245M) 0.867ms
[1.028s][info][gc,cpu       ] GC(10) User=0.00s Sys=0.00s Real=0.00s
[1.073s][info][gc,start     ] GC(11) Pause Young (Normal) (G1 Evacuation Pause)
[1.073s][info][gc,task      ] GC(11) Using 15 workers of 15 for evacuation
[1.074s][info][gc,phases    ] GC(11)   Pre Evacuate Collection Set: 0.0ms
[1.074s][info][gc,phases    ] GC(11)   Evacuate Collection Set: 0.6ms
[1.074s][info][gc,phases    ] GC(11)   Post Evacuate Collection Set: 0.2ms
[1.074s][info][gc,phases    ] GC(11)   Other: 0.2ms
[1.074s][info][gc,heap      ] GC(11) Eden regions: 586->0(666)
[1.074s][info][gc,heap      ] GC(11) Survivor regions: 3->2(74)
[1.074s][info][gc,heap      ] GC(11) Old regions: 243->243
[1.074s][info][gc,heap      ] GC(11) Humongous regions: 0->0
[1.074s][info][gc,metaspace ] GC(11) Metaspace: 12216K(12544K)->12216K(12544K) NonClass: 11067K(11264K)->11067K(11264K) Class: 1149K(1280K)->1149K(1280K)
[1.074s][info][gc           ] GC(11) Pause Young (Normal) (G1 Evacuation Pause) 831M->244M(1245M) 1.046ms
[1.074s][info][gc,cpu       ] GC(11) User=0.00s Sys=0.00s Real=0.00s
[1.130s][info][gc,start     ] GC(12) Pause Young (Normal) (G1 Evacuation Pause)
[1.131s][info][gc,task      ] GC(12) Using 15 workers of 15 for evacuation
[1.132s][info][gc,phases    ] GC(12)   Pre Evacuate Collection Set: 0.0ms
[1.132s][info][gc,phases    ] GC(12)   Evacuate Collection Set: 0.8ms
[1.132s][info][gc,phases    ] GC(12)   Post Evacuate Collection Set: 0.3ms
[1.132s][info][gc,phases    ] GC(12)   Other: 0.2ms
[1.132s][info][gc,heap      ] GC(12) Eden regions: 666->0(709)
[1.132s][info][gc,heap      ] GC(12) Survivor regions: 2->3(84)
[1.132s][info][gc,heap      ] GC(12) Old regions: 243->243
[1.132s][info][gc,heap      ] GC(12) Humongous regions: 0->0
[1.132s][info][gc,metaspace ] GC(12) Metaspace: 12235K(12800K)->12235K(12800K) NonClass: 11085K(11520K)->11085K(11520K) Class: 1149K(1280K)->1149K(1280K)
[1.132s][info][gc           ] GC(12) Pause Young (Normal) (G1 Evacuation Pause) 910M->245M(1245M) 1.318ms
[1.132s][info][gc,cpu       ] GC(12) User=0.00s Sys=0.00s Real=0.00s
[1.187s][info][gc,start     ] GC(13) Pause Young (Normal) (G1 Evacuation Pause)
[1.187s][info][gc,task      ] GC(13) Using 15 workers of 15 for evacuation
[1.188s][info][gc,phases    ] GC(13)   Pre Evacuate Collection Set: 0.0ms
[1.188s][info][gc,phases    ] GC(13)   Evacuate Collection Set: 0.5ms
[1.188s][info][gc,phases    ] GC(13)   Post Evacuate Collection Set: 0.2ms
[1.188s][info][gc,phases    ] GC(13)   Other: 0.1ms
[1.188s][info][gc,heap      ] GC(13) Eden regions: 709->0(740)
[1.188s][info][gc,heap      ] GC(13) Survivor regions: 3->3(89)
[1.188s][info][gc,heap      ] GC(13) Old regions: 243->243
[1.188s][info][gc,heap      ] GC(13) Humongous regions: 0->0
[1.188s][info][gc,metaspace ] GC(13) Metaspace: 12242K(12800K)->12242K(12800K) NonClass: 11092K(11520K)->11092K(11520K) Class: 1149K(1280K)->1149K(1280K)
[1.188s][info][gc           ] GC(13) Pause Young (Normal) (G1 Evacuation Pause) 954M->245M(1245M) 0.943ms
[1.188s][info][gc,cpu       ] GC(13) User=0.00s Sys=0.00s Real=0.00s
[1.235s][info][gc,start     ] GC(14) Pause Young (Normal) (G1 Evacuation Pause)
[1.235s][info][gc,task      ] GC(14) Using 15 workers of 15 for evacuation
[1.236s][info][gc,phases    ] GC(14)   Pre Evacuate Collection Set: 0.0ms
[1.236s][info][gc,phases    ] GC(14)   Evacuate Collection Set: 0.8ms
[1.236s][info][gc,phases    ] GC(14)   Post Evacuate Collection Set: 0.2ms
[1.236s][info][gc,phases    ] GC(14)   Other: 0.1ms
[1.236s][info][gc,heap      ] GC(14) Eden regions: 740->0(744)
[1.236s][info][gc,heap      ] GC(14) Survivor regions: 3->3(93)
[1.236s][info][gc,heap      ] GC(14) Old regions: 243->243
[1.236s][info][gc,heap      ] GC(14) Humongous regions: 0->0
[1.236s][info][gc,metaspace ] GC(14) Metaspace: 12244K(12800K)->12244K(12800K) NonClass: 11094K(11520K)->11094K(11520K) Class: 1149K(1280K)->1149K(1280K)
[1.236s][info][gc           ] GC(14) Pause Young (Normal) (G1 Evacuation Pause) 985M->245M(1245M) 1.172ms
[1.236s][info][gc,cpu       ] GC(14) User=0.00s Sys=0.00s Real=0.00s
[1.286s][info][gc,start     ] GC(15) Pause Young (Normal) (G1 Evacuation Pause)
[1.286s][info][gc,task      ] GC(15) Using 15 workers of 15 for evacuation
[1.287s][info][gc,phases    ] GC(15)   Pre Evacuate Collection Set: 0.0ms
[1.287s][info][gc,phases    ] GC(15)   Evacuate Collection Set: 0.9ms
[1.287s][info][gc,phases    ] GC(15)   Post Evacuate Collection Set: 0.3ms
[1.287s][info][gc,phases    ] GC(15)   Other: 0.1ms
[1.287s][info][gc,heap      ] GC(15) Eden regions: 744->0(743)
[1.287s][info][gc,heap      ] GC(15) Survivor regions: 3->4(94)
[1.287s][info][gc,heap      ] GC(15) Old regions: 243->243
[1.287s][info][gc,heap      ] GC(15) Humongous regions: 0->0
[1.287s][info][gc,metaspace ] GC(15) Metaspace: 12244K(12800K)->12244K(12800K) NonClass: 11094K(11520K)->11094K(11520K) Class: 1149K(1280K)->1149K(1280K)
[1.287s][info][gc           ] GC(15) Pause Young (Normal) (G1 Evacuation Pause) 989M->246M(1245M) 1.350ms
[1.287s][info][gc,cpu       ] GC(15) User=0.00s Sys=0.00s Real=0.00s
[1.332s][info][gc,start     ] GC(16) Pause Young (Normal) (G1 Evacuation Pause)
[1.332s][info][gc,task      ] GC(16) Using 15 workers of 15 for evacuation
[1.333s][info][gc,phases    ] GC(16)   Pre Evacuate Collection Set: 0.0ms
[1.333s][info][gc,phases    ] GC(16)   Evacuate Collection Set: 0.8ms
[1.333s][info][gc,phases    ] GC(16)   Post Evacuate Collection Set: 0.3ms
[1.333s][info][gc,phases    ] GC(16)   Other: 0.1ms
[1.333s][info][gc,heap      ] GC(16) Eden regions: 743->0(743)
[1.333s][info][gc,heap      ] GC(16) Survivor regions: 4->4(94)
[1.333s][info][gc,heap      ] GC(16) Old regions: 243->243
[1.333s][info][gc,heap      ] GC(16) Humongous regions: 0->0
[1.333s][info][gc,metaspace ] GC(16) Metaspace: 12244K(12800K)->12244K(12800K) NonClass: 11094K(11520K)->11094K(11520K) Class: 1149K(1280K)->1149K(1280K)
[1.333s][info][gc           ] GC(16) Pause Young (Normal) (G1 Evacuation Pause) 989M->246M(1245M) 1.248ms
[1.333s][info][gc,cpu       ] GC(16) User=0.00s Sys=0.00s Real=0.00s
[1.390s][info][gc,start     ] GC(17) Pause Young (Normal) (G1 Evacuation Pause)
[1.390s][info][gc,task      ] GC(17) Using 15 workers of 15 for evacuation
[1.391s][info][gc,phases    ] GC(17)   Pre Evacuate Collection Set: 0.0ms
[1.391s][info][gc,phases    ] GC(17)   Evacuate Collection Set: 0.8ms
[1.391s][info][gc,phases    ] GC(17)   Post Evacuate Collection Set: 0.2ms
[1.391s][info][gc,phases    ] GC(17)   Other: 0.1ms
[1.391s][info][gc,heap      ] GC(17) Eden regions: 743->0(743)
[1.391s][info][gc,heap      ] GC(17) Survivor regions: 4->4(94)
[1.391s][info][gc,heap      ] GC(17) Old regions: 243->243
[1.391s][info][gc,heap      ] GC(17) Humongous regions: 0->0
[1.391s][info][gc,metaspace ] GC(17) Metaspace: 12321K(12800K)->12321K(12800K) NonClass: 11161K(11520K)->11161K(11520K) Class: 1160K(1280K)->1160K(1280K)
[1.391s][info][gc           ] GC(17) Pause Young (Normal) (G1 Evacuation Pause) 989M->246M(1245M) 1.195ms
[1.391s][info][gc,cpu       ] GC(17) User=0.00s Sys=0.00s Real=0.00s
[1.438s][info][gc,start     ] GC(18) Pause Young (Normal) (G1 Evacuation Pause)
[1.438s][info][gc,task      ] GC(18) Using 15 workers of 15 for evacuation
[1.439s][info][gc,phases    ] GC(18)   Pre Evacuate Collection Set: 0.0ms
[1.439s][info][gc,phases    ] GC(18)   Evacuate Collection Set: 0.9ms
[1.439s][info][gc,phases    ] GC(18)   Post Evacuate Collection Set: 0.2ms
[1.439s][info][gc,phases    ] GC(18)   Other: 0.2ms
[1.439s][info][gc,heap      ] GC(18) Eden regions: 743->0(743)
[1.439s][info][gc,heap      ] GC(18) Survivor regions: 4->4(94)
[1.439s][info][gc,heap      ] GC(18) Old regions: 243->243
[1.439s][info][gc,heap      ] GC(18) Humongous regions: 0->0
[1.439s][info][gc,metaspace ] GC(18) Metaspace: 12321K(12800K)->12321K(12800K) NonClass: 11161K(11520K)->11161K(11520K) Class: 1160K(1280K)->1160K(1280K)
[1.439s][info][gc           ] GC(18) Pause Young (Normal) (G1 Evacuation Pause) 989M->246M(1245M) 1.333ms
[1.439s][info][gc,cpu       ] GC(18) User=0.00s Sys=0.00s Real=0.00s
[1.489s][info][gc,start     ] GC(19) Pause Young (Normal) (G1 Evacuation Pause)
[1.489s][info][gc,task      ] GC(19) Using 15 workers of 15 for evacuation
[1.490s][info][gc,phases    ] GC(19)   Pre Evacuate Collection Set: 0.0ms
[1.490s][info][gc,phases    ] GC(19)   Evacuate Collection Set: 0.8ms
[1.490s][info][gc,phases    ] GC(19)   Post Evacuate Collection Set: 0.3ms
[1.490s][info][gc,phases    ] GC(19)   Other: 0.1ms
[1.490s][info][gc,heap      ] GC(19) Eden regions: 743->0(743)
[1.490s][info][gc,heap      ] GC(19) Survivor regions: 4->4(94)
[1.490s][info][gc,heap      ] GC(19) Old regions: 243->243
[1.490s][info][gc,heap      ] GC(19) Humongous regions: 0->0
[1.490s][info][gc,metaspace ] GC(19) Metaspace: 12321K(12800K)->12321K(12800K) NonClass: 11161K(11520K)->11161K(11520K) Class: 1160K(1280K)->1160K(1280K)
[1.490s][info][gc           ] GC(19) Pause Young (Normal) (G1 Evacuation Pause) 989M->246M(1245M) 1.268ms
[1.490s][info][gc,cpu       ] GC(19) User=0.02s Sys=0.00s Real=0.00s
[1.543s][info][gc,start     ] GC(20) Pause Young (Normal) (G1 Evacuation Pause)
[1.543s][info][gc,task      ] GC(20) Using 15 workers of 15 for evacuation
[1.544s][info][gc,phases    ] GC(20)   Pre Evacuate Collection Set: 0.0ms
[1.544s][info][gc,phases    ] GC(20)   Evacuate Collection Set: 0.7ms
[1.544s][info][gc,phases    ] GC(20)   Post Evacuate Collection Set: 0.2ms
[1.544s][info][gc,phases    ] GC(20)   Other: 0.1ms
[1.544s][info][gc,heap      ] GC(20) Eden regions: 743->0(743)
[1.544s][info][gc,heap      ] GC(20) Survivor regions: 4->4(94)
[1.544s][info][gc,heap      ] GC(20) Old regions: 243->243
[1.544s][info][gc,heap      ] GC(20) Humongous regions: 0->0
[1.544s][info][gc,metaspace ] GC(20) Metaspace: 12322K(12800K)->12322K(12800K) NonClass: 11161K(11520K)->11161K(11520K) Class: 1160K(1280K)->1160K(1280K)
[1.544s][info][gc           ] GC(20) Pause Young (Normal) (G1 Evacuation Pause) 989M->245M(1245M) 1.151ms
[1.544s][info][gc,cpu       ] GC(20) User=0.00s Sys=0.00s Real=0.00s
[1.591s][info][gc,start     ] GC(21) Pause Young (Normal) (G1 Evacuation Pause)
[1.591s][info][gc,task      ] GC(21) Using 15 workers of 15 for evacuation
[1.592s][info][gc,phases    ] GC(21)   Pre Evacuate Collection Set: 0.0ms
[1.592s][info][gc,phases    ] GC(21)   Evacuate Collection Set: 0.7ms
[1.592s][info][gc,phases    ] GC(21)   Post Evacuate Collection Set: 0.3ms
[1.592s][info][gc,phases    ] GC(21)   Other: 0.1ms
[1.592s][info][gc,heap      ] GC(21) Eden regions: 743->0(744)
[1.592s][info][gc,heap      ] GC(21) Survivor regions: 4->3(94)
[1.592s][info][gc,heap      ] GC(21) Old regions: 243->243
[1.592s][info][gc,heap      ] GC(21) Humongous regions: 0->0
[1.592s][info][gc,metaspace ] GC(21) Metaspace: 12322K(12800K)->12322K(12800K) NonClass: 11161K(11520K)->11161K(11520K) Class: 1160K(1280K)->1160K(1280K)
[1.592s][info][gc           ] GC(21) Pause Young (Normal) (G1 Evacuation Pause) 988M->245M(1245M) 1.223ms
[1.592s][info][gc,cpu       ] GC(21) User=0.00s Sys=0.00s Real=0.00s
[1.644s][info][gc,start     ] GC(22) Pause Young (Normal) (G1 Evacuation Pause)
[1.644s][info][gc,task      ] GC(22) Using 15 workers of 15 for evacuation
[1.645s][info][gc,phases    ] GC(22)   Pre Evacuate Collection Set: 0.0ms
[1.645s][info][gc,phases    ] GC(22)   Evacuate Collection Set: 0.8ms
[1.645s][info][gc,phases    ] GC(22)   Post Evacuate Collection Set: 0.3ms
[1.645s][info][gc,phases    ] GC(22)   Other: 0.2ms
[1.645s][info][gc,heap      ] GC(22) Eden regions: 744->0(743)
[1.645s][info][gc,heap      ] GC(22) Survivor regions: 3->4(94)
[1.645s][info][gc,heap      ] GC(22) Old regions: 243->243
[1.645s][info][gc,heap      ] GC(22) Humongous regions: 0->0
[1.645s][info][gc,metaspace ] GC(22) Metaspace: 12322K(12800K)->12322K(12800K) NonClass: 11161K(11520K)->11161K(11520K) Class: 1160K(1280K)->1160K(1280K)
[1.645s][info][gc           ] GC(22) Pause Young (Normal) (G1 Evacuation Pause) 989M->246M(1245M) 1.333ms
[1.645s][info][gc,cpu       ] GC(22) User=0.02s Sys=0.00s Real=0.00s
[1.693s][info][gc,start     ] GC(23) Pause Young (Normal) (G1 Evacuation Pause)
[1.693s][info][gc,task      ] GC(23) Using 15 workers of 15 for evacuation
[1.694s][info][gc,phases    ] GC(23)   Pre Evacuate Collection Set: 0.0ms
[1.694s][info][gc,phases    ] GC(23)   Evacuate Collection Set: 0.7ms
[1.694s][info][gc,phases    ] GC(23)   Post Evacuate Collection Set: 0.3ms
[1.694s][info][gc,phases    ] GC(23)   Other: 0.1ms
[1.694s][info][gc,heap      ] GC(23) Eden regions: 743->0(744)
[1.694s][info][gc,heap      ] GC(23) Survivor regions: 4->3(94)
[1.694s][info][gc,heap      ] GC(23) Old regions: 243->243
[1.694s][info][gc,heap      ] GC(23) Humongous regions: 0->0
[1.694s][info][gc,metaspace ] GC(23) Metaspace: 12322K(12800K)->12322K(12800K) NonClass: 11161K(11520K)->11161K(11520K) Class: 1160K(1280K)->1160K(1280K)
[1.694s][info][gc           ] GC(23) Pause Young (Normal) (G1 Evacuation Pause) 989M->245M(1245M) 1.236ms
[1.694s][info][gc,cpu       ] GC(23) User=0.00s Sys=0.00s Real=0.00s
[1.747s][info][gc,start     ] GC(24) Pause Young (Normal) (G1 Evacuation Pause)
[1.748s][info][gc,task      ] GC(24) Using 15 workers of 15 for evacuation
[1.749s][info][gc,phases    ] GC(24)   Pre Evacuate Collection Set: 0.0ms
[1.749s][info][gc,phases    ] GC(24)   Evacuate Collection Set: 0.9ms
[1.749s][info][gc,phases    ] GC(24)   Post Evacuate Collection Set: 0.3ms
[1.749s][info][gc,phases    ] GC(24)   Other: 0.2ms
[1.749s][info][gc,heap      ] GC(24) Eden regions: 744->0(742)
[1.749s][info][gc,heap      ] GC(24) Survivor regions: 3->5(94)
[1.749s][info][gc,heap      ] GC(24) Old regions: 243->243
[1.749s][info][gc,heap      ] GC(24) Humongous regions: 0->0
[1.749s][info][gc,metaspace ] GC(24) Metaspace: 12322K(12800K)->12322K(12800K) NonClass: 11161K(11520K)->11161K(11520K) Class: 1160K(1280K)->1160K(1280K)
[1.749s][info][gc           ] GC(24) Pause Young (Normal) (G1 Evacuation Pause) 989M->247M(1245M) 1.510ms
[1.749s][info][gc,cpu       ] GC(24) User=0.00s Sys=0.00s Real=0.00s
[1.801s][info][gc,start     ] GC(25) Pause Young (Normal) (G1 Evacuation Pause)
[1.801s][info][gc,task      ] GC(25) Using 15 workers of 15 for evacuation
[1.802s][info][gc,phases    ] GC(25)   Pre Evacuate Collection Set: 0.0ms
[1.802s][info][gc,phases    ] GC(25)   Evacuate Collection Set: 0.9ms
[1.802s][info][gc,phases    ] GC(25)   Post Evacuate Collection Set: 0.2ms
[1.802s][info][gc,phases    ] GC(25)   Other: 0.1ms
[1.802s][info][gc,heap      ] GC(25) Eden regions: 742->0(741)
[1.802s][info][gc,heap      ] GC(25) Survivor regions: 5->6(94)
[1.802s][info][gc,heap      ] GC(25) Old regions: 243->244
[1.802s][info][gc,heap      ] GC(25) Humongous regions: 0->0
[1.802s][info][gc,metaspace ] GC(25) Metaspace: 12322K(12800K)->12322K(12800K) NonClass: 11161K(11520K)->11161K(11520K) Class: 1160K(1280K)->1160K(1280K)
[1.802s][info][gc           ] GC(25) Pause Young (Normal) (G1 Evacuation Pause) 989M->248M(1245M) 1.403ms
[1.802s][info][gc,cpu       ] GC(25) User=0.00s Sys=0.00s Real=0.00s
[1.848s][info][gc,start     ] GC(26) Pause Young (Normal) (G1 Evacuation Pause)
[1.848s][info][gc,task      ] GC(26) Using 15 workers of 15 for evacuation
[1.849s][info][gc,phases    ] GC(26)   Pre Evacuate Collection Set: 0.0ms
[1.849s][info][gc,phases    ] GC(26)   Evacuate Collection Set: 0.9ms
[1.849s][info][gc,phases    ] GC(26)   Post Evacuate Collection Set: 0.3ms
[1.849s][info][gc,phases    ] GC(26)   Other: 0.2ms
[1.849s][info][gc,heap      ] GC(26) Eden regions: 741->0(743)
[1.849s][info][gc,heap      ] GC(26) Survivor regions: 6->4(94)
[1.849s][info][gc,heap      ] GC(26) Old regions: 244->244
[1.849s][info][gc,heap      ] GC(26) Humongous regions: 0->0
[1.849s][info][gc,metaspace ] GC(26) Metaspace: 12322K(12800K)->12322K(12800K) NonClass: 11161K(11520K)->11161K(11520K) Class: 1160K(1280K)->1160K(1280K)
[1.849s][info][gc           ] GC(26) Pause Young (Normal) (G1 Evacuation Pause) 989M->246M(1245M) 1.365ms
[1.849s][info][gc,cpu       ] GC(26) User=0.02s Sys=0.00s Real=0.00s
[1.903s][info][gc,start     ] GC(27) Pause Young (Normal) (G1 Evacuation Pause)
[1.903s][info][gc,task      ] GC(27) Using 15 workers of 15 for evacuation
[1.904s][info][gc,phases    ] GC(27)   Pre Evacuate Collection Set: 0.0ms
[1.904s][info][gc,phases    ] GC(27)   Evacuate Collection Set: 0.6ms
[1.904s][info][gc,phases    ] GC(27)   Post Evacuate Collection Set: 0.3ms
[1.904s][info][gc,phases    ] GC(27)   Other: 0.2ms
[1.904s][info][gc,heap      ] GC(27) Eden regions: 743->0(745)
[1.904s][info][gc,heap      ] GC(27) Survivor regions: 4->2(94)
[1.904s][info][gc,heap      ] GC(27) Old regions: 244->244
[1.904s][info][gc,heap      ] GC(27) Humongous regions: 0->0
[1.904s][info][gc,metaspace ] GC(27) Metaspace: 12322K(12800K)->12322K(12800K) NonClass: 11161K(11520K)->11161K(11520K) Class: 1160K(1280K)->1160K(1280K)
[1.904s][info][gc           ] GC(27) Pause Young (Normal) (G1 Evacuation Pause) 989M->245M(1245M) 1.157ms
[1.904s][info][gc,cpu       ] GC(27) User=0.00s Sys=0.00s Real=0.00s
[1.951s][info][gc,start     ] GC(28) Pause Young (Normal) (G1 Evacuation Pause)
[1.951s][info][gc,task      ] GC(28) Using 15 workers of 15 for evacuation
[1.952s][info][gc,phases    ] GC(28)   Pre Evacuate Collection Set: 0.0ms
[1.952s][info][gc,phases    ] GC(28)   Evacuate Collection Set: 0.6ms
[1.952s][info][gc,phases    ] GC(28)   Post Evacuate Collection Set: 0.3ms
[1.952s][info][gc,phases    ] GC(28)   Other: 0.1ms
[1.952s][info][gc,heap      ] GC(28) Eden regions: 745->0(745)
[1.952s][info][gc,heap      ] GC(28) Survivor regions: 2->2(94)
[1.952s][info][gc,heap      ] GC(28) Old regions: 244->244
[1.952s][info][gc,heap      ] GC(28) Humongous regions: 0->0
[1.952s][info][gc,metaspace ] GC(28) Metaspace: 12322K(12800K)->12322K(12800K) NonClass: 11161K(11520K)->11161K(11520K) Class: 1160K(1280K)->1160K(1280K)
[1.952s][info][gc           ] GC(28) Pause Young (Normal) (G1 Evacuation Pause) 990M->245M(1245M) 1.053ms
[1.952s][info][gc,cpu       ] GC(28) User=0.00s Sys=0.00s Real=0.00s
[2.003s][info][gc,start     ] GC(29) Pause Young (Normal) (G1 Evacuation Pause)
[2.003s][info][gc,task      ] GC(29) Using 15 workers of 15 for evacuation
[2.004s][info][gc,phases    ] GC(29)   Pre Evacuate Collection Set: 0.0ms
[2.004s][info][gc,phases    ] GC(29)   Evacuate Collection Set: 0.6ms
[2.004s][info][gc,phases    ] GC(29)   Post Evacuate Collection Set: 0.2ms
[2.004s][info][gc,phases    ] GC(29)   Other: 0.1ms
[2.004s][info][gc,heap      ] GC(29) Eden regions: 745->0(744)
[2.004s][info][gc,heap      ] GC(29) Survivor regions: 2->3(94)
[2.004s][info][gc,heap      ] GC(29) Old regions: 244->244
[2.004s][info][gc,heap      ] GC(29) Humongous regions: 0->0
[2.004s][info][gc,metaspace ] GC(29) Metaspace: 12322K(12800K)->12322K(12800K) NonClass: 11161K(11520K)->11161K(11520K) Class: 1160K(1280K)->1160K(1280K)
[2.004s][info][gc           ] GC(29) Pause Young (Normal) (G1 Evacuation Pause) 990M->246M(1245M) 1.077ms
[2.004s][info][gc,cpu       ] GC(29) User=0.00s Sys=0.00s Real=0.00s
[2.056s][info][gc,start     ] GC(30) Pause Young (Normal) (G1 Evacuation Pause)
[2.056s][info][gc,task      ] GC(30) Using 15 workers of 15 for evacuation
[2.057s][info][gc,phases    ] GC(30)   Pre Evacuate Collection Set: 0.0ms
[2.057s][info][gc,phases    ] GC(30)   Evacuate Collection Set: 0.6ms
[2.057s][info][gc,phases    ] GC(30)   Post Evacuate Collection Set: 0.3ms
[2.057s][info][gc,phases    ] GC(30)   Other: 0.1ms
[2.057s][info][gc,heap      ] GC(30) Eden regions: 744->0(743)
[2.057s][info][gc,heap      ] GC(30) Survivor regions: 3->4(94)
[2.057s][info][gc,heap      ] GC(30) Old regions: 244->244
[2.057s][info][gc,heap      ] GC(30) Humongous regions: 0->0
[2.057s][info][gc,metaspace ] GC(30) Metaspace: 12322K(12800K)->12322K(12800K) NonClass: 11161K(11520K)->11161K(11520K) Class: 1160K(1280K)->1160K(1280K)
[2.057s][info][gc           ] GC(30) Pause Young (Normal) (G1 Evacuation Pause) 990M->246M(1245M) 1.052ms
[2.057s][info][gc,cpu       ] GC(30) User=0.00s Sys=0.00s Real=0.00s
[2.103s][info][gc,start     ] GC(31) Pause Young (Normal) (G1 Evacuation Pause)
[2.103s][info][gc,task      ] GC(31) Using 15 workers of 15 for evacuation
[2.104s][info][gc,phases    ] GC(31)   Pre Evacuate Collection Set: 0.0ms
[2.104s][info][gc,phases    ] GC(31)   Evacuate Collection Set: 0.6ms
[2.104s][info][gc,phases    ] GC(31)   Post Evacuate Collection Set: 0.3ms
[2.104s][info][gc,phases    ] GC(31)   Other: 0.1ms
[2.104s][info][gc,heap      ] GC(31) Eden regions: 743->0(745)
[2.104s][info][gc,heap      ] GC(31) Survivor regions: 4->2(94)
[2.104s][info][gc,heap      ] GC(31) Old regions: 244->244
[2.104s][info][gc,heap      ] GC(31) Humongous regions: 0->0
[2.104s][info][gc,metaspace ] GC(31) Metaspace: 12322K(12800K)->12322K(12800K) NonClass: 11161K(11520K)->11161K(11520K) Class: 1160K(1280K)->1160K(1280K)
[2.104s][info][gc           ] GC(31) Pause Young (Normal) (G1 Evacuation Pause) 989M->245M(1245M) 1.138ms
[2.104s][info][gc,cpu       ] GC(31) User=0.00s Sys=0.00s Real=0.00s
[2.156s][info][gc,start     ] GC(32) Pause Young (Normal) (G1 Evacuation Pause)
[2.156s][info][gc,task      ] GC(32) Using 15 workers of 15 for evacuation
[2.157s][info][gc,phases    ] GC(32)   Pre Evacuate Collection Set: 0.0ms
[2.157s][info][gc,phases    ] GC(32)   Evacuate Collection Set: 0.5ms
[2.157s][info][gc,phases    ] GC(32)   Post Evacuate Collection Set: 0.2ms
[2.157s][info][gc,phases    ] GC(32)   Other: 0.1ms
[2.157s][info][gc,heap      ] GC(32) Eden regions: 745->0(745)
[2.157s][info][gc,heap      ] GC(32) Survivor regions: 2->2(94)
[2.157s][info][gc,heap      ] GC(32) Old regions: 244->244
[2.157s][info][gc,heap      ] GC(32) Humongous regions: 0->0
[2.157s][info][gc,metaspace ] GC(32) Metaspace: 12326K(12800K)->12326K(12800K) NonClass: 11165K(11520K)->11165K(11520K) Class: 1160K(1280K)->1160K(1280K)
[2.157s][info][gc           ] GC(32) Pause Young (Normal) (G1 Evacuation Pause) 990M->245M(1245M) 0.889ms
[2.157s][info][gc,cpu       ] GC(32) User=0.00s Sys=0.00s Real=0.00s
[2.202s][info][gc,start     ] GC(33) Pause Young (Normal) (G1 Evacuation Pause)
[2.202s][info][gc,task      ] GC(33) Using 15 workers of 15 for evacuation
[2.203s][info][gc,phases    ] GC(33)   Pre Evacuate Collection Set: 0.0ms
[2.203s][info][gc,phases    ] GC(33)   Evacuate Collection Set: 0.5ms
[2.203s][info][gc,phases    ] GC(33)   Post Evacuate Collection Set: 0.2ms
[2.203s][info][gc,phases    ] GC(33)   Other: 0.1ms
[2.203s][info][gc,heap      ] GC(33) Eden regions: 745->0(745)
[2.203s][info][gc,heap      ] GC(33) Survivor regions: 2->2(94)
[2.203s][info][gc,heap      ] GC(33) Old regions: 244->244
[2.203s][info][gc,heap      ] GC(33) Humongous regions: 0->0
[2.203s][info][gc,metaspace ] GC(33) Metaspace: 12326K(12800K)->12326K(12800K) NonClass: 11165K(11520K)->11165K(11520K) Class: 1160K(1280K)->1160K(1280K)
[2.203s][info][gc           ] GC(33) Pause Young (Normal) (G1 Evacuation Pause) 990M->245M(1245M) 0.962ms
[2.203s][info][gc,cpu       ] GC(33) User=0.00s Sys=0.00s Real=0.00s
[2.253s][info][gc,start     ] GC(34) Pause Young (Normal) (G1 Evacuation Pause)
[2.253s][info][gc,task      ] GC(34) Using 15 workers of 15 for evacuation
[2.254s][info][gc,phases    ] GC(34)   Pre Evacuate Collection Set: 0.0ms
[2.254s][info][gc,phases    ] GC(34)   Evacuate Collection Set: 0.5ms
[2.254s][info][gc,phases    ] GC(34)   Post Evacuate Collection Set: 0.2ms
[2.254s][info][gc,phases    ] GC(34)   Other: 0.1ms
[2.254s][info][gc,heap      ] GC(34) Eden regions: 745->0(745)
[2.254s][info][gc,heap      ] GC(34) Survivor regions: 2->2(94)
[2.254s][info][gc,heap      ] GC(34) Old regions: 244->244
[2.254s][info][gc,heap      ] GC(34) Humongous regions: 0->0
[2.254s][info][gc,metaspace ] GC(34) Metaspace: 12326K(12800K)->12326K(12800K) NonClass: 11165K(11520K)->11165K(11520K) Class: 1160K(1280K)->1160K(1280K)
[2.254s][info][gc           ] GC(34) Pause Young (Normal) (G1 Evacuation Pause) 990M->245M(1245M) 0.901ms
[2.254s][info][gc,cpu       ] GC(34) User=0.00s Sys=0.00s Real=0.00s
[2.305s][info][gc,start     ] GC(35) Pause Young (Normal) (G1 Evacuation Pause)
[2.305s][info][gc,task      ] GC(35) Using 15 workers of 15 for evacuation
[2.305s][info][gc,phases    ] GC(35)   Pre Evacuate Collection Set: 0.0ms
[2.305s][info][gc,phases    ] GC(35)   Evacuate Collection Set: 0.4ms
[2.305s][info][gc,phases    ] GC(35)   Post Evacuate Collection Set: 0.2ms
[2.305s][info][gc,phases    ] GC(35)   Other: 0.1ms
[2.305s][info][gc,heap      ] GC(35) Eden regions: 745->0(745)
[2.305s][info][gc,heap      ] GC(35) Survivor regions: 2->2(94)
[2.305s][info][gc,heap      ] GC(35) Old regions: 244->244
[2.305s][info][gc,heap      ] GC(35) Humongous regions: 0->0
[2.305s][info][gc,metaspace ] GC(35) Metaspace: 12326K(12800K)->12326K(12800K) NonClass: 11165K(11520K)->11165K(11520K) Class: 1160K(1280K)->1160K(1280K)
[2.305s][info][gc           ] GC(35) Pause Young (Normal) (G1 Evacuation Pause) 990M->245M(1245M) 0.793ms
[2.305s][info][gc,cpu       ] GC(35) User=0.00s Sys=0.00s Real=0.00s
[2.351s][info][gc,start     ] GC(36) Pause Young (Normal) (G1 Evacuation Pause)
[2.351s][info][gc,task      ] GC(36) Using 15 workers of 15 for evacuation
[2.352s][info][gc,phases    ] GC(36)   Pre Evacuate Collection Set: 0.0ms
[2.352s][info][gc,phases    ] GC(36)   Evacuate Collection Set: 0.6ms
[2.352s][info][gc,phases    ] GC(36)   Post Evacuate Collection Set: 0.3ms
[2.352s][info][gc,phases    ] GC(36)   Other: 0.1ms
[2.352s][info][gc,heap      ] GC(36) Eden regions: 745->0(745)
[2.352s][info][gc,heap      ] GC(36) Survivor regions: 2->2(94)
[2.352s][info][gc,heap      ] GC(36) Old regions: 244->244
[2.352s][info][gc,heap      ] GC(36) Humongous regions: 0->0
[2.352s][info][gc,metaspace ] GC(36) Metaspace: 12326K(12800K)->12326K(12800K) NonClass: 11165K(11520K)->11165K(11520K) Class: 1160K(1280K)->1160K(1280K)
[2.352s][info][gc           ] GC(36) Pause Young (Normal) (G1 Evacuation Pause) 990M->245M(1245M) 1.053ms
[2.352s][info][gc,cpu       ] GC(36) User=0.00s Sys=0.00s Real=0.00s
[2.403s][info][gc,start     ] GC(37) Pause Young (Normal) (G1 Evacuation Pause)
[2.403s][info][gc,task      ] GC(37) Using 15 workers of 15 for evacuation
[2.404s][info][gc,phases    ] GC(37)   Pre Evacuate Collection Set: 0.0ms
[2.404s][info][gc,phases    ] GC(37)   Evacuate Collection Set: 0.6ms
[2.404s][info][gc,phases    ] GC(37)   Post Evacuate Collection Set: 0.2ms
[2.404s][info][gc,phases    ] GC(37)   Other: 0.1ms
[2.404s][info][gc,heap      ] GC(37) Eden regions: 745->0(744)
[2.404s][info][gc,heap      ] GC(37) Survivor regions: 2->3(94)
[2.404s][info][gc,heap      ] GC(37) Old regions: 244->244
[2.404s][info][gc,heap      ] GC(37) Humongous regions: 0->0
[2.404s][info][gc,metaspace ] GC(37) Metaspace: 12326K(12800K)->12326K(12800K) NonClass: 11165K(11520K)->11165K(11520K) Class: 1160K(1280K)->1160K(1280K)
[2.404s][info][gc           ] GC(37) Pause Young (Normal) (G1 Evacuation Pause) 990M->245M(1245M) 1.036ms
[2.404s][info][gc,cpu       ] GC(37) User=0.00s Sys=0.00s Real=0.00s
[2.450s][info][gc,start     ] GC(38) Pause Young (Normal) (G1 Evacuation Pause)
[2.450s][info][gc,task      ] GC(38) Using 15 workers of 15 for evacuation
[2.451s][info][gc,phases    ] GC(38)   Pre Evacuate Collection Set: 0.0ms
[2.451s][info][gc,phases    ] GC(38)   Evacuate Collection Set: 0.6ms
[2.451s][info][gc,phases    ] GC(38)   Post Evacuate Collection Set: 0.2ms
[2.451s][info][gc,phases    ] GC(38)   Other: 0.1ms
[2.451s][info][gc,heap      ] GC(38) Eden regions: 744->0(745)
[2.451s][info][gc,heap      ] GC(38) Survivor regions: 3->2(94)
[2.451s][info][gc,heap      ] GC(38) Old regions: 244->244
[2.451s][info][gc,heap      ] GC(38) Humongous regions: 0->0
[2.451s][info][gc,metaspace ] GC(38) Metaspace: 12326K(12800K)->12326K(12800K) NonClass: 11165K(11520K)->11165K(11520K) Class: 1160K(1280K)->1160K(1280K)
[2.451s][info][gc           ] GC(38) Pause Young (Normal) (G1 Evacuation Pause) 989M->245M(1245M) 0.983ms
[2.451s][info][gc,cpu       ] GC(38) User=0.00s Sys=0.00s Real=0.00s
[2.502s][info][gc,start     ] GC(39) Pause Young (Normal) (G1 Evacuation Pause)
[2.502s][info][gc,task      ] GC(39) Using 15 workers of 15 for evacuation
[2.503s][info][gc,phases    ] GC(39)   Pre Evacuate Collection Set: 0.0ms
[2.503s][info][gc,phases    ] GC(39)   Evacuate Collection Set: 0.5ms
[2.503s][info][gc,phases    ] GC(39)   Post Evacuate Collection Set: 0.2ms
[2.503s][info][gc,phases    ] GC(39)   Other: 0.1ms
[2.503s][info][gc,heap      ] GC(39) Eden regions: 745->0(745)
[2.503s][info][gc,heap      ] GC(39) Survivor regions: 2->2(94)
[2.503s][info][gc,heap      ] GC(39) Old regions: 244->244
[2.503s][info][gc,heap      ] GC(39) Humongous regions: 0->0
[2.503s][info][gc,metaspace ] GC(39) Metaspace: 12326K(12800K)->12326K(12800K) NonClass: 11165K(11520K)->11165K(11520K) Class: 1160K(1280K)->1160K(1280K)
[2.503s][info][gc           ] GC(39) Pause Young (Normal) (G1 Evacuation Pause) 990M->245M(1245M) 0.954ms
[2.503s][info][gc,cpu       ] GC(39) User=0.00s Sys=0.00s Real=0.00s
[2.556s][info][gc,start     ] GC(40) Pause Young (Normal) (G1 Evacuation Pause)
[2.556s][info][gc,task      ] GC(40) Using 15 workers of 15 for evacuation
[2.556s][info][gc,phases    ] GC(40)   Pre Evacuate Collection Set: 0.0ms
[2.557s][info][gc,phases    ] GC(40)   Evacuate Collection Set: 0.3ms
[2.557s][info][gc,phases    ] GC(40)   Post Evacuate Collection Set: 0.2ms
[2.557s][info][gc,phases    ] GC(40)   Other: 0.1ms
[2.557s][info][gc,heap      ] GC(40) Eden regions: 745->0(745)
[2.557s][info][gc,heap      ] GC(40) Survivor regions: 2->2(94)
[2.557s][info][gc,heap      ] GC(40) Old regions: 244->244
[2.557s][info][gc,heap      ] GC(40) Humongous regions: 0->0
[2.557s][info][gc,metaspace ] GC(40) Metaspace: 12326K(12800K)->12326K(12800K) NonClass: 11165K(11520K)->11165K(11520K) Class: 1160K(1280K)->1160K(1280K)
[2.557s][info][gc           ] GC(40) Pause Young (Normal) (G1 Evacuation Pause) 990M->245M(1245M) 0.741ms
[2.557s][info][gc,cpu       ] GC(40) User=0.00s Sys=0.00s Real=0.00s
[2.602s][info][gc,start     ] GC(41) Pause Young (Normal) (G1 Evacuation Pause)
[2.602s][info][gc,task      ] GC(41) Using 15 workers of 15 for evacuation
[2.603s][info][gc,phases    ] GC(41)   Pre Evacuate Collection Set: 0.0ms
[2.603s][info][gc,phases    ] GC(41)   Evacuate Collection Set: 0.7ms
[2.603s][info][gc,phases    ] GC(41)   Post Evacuate Collection Set: 0.3ms
[2.603s][info][gc,phases    ] GC(41)   Other: 0.2ms
[2.603s][info][gc,heap      ] GC(41) Eden regions: 745->0(744)
[2.603s][info][gc,heap      ] GC(41) Survivor regions: 2->3(94)
[2.603s][info][gc,heap      ] GC(41) Old regions: 244->244
[2.603s][info][gc,heap      ] GC(41) Humongous regions: 0->0
[2.603s][info][gc,metaspace ] GC(41) Metaspace: 12326K(12800K)->12326K(12800K) NonClass: 11165K(11520K)->11165K(11520K) Class: 1160K(1280K)->1160K(1280K)
[2.603s][info][gc           ] GC(41) Pause Young (Normal) (G1 Evacuation Pause) 990M->246M(1245M) 1.214ms
[2.603s][info][gc,cpu       ] GC(41) User=0.00s Sys=0.00s Real=0.00s
[2.653s][info][gc,start     ] GC(42) Pause Young (Normal) (G1 Evacuation Pause)
[2.653s][info][gc,task      ] GC(42) Using 15 workers of 15 for evacuation
[2.654s][info][gc,phases    ] GC(42)   Pre Evacuate Collection Set: 0.0ms
[2.654s][info][gc,phases    ] GC(42)   Evacuate Collection Set: 0.7ms
[2.654s][info][gc,phases    ] GC(42)   Post Evacuate Collection Set: 0.2ms
[2.654s][info][gc,phases    ] GC(42)   Other: 0.1ms
[2.654s][info][gc,heap      ] GC(42) Eden regions: 744->0(743)
[2.654s][info][gc,heap      ] GC(42) Survivor regions: 3->4(94)
[2.654s][info][gc,heap      ] GC(42) Old regions: 244->244
[2.654s][info][gc,heap      ] GC(42) Humongous regions: 0->0
[2.654s][info][gc,metaspace ] GC(42) Metaspace: 12326K(12800K)->12326K(12800K) NonClass: 11165K(11520K)->11165K(11520K) Class: 1160K(1280K)->1160K(1280K)
[2.654s][info][gc           ] GC(42) Pause Young (Normal) (G1 Evacuation Pause) 990M->247M(1245M) 1.117ms
[2.654s][info][gc,cpu       ] GC(42) User=0.00s Sys=0.00s Real=0.00s
[2.701s][info][gc,start     ] GC(43) Pause Young (Normal) (G1 Evacuation Pause)
[2.701s][info][gc,task      ] GC(43) Using 15 workers of 15 for evacuation
[2.702s][info][gc,phases    ] GC(43)   Pre Evacuate Collection Set: 0.0ms
[2.702s][info][gc,phases    ] GC(43)   Evacuate Collection Set: 0.5ms
[2.702s][info][gc,phases    ] GC(43)   Post Evacuate Collection Set: 0.2ms
[2.702s][info][gc,phases    ] GC(43)   Other: 0.1ms
[2.702s][info][gc,heap      ] GC(43) Eden regions: 743->0(745)
[2.702s][info][gc,heap      ] GC(43) Survivor regions: 4->2(94)
[2.702s][info][gc,heap      ] GC(43) Old regions: 244->244
[2.702s][info][gc,heap      ] GC(43) Humongous regions: 0->0
[2.702s][info][gc,metaspace ] GC(43) Metaspace: 12326K(12800K)->12326K(12800K) NonClass: 11165K(11520K)->11165K(11520K) Class: 1160K(1280K)->1160K(1280K)
[2.702s][info][gc           ] GC(43) Pause Young (Normal) (G1 Evacuation Pause) 990M->245M(1245M) 0.949ms
[2.702s][info][gc,cpu       ] GC(43) User=0.00s Sys=0.00s Real=0.00s
[2.752s][info][gc,start     ] GC(44) Pause Young (Normal) (G1 Evacuation Pause)
[2.752s][info][gc,task      ] GC(44) Using 15 workers of 15 for evacuation
[2.753s][info][gc,phases    ] GC(44)   Pre Evacuate Collection Set: 0.0ms
[2.753s][info][gc,phases    ] GC(44)   Evacuate Collection Set: 0.6ms
[2.753s][info][gc,phases    ] GC(44)   Post Evacuate Collection Set: 0.3ms
[2.753s][info][gc,phases    ] GC(44)   Other: 0.1ms
[2.753s][info][gc,heap      ] GC(44) Eden regions: 745->0(745)
[2.753s][info][gc,heap      ] GC(44) Survivor regions: 2->2(94)
[2.753s][info][gc,heap      ] GC(44) Old regions: 244->244
[2.753s][info][gc,heap      ] GC(44) Humongous regions: 0->0
[2.753s][info][gc,metaspace ] GC(44) Metaspace: 12326K(12800K)->12326K(12800K) NonClass: 11165K(11520K)->11165K(11520K) Class: 1160K(1280K)->1160K(1280K)
[2.753s][info][gc           ] GC(44) Pause Young (Normal) (G1 Evacuation Pause) 990M->245M(1245M) 1.054ms
[2.753s][info][gc,cpu       ] GC(44) User=0.00s Sys=0.00s Real=0.00s
[2.801s][info][gc,start     ] GC(45) Pause Young (Normal) (G1 Evacuation Pause)
[2.801s][info][gc,task      ] GC(45) Using 15 workers of 15 for evacuation
[2.802s][info][gc,phases    ] GC(45)   Pre Evacuate Collection Set: 0.0ms
[2.802s][info][gc,phases    ] GC(45)   Evacuate Collection Set: 0.4ms
[2.802s][info][gc,phases    ] GC(45)   Post Evacuate Collection Set: 0.3ms
[2.802s][info][gc,phases    ] GC(45)   Other: 0.1ms
[2.802s][info][gc,heap      ] GC(45) Eden regions: 745->0(745)
[2.802s][info][gc,heap      ] GC(45) Survivor regions: 2->2(94)
[2.802s][info][gc,heap      ] GC(45) Old regions: 244->244
[2.802s][info][gc,heap      ] GC(45) Humongous regions: 0->0
[2.802s][info][gc,metaspace ] GC(45) Metaspace: 12326K(12800K)->12326K(12800K) NonClass: 11165K(11520K)->11165K(11520K) Class: 1160K(1280K)->1160K(1280K)
[2.802s][info][gc           ] GC(45) Pause Young (Normal) (G1 Evacuation Pause) 990M->245M(1245M) 0.923ms
[2.802s][info][gc,cpu       ] GC(45) User=0.02s Sys=0.00s Real=0.00s
[2.851s][info][gc,start     ] GC(46) Pause Young (Normal) (G1 Evacuation Pause)
[2.851s][info][gc,task      ] GC(46) Using 15 workers of 15 for evacuation
[2.852s][info][gc,phases    ] GC(46)   Pre Evacuate Collection Set: 0.0ms
[2.852s][info][gc,phases    ] GC(46)   Evacuate Collection Set: 0.8ms
[2.852s][info][gc,phases    ] GC(46)   Post Evacuate Collection Set: 0.2ms
[2.852s][info][gc,phases    ] GC(46)   Other: 0.1ms
[2.852s][info][gc,heap      ] GC(46) Eden regions: 745->0(743)
[2.852s][info][gc,heap      ] GC(46) Survivor regions: 2->4(94)
[2.852s][info][gc,heap      ] GC(46) Old regions: 244->244
[2.852s][info][gc,heap      ] GC(46) Humongous regions: 0->0
[2.852s][info][gc,metaspace ] GC(46) Metaspace: 12326K(12800K)->12326K(12800K) NonClass: 11165K(11520K)->11165K(11520K) Class: 1160K(1280K)->1160K(1280K)
[2.852s][info][gc           ] GC(46) Pause Young (Normal) (G1 Evacuation Pause) 990M->247M(1245M) 1.182ms
[2.852s][info][gc,cpu       ] GC(46) User=0.00s Sys=0.00s Real=0.00s
[2.903s][info][gc,start     ] GC(47) Pause Young (Normal) (G1 Evacuation Pause)
[2.903s][info][gc,task      ] GC(47) Using 15 workers of 15 for evacuation
[2.904s][info][gc,phases    ] GC(47)   Pre Evacuate Collection Set: 0.0ms
[2.904s][info][gc,phases    ] GC(47)   Evacuate Collection Set: 0.5ms
[2.904s][info][gc,phases    ] GC(47)   Post Evacuate Collection Set: 0.3ms
[2.904s][info][gc,phases    ] GC(47)   Other: 0.1ms
[2.904s][info][gc,heap      ] GC(47) Eden regions: 743->0(744)
[2.904s][info][gc,heap      ] GC(47) Survivor regions: 4->3(94)
[2.904s][info][gc,heap      ] GC(47) Old regions: 244->244
[2.904s][info][gc,heap      ] GC(47) Humongous regions: 0->0
[2.904s][info][gc,metaspace ] GC(47) Metaspace: 12326K(12800K)->12326K(12800K) NonClass: 11165K(11520K)->11165K(11520K) Class: 1160K(1280K)->1160K(1280K)
[2.904s][info][gc           ] GC(47) Pause Young (Normal) (G1 Evacuation Pause) 990M->246M(1245M) 1.048ms
[2.904s][info][gc,cpu       ] GC(47) User=0.00s Sys=0.00s Real=0.00s
[2.950s][info][gc,start     ] GC(48) Pause Young (Normal) (G1 Evacuation Pause)
[2.950s][info][gc,task      ] GC(48) Using 15 workers of 15 for evacuation
[2.951s][info][gc,phases    ] GC(48)   Pre Evacuate Collection Set: 0.0ms
[2.951s][info][gc,phases    ] GC(48)   Evacuate Collection Set: 0.5ms
[2.951s][info][gc,phases    ] GC(48)   Post Evacuate Collection Set: 0.2ms
[2.951s][info][gc,phases    ] GC(48)   Other: 0.1ms
[2.951s][info][gc,heap      ] GC(48) Eden regions: 744->0(745)
[2.951s][info][gc,heap      ] GC(48) Survivor regions: 3->2(94)
[2.951s][info][gc,heap      ] GC(48) Old regions: 244->244
[2.951s][info][gc,heap      ] GC(48) Humongous regions: 0->0
[2.951s][info][gc,metaspace ] GC(48) Metaspace: 12326K(12800K)->12326K(12800K) NonClass: 11165K(11520K)->11165K(11520K) Class: 1160K(1280K)->1160K(1280K)
[2.951s][info][gc           ] GC(48) Pause Young (Normal) (G1 Evacuation Pause) 990M->245M(1245M) 0.960ms
[2.951s][info][gc,cpu       ] GC(48) User=0.00s Sys=0.00s Real=0.00s
[3.003s][info][gc,start     ] GC(49) Pause Young (Normal) (G1 Evacuation Pause)
[3.003s][info][gc,task      ] GC(49) Using 15 workers of 15 for evacuation
[3.004s][info][gc,phases    ] GC(49)   Pre Evacuate Collection Set: 0.0ms
[3.004s][info][gc,phases    ] GC(49)   Evacuate Collection Set: 0.5ms
[3.004s][info][gc,phases    ] GC(49)   Post Evacuate Collection Set: 0.3ms
[3.004s][info][gc,phases    ] GC(49)   Other: 0.2ms
[3.004s][info][gc,heap      ] GC(49) Eden regions: 745->0(745)
[3.004s][info][gc,heap      ] GC(49) Survivor regions: 2->2(94)
[3.004s][info][gc,heap      ] GC(49) Old regions: 244->244
[3.004s][info][gc,heap      ] GC(49) Humongous regions: 0->0
[3.004s][info][gc,metaspace ] GC(49) Metaspace: 12335K(12800K)->12335K(12800K) NonClass: 11173K(11520K)->11173K(11520K) Class: 1161K(1280K)->1161K(1280K)
[3.004s][info][gc           ] GC(49) Pause Young (Normal) (G1 Evacuation Pause) 990M->245M(1245M) 1.016ms
[3.004s][info][gc,cpu       ] GC(49) User=0.00s Sys=0.00s Real=0.00s
[3.052s][info][gc,start     ] GC(50) Pause Young (Normal) (G1 Evacuation Pause)
[3.052s][info][gc,task      ] GC(50) Using 15 workers of 15 for evacuation
[3.053s][info][gc,phases    ] GC(50)   Pre Evacuate Collection Set: 0.0ms
[3.053s][info][gc,phases    ] GC(50)   Evacuate Collection Set: 0.5ms
[3.053s][info][gc,phases    ] GC(50)   Post Evacuate Collection Set: 0.3ms
[3.053s][info][gc,phases    ] GC(50)   Other: 0.1ms
[3.053s][info][gc,heap      ] GC(50) Eden regions: 745->0(745)
[3.053s][info][gc,heap      ] GC(50) Survivor regions: 2->2(94)
[3.053s][info][gc,heap      ] GC(50) Old regions: 244->244
[3.053s][info][gc,heap      ] GC(50) Humongous regions: 0->0
[3.053s][info][gc,metaspace ] GC(50) Metaspace: 12335K(12800K)->12335K(12800K) NonClass: 11173K(11520K)->11173K(11520K) Class: 1161K(1280K)->1161K(1280K)
[3.053s][info][gc           ] GC(50) Pause Young (Normal) (G1 Evacuation Pause) 990M->245M(1245M) 0.930ms
[3.053s][info][gc,cpu       ] GC(50) User=0.00s Sys=0.00s Real=0.00s
[3.107s][info][gc,start     ] GC(51) Pause Young (Normal) (G1 Evacuation Pause)
[3.107s][info][gc,task      ] GC(51) Using 15 workers of 15 for evacuation
[3.108s][info][gc,phases    ] GC(51)   Pre Evacuate Collection Set: 0.0ms
[3.108s][info][gc,phases    ] GC(51)   Evacuate Collection Set: 0.6ms
[3.108s][info][gc,phases    ] GC(51)   Post Evacuate Collection Set: 0.3ms
[3.108s][info][gc,phases    ] GC(51)   Other: 0.1ms
[3.108s][info][gc,heap      ] GC(51) Eden regions: 745->0(745)
[3.108s][info][gc,heap      ] GC(51) Survivor regions: 2->2(94)
[3.108s][info][gc,heap      ] GC(51) Old regions: 244->244
[3.108s][info][gc,heap      ] GC(51) Humongous regions: 0->0
[3.108s][info][gc,metaspace ] GC(51) Metaspace: 12335K(12800K)->12335K(12800K) NonClass: 11173K(11520K)->11173K(11520K) Class: 1161K(1280K)->1161K(1280K)
[3.108s][info][gc           ] GC(51) Pause Young (Normal) (G1 Evacuation Pause) 990M->245M(1245M) 1.045ms
[3.108s][info][gc,cpu       ] GC(51) User=0.00s Sys=0.00s Real=0.00s
[3.159s][info][gc,start     ] GC(52) Pause Young (Normal) (G1 Evacuation Pause)
[3.159s][info][gc,task      ] GC(52) Using 15 workers of 15 for evacuation
[3.160s][info][gc,phases    ] GC(52)   Pre Evacuate Collection Set: 0.0ms
[3.160s][info][gc,phases    ] GC(52)   Evacuate Collection Set: 0.6ms
[3.160s][info][gc,phases    ] GC(52)   Post Evacuate Collection Set: 0.3ms
[3.160s][info][gc,phases    ] GC(52)   Other: 0.2ms
[3.160s][info][gc,heap      ] GC(52) Eden regions: 745->0(744)
[3.160s][info][gc,heap      ] GC(52) Survivor regions: 2->3(94)
[3.160s][info][gc,heap      ] GC(52) Old regions: 244->244
[3.160s][info][gc,heap      ] GC(52) Humongous regions: 0->0
[3.160s][info][gc,metaspace ] GC(52) Metaspace: 12335K(12800K)->12335K(12800K) NonClass: 11173K(11520K)->11173K(11520K) Class: 1161K(1280K)->1161K(1280K)
[3.160s][info][gc           ] GC(52) Pause Young (Normal) (G1 Evacuation Pause) 990M->246M(1245M) 1.070ms
[3.160s][info][gc,cpu       ] GC(52) User=0.00s Sys=0.00s Real=0.00s
[3.206s][info][gc,start     ] GC(53) Pause Young (Normal) (G1 Evacuation Pause)
[3.207s][info][gc,task      ] GC(53) Using 15 workers of 15 for evacuation
[3.207s][info][gc,phases    ] GC(53)   Pre Evacuate Collection Set: 0.0ms
[3.207s][info][gc,phases    ] GC(53)   Evacuate Collection Set: 0.5ms
[3.207s][info][gc,phases    ] GC(53)   Post Evacuate Collection Set: 0.2ms
[3.207s][info][gc,phases    ] GC(53)   Other: 0.1ms
[3.207s][info][gc,heap      ] GC(53) Eden regions: 744->0(745)
[3.207s][info][gc,heap      ] GC(53) Survivor regions: 3->2(94)
[3.207s][info][gc,heap      ] GC(53) Old regions: 244->244
[3.207s][info][gc,heap      ] GC(53) Humongous regions: 0->0
[3.207s][info][gc,metaspace ] GC(53) Metaspace: 12335K(12800K)->12335K(12800K) NonClass: 11173K(11520K)->11173K(11520K) Class: 1161K(1280K)->1161K(1280K)
[3.207s][info][gc           ] GC(53) Pause Young (Normal) (G1 Evacuation Pause) 990M->245M(1245M) 0.957ms
[3.207s][info][gc,cpu       ] GC(53) User=0.00s Sys=0.00s Real=0.00s
[3.258s][info][gc,start     ] GC(54) Pause Young (Normal) (G1 Evacuation Pause)
[3.258s][info][gc,task      ] GC(54) Using 15 workers of 15 for evacuation
[3.259s][info][gc,phases    ] GC(54)   Pre Evacuate Collection Set: 0.0ms
[3.259s][info][gc,phases    ] GC(54)   Evacuate Collection Set: 0.7ms
[3.259s][info][gc,phases    ] GC(54)   Post Evacuate Collection Set: 0.3ms
[3.259s][info][gc,phases    ] GC(54)   Other: 0.2ms
[3.259s][info][gc,heap      ] GC(54) Eden regions: 745->0(744)
[3.259s][info][gc,heap      ] GC(54) Survivor regions: 2->3(94)
[3.259s][info][gc,heap      ] GC(54) Old regions: 244->244
[3.259s][info][gc,heap      ] GC(54) Humongous regions: 0->0
[3.259s][info][gc,metaspace ] GC(54) Metaspace: 12335K(12800K)->12335K(12800K) NonClass: 11173K(11520K)->11173K(11520K) Class: 1161K(1280K)->1161K(1280K)
[3.259s][info][gc           ] GC(54) Pause Young (Normal) (G1 Evacuation Pause) 990M->245M(1245M) 1.265ms
[3.259s][info][gc,cpu       ] GC(54) User=0.00s Sys=0.00s Real=0.00s
[3.304s][info][gc,start     ] GC(55) Pause Young (Normal) (G1 Evacuation Pause)
[3.304s][info][gc,task      ] GC(55) Using 15 workers of 15 for evacuation
[3.305s][info][gc,phases    ] GC(55)   Pre Evacuate Collection Set: 0.0ms
[3.305s][info][gc,phases    ] GC(55)   Evacuate Collection Set: 0.7ms
[3.305s][info][gc,phases    ] GC(55)   Post Evacuate Collection Set: 0.3ms
[3.305s][info][gc,phases    ] GC(55)   Other: 0.1ms
[3.305s][info][gc,heap      ] GC(55) Eden regions: 744->0(744)
[3.305s][info][gc,heap      ] GC(55) Survivor regions: 3->3(94)
[3.305s][info][gc,heap      ] GC(55) Old regions: 244->244
[3.305s][info][gc,heap      ] GC(55) Humongous regions: 0->0
[3.305s][info][gc,metaspace ] GC(55) Metaspace: 12335K(12800K)->12335K(12800K) NonClass: 11173K(11520K)->11173K(11520K) Class: 1161K(1280K)->1161K(1280K)
[3.305s][info][gc           ] GC(55) Pause Young (Normal) (G1 Evacuation Pause) 989M->246M(1245M) 1.105ms
[3.305s][info][gc,cpu       ] GC(55) User=0.00s Sys=0.00s Real=0.00s
[3.357s][info][gc,start     ] GC(56) Pause Young (Normal) (G1 Evacuation Pause)
[3.357s][info][gc,task      ] GC(56) Using 15 workers of 15 for evacuation
[3.357s][info][gc,phases    ] GC(56)   Pre Evacuate Collection Set: 0.0ms
[3.357s][info][gc,phases    ] GC(56)   Evacuate Collection Set: 0.6ms
[3.357s][info][gc,phases    ] GC(56)   Post Evacuate Collection Set: 0.2ms
[3.357s][info][gc,phases    ] GC(56)   Other: 0.1ms
[3.357s][info][gc,heap      ] GC(56) Eden regions: 744->0(744)
[3.357s][info][gc,heap      ] GC(56) Survivor regions: 3->3(94)
[3.357s][info][gc,heap      ] GC(56) Old regions: 244->244
[3.357s][info][gc,heap      ] GC(56) Humongous regions: 0->0
[3.357s][info][gc,metaspace ] GC(56) Metaspace: 12335K(12800K)->12335K(12800K) NonClass: 11173K(11520K)->11173K(11520K) Class: 1161K(1280K)->1161K(1280K)
[3.358s][info][gc           ] GC(56) Pause Young (Normal) (G1 Evacuation Pause) 990M->245M(1245M) 0.971ms
[3.358s][info][gc,cpu       ] GC(56) User=0.00s Sys=0.00s Real=0.00s
[3.409s][info][gc,start     ] GC(57) Pause Young (Normal) (G1 Evacuation Pause)
[3.410s][info][gc,task      ] GC(57) Using 15 workers of 15 for evacuation
[3.410s][info][gc,phases    ] GC(57)   Pre Evacuate Collection Set: 0.0ms
[3.410s][info][gc,phases    ] GC(57)   Evacuate Collection Set: 0.5ms
[3.410s][info][gc,phases    ] GC(57)   Post Evacuate Collection Set: 0.2ms
[3.410s][info][gc,phases    ] GC(57)   Other: 0.1ms
[3.410s][info][gc,heap      ] GC(57) Eden regions: 744->0(745)
[3.410s][info][gc,heap      ] GC(57) Survivor regions: 3->2(94)
[3.410s][info][gc,heap      ] GC(57) Old regions: 244->244
[3.410s][info][gc,heap      ] GC(57) Humongous regions: 0->0
[3.410s][info][gc,metaspace ] GC(57) Metaspace: 12335K(12800K)->12335K(12800K) NonClass: 11173K(11520K)->11173K(11520K) Class: 1161K(1280K)->1161K(1280K)
[3.410s][info][gc           ] GC(57) Pause Young (Normal) (G1 Evacuation Pause) 989M->245M(1245M) 0.926ms
[3.410s][info][gc,cpu       ] GC(57) User=0.00s Sys=0.00s Real=0.00s
[3.457s][info][gc,start     ] GC(58) Pause Young (Normal) (G1 Evacuation Pause)
[3.457s][info][gc,task      ] GC(58) Using 15 workers of 15 for evacuation
[3.458s][info][gc,phases    ] GC(58)   Pre Evacuate Collection Set: 0.0ms
[3.458s][info][gc,phases    ] GC(58)   Evacuate Collection Set: 0.6ms
[3.458s][info][gc,phases    ] GC(58)   Post Evacuate Collection Set: 0.2ms
[3.458s][info][gc,phases    ] GC(58)   Other: 0.1ms
[3.458s][info][gc,heap      ] GC(58) Eden regions: 745->0(745)
[3.458s][info][gc,heap      ] GC(58) Survivor regions: 2->2(94)
[3.458s][info][gc,heap      ] GC(58) Old regions: 244->244
[3.458s][info][gc,heap      ] GC(58) Humongous regions: 0->0
[3.458s][info][gc,metaspace ] GC(58) Metaspace: 12335K(12800K)->12335K(12800K) NonClass: 11173K(11520K)->11173K(11520K) Class: 1161K(1280K)->1161K(1280K)
[3.458s][info][gc           ] GC(58) Pause Young (Normal) (G1 Evacuation Pause) 990M->245M(1245M) 0.982ms
[3.458s][info][gc,cpu       ] GC(58) User=0.00s Sys=0.00s Real=0.00s
[3.509s][info][gc,start     ] GC(59) Pause Young (Normal) (G1 Evacuation Pause)
[3.509s][info][gc,task      ] GC(59) Using 15 workers of 15 for evacuation
[3.510s][info][gc,phases    ] GC(59)   Pre Evacuate Collection Set: 0.0ms
[3.510s][info][gc,phases    ] GC(59)   Evacuate Collection Set: 0.7ms
[3.510s][info][gc,phases    ] GC(59)   Post Evacuate Collection Set: 0.3ms
[3.510s][info][gc,phases    ] GC(59)   Other: 0.1ms
[3.510s][info][gc,heap      ] GC(59) Eden regions: 745->0(743)
[3.510s][info][gc,heap      ] GC(59) Survivor regions: 2->4(94)
[3.510s][info][gc,heap      ] GC(59) Old regions: 244->244
[3.510s][info][gc,heap      ] GC(59) Humongous regions: 0->0
[3.510s][info][gc,metaspace ] GC(59) Metaspace: 12335K(12800K)->12335K(12800K) NonClass: 11173K(11520K)->11173K(11520K) Class: 1161K(1280K)->1161K(1280K)
[3.510s][info][gc           ] GC(59) Pause Young (Normal) (G1 Evacuation Pause) 990M->247M(1245M) 1.232ms
[3.510s][info][gc,cpu       ] GC(59) User=0.00s Sys=0.00s Real=0.00s
[3.556s][info][gc,start     ] GC(60) Pause Young (Normal) (G1 Evacuation Pause)
[3.556s][info][gc,task      ] GC(60) Using 15 workers of 15 for evacuation
[3.557s][info][gc,phases    ] GC(60)   Pre Evacuate Collection Set: 0.0ms
[3.557s][info][gc,phases    ] GC(60)   Evacuate Collection Set: 0.9ms
[3.557s][info][gc,phases    ] GC(60)   Post Evacuate Collection Set: 0.2ms
[3.557s][info][gc,phases    ] GC(60)   Other: 0.1ms
[3.557s][info][gc,heap      ] GC(60) Eden regions: 743->0(743)
[3.557s][info][gc,heap      ] GC(60) Survivor regions: 4->4(94)
[3.557s][info][gc,heap      ] GC(60) Old regions: 244->244
[3.557s][info][gc,heap      ] GC(60) Humongous regions: 0->0
[3.557s][info][gc,metaspace ] GC(60) Metaspace: 12335K(12800K)->12335K(12800K) NonClass: 11173K(11520K)->11173K(11520K) Class: 1161K(1280K)->1161K(1280K)
[3.557s][info][gc           ] GC(60) Pause Young (Normal) (G1 Evacuation Pause) 990M->247M(1245M) 1.329ms
[3.557s][info][gc,cpu       ] GC(60) User=0.00s Sys=0.00s Real=0.00s
[3.609s][info][gc,start     ] GC(61) Pause Young (Normal) (G1 Evacuation Pause)
[3.609s][info][gc,task      ] GC(61) Using 15 workers of 15 for evacuation
[3.610s][info][gc,phases    ] GC(61)   Pre Evacuate Collection Set: 0.0ms
[3.610s][info][gc,phases    ] GC(61)   Evacuate Collection Set: 0.5ms
[3.610s][info][gc,phases    ] GC(61)   Post Evacuate Collection Set: 0.2ms
[3.610s][info][gc,phases    ] GC(61)   Other: 0.1ms
[3.610s][info][gc,heap      ] GC(61) Eden regions: 743->0(745)
[3.610s][info][gc,heap      ] GC(61) Survivor regions: 4->2(94)
[3.610s][info][gc,heap      ] GC(61) Old regions: 244->244
[3.610s][info][gc,heap      ] GC(61) Humongous regions: 0->0
[3.610s][info][gc,metaspace ] GC(61) Metaspace: 12335K(12800K)->12335K(12800K) NonClass: 11173K(11520K)->11173K(11520K) Class: 1161K(1280K)->1161K(1280K)
[3.610s][info][gc           ] GC(61) Pause Young (Normal) (G1 Evacuation Pause) 990M->245M(1245M) 0.960ms
[3.610s][info][gc,cpu       ] GC(61) User=0.00s Sys=0.00s Real=0.00s
[3.663s][info][gc,start     ] GC(62) Pause Young (Normal) (G1 Evacuation Pause)
[3.663s][info][gc,task      ] GC(62) Using 15 workers of 15 for evacuation
[3.663s][info][gc,phases    ] GC(62)   Pre Evacuate Collection Set: 0.0ms
[3.663s][info][gc,phases    ] GC(62)   Evacuate Collection Set: 0.5ms
[3.663s][info][gc,phases    ] GC(62)   Post Evacuate Collection Set: 0.3ms
[3.663s][info][gc,phases    ] GC(62)   Other: 0.1ms
[3.663s][info][gc,heap      ] GC(62) Eden regions: 745->0(744)
[3.663s][info][gc,heap      ] GC(62) Survivor regions: 2->3(94)
[3.663s][info][gc,heap      ] GC(62) Old regions: 244->244
[3.663s][info][gc,heap      ] GC(62) Humongous regions: 0->0
[3.663s][info][gc,metaspace ] GC(62) Metaspace: 12335K(12800K)->12335K(12800K) NonClass: 11173K(11520K)->11173K(11520K) Class: 1161K(1280K)->1161K(1280K)
[3.663s][info][gc           ] GC(62) Pause Young (Normal) (G1 Evacuation Pause) 990M->245M(1245M) 0.956ms
[3.663s][info][gc,cpu       ] GC(62) User=0.00s Sys=0.00s Real=0.00s
[3.709s][info][gc,start     ] GC(63) Pause Young (Normal) (G1 Evacuation Pause)
[3.709s][info][gc,task      ] GC(63) Using 15 workers of 15 for evacuation
[3.710s][info][gc,phases    ] GC(63)   Pre Evacuate Collection Set: 0.0ms
[3.710s][info][gc,phases    ] GC(63)   Evacuate Collection Set: 0.7ms
[3.710s][info][gc,phases    ] GC(63)   Post Evacuate Collection Set: 0.3ms
[3.710s][info][gc,phases    ] GC(63)   Other: 0.2ms
[3.710s][info][gc,heap      ] GC(63) Eden regions: 744->0(744)
[3.710s][info][gc,heap      ] GC(63) Survivor regions: 3->3(94)
[3.710s][info][gc,heap      ] GC(63) Old regions: 244->244
[3.710s][info][gc,heap      ] GC(63) Humongous regions: 0->0
[3.710s][info][gc,metaspace ] GC(63) Metaspace: 12335K(12800K)->12335K(12800K) NonClass: 11173K(11520K)->11173K(11520K) Class: 1161K(1280K)->1161K(1280K)
[3.710s][info][gc           ] GC(63) Pause Young (Normal) (G1 Evacuation Pause) 989M->246M(1245M) 1.240ms
[3.710s][info][gc,cpu       ] GC(63) User=0.00s Sys=0.00s Real=0.00s
[3.766s][info][gc,start     ] GC(64) Pause Young (Normal) (G1 Evacuation Pause)
[3.766s][info][gc,task      ] GC(64) Using 15 workers of 15 for evacuation
[3.767s][info][gc,phases    ] GC(64)   Pre Evacuate Collection Set: 0.0ms
[3.767s][info][gc,phases    ] GC(64)   Evacuate Collection Set: 0.5ms
[3.767s][info][gc,phases    ] GC(64)   Post Evacuate Collection Set: 0.5ms
[3.767s][info][gc,phases    ] GC(64)   Other: 0.2ms
[3.767s][info][gc,heap      ] GC(64) Eden regions: 744->0(745)
[3.767s][info][gc,heap      ] GC(64) Survivor regions: 3->2(94)
[3.767s][info][gc,heap      ] GC(64) Old regions: 244->244
[3.767s][info][gc,heap      ] GC(64) Humongous regions: 0->0
[3.767s][info][gc,metaspace ] GC(64) Metaspace: 12335K(12800K)->12335K(12800K) NonClass: 11173K(11520K)->11173K(11520K) Class: 1161K(1280K)->1161K(1280K)
[3.767s][info][gc           ] GC(64) Pause Young (Normal) (G1 Evacuation Pause) 990M->245M(1245M) 1.270ms
[3.767s][info][gc,cpu       ] GC(64) User=0.00s Sys=0.00s Real=0.00s
[3.815s][info][gc,start     ] GC(65) Pause Young (Normal) (G1 Evacuation Pause)
[3.815s][info][gc,task      ] GC(65) Using 15 workers of 15 for evacuation
[3.816s][info][gc,phases    ] GC(65)   Pre Evacuate Collection Set: 0.0ms
[3.816s][info][gc,phases    ] GC(65)   Evacuate Collection Set: 0.6ms
[3.816s][info][gc,phases    ] GC(65)   Post Evacuate Collection Set: 0.2ms
[3.816s][info][gc,phases    ] GC(65)   Other: 0.1ms
[3.816s][info][gc,heap      ] GC(65) Eden regions: 745->0(744)
[3.816s][info][gc,heap      ] GC(65) Survivor regions: 2->3(94)
[3.816s][info][gc,heap      ] GC(65) Old regions: 244->244
[3.816s][info][gc,heap      ] GC(65) Humongous regions: 0->0
[3.816s][info][gc,metaspace ] GC(65) Metaspace: 12335K(12800K)->12335K(12800K) NonClass: 11173K(11520K)->11173K(11520K) Class: 1161K(1280K)->1161K(1280K)
[3.816s][info][gc           ] GC(65) Pause Young (Normal) (G1 Evacuation Pause) 990M->245M(1245M) 1.060ms
[3.816s][info][gc,cpu       ] GC(65) User=0.00s Sys=0.00s Real=0.00s
[3.865s][info][gc,start     ] GC(66) Pause Young (Normal) (G1 Evacuation Pause)
[3.865s][info][gc,task      ] GC(66) Using 15 workers of 15 for evacuation
[3.866s][info][gc,phases    ] GC(66)   Pre Evacuate Collection Set: 0.0ms
[3.866s][info][gc,phases    ] GC(66)   Evacuate Collection Set: 0.8ms
[3.866s][info][gc,phases    ] GC(66)   Post Evacuate Collection Set: 0.2ms
[3.866s][info][gc,phases    ] GC(66)   Other: 0.1ms
[3.866s][info][gc,heap      ] GC(66) Eden regions: 744->0(743)
[3.866s][info][gc,heap      ] GC(66) Survivor regions: 3->4(94)
[3.866s][info][gc,heap      ] GC(66) Old regions: 244->244
[3.866s][info][gc,heap      ] GC(66) Humongous regions: 0->0
[3.866s][info][gc,metaspace ] GC(66) Metaspace: 12335K(12800K)->12335K(12800K) NonClass: 11173K(11520K)->11173K(11520K) Class: 1161K(1280K)->1161K(1280K)
[3.866s][info][gc           ] GC(66) Pause Young (Normal) (G1 Evacuation Pause) 989M->247M(1245M) 1.214ms
[3.866s][info][gc,cpu       ] GC(66) User=0.00s Sys=0.00s Real=0.00s
[3.915s][info][gc,start     ] GC(67) Pause Young (Normal) (G1 Evacuation Pause)
[3.915s][info][gc,task      ] GC(67) Using 15 workers of 15 for evacuation
[3.916s][info][gc,phases    ] GC(67)   Pre Evacuate Collection Set: 0.0ms
[3.916s][info][gc,phases    ] GC(67)   Evacuate Collection Set: 0.4ms
[3.916s][info][gc,phases    ] GC(67)   Post Evacuate Collection Set: 0.2ms
[3.916s][info][gc,phases    ] GC(67)   Other: 0.1ms
[3.916s][info][gc,heap      ] GC(67) Eden regions: 743->0(745)
[3.916s][info][gc,heap      ] GC(67) Survivor regions: 4->2(94)
[3.916s][info][gc,heap      ] GC(67) Old regions: 244->244
[3.916s][info][gc,heap      ] GC(67) Humongous regions: 0->0
[3.916s][info][gc,metaspace ] GC(67) Metaspace: 12335K(12800K)->12335K(12800K) NonClass: 11173K(11520K)->11173K(11520K) Class: 1161K(1280K)->1161K(1280K)
[3.916s][info][gc           ] GC(67) Pause Young (Normal) (G1 Evacuation Pause) 990M->245M(1245M) 0.792ms
[3.916s][info][gc,cpu       ] GC(67) User=0.00s Sys=0.00s Real=0.00s
[3.962s][info][gc,start     ] GC(68) Pause Young (Normal) (G1 Evacuation Pause)
[3.962s][info][gc,task      ] GC(68) Using 15 workers of 15 for evacuation
[3.963s][info][gc,phases    ] GC(68)   Pre Evacuate Collection Set: 0.0ms
[3.963s][info][gc,phases    ] GC(68)   Evacuate Collection Set: 0.5ms
[3.963s][info][gc,phases    ] GC(68)   Post Evacuate Collection Set: 0.2ms
[3.963s][info][gc,phases    ] GC(68)   Other: 0.1ms
[3.963s][info][gc,heap      ] GC(68) Eden regions: 745->0(745)
[3.963s][info][gc,heap      ] GC(68) Survivor regions: 2->2(94)
[3.963s][info][gc,heap      ] GC(68) Old regions: 244->244
[3.963s][info][gc,heap      ] GC(68) Humongous regions: 0->0
[3.963s][info][gc,metaspace ] GC(68) Metaspace: 12335K(12800K)->12335K(12800K) NonClass: 11173K(11520K)->11173K(11520K) Class: 1161K(1280K)->1161K(1280K)
[3.963s][info][gc           ] GC(68) Pause Young (Normal) (G1 Evacuation Pause) 990M->245M(1245M) 0.955ms
[3.963s][info][gc,cpu       ] GC(68) User=0.00s Sys=0.00s Real=0.00s
[4.015s][info][gc,start     ] GC(69) Pause Young (Normal) (G1 Evacuation Pause)
[4.015s][info][gc,task      ] GC(69) Using 15 workers of 15 for evacuation
[4.016s][info][gc,phases    ] GC(69)   Pre Evacuate Collection Set: 0.0ms
[4.016s][info][gc,phases    ] GC(69)   Evacuate Collection Set: 0.5ms
[4.016s][info][gc,phases    ] GC(69)   Post Evacuate Collection Set: 0.2ms
[4.016s][info][gc,phases    ] GC(69)   Other: 0.1ms
[4.016s][info][gc,heap      ] GC(69) Eden regions: 745->0(745)
[4.016s][info][gc,heap      ] GC(69) Survivor regions: 2->2(94)
[4.016s][info][gc,heap      ] GC(69) Old regions: 244->244
[4.016s][info][gc,heap      ] GC(69) Humongous regions: 0->0
[4.016s][info][gc,metaspace ] GC(69) Metaspace: 12341K(12800K)->12341K(12800K) NonClass: 11179K(11520K)->11179K(11520K) Class: 1161K(1280K)->1161K(1280K)
[4.016s][info][gc           ] GC(69) Pause Young (Normal) (G1 Evacuation Pause) 990M->245M(1245M) 0.892ms
[4.016s][info][gc,cpu       ] GC(69) User=0.00s Sys=0.00s Real=0.00s
[4.061s][info][gc,start     ] GC(70) Pause Young (Normal) (G1 Evacuation Pause)
[4.062s][info][gc,task      ] GC(70) Using 15 workers of 15 for evacuation
[4.063s][info][gc,phases    ] GC(70)   Pre Evacuate Collection Set: 0.0ms
[4.063s][info][gc,phases    ] GC(70)   Evacuate Collection Set: 0.8ms
[4.063s][info][gc,phases    ] GC(70)   Post Evacuate Collection Set: 0.2ms
[4.063s][info][gc,phases    ] GC(70)   Other: 0.1ms
[4.063s][info][gc,heap      ] GC(70) Eden regions: 745->0(743)
[4.063s][info][gc,heap      ] GC(70) Survivor regions: 2->4(94)
[4.063s][info][gc,heap      ] GC(70) Old regions: 244->244
[4.063s][info][gc,heap      ] GC(70) Humongous regions: 0->0
[4.063s][info][gc,metaspace ] GC(70) Metaspace: 12341K(12800K)->12341K(12800K) NonClass: 11179K(11520K)->11179K(11520K) Class: 1161K(1280K)->1161K(1280K)
[4.063s][info][gc           ] GC(70) Pause Young (Normal) (G1 Evacuation Pause) 990M->247M(1245M) 1.235ms
[4.063s][info][gc,cpu       ] GC(70) User=0.00s Sys=0.00s Real=0.00s
[4.114s][info][gc,start     ] GC(71) Pause Young (Normal) (G1 Evacuation Pause)
[4.114s][info][gc,task      ] GC(71) Using 15 workers of 15 for evacuation
[4.115s][info][gc,phases    ] GC(71)   Pre Evacuate Collection Set: 0.0ms
[4.115s][info][gc,phases    ] GC(71)   Evacuate Collection Set: 0.6ms
[4.115s][info][gc,phases    ] GC(71)   Post Evacuate Collection Set: 0.2ms
[4.115s][info][gc,phases    ] GC(71)   Other: 0.1ms
[4.115s][info][gc,heap      ] GC(71) Eden regions: 743->0(744)
[4.115s][info][gc,heap      ] GC(71) Survivor regions: 4->3(94)
[4.115s][info][gc,heap      ] GC(71) Old regions: 244->244
[4.115s][info][gc,heap      ] GC(71) Humongous regions: 0->0
[4.115s][info][gc,metaspace ] GC(71) Metaspace: 12341K(12800K)->12341K(12800K) NonClass: 11179K(11520K)->11179K(11520K) Class: 1161K(1280K)->1161K(1280K)
[4.115s][info][gc           ] GC(71) Pause Young (Normal) (G1 Evacuation Pause) 990M->246M(1245M) 0.973ms
[4.115s][info][gc,cpu       ] GC(71) User=0.00s Sys=0.00s Real=0.00s
[4.165s][info][gc,start     ] GC(72) Pause Young (Normal) (G1 Evacuation Pause)
[4.165s][info][gc,task      ] GC(72) Using 15 workers of 15 for evacuation
[4.165s][info][gc,phases    ] GC(72)   Pre Evacuate Collection Set: 0.0ms
[4.165s][info][gc,phases    ] GC(72)   Evacuate Collection Set: 0.4ms
[4.165s][info][gc,phases    ] GC(72)   Post Evacuate Collection Set: 0.2ms
[4.165s][info][gc,phases    ] GC(72)   Other: 0.1ms
[4.165s][info][gc,heap      ] GC(72) Eden regions: 744->0(745)
[4.166s][info][gc,heap      ] GC(72) Survivor regions: 3->2(94)
[4.166s][info][gc,heap      ] GC(72) Old regions: 244->244
[4.166s][info][gc,heap      ] GC(72) Humongous regions: 0->0
[4.166s][info][gc,metaspace ] GC(72) Metaspace: 12341K(12800K)->12341K(12800K) NonClass: 11179K(11520K)->11179K(11520K) Class: 1161K(1280K)->1161K(1280K)
[4.166s][info][gc           ] GC(72) Pause Young (Normal) (G1 Evacuation Pause) 990M->245M(1245M) 0.816ms
[4.166s][info][gc,cpu       ] GC(72) User=0.00s Sys=0.00s Real=0.00s
[4.213s][info][gc,start     ] GC(73) Pause Young (Normal) (G1 Evacuation Pause)
[4.213s][info][gc,task      ] GC(73) Using 15 workers of 15 for evacuation
[4.214s][info][gc,phases    ] GC(73)   Pre Evacuate Collection Set: 0.0ms
[4.214s][info][gc,phases    ] GC(73)   Evacuate Collection Set: 0.6ms
[4.214s][info][gc,phases    ] GC(73)   Post Evacuate Collection Set: 0.3ms
[4.214s][info][gc,phases    ] GC(73)   Other: 0.2ms
[4.214s][info][gc,heap      ] GC(73) Eden regions: 745->0(745)
[4.214s][info][gc,heap      ] GC(73) Survivor regions: 2->2(94)
[4.214s][info][gc,heap      ] GC(73) Old regions: 244->244
[4.214s][info][gc,heap      ] GC(73) Humongous regions: 0->0
[4.214s][info][gc,metaspace ] GC(73) Metaspace: 12341K(12800K)->12341K(12800K) NonClass: 11179K(11520K)->11179K(11520K) Class: 1161K(1280K)->1161K(1280K)
[4.214s][info][gc           ] GC(73) Pause Young (Normal) (G1 Evacuation Pause) 990M->245M(1245M) 1.118ms
[4.214s][info][gc,cpu       ] GC(73) User=0.00s Sys=0.00s Real=0.00s
[4.268s][info][gc,start     ] GC(74) Pause Young (Normal) (G1 Evacuation Pause)
[4.268s][info][gc,task      ] GC(74) Using 15 workers of 15 for evacuation
[4.269s][info][gc,phases    ] GC(74)   Pre Evacuate Collection Set: 0.0ms
[4.269s][info][gc,phases    ] GC(74)   Evacuate Collection Set: 0.5ms
[4.269s][info][gc,phases    ] GC(74)   Post Evacuate Collection Set: 0.3ms
[4.269s][info][gc,phases    ] GC(74)   Other: 0.2ms
[4.269s][info][gc,heap      ] GC(74) Eden regions: 745->0(745)
[4.269s][info][gc,heap      ] GC(74) Survivor regions: 2->2(94)
[4.269s][info][gc,heap      ] GC(74) Old regions: 244->244
[4.269s][info][gc,heap      ] GC(74) Humongous regions: 0->0
[4.269s][info][gc,metaspace ] GC(74) Metaspace: 12341K(12800K)->12341K(12800K) NonClass: 11179K(11520K)->11179K(11520K) Class: 1161K(1280K)->1161K(1280K)
[4.269s][info][gc           ] GC(74) Pause Young (Normal) (G1 Evacuation Pause) 990M->245M(1245M) 1.060ms
[4.269s][info][gc,cpu       ] GC(74) User=0.00s Sys=0.00s Real=0.00s
[4.316s][info][gc,start     ] GC(75) Pause Young (Normal) (G1 Evacuation Pause)
[4.316s][info][gc,task      ] GC(75) Using 15 workers of 15 for evacuation
[4.317s][info][gc,phases    ] GC(75)   Pre Evacuate Collection Set: 0.0ms
[4.317s][info][gc,phases    ] GC(75)   Evacuate Collection Set: 0.6ms
[4.317s][info][gc,phases    ] GC(75)   Post Evacuate Collection Set: 0.2ms
[4.317s][info][gc,phases    ] GC(75)   Other: 0.1ms
[4.317s][info][gc,heap      ] GC(75) Eden regions: 745->0(745)
[4.317s][info][gc,heap      ] GC(75) Survivor regions: 2->2(94)
[4.317s][info][gc,heap      ] GC(75) Old regions: 244->244
[4.317s][info][gc,heap      ] GC(75) Humongous regions: 0->0
[4.317s][info][gc,metaspace ] GC(75) Metaspace: 12341K(12800K)->12341K(12800K) NonClass: 11179K(11520K)->11179K(11520K) Class: 1161K(1280K)->1161K(1280K)
[4.317s][info][gc           ] GC(75) Pause Young (Normal) (G1 Evacuation Pause) 990M->245M(1245M) 0.992ms
[4.317s][info][gc,cpu       ] GC(75) User=0.00s Sys=0.00s Real=0.00s
[4.369s][info][gc,start     ] GC(76) Pause Young (Normal) (G1 Evacuation Pause)
[4.369s][info][gc,task      ] GC(76) Using 15 workers of 15 for evacuation
[4.369s][info][gc,phases    ] GC(76)   Pre Evacuate Collection Set: 0.0ms
[4.370s][info][gc,phases    ] GC(76)   Evacuate Collection Set: 0.6ms
[4.370s][info][gc,phases    ] GC(76)   Post Evacuate Collection Set: 0.2ms
[4.370s][info][gc,phases    ] GC(76)   Other: 0.1ms
[4.370s][info][gc,heap      ] GC(76) Eden regions: 745->0(744)
[4.370s][info][gc,heap      ] GC(76) Survivor regions: 2->3(94)
[4.370s][info][gc,heap      ] GC(76) Old regions: 244->244
[4.370s][info][gc,heap      ] GC(76) Humongous regions: 0->0
[4.370s][info][gc,metaspace ] GC(76) Metaspace: 12341K(12800K)->12341K(12800K) NonClass: 11179K(11520K)->11179K(11520K) Class: 1161K(1280K)->1161K(1280K)
[4.370s][info][gc           ] GC(76) Pause Young (Normal) (G1 Evacuation Pause) 990M->246M(1245M) 0.961ms
[4.370s][info][gc,cpu       ] GC(76) User=0.00s Sys=0.00s Real=0.00s
[4.416s][info][gc,start     ] GC(77) Pause Young (Normal) (G1 Evacuation Pause)
[4.417s][info][gc,task      ] GC(77) Using 15 workers of 15 for evacuation
[4.417s][info][gc,phases    ] GC(77)   Pre Evacuate Collection Set: 0.0ms
[4.417s][info][gc,phases    ] GC(77)   Evacuate Collection Set: 0.5ms
[4.417s][info][gc,phases    ] GC(77)   Post Evacuate Collection Set: 0.2ms
[4.417s][info][gc,phases    ] GC(77)   Other: 0.1ms
[4.417s][info][gc,heap      ] GC(77) Eden regions: 744->0(745)
[4.417s][info][gc,heap      ] GC(77) Survivor regions: 3->2(94)
[4.417s][info][gc,heap      ] GC(77) Old regions: 244->244
[4.417s][info][gc,heap      ] GC(77) Humongous regions: 0->0
[4.417s][info][gc,metaspace ] GC(77) Metaspace: 12341K(12800K)->12341K(12800K) NonClass: 11179K(11520K)->11179K(11520K) Class: 1161K(1280K)->1161K(1280K)
[4.417s][info][gc           ] GC(77) Pause Young (Normal) (G1 Evacuation Pause) 990M->245M(1245M) 0.889ms
[4.417s][info][gc,cpu       ] GC(77) User=0.00s Sys=0.00s Real=0.00s
[4.469s][info][gc,start     ] GC(78) Pause Young (Normal) (G1 Evacuation Pause)
[4.469s][info][gc,task      ] GC(78) Using 15 workers of 15 for evacuation
[4.470s][info][gc,phases    ] GC(78)   Pre Evacuate Collection Set: 0.0ms
[4.470s][info][gc,phases    ] GC(78)   Evacuate Collection Set: 0.6ms
[4.470s][info][gc,phases    ] GC(78)   Post Evacuate Collection Set: 0.2ms
[4.470s][info][gc,phases    ] GC(78)   Other: 0.1ms
[4.470s][info][gc,heap      ] GC(78) Eden regions: 745->0(745)
[4.470s][info][gc,heap      ] GC(78) Survivor regions: 2->2(94)
[4.470s][info][gc,heap      ] GC(78) Old regions: 244->244
[4.470s][info][gc,heap      ] GC(78) Humongous regions: 0->0
[4.470s][info][gc,metaspace ] GC(78) Metaspace: 12341K(12800K)->12341K(12800K) NonClass: 11179K(11520K)->11179K(11520K) Class: 1161K(1280K)->1161K(1280K)
[4.470s][info][gc           ] GC(78) Pause Young (Normal) (G1 Evacuation Pause) 990M->245M(1245M) 0.973ms
[4.470s][info][gc,cpu       ] GC(78) User=0.00s Sys=0.00s Real=0.00s
[4.523s][info][gc,start     ] GC(79) Pause Young (Normal) (G1 Evacuation Pause)
[4.523s][info][gc,task      ] GC(79) Using 15 workers of 15 for evacuation
[4.524s][info][gc,phases    ] GC(79)   Pre Evacuate Collection Set: 0.0ms
[4.524s][info][gc,phases    ] GC(79)   Evacuate Collection Set: 0.5ms
[4.524s][info][gc,phases    ] GC(79)   Post Evacuate Collection Set: 0.2ms
[4.524s][info][gc,phases    ] GC(79)   Other: 0.1ms
[4.524s][info][gc,heap      ] GC(79) Eden regions: 745->0(745)
[4.524s][info][gc,heap      ] GC(79) Survivor regions: 2->2(94)
[4.524s][info][gc,heap      ] GC(79) Old regions: 244->244
[4.524s][info][gc,heap      ] GC(79) Humongous regions: 0->0
[4.524s][info][gc,metaspace ] GC(79) Metaspace: 12345K(12800K)->12345K(12800K) NonClass: 11183K(11520K)->11183K(11520K) Class: 1161K(1280K)->1161K(1280K)
[4.524s][info][gc           ] GC(79) Pause Young (Normal) (G1 Evacuation Pause) 990M->245M(1245M) 0.878ms
[4.524s][info][gc,cpu       ] GC(79) User=0.00s Sys=0.00s Real=0.00s
[4.568s][info][gc,start     ] GC(80) Pause Young (Normal) (G1 Evacuation Pause)
[4.568s][info][gc,task      ] GC(80) Using 15 workers of 15 for evacuation
[4.570s][info][gc,phases    ] GC(80)   Pre Evacuate Collection Set: 0.0ms
[4.570s][info][gc,phases    ] GC(80)   Evacuate Collection Set: 0.7ms
[4.570s][info][gc,phases    ] GC(80)   Post Evacuate Collection Set: 0.2ms
[4.570s][info][gc,phases    ] GC(80)   Other: 0.1ms
[4.570s][info][gc,heap      ] GC(80) Eden regions: 745->0(744)
[4.570s][info][gc,heap      ] GC(80) Survivor regions: 2->3(94)
[4.570s][info][gc,heap      ] GC(80) Old regions: 244->244
[4.570s][info][gc,heap      ] GC(80) Humongous regions: 0->0
[4.570s][info][gc,metaspace ] GC(80) Metaspace: 12345K(12800K)->12345K(12800K) NonClass: 11183K(11520K)->11183K(11520K) Class: 1161K(1280K)->1161K(1280K)
[4.570s][info][gc           ] GC(80) Pause Young (Normal) (G1 Evacuation Pause) 990M->246M(1245M) 1.173ms
[4.570s][info][gc,cpu       ] GC(80) User=0.00s Sys=0.00s Real=0.00s
[4.621s][info][gc,start     ] GC(81) Pause Young (Normal) (G1 Evacuation Pause)
[4.621s][info][gc,task      ] GC(81) Using 15 workers of 15 for evacuation
[4.622s][info][gc,phases    ] GC(81)   Pre Evacuate Collection Set: 0.0ms
[4.622s][info][gc,phases    ] GC(81)   Evacuate Collection Set: 0.5ms
[4.622s][info][gc,phases    ] GC(81)   Post Evacuate Collection Set: 0.2ms
[4.622s][info][gc,phases    ] GC(81)   Other: 0.1ms
[4.622s][info][gc,heap      ] GC(81) Eden regions: 744->0(745)
[4.622s][info][gc,heap      ] GC(81) Survivor regions: 3->2(94)
[4.622s][info][gc,heap      ] GC(81) Old regions: 244->244
[4.622s][info][gc,heap      ] GC(81) Humongous regions: 0->0
[4.622s][info][gc,metaspace ] GC(81) Metaspace: 12345K(12800K)->12345K(12800K) NonClass: 11183K(11520K)->11183K(11520K) Class: 1161K(1280K)->1161K(1280K)
[4.622s][info][gc           ] GC(81) Pause Young (Normal) (G1 Evacuation Pause) 990M->245M(1245M) 0.926ms
[4.622s][info][gc,cpu       ] GC(81) User=0.00s Sys=0.00s Real=0.00s
[4.668s][info][gc,start     ] GC(82) Pause Young (Normal) (G1 Evacuation Pause)
[4.668s][info][gc,task      ] GC(82) Using 15 workers of 15 for evacuation
[4.669s][info][gc,phases    ] GC(82)   Pre Evacuate Collection Set: 0.0ms
[4.669s][info][gc,phases    ] GC(82)   Evacuate Collection Set: 0.7ms
[4.669s][info][gc,phases    ] GC(82)   Post Evacuate Collection Set: 0.2ms
[4.669s][info][gc,phases    ] GC(82)   Other: 0.1ms
[4.669s][info][gc,heap      ] GC(82) Eden regions: 745->0(743)
[4.669s][info][gc,heap      ] GC(82) Survivor regions: 2->4(94)
[4.669s][info][gc,heap      ] GC(82) Old regions: 244->244
[4.669s][info][gc,heap      ] GC(82) Humongous regions: 0->0
[4.669s][info][gc,metaspace ] GC(82) Metaspace: 12345K(12800K)->12345K(12800K) NonClass: 11183K(11520K)->11183K(11520K) Class: 1161K(1280K)->1161K(1280K)
[4.669s][info][gc           ] GC(82) Pause Young (Normal) (G1 Evacuation Pause) 990M->247M(1245M) 1.157ms
[4.669s][info][gc,cpu       ] GC(82) User=0.00s Sys=0.00s Real=0.00s
[4.720s][info][gc,start     ] GC(83) Pause Young (Normal) (G1 Evacuation Pause)
[4.720s][info][gc,task      ] GC(83) Using 15 workers of 15 for evacuation
[4.721s][info][gc,phases    ] GC(83)   Pre Evacuate Collection Set: 0.0ms
[4.721s][info][gc,phases    ] GC(83)   Evacuate Collection Set: 0.5ms
[4.721s][info][gc,phases    ] GC(83)   Post Evacuate Collection Set: 0.3ms
[4.721s][info][gc,phases    ] GC(83)   Other: 0.1ms
[4.721s][info][gc,heap      ] GC(83) Eden regions: 743->0(745)
[4.721s][info][gc,heap      ] GC(83) Survivor regions: 4->2(94)
[4.721s][info][gc,heap      ] GC(83) Old regions: 244->244
[4.721s][info][gc,heap      ] GC(83) Humongous regions: 0->0
[4.721s][info][gc,metaspace ] GC(83) Metaspace: 12347K(12800K)->12347K(12800K) NonClass: 11185K(11520K)->11185K(11520K) Class: 1161K(1280K)->1161K(1280K)
[4.721s][info][gc           ] GC(83) Pause Young (Normal) (G1 Evacuation Pause) 990M->245M(1245M) 0.978ms
[4.721s][info][gc,cpu       ] GC(83) User=0.00s Sys=0.00s Real=0.00s
[4.773s][info][gc,start     ] GC(84) Pause Young (Normal) (G1 Evacuation Pause)
[4.773s][info][gc,task      ] GC(84) Using 15 workers of 15 for evacuation
[4.774s][info][gc,phases    ] GC(84)   Pre Evacuate Collection Set: 0.0ms
[4.774s][info][gc,phases    ] GC(84)   Evacuate Collection Set: 0.7ms
[4.774s][info][gc,phases    ] GC(84)   Post Evacuate Collection Set: 0.2ms
[4.774s][info][gc,phases    ] GC(84)   Other: 0.2ms
[4.774s][info][gc,heap      ] GC(84) Eden regions: 745->0(743)
[4.774s][info][gc,heap      ] GC(84) Survivor regions: 2->4(94)
[4.774s][info][gc,heap      ] GC(84) Old regions: 244->244
[4.774s][info][gc,heap      ] GC(84) Humongous regions: 0->0
[4.774s][info][gc,metaspace ] GC(84) Metaspace: 12347K(12800K)->12347K(12800K) NonClass: 11185K(11520K)->11185K(11520K) Class: 1161K(1280K)->1161K(1280K)
[4.774s][info][gc           ] GC(84) Pause Young (Normal) (G1 Evacuation Pause) 990M->247M(1245M) 1.196ms
[4.774s][info][gc,cpu       ] GC(84) User=0.00s Sys=0.00s Real=0.00s
[4.819s][info][gc,start     ] GC(85) Pause Young (Normal) (G1 Evacuation Pause)
[4.819s][info][gc,task      ] GC(85) Using 15 workers of 15 for evacuation
[4.820s][info][gc,phases    ] GC(85)   Pre Evacuate Collection Set: 0.0ms
[4.820s][info][gc,phases    ] GC(85)   Evacuate Collection Set: 0.8ms
[4.820s][info][gc,phases    ] GC(85)   Post Evacuate Collection Set: 0.2ms
[4.820s][info][gc,phases    ] GC(85)   Other: 0.1ms
[4.820s][info][gc,heap      ] GC(85) Eden regions: 743->0(742)
[4.820s][info][gc,heap      ] GC(85) Survivor regions: 4->5(94)
[4.820s][info][gc,heap      ] GC(85) Old regions: 244->244
[4.820s][info][gc,heap      ] GC(85) Humongous regions: 0->0
[4.820s][info][gc,metaspace ] GC(85) Metaspace: 12347K(12800K)->12347K(12800K) NonClass: 11185K(11520K)->11185K(11520K) Class: 1161K(1280K)->1161K(1280K)
[4.820s][info][gc           ] GC(85) Pause Young (Normal) (G1 Evacuation Pause) 990M->248M(1245M) 1.264ms
[4.820s][info][gc,cpu       ] GC(85) User=0.00s Sys=0.00s Real=0.00s
[4.873s][info][gc,start     ] GC(86) Pause Young (Normal) (G1 Evacuation Pause)
[4.873s][info][gc,task      ] GC(86) Using 15 workers of 15 for evacuation
[4.874s][info][gc,phases    ] GC(86)   Pre Evacuate Collection Set: 0.0ms
[4.874s][info][gc,phases    ] GC(86)   Evacuate Collection Set: 0.6ms
[4.874s][info][gc,phases    ] GC(86)   Post Evacuate Collection Set: 0.2ms
[4.874s][info][gc,phases    ] GC(86)   Other: 0.1ms
[4.874s][info][gc,heap      ] GC(86) Eden regions: 742->0(744)
[4.874s][info][gc,heap      ] GC(86) Survivor regions: 5->3(94)
[4.874s][info][gc,heap      ] GC(86) Old regions: 244->244
[4.874s][info][gc,heap      ] GC(86) Humongous regions: 0->0
[4.874s][info][gc,metaspace ] GC(86) Metaspace: 12347K(12800K)->12347K(12800K) NonClass: 11185K(11520K)->11185K(11520K) Class: 1161K(1280K)->1161K(1280K)
[4.874s][info][gc           ] GC(86) Pause Young (Normal) (G1 Evacuation Pause) 990M->246M(1245M) 1.014ms
[4.874s][info][gc,cpu       ] GC(86) User=0.00s Sys=0.00s Real=0.00s
[4.919s][info][gc,start     ] GC(87) Pause Young (Normal) (G1 Evacuation Pause)
[4.919s][info][gc,task      ] GC(87) Using 15 workers of 15 for evacuation
[4.920s][info][gc,phases    ] GC(87)   Pre Evacuate Collection Set: 0.0ms
[4.920s][info][gc,phases    ] GC(87)   Evacuate Collection Set: 0.5ms
[4.920s][info][gc,phases    ] GC(87)   Post Evacuate Collection Set: 0.2ms
[4.920s][info][gc,phases    ] GC(87)   Other: 0.1ms
[4.920s][info][gc,heap      ] GC(87) Eden regions: 744->0(745)
[4.920s][info][gc,heap      ] GC(87) Survivor regions: 3->2(94)
[4.920s][info][gc,heap      ] GC(87) Old regions: 244->244
[4.920s][info][gc,heap      ] GC(87) Humongous regions: 0->0
[4.920s][info][gc,metaspace ] GC(87) Metaspace: 12347K(12800K)->12347K(12800K) NonClass: 11185K(11520K)->11185K(11520K) Class: 1161K(1280K)->1161K(1280K)
[4.920s][info][gc           ] GC(87) Pause Young (Normal) (G1 Evacuation Pause) 990M->245M(1245M) 0.957ms
[4.920s][info][gc,cpu       ] GC(87) User=0.00s Sys=0.00s Real=0.00s
[4.969s][info][gc,start     ] GC(88) Pause Young (Normal) (G1 Evacuation Pause)
[4.970s][info][gc,task      ] GC(88) Using 15 workers of 15 for evacuation
[4.970s][info][gc,phases    ] GC(88)   Pre Evacuate Collection Set: 0.0ms
[4.970s][info][gc,phases    ] GC(88)   Evacuate Collection Set: 0.5ms
[4.970s][info][gc,phases    ] GC(88)   Post Evacuate Collection Set: 0.2ms
[4.970s][info][gc,phases    ] GC(88)   Other: 0.1ms
[4.970s][info][gc,heap      ] GC(88) Eden regions: 745->0(745)
[4.970s][info][gc,heap      ] GC(88) Survivor regions: 2->2(94)
[4.970s][info][gc,heap      ] GC(88) Old regions: 244->244
[4.970s][info][gc,heap      ] GC(88) Humongous regions: 0->0
[4.970s][info][gc,metaspace ] GC(88) Metaspace: 12347K(12800K)->12347K(12800K) NonClass: 11185K(11520K)->11185K(11520K) Class: 1161K(1280K)->1161K(1280K)
[4.970s][info][gc           ] GC(88) Pause Young (Normal) (G1 Evacuation Pause) 990M->245M(1245M) 0.929ms
[4.970s][info][gc,cpu       ] GC(88) User=0.00s Sys=0.00s Real=0.00s
[5.024s][info][gc,start     ] GC(89) Pause Young (Normal) (G1 Evacuation Pause)
[5.024s][info][gc,task      ] GC(89) Using 15 workers of 15 for evacuation
[5.025s][info][gc,phases    ] GC(89)   Pre Evacuate Collection Set: 0.0ms
[5.025s][info][gc,phases    ] GC(89)   Evacuate Collection Set: 0.6ms
[5.025s][info][gc,phases    ] GC(89)   Post Evacuate Collection Set: 0.2ms
[5.025s][info][gc,phases    ] GC(89)   Other: 0.1ms
[5.025s][info][gc,heap      ] GC(89) Eden regions: 745->0(743)
[5.025s][info][gc,heap      ] GC(89) Survivor regions: 2->4(94)
[5.025s][info][gc,heap      ] GC(89) Old regions: 244->244
[5.025s][info][gc,heap      ] GC(89) Humongous regions: 0->0
[5.025s][info][gc,metaspace ] GC(89) Metaspace: 12347K(12800K)->12347K(12800K) NonClass: 11185K(11520K)->11185K(11520K) Class: 1161K(1280K)->1161K(1280K)
[5.025s][info][gc           ] GC(89) Pause Young (Normal) (G1 Evacuation Pause) 990M->246M(1245M) 1.073ms
[5.025s][info][gc,cpu       ] GC(89) User=0.00s Sys=0.00s Real=0.00s
[5.070s][info][gc,start     ] GC(90) Pause Young (Normal) (G1 Evacuation Pause)
[5.070s][info][gc,task      ] GC(90) Using 15 workers of 15 for evacuation
[5.071s][info][gc,phases    ] GC(90)   Pre Evacuate Collection Set: 0.0ms
[5.071s][info][gc,phases    ] GC(90)   Evacuate Collection Set: 0.7ms
[5.071s][info][gc,phases    ] GC(90)   Post Evacuate Collection Set: 0.3ms
[5.071s][info][gc,phases    ] GC(90)   Other: 0.1ms
[5.071s][info][gc,heap      ] GC(90) Eden regions: 743->0(744)
[5.071s][info][gc,heap      ] GC(90) Survivor regions: 4->3(94)
[5.071s][info][gc,heap      ] GC(90) Old regions: 244->244
[5.071s][info][gc,heap      ] GC(90) Humongous regions: 0->0
[5.071s][info][gc,metaspace ] GC(90) Metaspace: 12347K(12800K)->12347K(12800K) NonClass: 11185K(11520K)->11185K(11520K) Class: 1161K(1280K)->1161K(1280K)
[5.072s][info][gc           ] GC(90) Pause Young (Normal) (G1 Evacuation Pause) 989M->246M(1245M) 1.093ms
[5.072s][info][gc,cpu       ] GC(90) User=0.00s Sys=0.00s Real=0.00s
[5.106s][info][gc,heap,exit ] Heap
[5.106s][info][gc,heap,exit ]  garbage-first heap   total 1274880K, used 641188K [0x0000000700000000, 0x0000000800000000)
[5.106s][info][gc,heap,exit ]   region size 1024K, 385 young (394240K), 3 survivors (3072K)
[5.106s][info][gc,heap,exit ]  Metaspace       used 12419K, capacity 12780K, committed 12800K, reserved 1060864K
[5.106s][info][gc,heap,exit ]   class space    used 1168K, capacity 1265K, committed 1280K, reserved 1048576K
[11.975s][info][gc,heap,exit ] Heap
[11.975s][info][gc,heap,exit ]  garbage-first heap   total 522240K, used 18432K [0x0000000700000000, 0x0000000800000000)
[11.975s][info][gc,heap,exit ]   region size 1024K, 19 young (19456K), 0 survivors (0K)
[11.976s][info][gc,heap,exit ]  Metaspace       used 12841K, capacity 13158K, committed 13312K, reserved 1060864K
[11.976s][info][gc,heap,exit ]   class space    used 1185K, capacity 1269K, committed 1280K, reserved 1048576K
