[0.007s][info][gc,heap] Heap region size: 1M
[0.014s][info][gc     ] Using G1
[0.014s][info][gc,heap,coops] Heap address: 0x0000000700000000, size: 4096 MB, Compressed Oops mode: Zero based, Oop shift amount: 3
[0.006s][info][gc,heap] Heap region size: 1M
[0.013s][info][gc     ] Using G1
[0.013s][info][gc,heap,coops] Heap address: 0x0000000700000000, size: 4096 MB, Compressed Oops mode: Zero based, Oop shift amount: 3
[0.275s][info][gc,start     ] GC(0) Pause Young (Normal) (G1 Evacuation Pause)
[0.276s][info][gc,task      ] GC(0) Using 12 workers of 15 for evacuation
[0.278s][info][gc,phases    ] GC(0)   Pre Evacuate Collection Set: 0.0ms
[0.278s][info][gc,phases    ] GC(0)   Evacuate Collection Set: 2.0ms
[0.278s][info][gc,phases    ] GC(0)   Post Evacuate Collection Set: 0.2ms
[0.278s][info][gc,phases    ] GC(0)   Other: 0.9ms
[0.278s][info][gc,heap      ] GC(0) Eden regions: 25->0(244)
[0.278s][info][gc,heap      ] GC(0) Survivor regions: 0->4(4)
[0.278s][info][gc,heap      ] GC(0) Old regions: 0->2
[0.278s][info][gc,heap      ] GC(0) Humongous regions: 0->0
[0.278s][info][gc,metaspace ] GC(0) Metaspace: 11573K(12032K)->11573K(12032K) NonClass: 10485K(10752K)->10485K(10752K) Class: 1087K(1280K)->1087K(1280K)
[0.278s][info][gc           ] GC(0) Pause Young (Normal) (G1 Evacuation Pause) 25M->5M(510M) 3.319ms
[0.278s][info][gc,cpu       ] GC(0) User=0.00s Sys=0.00s Real=0.00s
[0.482s][info][gc,start     ] GC(1) Pause Young (Normal) (G1 Evacuation Pause)
[0.482s][info][gc,task      ] GC(1) Using 12 workers of 15 for evacuation
[0.495s][info][gc,phases    ] GC(1)   Pre Evacuate Collection Set: 0.0ms
[0.495s][info][gc,phases    ] GC(1)   Evacuate Collection Set: 13.0ms
[0.495s][info][gc,phases    ] GC(1)   Post Evacuate Collection Set: 0.3ms
[0.495s][info][gc,phases    ] GC(1)   Other: 0.1ms
[0.495s][info][gc,heap      ] GC(1) Eden regions: 244->0(50)
[0.495s][info][gc,heap      ] GC(1) Survivor regions: 4->31(31)
[0.495s][info][gc,heap      ] GC(1) Old regions: 2->38
[0.495s][info][gc,heap      ] GC(1) Humongous regions: 1->0
[0.495s][info][gc,metaspace ] GC(1) Metaspace: 11610K(12032K)->11610K(12032K) NonClass: 10523K(10752K)->10523K(10752K) Class: 1087K(1280K)->1087K(1280K)
[0.495s][info][gc           ] GC(1) Pause Young (Normal) (G1 Evacuation Pause) 250M->68M(510M) 13.514ms
[0.495s][info][gc,cpu       ] GC(1) User=0.00s Sys=0.02s Real=0.01s
[0.533s][info][gc,start     ] GC(2) Pause Young (Normal) (G1 Evacuation Pause)
[0.533s][info][gc,task      ] GC(2) Using 12 workers of 15 for evacuation
[0.540s][info][gc,phases    ] GC(2)   Pre Evacuate Collection Set: 0.0ms
[0.540s][info][gc,phases    ] GC(2)   Evacuate Collection Set: 6.0ms
[0.540s][info][gc,phases    ] GC(2)   Post Evacuate Collection Set: 0.3ms
[0.540s][info][gc,phases    ] GC(2)   Other: 0.1ms
[0.540s][info][gc,heap      ] GC(2) Eden regions: 50->0(51)
[0.540s][info][gc,heap      ] GC(2) Survivor regions: 31->11(11)
[0.540s][info][gc,heap      ] GC(2) Old regions: 38->69
[0.540s][info][gc,heap      ] GC(2) Humongous regions: 1->0
[0.540s][info][gc,metaspace ] GC(2) Metaspace: 11927K(12544K)->11927K(12544K) NonClass: 10797K(11264K)->10797K(11264K) Class: 1130K(1280K)->1130K(1280K)
[0.540s][info][gc           ] GC(2) Pause Young (Normal) (G1 Evacuation Pause) 119M->79M(510M) 6.463ms
[0.540s][info][gc,cpu       ] GC(2) User=0.02s Sys=0.00s Real=0.01s
[0.570s][info][gc,start     ] GC(3) Pause Young (Normal) (G1 Evacuation Pause)
[0.570s][info][gc,task      ] GC(3) Using 12 workers of 15 for evacuation
[0.573s][info][gc,phases    ] GC(3)   Pre Evacuate Collection Set: 0.0ms
[0.573s][info][gc,phases    ] GC(3)   Evacuate Collection Set: 2.4ms
[0.573s][info][gc,phases    ] GC(3)   Post Evacuate Collection Set: 0.2ms
[0.573s][info][gc,phases    ] GC(3)   Other: 0.1ms
[0.573s][info][gc,heap      ] GC(3) Eden regions: 51->0(75)
[0.573s][info][gc,heap      ] GC(3) Survivor regions: 11->8(8)
[0.573s][info][gc,heap      ] GC(3) Old regions: 69->81
[0.573s][info][gc,heap      ] GC(3) Humongous regions: 0->0
[0.573s][info][gc,metaspace ] GC(3) Metaspace: 11929K(12544K)->11929K(12544K) NonClass: 10799K(11264K)->10799K(11264K) Class: 1130K(1280K)->1130K(1280K)
[0.573s][info][gc           ] GC(3) Pause Young (Normal) (G1 Evacuation Pause) 130M->88M(510M) 2.752ms
[0.573s][info][gc,cpu       ] GC(3) User=0.00s Sys=0.00s Real=0.00s
[0.617s][info][gc,start     ] GC(4) Pause Young (Normal) (G1 Evacuation Pause)
[0.618s][info][gc,task      ] GC(4) Using 12 workers of 15 for evacuation
[0.621s][info][gc,phases    ] GC(4)   Pre Evacuate Collection Set: 0.0ms
[0.621s][info][gc,phases    ] GC(4)   Evacuate Collection Set: 3.1ms
[0.621s][info][gc,phases    ] GC(4)   Post Evacuate Collection Set: 0.2ms
[0.621s][info][gc,phases    ] GC(4)   Other: 0.2ms
[0.621s][info][gc,heap      ] GC(4) Eden regions: 75->0(98)
[0.621s][info][gc,heap      ] GC(4) Survivor regions: 8->11(11)
[0.621s][info][gc,heap      ] GC(4) Old regions: 81->97
[0.621s][info][gc,heap      ] GC(4) Humongous regions: 0->0
[0.621s][info][gc,metaspace ] GC(4) Metaspace: 11929K(12544K)->11929K(12544K) NonClass: 10799K(11264K)->10799K(11264K) Class: 1130K(1280K)->1130K(1280K)
[0.621s][info][gc           ] GC(4) Pause Young (Normal) (G1 Evacuation Pause) 163M->107M(510M) 3.581ms
[0.621s][info][gc,cpu       ] GC(4) User=0.00s Sys=0.00s Real=0.00s
[0.679s][info][gc,start     ] GC(5) Pause Young (Normal) (G1 Evacuation Pause)
[0.679s][info][gc,task      ] GC(5) Using 12 workers of 15 for evacuation
[0.685s][info][gc,phases    ] GC(5)   Pre Evacuate Collection Set: 0.0ms
[0.685s][info][gc,phases    ] GC(5)   Evacuate Collection Set: 4.0ms
[0.685s][info][gc,phases    ] GC(5)   Post Evacuate Collection Set: 2.4ms
[0.685s][info][gc,phases    ] GC(5)   Other: 0.1ms
[0.685s][info][gc,heap      ] GC(5) Eden regions: 98->0(122)
[0.685s][info][gc,heap      ] GC(5) Survivor regions: 11->14(14)
[0.685s][info][gc,heap      ] GC(5) Old regions: 97->119
[0.685s][info][gc,heap      ] GC(5) Humongous regions: 1->0
[0.685s][info][gc,metaspace ] GC(5) Metaspace: 11932K(12544K)->11932K(12544K) NonClass: 10802K(11264K)->10802K(11264K) Class: 1130K(1280K)->1130K(1280K)
[0.685s][info][gc           ] GC(5) Pause Young (Normal) (G1 Evacuation Pause) 206M->132M(690M) 6.537ms
[0.685s][info][gc,cpu       ] GC(5) User=0.00s Sys=0.00s Real=0.01s
[0.764s][info][gc,start     ] GC(6) Pause Young (Normal) (G1 Evacuation Pause)
[0.764s][info][gc,task      ] GC(6) Using 15 workers of 15 for evacuation
[0.771s][info][gc,phases    ] GC(6)   Pre Evacuate Collection Set: 0.0ms
[0.771s][info][gc,phases    ] GC(6)   Evacuate Collection Set: 5.9ms
[0.771s][info][gc,phases    ] GC(6)   Post Evacuate Collection Set: 0.3ms
[0.771s][info][gc,phases    ] GC(6)   Other: 0.4ms
[0.771s][info][gc,heap      ] GC(6) Eden regions: 122->0(150)
[0.771s][info][gc,heap      ] GC(6) Survivor regions: 14->17(17)
[0.771s][info][gc,heap      ] GC(6) Old regions: 119->144
[0.771s][info][gc,heap      ] GC(6) Humongous regions: 0->0
[0.771s][info][gc,metaspace ] GC(6) Metaspace: 11932K(12544K)->11932K(12544K) NonClass: 10802K(11264K)->10802K(11264K) Class: 1130K(1280K)->1130K(1280K)
[0.771s][info][gc           ] GC(6) Pause Young (Normal) (G1 Evacuation Pause) 254M->160M(690M) 6.759ms
[0.771s][info][gc,cpu       ] GC(6) User=0.00s Sys=0.02s Real=0.01s
[0.858s][info][gc,start     ] GC(7) Pause Young (Normal) (G1 Evacuation Pause)
[0.858s][info][gc,task      ] GC(7) Using 15 workers of 15 for evacuation
[0.864s][info][gc,phases    ] GC(7)   Pre Evacuate Collection Set: 0.0ms
[0.864s][info][gc,phases    ] GC(7)   Evacuate Collection Set: 6.3ms
[0.864s][info][gc,phases    ] GC(7)   Post Evacuate Collection Set: 0.2ms
[0.864s][info][gc,phases    ] GC(7)   Other: 0.2ms
[0.864s][info][gc,heap      ] GC(7) Eden regions: 150->0(186)
[0.864s][info][gc,heap      ] GC(7) Survivor regions: 17->21(21)
[0.864s][info][gc,heap      ] GC(7) Old regions: 144->179
[0.864s][info][gc,heap      ] GC(7) Humongous regions: 1->0
[0.864s][info][gc,metaspace ] GC(7) Metaspace: 11932K(12544K)->11932K(12544K) NonClass: 10802K(11264K)->10802K(11264K) Class: 1130K(1280K)->1130K(1280K)
[0.864s][info][gc           ] GC(7) Pause Young (Normal) (G1 Evacuation Pause) 311M->199M(690M) 6.829ms
[0.865s][info][gc,cpu       ] GC(7) User=0.00s Sys=0.02s Real=0.01s
[0.963s][info][gc,start     ] GC(8) Pause Young (Normal) (G1 Evacuation Pause)
[0.963s][info][gc,task      ] GC(8) Using 15 workers of 15 for evacuation
[0.970s][info][gc,phases    ] GC(8)   Pre Evacuate Collection Set: 0.0ms
[0.970s][info][gc,phases    ] GC(8)   Evacuate Collection Set: 6.6ms
[0.970s][info][gc,phases    ] GC(8)   Post Evacuate Collection Set: 0.3ms
[0.970s][info][gc,phases    ] GC(8)   Other: 0.1ms
[0.970s][info][gc,heap      ] GC(8) Eden regions: 186->0(184)
[0.970s][info][gc,heap      ] GC(8) Survivor regions: 21->26(26)
[0.970s][info][gc,heap      ] GC(8) Old regions: 179->211
[0.970s][info][gc,heap      ] GC(8) Humongous regions: 1->0
[0.970s][info][gc,metaspace ] GC(8) Metaspace: 12114K(12544K)->12114K(12544K) NonClass: 10968K(11264K)->10968K(11264K) Class: 1146K(1280K)->1146K(1280K)
[0.970s][info][gc           ] GC(8) Pause Young (Normal) (G1 Evacuation Pause) 386M->237M(690M) 7.086ms
[0.970s][info][gc,cpu       ] GC(8) User=0.00s Sys=0.00s Real=0.01s
[1.124s][info][gc,start     ] GC(9) Pause Young (Normal) (G1 Evacuation Pause)
[1.124s][info][gc,task      ] GC(9) Using 15 workers of 15 for evacuation
[1.131s][info][gc,phases    ] GC(9)   Pre Evacuate Collection Set: 0.0ms
[1.131s][info][gc,phases    ] GC(9)   Evacuate Collection Set: 3.0ms
[1.131s][info][gc,phases    ] GC(9)   Post Evacuate Collection Set: 4.3ms
[1.131s][info][gc,phases    ] GC(9)   Other: 0.1ms
[1.131s][info][gc,heap      ] GC(9) Eden regions: 184->0(311)
[1.131s][info][gc,heap      ] GC(9) Survivor regions: 26->4(27)
[1.131s][info][gc,heap      ] GC(9) Old regions: 211->239
[1.131s][info][gc,heap      ] GC(9) Humongous regions: 0->0
[1.131s][info][gc,metaspace ] GC(9) Metaspace: 12202K(12544K)->12202K(12544K) NonClass: 11052K(11264K)->11052K(11264K) Class: 1149K(1280K)->1149K(1280K)
[1.131s][info][gc           ] GC(9) Pause Young (Normal) (G1 Evacuation Pause) 421M->242M(1066M) 7.521ms
[1.131s][info][gc,cpu       ] GC(9) User=0.00s Sys=0.00s Real=0.01s
[1.169s][info][gc,start     ] GC(10) Pause Young (Normal) (G1 Evacuation Pause)
[1.169s][info][gc,task      ] GC(10) Using 15 workers of 15 for evacuation
[1.170s][info][gc,phases    ] GC(10)   Pre Evacuate Collection Set: 0.0ms
[1.170s][info][gc,phases    ] GC(10)   Evacuate Collection Set: 0.6ms
[1.170s][info][gc,phases    ] GC(10)   Post Evacuate Collection Set: 0.2ms
[1.170s][info][gc,phases    ] GC(10)   Other: 0.2ms
[1.170s][info][gc,heap      ] GC(10) Eden regions: 311->0(443)
[1.170s][info][gc,heap      ] GC(10) Survivor regions: 4->3(40)
[1.170s][info][gc,heap      ] GC(10) Old regions: 239->239
[1.170s][info][gc,heap      ] GC(10) Humongous regions: 0->0
[1.170s][info][gc,metaspace ] GC(10) Metaspace: 12218K(12544K)->12218K(12544K) NonClass: 11068K(11264K)->11068K(11264K) Class: 1149K(1280K)->1149K(1280K)
[1.170s][info][gc           ] GC(10) Pause Young (Normal) (G1 Evacuation Pause) 553M->241M(1066M) 0.983ms
[1.170s][info][gc,cpu       ] GC(10) User=0.00s Sys=0.00s Real=0.00s
[1.201s][info][gc,start     ] GC(11) Pause Young (Normal) (G1 Evacuation Pause)
[1.202s][info][gc,task      ] GC(11) Using 15 workers of 15 for evacuation
[1.202s][info][gc,phases    ] GC(11)   Pre Evacuate Collection Set: 0.0ms
[1.202s][info][gc,phases    ] GC(11)   Evacuate Collection Set: 0.4ms
[1.202s][info][gc,phases    ] GC(11)   Post Evacuate Collection Set: 0.2ms
[1.202s][info][gc,phases    ] GC(11)   Other: 0.1ms
[1.202s][info][gc,heap      ] GC(11) Eden regions: 443->0(550)
[1.202s][info][gc,heap      ] GC(11) Survivor regions: 3->2(56)
[1.202s][info][gc,heap      ] GC(11) Old regions: 239->239
[1.202s][info][gc,heap      ] GC(11) Humongous regions: 0->0
[1.202s][info][gc,metaspace ] GC(11) Metaspace: 12221K(12544K)->12221K(12544K) NonClass: 11072K(11264K)->11072K(11264K) Class: 1149K(1280K)->1149K(1280K)
[1.202s][info][gc           ] GC(11) Pause Young (Normal) (G1 Evacuation Pause) 684M->240M(1066M) 0.866ms
[1.202s][info][gc,cpu       ] GC(11) User=0.00s Sys=0.00s Real=0.00s
[1.246s][info][gc,start     ] GC(12) Pause Young (Normal) (G1 Evacuation Pause)
[1.246s][info][gc,task      ] GC(12) Using 15 workers of 15 for evacuation
[1.248s][info][gc,phases    ] GC(12)   Pre Evacuate Collection Set: 0.0ms
[1.248s][info][gc,phases    ] GC(12)   Evacuate Collection Set: 0.8ms
[1.248s][info][gc,phases    ] GC(12)   Post Evacuate Collection Set: 0.2ms
[1.248s][info][gc,phases    ] GC(12)   Other: 0.1ms
[1.248s][info][gc,heap      ] GC(12) Eden regions: 550->0(571)
[1.248s][info][gc,heap      ] GC(12) Survivor regions: 2->4(69)
[1.248s][info][gc,heap      ] GC(12) Old regions: 239->239
[1.248s][info][gc,heap      ] GC(12) Humongous regions: 0->0
[1.248s][info][gc,metaspace ] GC(12) Metaspace: 12242K(12800K)->12242K(12800K) NonClass: 11092K(11520K)->11092K(11520K) Class: 1149K(1280K)->1149K(1280K)
[1.248s][info][gc           ] GC(12) Pause Young (Normal) (G1 Evacuation Pause) 790M->242M(1066M) 1.238ms
[1.248s][info][gc,cpu       ] GC(12) User=0.00s Sys=0.00s Real=0.00s
[1.283s][info][gc,start     ] GC(13) Pause Young (Normal) (G1 Evacuation Pause)
[1.283s][info][gc,task      ] GC(13) Using 15 workers of 15 for evacuation
[1.284s][info][gc,phases    ] GC(13)   Pre Evacuate Collection Set: 0.0ms
[1.284s][info][gc,phases    ] GC(13)   Evacuate Collection Set: 0.8ms
[1.284s][info][gc,phases    ] GC(13)   Post Evacuate Collection Set: 0.2ms
[1.284s][info][gc,phases    ] GC(13)   Other: 0.1ms
[1.284s][info][gc,heap      ] GC(13) Eden regions: 571->0(611)
[1.284s][info][gc,heap      ] GC(13) Survivor regions: 4->3(72)
[1.284s][info][gc,heap      ] GC(13) Old regions: 239->239
[1.284s][info][gc,heap      ] GC(13) Humongous regions: 0->0
[1.284s][info][gc,metaspace ] GC(13) Metaspace: 12242K(12800K)->12242K(12800K) NonClass: 11092K(11520K)->11092K(11520K) Class: 1149K(1280K)->1149K(1280K)
[1.284s][info][gc           ] GC(13) Pause Young (Normal) (G1 Evacuation Pause) 813M->241M(1066M) 1.227ms
[1.284s][info][gc,cpu       ] GC(13) User=0.00s Sys=0.00s Real=0.00s
[1.326s][info][gc,start     ] GC(14) Pause Young (Normal) (G1 Evacuation Pause)
[1.326s][info][gc,task      ] GC(14) Using 15 workers of 15 for evacuation
[1.328s][info][gc,phases    ] GC(14)   Pre Evacuate Collection Set: 0.0ms
[1.328s][info][gc,phases    ] GC(14)   Evacuate Collection Set: 0.8ms
[1.328s][info][gc,phases    ] GC(14)   Post Evacuate Collection Set: 0.2ms
[1.328s][info][gc,phases    ] GC(14)   Other: 0.1ms
[1.328s][info][gc,heap      ] GC(14) Eden regions: 611->0(633)
[1.328s][info][gc,heap      ] GC(14) Survivor regions: 3->4(77)
[1.328s][info][gc,heap      ] GC(14) Old regions: 239->239
[1.328s][info][gc,heap      ] GC(14) Humongous regions: 0->0
[1.328s][info][gc,metaspace ] GC(14) Metaspace: 12244K(12800K)->12244K(12800K) NonClass: 11095K(11520K)->11095K(11520K) Class: 1149K(1280K)->1149K(1280K)
[1.328s][info][gc           ] GC(14) Pause Young (Normal) (G1 Evacuation Pause) 852M->242M(1066M) 1.234ms
[1.328s][info][gc,cpu       ] GC(14) User=0.00s Sys=0.00s Real=0.00s
[1.370s][info][gc,start     ] GC(15) Pause Young (Normal) (G1 Evacuation Pause)
[1.370s][info][gc,task      ] GC(15) Using 15 workers of 15 for evacuation
[1.371s][info][gc,phases    ] GC(15)   Pre Evacuate Collection Set: 0.0ms
[1.371s][info][gc,phases    ] GC(15)   Evacuate Collection Set: 0.8ms
[1.371s][info][gc,phases    ] GC(15)   Post Evacuate Collection Set: 0.2ms
[1.371s][info][gc,phases    ] GC(15)   Other: 0.2ms
[1.371s][info][gc,heap      ] GC(15) Eden regions: 633->0(636)
[1.371s][info][gc,heap      ] GC(15) Survivor regions: 4->3(80)
[1.371s][info][gc,heap      ] GC(15) Old regions: 239->239
[1.371s][info][gc,heap      ] GC(15) Humongous regions: 0->0
[1.371s][info][gc,metaspace ] GC(15) Metaspace: 12246K(12800K)->12246K(12800K) NonClass: 11096K(11520K)->11096K(11520K) Class: 1149K(1280K)->1149K(1280K)
[1.371s][info][gc           ] GC(15) Pause Young (Normal) (G1 Evacuation Pause) 875M->241M(1066M) 1.376ms
[1.371s][info][gc,cpu       ] GC(15) User=0.00s Sys=0.00s Real=0.00s
[1.418s][info][gc,start     ] GC(16) Pause Young (Normal) (G1 Evacuation Pause)
[1.418s][info][gc,task      ] GC(16) Using 15 workers of 15 for evacuation
[1.420s][info][gc,phases    ] GC(16)   Pre Evacuate Collection Set: 0.0ms
[1.420s][info][gc,phases    ] GC(16)   Evacuate Collection Set: 0.8ms
[1.420s][info][gc,phases    ] GC(16)   Post Evacuate Collection Set: 0.3ms
[1.420s][info][gc,phases    ] GC(16)   Other: 0.2ms
[1.420s][info][gc,heap      ] GC(16) Eden regions: 636->0(636)
[1.420s][info][gc,heap      ] GC(16) Survivor regions: 3->3(80)
[1.420s][info][gc,heap      ] GC(16) Old regions: 239->239
[1.420s][info][gc,heap      ] GC(16) Humongous regions: 0->0
[1.420s][info][gc,metaspace ] GC(16) Metaspace: 12248K(12800K)->12248K(12800K) NonClass: 11098K(11520K)->11098K(11520K) Class: 1149K(1280K)->1149K(1280K)
[1.420s][info][gc           ] GC(16) Pause Young (Normal) (G1 Evacuation Pause) 877M->241M(1066M) 1.320ms
[1.420s][info][gc,cpu       ] GC(16) User=0.00s Sys=0.00s Real=0.00s
[1.462s][info][gc,start     ] GC(17) Pause Young (Normal) (G1 Evacuation Pause)
[1.462s][info][gc,task      ] GC(17) Using 15 workers of 15 for evacuation
[1.463s][info][gc,phases    ] GC(17)   Pre Evacuate Collection Set: 0.0ms
[1.463s][info][gc,phases    ] GC(17)   Evacuate Collection Set: 0.9ms
[1.463s][info][gc,phases    ] GC(17)   Post Evacuate Collection Set: 0.3ms
[1.463s][info][gc,phases    ] GC(17)   Other: 0.2ms
[1.463s][info][gc,heap      ] GC(17) Eden regions: 636->0(636)
[1.463s][info][gc,heap      ] GC(17) Survivor regions: 3->3(80)
[1.463s][info][gc,heap      ] GC(17) Old regions: 239->239
[1.463s][info][gc,heap      ] GC(17) Humongous regions: 0->0
[1.463s][info][gc,metaspace ] GC(17) Metaspace: 12248K(12800K)->12248K(12800K) NonClass: 11098K(11520K)->11098K(11520K) Class: 1149K(1280K)->1149K(1280K)
[1.463s][info][gc           ] GC(17) Pause Young (Normal) (G1 Evacuation Pause) 877M->241M(1066M) 1.428ms
[1.463s][info][gc,cpu       ] GC(17) User=0.00s Sys=0.00s Real=0.00s
[1.514s][info][gc,start     ] GC(18) Pause Young (Normal) (G1 Evacuation Pause)
[1.514s][info][gc,task      ] GC(18) Using 15 workers of 15 for evacuation
[1.515s][info][gc,phases    ] GC(18)   Pre Evacuate Collection Set: 0.0ms
[1.515s][info][gc,phases    ] GC(18)   Evacuate Collection Set: 0.7ms
[1.515s][info][gc,phases    ] GC(18)   Post Evacuate Collection Set: 0.3ms
[1.515s][info][gc,phases    ] GC(18)   Other: 0.1ms
[1.516s][info][gc,heap      ] GC(18) Eden regions: 636->0(636)
[1.516s][info][gc,heap      ] GC(18) Survivor regions: 3->3(80)
[1.516s][info][gc,heap      ] GC(18) Old regions: 239->239
[1.516s][info][gc,heap      ] GC(18) Humongous regions: 0->0
[1.516s][info][gc,metaspace ] GC(18) Metaspace: 12326K(12800K)->12326K(12800K) NonClass: 11165K(11520K)->11165K(11520K) Class: 1160K(1280K)->1160K(1280K)
[1.516s][info][gc           ] GC(18) Pause Young (Normal) (G1 Evacuation Pause) 877M->241M(1066M) 1.158ms
[1.516s][info][gc,cpu       ] GC(18) User=0.00s Sys=0.00s Real=0.00s
[1.556s][info][gc,start     ] GC(19) Pause Young (Normal) (G1 Evacuation Pause)
[1.556s][info][gc,task      ] GC(19) Using 15 workers of 15 for evacuation
[1.558s][info][gc,phases    ] GC(19)   Pre Evacuate Collection Set: 0.0ms
[1.558s][info][gc,phases    ] GC(19)   Evacuate Collection Set: 0.8ms
[1.558s][info][gc,phases    ] GC(19)   Post Evacuate Collection Set: 0.2ms
[1.558s][info][gc,phases    ] GC(19)   Other: 0.2ms
[1.558s][info][gc,heap      ] GC(19) Eden regions: 636->0(635)
[1.558s][info][gc,heap      ] GC(19) Survivor regions: 3->4(80)
[1.558s][info][gc,heap      ] GC(19) Old regions: 239->239
[1.558s][info][gc,heap      ] GC(19) Humongous regions: 0->0
[1.558s][info][gc,metaspace ] GC(19) Metaspace: 12326K(12800K)->12326K(12800K) NonClass: 11165K(11520K)->11165K(11520K) Class: 1160K(1280K)->1160K(1280K)
[1.558s][info][gc           ] GC(19) Pause Young (Normal) (G1 Evacuation Pause) 877M->242M(1066M) 1.296ms
[1.558s][info][gc,cpu       ] GC(19) User=0.00s Sys=0.00s Real=0.00s
[1.602s][info][gc,start     ] GC(20) Pause Young (Normal) (G1 Evacuation Pause)
[1.602s][info][gc,task      ] GC(20) Using 15 workers of 15 for evacuation
[1.604s][info][gc,phases    ] GC(20)   Pre Evacuate Collection Set: 0.1ms
[1.604s][info][gc,phases    ] GC(20)   Evacuate Collection Set: 0.9ms
[1.604s][info][gc,phases    ] GC(20)   Post Evacuate Collection Set: 0.3ms
[1.604s][info][gc,phases    ] GC(20)   Other: 0.7ms
[1.604s][info][gc,heap      ] GC(20) Eden regions: 635->0(634)
[1.604s][info][gc,heap      ] GC(20) Survivor regions: 4->5(80)
[1.604s][info][gc,heap      ] GC(20) Old regions: 239->239
[1.604s][info][gc,heap      ] GC(20) Humongous regions: 0->0
[1.604s][info][gc,metaspace ] GC(20) Metaspace: 12326K(12800K)->12326K(12800K) NonClass: 11165K(11520K)->11165K(11520K) Class: 1160K(1280K)->1160K(1280K)
[1.604s][info][gc           ] GC(20) Pause Young (Normal) (G1 Evacuation Pause) 877M->243M(1066M) 1.918ms
[1.604s][info][gc,cpu       ] GC(20) User=0.00s Sys=0.00s Real=0.00s
[1.644s][info][gc,start     ] GC(21) Pause Young (Normal) (G1 Evacuation Pause)
[1.644s][info][gc,task      ] GC(21) Using 15 workers of 15 for evacuation
[1.645s][info][gc,phases    ] GC(21)   Pre Evacuate Collection Set: 0.0ms
[1.645s][info][gc,phases    ] GC(21)   Evacuate Collection Set: 0.9ms
[1.645s][info][gc,phases    ] GC(21)   Post Evacuate Collection Set: 0.3ms
[1.645s][info][gc,phases    ] GC(21)   Other: 0.1ms
[1.645s][info][gc,heap      ] GC(21) Eden regions: 634->0(635)
[1.645s][info][gc,heap      ] GC(21) Survivor regions: 5->4(80)
[1.645s][info][gc,heap      ] GC(21) Old regions: 239->239
[1.645s][info][gc,heap      ] GC(21) Humongous regions: 0->0
[1.645s][info][gc,metaspace ] GC(21) Metaspace: 12326K(12800K)->12326K(12800K) NonClass: 11165K(11520K)->11165K(11520K) Class: 1160K(1280K)->1160K(1280K)
[1.645s][info][gc           ] GC(21) Pause Young (Normal) (G1 Evacuation Pause) 877M->242M(1066M) 1.370ms
[1.645s][info][gc,cpu       ] GC(21) User=0.00s Sys=0.00s Real=0.00s
[1.688s][info][gc,start     ] GC(22) Pause Young (Normal) (G1 Evacuation Pause)
[1.688s][info][gc,task      ] GC(22) Using 15 workers of 15 for evacuation
[1.689s][info][gc,phases    ] GC(22)   Pre Evacuate Collection Set: 0.0ms
[1.689s][info][gc,phases    ] GC(22)   Evacuate Collection Set: 0.9ms
[1.689s][info][gc,phases    ] GC(22)   Post Evacuate Collection Set: 0.2ms
[1.689s][info][gc,phases    ] GC(22)   Other: 0.1ms
[1.689s][info][gc,heap      ] GC(22) Eden regions: 635->0(634)
[1.689s][info][gc,heap      ] GC(22) Survivor regions: 4->5(80)
[1.689s][info][gc,heap      ] GC(22) Old regions: 239->239
[1.689s][info][gc,heap      ] GC(22) Humongous regions: 0->0
[1.689s][info][gc,metaspace ] GC(22) Metaspace: 12326K(12800K)->12326K(12800K) NonClass: 11165K(11520K)->11165K(11520K) Class: 1160K(1280K)->1160K(1280K)
[1.689s][info][gc           ] GC(22) Pause Young (Normal) (G1 Evacuation Pause) 877M->243M(1066M) 1.258ms
[1.689s][info][gc,cpu       ] GC(22) User=0.00s Sys=0.00s Real=0.00s
[1.728s][info][gc,start     ] GC(23) Pause Young (Normal) (G1 Evacuation Pause)
[1.728s][info][gc,task      ] GC(23) Using 15 workers of 15 for evacuation
[1.729s][info][gc,phases    ] GC(23)   Pre Evacuate Collection Set: 0.0ms
[1.729s][info][gc,phases    ] GC(23)   Evacuate Collection Set: 0.7ms
[1.729s][info][gc,phases    ] GC(23)   Post Evacuate Collection Set: 0.3ms
[1.729s][info][gc,phases    ] GC(23)   Other: 0.1ms
[1.729s][info][gc,heap      ] GC(23) Eden regions: 634->0(635)
[1.729s][info][gc,heap      ] GC(23) Survivor regions: 5->4(80)
[1.729s][info][gc,heap      ] GC(23) Old regions: 239->239
[1.729s][info][gc,heap      ] GC(23) Humongous regions: 0->0
[1.729s][info][gc,metaspace ] GC(23) Metaspace: 12326K(12800K)->12326K(12800K) NonClass: 11165K(11520K)->11165K(11520K) Class: 1160K(1280K)->1160K(1280K)
[1.729s][info][gc           ] GC(23) Pause Young (Normal) (G1 Evacuation Pause) 877M->242M(1066M) 1.224ms
[1.729s][info][gc,cpu       ] GC(23) User=0.00s Sys=0.00s Real=0.00s
[1.774s][info][gc,start     ] GC(24) Pause Young (Normal) (G1 Evacuation Pause)
[1.774s][info][gc,task      ] GC(24) Using 15 workers of 15 for evacuation
[1.775s][info][gc,phases    ] GC(24)   Pre Evacuate Collection Set: 0.0ms
[1.775s][info][gc,phases    ] GC(24)   Evacuate Collection Set: 0.9ms
[1.775s][info][gc,phases    ] GC(24)   Post Evacuate Collection Set: 0.2ms
[1.775s][info][gc,phases    ] GC(24)   Other: 0.2ms
[1.775s][info][gc,heap      ] GC(24) Eden regions: 635->0(634)
[1.775s][info][gc,heap      ] GC(24) Survivor regions: 4->5(80)
[1.775s][info][gc,heap      ] GC(24) Old regions: 239->240
[1.775s][info][gc,heap      ] GC(24) Humongous regions: 0->0
[1.775s][info][gc,metaspace ] GC(24) Metaspace: 12329K(12800K)->12329K(12800K) NonClass: 11168K(11520K)->11168K(11520K) Class: 1160K(1280K)->1160K(1280K)
[1.775s][info][gc           ] GC(24) Pause Young (Normal) (G1 Evacuation Pause) 877M->243M(1066M) 1.425ms
[1.775s][info][gc,cpu       ] GC(24) User=0.00s Sys=0.00s Real=0.00s
[1.814s][info][gc,start     ] GC(25) Pause Young (Normal) (G1 Evacuation Pause)
[1.814s][info][gc,task      ] GC(25) Using 15 workers of 15 for evacuation
[1.815s][info][gc,phases    ] GC(25)   Pre Evacuate Collection Set: 0.0ms
[1.815s][info][gc,phases    ] GC(25)   Evacuate Collection Set: 0.7ms
[1.815s][info][gc,phases    ] GC(25)   Post Evacuate Collection Set: 0.3ms
[1.815s][info][gc,phases    ] GC(25)   Other: 0.1ms
[1.815s][info][gc,heap      ] GC(25) Eden regions: 634->0(636)
[1.815s][info][gc,heap      ] GC(25) Survivor regions: 5->3(80)
[1.815s][info][gc,heap      ] GC(25) Old regions: 240->240
[1.815s][info][gc,heap      ] GC(25) Humongous regions: 0->0
[1.815s][info][gc,metaspace ] GC(25) Metaspace: 12329K(12800K)->12329K(12800K) NonClass: 11168K(11520K)->11168K(11520K) Class: 1160K(1280K)->1160K(1280K)
[1.815s][info][gc           ] GC(25) Pause Young (Normal) (G1 Evacuation Pause) 877M->242M(1066M) 1.224ms
[1.815s][info][gc,cpu       ] GC(25) User=0.00s Sys=0.00s Real=0.00s
[1.859s][info][gc,start     ] GC(26) Pause Young (Normal) (G1 Evacuation Pause)
[1.859s][info][gc,task      ] GC(26) Using 15 workers of 15 for evacuation
[1.860s][info][gc,phases    ] GC(26)   Pre Evacuate Collection Set: 0.0ms
[1.860s][info][gc,phases    ] GC(26)   Evacuate Collection Set: 0.9ms
[1.860s][info][gc,phases    ] GC(26)   Post Evacuate Collection Set: 0.2ms
[1.860s][info][gc,phases    ] GC(26)   Other: 0.1ms
[1.860s][info][gc,heap      ] GC(26) Eden regions: 636->0(634)
[1.860s][info][gc,heap      ] GC(26) Survivor regions: 3->5(80)
[1.861s][info][gc,heap      ] GC(26) Old regions: 240->240
[1.861s][info][gc,heap      ] GC(26) Humongous regions: 0->0
[1.861s][info][gc,metaspace ] GC(26) Metaspace: 12329K(12800K)->12329K(12800K) NonClass: 11168K(11520K)->11168K(11520K) Class: 1160K(1280K)->1160K(1280K)
[1.861s][info][gc           ] GC(26) Pause Young (Normal) (G1 Evacuation Pause) 878M->243M(1066M) 1.305ms
[1.861s][info][gc,cpu       ] GC(26) User=0.00s Sys=0.00s Real=0.00s
[1.899s][info][gc,start     ] GC(27) Pause Young (Normal) (G1 Evacuation Pause)
[1.899s][info][gc,task      ] GC(27) Using 15 workers of 15 for evacuation
[1.901s][info][gc,phases    ] GC(27)   Pre Evacuate Collection Set: 0.0ms
[1.901s][info][gc,phases    ] GC(27)   Evacuate Collection Set: 0.7ms
[1.901s][info][gc,phases    ] GC(27)   Post Evacuate Collection Set: 0.2ms
[1.901s][info][gc,phases    ] GC(27)   Other: 0.1ms
[1.901s][info][gc,heap      ] GC(27) Eden regions: 634->0(636)
[1.901s][info][gc,heap      ] GC(27) Survivor regions: 5->3(80)
[1.901s][info][gc,heap      ] GC(27) Old regions: 240->241
[1.901s][info][gc,heap      ] GC(27) Humongous regions: 0->0
[1.901s][info][gc,metaspace ] GC(27) Metaspace: 12329K(12800K)->12329K(12800K) NonClass: 11168K(11520K)->11168K(11520K) Class: 1160K(1280K)->1160K(1280K)
[1.901s][info][gc           ] GC(27) Pause Young (Normal) (G1 Evacuation Pause) 877M->242M(1066M) 1.182ms
[1.901s][info][gc,cpu       ] GC(27) User=0.00s Sys=0.00s Real=0.00s
[1.944s][info][gc,start     ] GC(28) Pause Young (Normal) (G1 Evacuation Pause)
[1.944s][info][gc,task      ] GC(28) Using 15 workers of 15 for evacuation
[1.945s][info][gc,phases    ] GC(28)   Pre Evacuate Collection Set: 0.0ms
[1.945s][info][gc,phases    ] GC(28)   Evacuate Collection Set: 0.9ms
[1.945s][info][gc,phases    ] GC(28)   Post Evacuate Collection Set: 0.2ms
[1.945s][info][gc,phases    ] GC(28)   Other: 0.2ms
[1.945s][info][gc,heap      ] GC(28) Eden regions: 636->0(634)
[1.945s][info][gc,heap      ] GC(28) Survivor regions: 3->5(80)
[1.945s][info][gc,heap      ] GC(28) Old regions: 241->241
[1.945s][info][gc,heap      ] GC(28) Humongous regions: 0->0
[1.945s][info][gc,metaspace ] GC(28) Metaspace: 12329K(12800K)->12329K(12800K) NonClass: 11168K(11520K)->11168K(11520K) Class: 1160K(1280K)->1160K(1280K)
[1.946s][info][gc           ] GC(28) Pause Young (Normal) (G1 Evacuation Pause) 878M->244M(1066M) 1.366ms
[1.946s][info][gc,cpu       ] GC(28) User=0.00s Sys=0.00s Real=0.00s
[1.985s][info][gc,start     ] GC(29) Pause Young (Normal) (G1 Evacuation Pause)
[1.985s][info][gc,task      ] GC(29) Using 15 workers of 15 for evacuation
[1.986s][info][gc,phases    ] GC(29)   Pre Evacuate Collection Set: 0.0ms
[1.986s][info][gc,phases    ] GC(29)   Evacuate Collection Set: 0.7ms
[1.986s][info][gc,phases    ] GC(29)   Post Evacuate Collection Set: 0.3ms
[1.986s][info][gc,phases    ] GC(29)   Other: 0.1ms
[1.986s][info][gc,heap      ] GC(29) Eden regions: 634->0(635)
[1.986s][info][gc,heap      ] GC(29) Survivor regions: 5->4(80)
[1.986s][info][gc,heap      ] GC(29) Old regions: 241->241
[1.986s][info][gc,heap      ] GC(29) Humongous regions: 0->0
[1.986s][info][gc,metaspace ] GC(29) Metaspace: 12329K(12800K)->12329K(12800K) NonClass: 11168K(11520K)->11168K(11520K) Class: 1160K(1280K)->1160K(1280K)
[1.986s][info][gc           ] GC(29) Pause Young (Normal) (G1 Evacuation Pause) 878M->243M(1066M) 1.186ms
[1.986s][info][gc,cpu       ] GC(29) User=0.00s Sys=0.00s Real=0.00s
[2.029s][info][gc,start     ] GC(30) Pause Young (Normal) (G1 Evacuation Pause)
[2.029s][info][gc,task      ] GC(30) Using 15 workers of 15 for evacuation
[2.030s][info][gc,phases    ] GC(30)   Pre Evacuate Collection Set: 0.0ms
[2.030s][info][gc,phases    ] GC(30)   Evacuate Collection Set: 0.6ms
[2.030s][info][gc,phases    ] GC(30)   Post Evacuate Collection Set: 0.2ms
[2.030s][info][gc,phases    ] GC(30)   Other: 0.1ms
[2.030s][info][gc,heap      ] GC(30) Eden regions: 635->0(635)
[2.030s][info][gc,heap      ] GC(30) Survivor regions: 4->4(80)
[2.030s][info][gc,heap      ] GC(30) Old regions: 241->241
[2.030s][info][gc,heap      ] GC(30) Humongous regions: 0->0
[2.030s][info][gc,metaspace ] GC(30) Metaspace: 12329K(12800K)->12329K(12800K) NonClass: 11168K(11520K)->11168K(11520K) Class: 1160K(1280K)->1160K(1280K)
[2.030s][info][gc           ] GC(30) Pause Young (Normal) (G1 Evacuation Pause) 878M->243M(1066M) 0.990ms
[2.030s][info][gc,cpu       ] GC(30) User=0.00s Sys=0.00s Real=0.00s
[2.070s][info][gc,start     ] GC(31) Pause Young (Normal) (G1 Evacuation Pause)
[2.070s][info][gc,task      ] GC(31) Using 15 workers of 15 for evacuation
[2.071s][info][gc,phases    ] GC(31)   Pre Evacuate Collection Set: 0.0ms
[2.071s][info][gc,phases    ] GC(31)   Evacuate Collection Set: 0.7ms
[2.071s][info][gc,phases    ] GC(31)   Post Evacuate Collection Set: 0.3ms
[2.071s][info][gc,phases    ] GC(31)   Other: 0.2ms
[2.071s][info][gc,heap      ] GC(31) Eden regions: 635->0(636)
[2.071s][info][gc,heap      ] GC(31) Survivor regions: 4->3(80)
[2.071s][info][gc,heap      ] GC(31) Old regions: 241->241
[2.071s][info][gc,heap      ] GC(31) Humongous regions: 0->0
[2.071s][info][gc,metaspace ] GC(31) Metaspace: 12329K(12800K)->12329K(12800K) NonClass: 11168K(11520K)->11168K(11520K) Class: 1160K(1280K)->1160K(1280K)
[2.071s][info][gc           ] GC(31) Pause Young (Normal) (G1 Evacuation Pause) 878M->242M(1066M) 1.288ms
[2.071s][info][gc,cpu       ] GC(31) User=0.00s Sys=0.00s Real=0.00s
[2.117s][info][gc,start     ] GC(32) Pause Young (Normal) (G1 Evacuation Pause)
[2.117s][info][gc,task      ] GC(32) Using 15 workers of 15 for evacuation
[2.118s][info][gc,phases    ] GC(32)   Pre Evacuate Collection Set: 0.0ms
[2.118s][info][gc,phases    ] GC(32)   Evacuate Collection Set: 0.6ms
[2.118s][info][gc,phases    ] GC(32)   Post Evacuate Collection Set: 0.2ms
[2.118s][info][gc,phases    ] GC(32)   Other: 0.2ms
[2.118s][info][gc,heap      ] GC(32) Eden regions: 636->0(636)
[2.118s][info][gc,heap      ] GC(32) Survivor regions: 3->3(80)
[2.118s][info][gc,heap      ] GC(32) Old regions: 241->241
[2.118s][info][gc,heap      ] GC(32) Humongous regions: 0->0
[2.118s][info][gc,metaspace ] GC(32) Metaspace: 12339K(12800K)->12339K(12800K) NonClass: 11178K(11520K)->11178K(11520K) Class: 1160K(1280K)->1160K(1280K)
[2.118s][info][gc           ] GC(32) Pause Young (Normal) (G1 Evacuation Pause) 878M->243M(1066M) 1.068ms
[2.118s][info][gc,cpu       ] GC(32) User=0.00s Sys=0.00s Real=0.00s
[2.159s][info][gc,start     ] GC(33) Pause Young (Normal) (G1 Evacuation Pause)
[2.159s][info][gc,task      ] GC(33) Using 15 workers of 15 for evacuation
[2.160s][info][gc,phases    ] GC(33)   Pre Evacuate Collection Set: 0.0ms
[2.160s][info][gc,phases    ] GC(33)   Evacuate Collection Set: 0.8ms
[2.160s][info][gc,phases    ] GC(33)   Post Evacuate Collection Set: 0.2ms
[2.160s][info][gc,phases    ] GC(33)   Other: 0.1ms
[2.160s][info][gc,heap      ] GC(33) Eden regions: 636->0(635)
[2.160s][info][gc,heap      ] GC(33) Survivor regions: 3->4(80)
[2.160s][info][gc,heap      ] GC(33) Old regions: 241->241
[2.160s][info][gc,heap      ] GC(33) Humongous regions: 0->0
[2.160s][info][gc,metaspace ] GC(33) Metaspace: 12339K(12800K)->12339K(12800K) NonClass: 11178K(11520K)->11178K(11520K) Class: 1160K(1280K)->1160K(1280K)
[2.160s][info][gc           ] GC(33) Pause Young (Normal) (G1 Evacuation Pause) 879M->243M(1066M) 1.181ms
[2.160s][info][gc,cpu       ] GC(33) User=0.00s Sys=0.00s Real=0.00s
[2.204s][info][gc,start     ] GC(34) Pause Young (Normal) (G1 Evacuation Pause)
[2.204s][info][gc,task      ] GC(34) Using 15 workers of 15 for evacuation
[2.205s][info][gc,phases    ] GC(34)   Pre Evacuate Collection Set: 0.0ms
[2.205s][info][gc,phases    ] GC(34)   Evacuate Collection Set: 0.9ms
[2.205s][info][gc,phases    ] GC(34)   Post Evacuate Collection Set: 0.2ms
[2.205s][info][gc,phases    ] GC(34)   Other: 0.1ms
[2.205s][info][gc,heap      ] GC(34) Eden regions: 635->0(634)
[2.205s][info][gc,heap      ] GC(34) Survivor regions: 4->5(80)
[2.205s][info][gc,heap      ] GC(34) Old regions: 241->241
[2.205s][info][gc,heap      ] GC(34) Humongous regions: 0->0
[2.205s][info][gc,metaspace ] GC(34) Metaspace: 12339K(12800K)->12339K(12800K) NonClass: 11178K(11520K)->11178K(11520K) Class: 1160K(1280K)->1160K(1280K)
[2.205s][info][gc           ] GC(34) Pause Young (Normal) (G1 Evacuation Pause) 878M->244M(1066M) 1.332ms
[2.205s][info][gc,cpu       ] GC(34) User=0.00s Sys=0.00s Real=0.00s
[2.246s][info][gc,start     ] GC(35) Pause Young (Normal) (G1 Evacuation Pause)
[2.247s][info][gc,task      ] GC(35) Using 15 workers of 15 for evacuation
[2.248s][info][gc,phases    ] GC(35)   Pre Evacuate Collection Set: 0.0ms
[2.248s][info][gc,phases    ] GC(35)   Evacuate Collection Set: 0.7ms
[2.248s][info][gc,phases    ] GC(35)   Post Evacuate Collection Set: 0.2ms
[2.248s][info][gc,phases    ] GC(35)   Other: 0.1ms
[2.248s][info][gc,heap      ] GC(35) Eden regions: 634->0(635)
[2.248s][info][gc,heap      ] GC(35) Survivor regions: 5->4(80)
[2.248s][info][gc,heap      ] GC(35) Old regions: 241->241
[2.248s][info][gc,heap      ] GC(35) Humongous regions: 0->0
[2.248s][info][gc,metaspace ] GC(35) Metaspace: 12339K(12800K)->12339K(12800K) NonClass: 11178K(11520K)->11178K(11520K) Class: 1160K(1280K)->1160K(1280K)
[2.248s][info][gc           ] GC(35) Pause Young (Normal) (G1 Evacuation Pause) 878M->243M(1066M) 1.191ms
[2.248s][info][gc,cpu       ] GC(35) User=0.00s Sys=0.00s Real=0.00s
[2.293s][info][gc,start     ] GC(36) Pause Young (Normal) (G1 Evacuation Pause)
[2.293s][info][gc,task      ] GC(36) Using 15 workers of 15 for evacuation
[2.294s][info][gc,phases    ] GC(36)   Pre Evacuate Collection Set: 0.0ms
[2.294s][info][gc,phases    ] GC(36)   Evacuate Collection Set: 0.6ms
[2.294s][info][gc,phases    ] GC(36)   Post Evacuate Collection Set: 0.2ms
[2.294s][info][gc,phases    ] GC(36)   Other: 0.3ms
[2.294s][info][gc,heap      ] GC(36) Eden regions: 635->0(636)
[2.294s][info][gc,heap      ] GC(36) Survivor regions: 4->3(80)
[2.294s][info][gc,heap      ] GC(36) Old regions: 241->241
[2.294s][info][gc,heap      ] GC(36) Humongous regions: 0->0
[2.294s][info][gc,metaspace ] GC(36) Metaspace: 12339K(12800K)->12339K(12800K) NonClass: 11178K(11520K)->11178K(11520K) Class: 1160K(1280K)->1160K(1280K)
[2.294s][info][gc           ] GC(36) Pause Young (Normal) (G1 Evacuation Pause) 878M->242M(1066M) 1.000ms
[2.294s][info][gc,cpu       ] GC(36) User=0.00s Sys=0.00s Real=0.00s
[2.335s][info][gc,start     ] GC(37) Pause Young (Normal) (G1 Evacuation Pause)
[2.335s][info][gc,task      ] GC(37) Using 15 workers of 15 for evacuation
[2.336s][info][gc,phases    ] GC(37)   Pre Evacuate Collection Set: 0.0ms
[2.336s][info][gc,phases    ] GC(37)   Evacuate Collection Set: 0.6ms
[2.336s][info][gc,phases    ] GC(37)   Post Evacuate Collection Set: 0.3ms
[2.336s][info][gc,phases    ] GC(37)   Other: 0.1ms
[2.336s][info][gc,heap      ] GC(37) Eden regions: 636->0(637)
[2.336s][info][gc,heap      ] GC(37) Survivor regions: 3->2(80)
[2.336s][info][gc,heap      ] GC(37) Old regions: 241->241
[2.336s][info][gc,heap      ] GC(37) Humongous regions: 0->0
[2.336s][info][gc,metaspace ] GC(37) Metaspace: 12339K(12800K)->12339K(12800K) NonClass: 11178K(11520K)->11178K(11520K) Class: 1160K(1280K)->1160K(1280K)
[2.336s][info][gc           ] GC(37) Pause Young (Normal) (G1 Evacuation Pause) 878M->242M(1066M) 1.058ms
[2.336s][info][gc,cpu       ] GC(37) User=0.00s Sys=0.00s Real=0.00s
[2.380s][info][gc,start     ] GC(38) Pause Young (Normal) (G1 Evacuation Pause)
[2.380s][info][gc,task      ] GC(38) Using 15 workers of 15 for evacuation
[2.381s][info][gc,phases    ] GC(38)   Pre Evacuate Collection Set: 0.0ms
[2.381s][info][gc,phases    ] GC(38)   Evacuate Collection Set: 0.8ms
[2.381s][info][gc,phases    ] GC(38)   Post Evacuate Collection Set: 0.2ms
[2.381s][info][gc,phases    ] GC(38)   Other: 0.1ms
[2.381s][info][gc,heap      ] GC(38) Eden regions: 637->0(635)
[2.381s][info][gc,heap      ] GC(38) Survivor regions: 2->4(80)
[2.381s][info][gc,heap      ] GC(38) Old regions: 241->241
[2.381s][info][gc,heap      ] GC(38) Humongous regions: 0->0
[2.381s][info][gc,metaspace ] GC(38) Metaspace: 12339K(12800K)->12339K(12800K) NonClass: 11178K(11520K)->11178K(11520K) Class: 1160K(1280K)->1160K(1280K)
[2.381s][info][gc           ] GC(38) Pause Young (Normal) (G1 Evacuation Pause) 879M->243M(1066M) 1.174ms
[2.381s][info][gc,cpu       ] GC(38) User=0.00s Sys=0.00s Real=0.00s
[2.421s][info][gc,start     ] GC(39) Pause Young (Normal) (G1 Evacuation Pause)
[2.421s][info][gc,task      ] GC(39) Using 15 workers of 15 for evacuation
[2.422s][info][gc,phases    ] GC(39)   Pre Evacuate Collection Set: 0.0ms
[2.422s][info][gc,phases    ] GC(39)   Evacuate Collection Set: 0.7ms
[2.422s][info][gc,phases    ] GC(39)   Post Evacuate Collection Set: 0.2ms
[2.422s][info][gc,phases    ] GC(39)   Other: 0.1ms
[2.422s][info][gc,heap      ] GC(39) Eden regions: 635->0(636)
[2.422s][info][gc,heap      ] GC(39) Survivor regions: 4->3(80)
[2.422s][info][gc,heap      ] GC(39) Old regions: 241->241
[2.422s][info][gc,heap      ] GC(39) Humongous regions: 0->0
[2.422s][info][gc,metaspace ] GC(39) Metaspace: 12339K(12800K)->12339K(12800K) NonClass: 11178K(11520K)->11178K(11520K) Class: 1160K(1280K)->1160K(1280K)
[2.422s][info][gc           ] GC(39) Pause Young (Normal) (G1 Evacuation Pause) 878M->242M(1066M) 1.095ms
[2.422s][info][gc,cpu       ] GC(39) User=0.00s Sys=0.00s Real=0.00s
[2.464s][info][gc,start     ] GC(40) Pause Young (Normal) (G1 Evacuation Pause)
[2.464s][info][gc,task      ] GC(40) Using 15 workers of 15 for evacuation
[2.465s][info][gc,phases    ] GC(40)   Pre Evacuate Collection Set: 0.0ms
[2.465s][info][gc,phases    ] GC(40)   Evacuate Collection Set: 0.7ms
[2.465s][info][gc,phases    ] GC(40)   Post Evacuate Collection Set: 0.2ms
[2.465s][info][gc,phases    ] GC(40)   Other: 0.1ms
[2.465s][info][gc,heap      ] GC(40) Eden regions: 636->0(635)
[2.465s][info][gc,heap      ] GC(40) Survivor regions: 3->4(80)
[2.465s][info][gc,heap      ] GC(40) Old regions: 241->241
[2.465s][info][gc,heap      ] GC(40) Humongous regions: 0->0
[2.465s][info][gc,metaspace ] GC(40) Metaspace: 12339K(12800K)->12339K(12800K) NonClass: 11178K(11520K)->11178K(11520K) Class: 1160K(1280K)->1160K(1280K)
[2.465s][info][gc           ] GC(40) Pause Young (Normal) (G1 Evacuation Pause) 878M->244M(1066M) 1.151ms
[2.465s][info][gc,cpu       ] GC(40) User=0.00s Sys=0.00s Real=0.00s
[2.505s][info][gc,start     ] GC(41) Pause Young (Normal) (G1 Evacuation Pause)
[2.505s][info][gc,task      ] GC(41) Using 15 workers of 15 for evacuation
[2.506s][info][gc,phases    ] GC(41)   Pre Evacuate Collection Set: 0.0ms
[2.506s][info][gc,phases    ] GC(41)   Evacuate Collection Set: 0.5ms
[2.506s][info][gc,phases    ] GC(41)   Post Evacuate Collection Set: 0.2ms
[2.506s][info][gc,phases    ] GC(41)   Other: 0.1ms
[2.506s][info][gc,heap      ] GC(41) Eden regions: 635->0(637)
[2.506s][info][gc,heap      ] GC(41) Survivor regions: 4->2(80)
[2.506s][info][gc,heap      ] GC(41) Old regions: 241->241
[2.506s][info][gc,heap      ] GC(41) Humongous regions: 0->0
[2.506s][info][gc,metaspace ] GC(41) Metaspace: 12339K(12800K)->12339K(12800K) NonClass: 11178K(11520K)->11178K(11520K) Class: 1160K(1280K)->1160K(1280K)
[2.506s][info][gc           ] GC(41) Pause Young (Normal) (G1 Evacuation Pause) 879M->242M(1066M) 0.915ms
[2.506s][info][gc,cpu       ] GC(41) User=0.00s Sys=0.00s Real=0.00s
[2.549s][info][gc,start     ] GC(42) Pause Young (Normal) (G1 Evacuation Pause)
[2.549s][info][gc,task      ] GC(42) Using 15 workers of 15 for evacuation
[2.549s][info][gc,phases    ] GC(42)   Pre Evacuate Collection Set: 0.0ms
[2.549s][info][gc,phases    ] GC(42)   Evacuate Collection Set: 0.4ms
[2.549s][info][gc,phases    ] GC(42)   Post Evacuate Collection Set: 0.2ms
[2.549s][info][gc,phases    ] GC(42)   Other: 0.1ms
[2.549s][info][gc,heap      ] GC(42) Eden regions: 637->0(637)
[2.549s][info][gc,heap      ] GC(42) Survivor regions: 2->2(80)
[2.549s][info][gc,heap      ] GC(42) Old regions: 241->241
[2.549s][info][gc,heap      ] GC(42) Humongous regions: 0->0
[2.549s][info][gc,metaspace ] GC(42) Metaspace: 12339K(12800K)->12339K(12800K) NonClass: 11178K(11520K)->11178K(11520K) Class: 1160K(1280K)->1160K(1280K)
[2.549s][info][gc           ] GC(42) Pause Young (Normal) (G1 Evacuation Pause) 879M->241M(1066M) 0.811ms
[2.549s][info][gc,cpu       ] GC(42) User=0.00s Sys=0.00s Real=0.00s
[2.588s][info][gc,start     ] GC(43) Pause Young (Normal) (G1 Evacuation Pause)
[2.588s][info][gc,task      ] GC(43) Using 15 workers of 15 for evacuation
[2.589s][info][gc,phases    ] GC(43)   Pre Evacuate Collection Set: 0.0ms
[2.589s][info][gc,phases    ] GC(43)   Evacuate Collection Set: 0.6ms
[2.589s][info][gc,phases    ] GC(43)   Post Evacuate Collection Set: 0.2ms
[2.589s][info][gc,phases    ] GC(43)   Other: 0.1ms
[2.589s][info][gc,heap      ] GC(43) Eden regions: 637->0(636)
[2.589s][info][gc,heap      ] GC(43) Survivor regions: 2->3(80)
[2.589s][info][gc,heap      ] GC(43) Old regions: 241->241
[2.589s][info][gc,heap      ] GC(43) Humongous regions: 0->0
[2.589s][info][gc,metaspace ] GC(43) Metaspace: 12339K(12800K)->12339K(12800K) NonClass: 11178K(11520K)->11178K(11520K) Class: 1160K(1280K)->1160K(1280K)
[2.589s][info][gc           ] GC(43) Pause Young (Normal) (G1 Evacuation Pause) 878M->242M(1066M) 0.949ms
[2.589s][info][gc,cpu       ] GC(43) User=0.00s Sys=0.00s Real=0.00s
[2.634s][info][gc,start     ] GC(44) Pause Young (Normal) (G1 Evacuation Pause)
[2.634s][info][gc,task      ] GC(44) Using 15 workers of 15 for evacuation
[2.635s][info][gc,phases    ] GC(44)   Pre Evacuate Collection Set: 0.0ms
[2.635s][info][gc,phases    ] GC(44)   Evacuate Collection Set: 0.7ms
[2.635s][info][gc,phases    ] GC(44)   Post Evacuate Collection Set: 0.3ms
[2.635s][info][gc,phases    ] GC(44)   Other: 0.1ms
[2.635s][info][gc,heap      ] GC(44) Eden regions: 636->0(636)
[2.635s][info][gc,heap      ] GC(44) Survivor regions: 3->3(80)
[2.635s][info][gc,heap      ] GC(44) Old regions: 241->241
[2.635s][info][gc,heap      ] GC(44) Humongous regions: 0->0
[2.635s][info][gc,metaspace ] GC(44) Metaspace: 12340K(12800K)->12340K(12800K) NonClass: 11180K(11520K)->11180K(11520K) Class: 1160K(1280K)->1160K(1280K)
[2.635s][info][gc           ] GC(44) Pause Young (Normal) (G1 Evacuation Pause) 878M->243M(1066M) 1.185ms
[2.635s][info][gc,cpu       ] GC(44) User=0.00s Sys=0.00s Real=0.00s
[2.675s][info][gc,start     ] GC(45) Pause Young (Normal) (G1 Evacuation Pause)
[2.675s][info][gc,task      ] GC(45) Using 15 workers of 15 for evacuation
[2.677s][info][gc,phases    ] GC(45)   Pre Evacuate Collection Set: 0.0ms
[2.677s][info][gc,phases    ] GC(45)   Evacuate Collection Set: 0.8ms
[2.677s][info][gc,phases    ] GC(45)   Post Evacuate Collection Set: 0.2ms
[2.677s][info][gc,phases    ] GC(45)   Other: 0.2ms
[2.677s][info][gc,heap      ] GC(45) Eden regions: 636->0(636)
[2.677s][info][gc,heap      ] GC(45) Survivor regions: 3->3(80)
[2.677s][info][gc,heap      ] GC(45) Old regions: 241->241
[2.677s][info][gc,heap      ] GC(45) Humongous regions: 0->0
[2.677s][info][gc,metaspace ] GC(45) Metaspace: 12340K(12800K)->12340K(12800K) NonClass: 11180K(11520K)->11180K(11520K) Class: 1160K(1280K)->1160K(1280K)
[2.677s][info][gc           ] GC(45) Pause Young (Normal) (G1 Evacuation Pause) 879M->242M(1066M) 1.332ms
[2.677s][info][gc,cpu       ] GC(45) User=0.00s Sys=0.00s Real=0.00s
[2.723s][info][gc,start     ] GC(46) Pause Young (Normal) (G1 Evacuation Pause)
[2.723s][info][gc,task      ] GC(46) Using 15 workers of 15 for evacuation
[2.724s][info][gc,phases    ] GC(46)   Pre Evacuate Collection Set: 0.0ms
[2.724s][info][gc,phases    ] GC(46)   Evacuate Collection Set: 0.5ms
[2.724s][info][gc,phases    ] GC(46)   Post Evacuate Collection Set: 0.2ms
[2.724s][info][gc,phases    ] GC(46)   Other: 0.1ms
[2.724s][info][gc,heap      ] GC(46) Eden regions: 636->0(637)
[2.724s][info][gc,heap      ] GC(46) Survivor regions: 3->2(80)
[2.724s][info][gc,heap      ] GC(46) Old regions: 241->241
[2.724s][info][gc,heap      ] GC(46) Humongous regions: 0->0
[2.724s][info][gc,metaspace ] GC(46) Metaspace: 12340K(12800K)->12340K(12800K) NonClass: 11180K(11520K)->11180K(11520K) Class: 1160K(1280K)->1160K(1280K)
[2.724s][info][gc           ] GC(46) Pause Young (Normal) (G1 Evacuation Pause) 878M->242M(1066M) 0.883ms
[2.724s][info][gc,cpu       ] GC(46) User=0.00s Sys=0.00s Real=0.00s
[2.765s][info][gc,start     ] GC(47) Pause Young (Normal) (G1 Evacuation Pause)
[2.765s][info][gc,task      ] GC(47) Using 15 workers of 15 for evacuation
[2.766s][info][gc,phases    ] GC(47)   Pre Evacuate Collection Set: 0.0ms
[2.766s][info][gc,phases    ] GC(47)   Evacuate Collection Set: 0.7ms
[2.766s][info][gc,phases    ] GC(47)   Post Evacuate Collection Set: 0.2ms
[2.766s][info][gc,phases    ] GC(47)   Other: 0.2ms
[2.766s][info][gc,heap      ] GC(47) Eden regions: 637->0(636)
[2.766s][info][gc,heap      ] GC(47) Survivor regions: 2->3(80)
[2.766s][info][gc,heap      ] GC(47) Old regions: 241->241
[2.766s][info][gc,heap      ] GC(47) Humongous regions: 0->0
[2.766s][info][gc,metaspace ] GC(47) Metaspace: 12340K(12800K)->12340K(12800K) NonClass: 11180K(11520K)->11180K(11520K) Class: 1160K(1280K)->1160K(1280K)
[2.766s][info][gc           ] GC(47) Pause Young (Normal) (G1 Evacuation Pause) 879M->242M(1066M) 1.137ms
[2.766s][info][gc,cpu       ] GC(47) User=0.00s Sys=0.00s Real=0.00s
[2.809s][info][gc,start     ] GC(48) Pause Young (Normal) (G1 Evacuation Pause)
[2.809s][info][gc,task      ] GC(48) Using 15 workers of 15 for evacuation
[2.811s][info][gc,phases    ] GC(48)   Pre Evacuate Collection Set: 0.0ms
[2.811s][info][gc,phases    ] GC(48)   Evacuate Collection Set: 0.8ms
[2.811s][info][gc,phases    ] GC(48)   Post Evacuate Collection Set: 0.4ms
[2.811s][info][gc,phases    ] GC(48)   Other: 0.2ms
[2.811s][info][gc,heap      ] GC(48) Eden regions: 636->0(635)
[2.811s][info][gc,heap      ] GC(48) Survivor regions: 3->4(80)
[2.811s][info][gc,heap      ] GC(48) Old regions: 241->241
[2.811s][info][gc,heap      ] GC(48) Humongous regions: 0->0
[2.811s][info][gc,metaspace ] GC(48) Metaspace: 12360K(12800K)->12360K(12800K) NonClass: 11199K(11520K)->11199K(11520K) Class: 1160K(1280K)->1160K(1280K)
[2.811s][info][gc           ] GC(48) Pause Young (Normal) (G1 Evacuation Pause) 878M->243M(1066M) 1.438ms
[2.811s][info][gc,cpu       ] GC(48) User=0.00s Sys=0.00s Real=0.00s
[2.850s][info][gc,start     ] GC(49) Pause Young (Normal) (G1 Evacuation Pause)
[2.850s][info][gc,task      ] GC(49) Using 15 workers of 15 for evacuation
[2.851s][info][gc,phases    ] GC(49)   Pre Evacuate Collection Set: 0.0ms
[2.851s][info][gc,phases    ] GC(49)   Evacuate Collection Set: 0.6ms
[2.851s][info][gc,phases    ] GC(49)   Post Evacuate Collection Set: 0.2ms
[2.851s][info][gc,phases    ] GC(49)   Other: 0.1ms
[2.851s][info][gc,heap      ] GC(49) Eden regions: 635->0(636)
[2.851s][info][gc,heap      ] GC(49) Survivor regions: 4->3(80)
[2.851s][info][gc,heap      ] GC(49) Old regions: 241->241
[2.851s][info][gc,heap      ] GC(49) Humongous regions: 0->0
[2.851s][info][gc,metaspace ] GC(49) Metaspace: 12360K(12800K)->12360K(12800K) NonClass: 11199K(11520K)->11199K(11520K) Class: 1160K(1280K)->1160K(1280K)
[2.851s][info][gc           ] GC(49) Pause Young (Normal) (G1 Evacuation Pause) 878M->242M(1066M) 1.029ms
[2.851s][info][gc,cpu       ] GC(49) User=0.00s Sys=0.00s Real=0.00s
[2.894s][info][gc,start     ] GC(50) Pause Young (Normal) (G1 Evacuation Pause)
[2.894s][info][gc,task      ] GC(50) Using 15 workers of 15 for evacuation
[2.895s][info][gc,phases    ] GC(50)   Pre Evacuate Collection Set: 0.0ms
[2.895s][info][gc,phases    ] GC(50)   Evacuate Collection Set: 0.6ms
[2.895s][info][gc,phases    ] GC(50)   Post Evacuate Collection Set: 0.2ms
[2.895s][info][gc,phases    ] GC(50)   Other: 0.1ms
[2.895s][info][gc,heap      ] GC(50) Eden regions: 636->0(636)
[2.895s][info][gc,heap      ] GC(50) Survivor regions: 3->3(80)
[2.895s][info][gc,heap      ] GC(50) Old regions: 241->241
[2.895s][info][gc,heap      ] GC(50) Humongous regions: 0->0
[2.895s][info][gc,metaspace ] GC(50) Metaspace: 12360K(12800K)->12360K(12800K) NonClass: 11199K(11520K)->11199K(11520K) Class: 1160K(1280K)->1160K(1280K)
[2.895s][info][gc           ] GC(50) Pause Young (Normal) (G1 Evacuation Pause) 878M->242M(1066M) 0.989ms
[2.895s][info][gc,cpu       ] GC(50) User=0.00s Sys=0.00s Real=0.00s
[2.933s][info][gc,start     ] GC(51) Pause Young (Normal) (G1 Evacuation Pause)
[2.933s][info][gc,task      ] GC(51) Using 15 workers of 15 for evacuation
[2.934s][info][gc,phases    ] GC(51)   Pre Evacuate Collection Set: 0.0ms
[2.934s][info][gc,phases    ] GC(51)   Evacuate Collection Set: 0.6ms
[2.934s][info][gc,phases    ] GC(51)   Post Evacuate Collection Set: 0.2ms
[2.934s][info][gc,phases    ] GC(51)   Other: 0.1ms
[2.934s][info][gc,heap      ] GC(51) Eden regions: 636->0(636)
[2.934s][info][gc,heap      ] GC(51) Survivor regions: 3->3(80)
[2.934s][info][gc,heap      ] GC(51) Old regions: 241->241
[2.934s][info][gc,heap      ] GC(51) Humongous regions: 0->0
[2.934s][info][gc,metaspace ] GC(51) Metaspace: 12360K(12800K)->12360K(12800K) NonClass: 11199K(11520K)->11199K(11520K) Class: 1160K(1280K)->1160K(1280K)
[2.934s][info][gc           ] GC(51) Pause Young (Normal) (G1 Evacuation Pause) 878M->242M(1066M) 1.052ms
[2.934s][info][gc,cpu       ] GC(51) User=0.00s Sys=0.00s Real=0.00s
[2.976s][info][gc,start     ] GC(52) Pause Young (Normal) (G1 Evacuation Pause)
[2.977s][info][gc,task      ] GC(52) Using 15 workers of 15 for evacuation
[2.978s][info][gc,phases    ] GC(52)   Pre Evacuate Collection Set: 0.0ms
[2.978s][info][gc,phases    ] GC(52)   Evacuate Collection Set: 0.6ms
[2.978s][info][gc,phases    ] GC(52)   Post Evacuate Collection Set: 0.3ms
[2.978s][info][gc,phases    ] GC(52)   Other: 0.1ms
[2.978s][info][gc,heap      ] GC(52) Eden regions: 636->0(636)
[2.978s][info][gc,heap      ] GC(52) Survivor regions: 3->3(80)
[2.978s][info][gc,heap      ] GC(52) Old regions: 241->241
[2.978s][info][gc,heap      ] GC(52) Humongous regions: 0->0
[2.978s][info][gc,metaspace ] GC(52) Metaspace: 12360K(12800K)->12360K(12800K) NonClass: 11199K(11520K)->11199K(11520K) Class: 1160K(1280K)->1160K(1280K)
[2.978s][info][gc           ] GC(52) Pause Young (Normal) (G1 Evacuation Pause) 878M->242M(1066M) 1.081ms
[2.978s][info][gc,cpu       ] GC(52) User=0.00s Sys=0.00s Real=0.00s
[3.016s][info][gc,start     ] GC(53) Pause Young (Normal) (G1 Evacuation Pause)
[3.016s][info][gc,task      ] GC(53) Using 15 workers of 15 for evacuation
[3.017s][info][gc,phases    ] GC(53)   Pre Evacuate Collection Set: 0.0ms
[3.017s][info][gc,phases    ] GC(53)   Evacuate Collection Set: 0.6ms
[3.017s][info][gc,phases    ] GC(53)   Post Evacuate Collection Set: 0.2ms
[3.017s][info][gc,phases    ] GC(53)   Other: 0.1ms
[3.017s][info][gc,heap      ] GC(53) Eden regions: 636->0(636)
[3.017s][info][gc,heap      ] GC(53) Survivor regions: 3->3(80)
[3.017s][info][gc,heap      ] GC(53) Old regions: 241->241
[3.017s][info][gc,heap      ] GC(53) Humongous regions: 0->0
[3.017s][info][gc,metaspace ] GC(53) Metaspace: 12360K(12800K)->12360K(12800K) NonClass: 11199K(11520K)->11199K(11520K) Class: 1160K(1280K)->1160K(1280K)
[3.017s][info][gc           ] GC(53) Pause Young (Normal) (G1 Evacuation Pause) 878M->242M(1066M) 1.030ms
[3.017s][info][gc,cpu       ] GC(53) User=0.00s Sys=0.00s Real=0.00s
[3.062s][info][gc,start     ] GC(54) Pause Young (Normal) (G1 Evacuation Pause)
[3.062s][info][gc,task      ] GC(54) Using 15 workers of 15 for evacuation
[3.063s][info][gc,phases    ] GC(54)   Pre Evacuate Collection Set: 0.0ms
[3.063s][info][gc,phases    ] GC(54)   Evacuate Collection Set: 0.5ms
[3.063s][info][gc,phases    ] GC(54)   Post Evacuate Collection Set: 0.3ms
[3.063s][info][gc,phases    ] GC(54)   Other: 0.2ms
[3.063s][info][gc,heap      ] GC(54) Eden regions: 636->0(637)
[3.063s][info][gc,heap      ] GC(54) Survivor regions: 3->2(80)
[3.063s][info][gc,heap      ] GC(54) Old regions: 241->241
[3.063s][info][gc,heap      ] GC(54) Humongous regions: 0->0
[3.063s][info][gc,metaspace ] GC(54) Metaspace: 12360K(12800K)->12360K(12800K) NonClass: 11199K(11520K)->11199K(11520K) Class: 1160K(1280K)->1160K(1280K)
[3.063s][info][gc           ] GC(54) Pause Young (Normal) (G1 Evacuation Pause) 878M->241M(1066M) 1.010ms
[3.063s][info][gc,cpu       ] GC(54) User=0.00s Sys=0.00s Real=0.00s
[3.102s][info][gc,start     ] GC(55) Pause Young (Normal) (G1 Evacuation Pause)
[3.102s][info][gc,task      ] GC(55) Using 15 workers of 15 for evacuation
[3.103s][info][gc,phases    ] GC(55)   Pre Evacuate Collection Set: 0.0ms
[3.103s][info][gc,phases    ] GC(55)   Evacuate Collection Set: 0.5ms
[3.103s][info][gc,phases    ] GC(55)   Post Evacuate Collection Set: 0.2ms
[3.103s][info][gc,phases    ] GC(55)   Other: 0.1ms
[3.103s][info][gc,heap      ] GC(55) Eden regions: 637->0(637)
[3.103s][info][gc,heap      ] GC(55) Survivor regions: 2->2(80)
[3.103s][info][gc,heap      ] GC(55) Old regions: 241->241
[3.103s][info][gc,heap      ] GC(55) Humongous regions: 0->0
[3.103s][info][gc,metaspace ] GC(55) Metaspace: 12360K(12800K)->12360K(12800K) NonClass: 11199K(11520K)->11199K(11520K) Class: 1160K(1280K)->1160K(1280K)
[3.103s][info][gc           ] GC(55) Pause Young (Normal) (G1 Evacuation Pause) 878M->242M(1066M) 0.923ms
[3.103s][info][gc,cpu       ] GC(55) User=0.00s Sys=0.00s Real=0.00s
[3.146s][info][gc,start     ] GC(56) Pause Young (Normal) (G1 Evacuation Pause)
[3.146s][info][gc,task      ] GC(56) Using 15 workers of 15 for evacuation
[3.147s][info][gc,phases    ] GC(56)   Pre Evacuate Collection Set: 0.0ms
[3.147s][info][gc,phases    ] GC(56)   Evacuate Collection Set: 0.7ms
[3.147s][info][gc,phases    ] GC(56)   Post Evacuate Collection Set: 0.2ms
[3.147s][info][gc,phases    ] GC(56)   Other: 0.1ms
[3.147s][info][gc,heap      ] GC(56) Eden regions: 637->0(636)
[3.147s][info][gc,heap      ] GC(56) Survivor regions: 2->3(80)
[3.147s][info][gc,heap      ] GC(56) Old regions: 241->241
[3.147s][info][gc,heap      ] GC(56) Humongous regions: 0->0
[3.147s][info][gc,metaspace ] GC(56) Metaspace: 12360K(12800K)->12360K(12800K) NonClass: 11199K(11520K)->11199K(11520K) Class: 1160K(1280K)->1160K(1280K)
[3.147s][info][gc           ] GC(56) Pause Young (Normal) (G1 Evacuation Pause) 879M->242M(1066M) 1.090ms
[3.147s][info][gc,cpu       ] GC(56) User=0.00s Sys=0.00s Real=0.00s
[3.186s][info][gc,start     ] GC(57) Pause Young (Normal) (G1 Evacuation Pause)
[3.186s][info][gc,task      ] GC(57) Using 15 workers of 15 for evacuation
[3.187s][info][gc,phases    ] GC(57)   Pre Evacuate Collection Set: 0.0ms
[3.187s][info][gc,phases    ] GC(57)   Evacuate Collection Set: 0.6ms
[3.187s][info][gc,phases    ] GC(57)   Post Evacuate Collection Set: 0.2ms
[3.187s][info][gc,phases    ] GC(57)   Other: 0.1ms
[3.187s][info][gc,heap      ] GC(57) Eden regions: 636->0(637)
[3.187s][info][gc,heap      ] GC(57) Survivor regions: 3->2(80)
[3.187s][info][gc,heap      ] GC(57) Old regions: 241->241
[3.187s][info][gc,heap      ] GC(57) Humongous regions: 0->0
[3.187s][info][gc,metaspace ] GC(57) Metaspace: 12360K(12800K)->12360K(12800K) NonClass: 11199K(11520K)->11199K(11520K) Class: 1160K(1280K)->1160K(1280K)
[3.187s][info][gc           ] GC(57) Pause Young (Normal) (G1 Evacuation Pause) 878M->242M(1066M) 0.957ms
[3.187s][info][gc,cpu       ] GC(57) User=0.00s Sys=0.00s Real=0.00s
[3.229s][info][gc,start     ] GC(58) Pause Young (Normal) (G1 Evacuation Pause)
[3.229s][info][gc,task      ] GC(58) Using 15 workers of 15 for evacuation
[3.230s][info][gc,phases    ] GC(58)   Pre Evacuate Collection Set: 0.0ms
[3.230s][info][gc,phases    ] GC(58)   Evacuate Collection Set: 0.6ms
[3.230s][info][gc,phases    ] GC(58)   Post Evacuate Collection Set: 0.2ms
[3.230s][info][gc,phases    ] GC(58)   Other: 0.1ms
[3.230s][info][gc,heap      ] GC(58) Eden regions: 637->0(636)
[3.230s][info][gc,heap      ] GC(58) Survivor regions: 2->3(80)
[3.230s][info][gc,heap      ] GC(58) Old regions: 241->241
[3.230s][info][gc,heap      ] GC(58) Humongous regions: 0->0
[3.230s][info][gc,metaspace ] GC(58) Metaspace: 12366K(12800K)->12366K(12800K) NonClass: 11204K(11520K)->11204K(11520K) Class: 1162K(1280K)->1162K(1280K)
[3.230s][info][gc           ] GC(58) Pause Young (Normal) (G1 Evacuation Pause) 879M->242M(1066M) 0.980ms
[3.230s][info][gc,cpu       ] GC(58) User=0.00s Sys=0.00s Real=0.00s
[3.269s][info][gc,start     ] GC(59) Pause Young (Normal) (G1 Evacuation Pause)
[3.269s][info][gc,task      ] GC(59) Using 15 workers of 15 for evacuation
[3.270s][info][gc,phases    ] GC(59)   Pre Evacuate Collection Set: 0.0ms
[3.270s][info][gc,phases    ] GC(59)   Evacuate Collection Set: 0.6ms
[3.270s][info][gc,phases    ] GC(59)   Post Evacuate Collection Set: 0.2ms
[3.270s][info][gc,phases    ] GC(59)   Other: 0.1ms
[3.270s][info][gc,heap      ] GC(59) Eden regions: 636->0(637)
[3.270s][info][gc,heap      ] GC(59) Survivor regions: 3->2(80)
[3.270s][info][gc,heap      ] GC(59) Old regions: 241->241
[3.270s][info][gc,heap      ] GC(59) Humongous regions: 0->0
[3.270s][info][gc,metaspace ] GC(59) Metaspace: 12366K(12800K)->12366K(12800K) NonClass: 11204K(11520K)->11204K(11520K) Class: 1162K(1280K)->1162K(1280K)
[3.270s][info][gc           ] GC(59) Pause Young (Normal) (G1 Evacuation Pause) 878M->242M(1066M) 1.026ms
[3.270s][info][gc,cpu       ] GC(59) User=0.02s Sys=0.00s Real=0.00s
[3.312s][info][gc,start     ] GC(60) Pause Young (Normal) (G1 Evacuation Pause)
[3.312s][info][gc,task      ] GC(60) Using 15 workers of 15 for evacuation
[3.313s][info][gc,phases    ] GC(60)   Pre Evacuate Collection Set: 0.0ms
[3.313s][info][gc,phases    ] GC(60)   Evacuate Collection Set: 0.6ms
[3.313s][info][gc,phases    ] GC(60)   Post Evacuate Collection Set: 0.2ms
[3.313s][info][gc,phases    ] GC(60)   Other: 0.1ms
[3.313s][info][gc,heap      ] GC(60) Eden regions: 637->0(636)
[3.313s][info][gc,heap      ] GC(60) Survivor regions: 2->3(80)
[3.313s][info][gc,heap      ] GC(60) Old regions: 241->241
[3.313s][info][gc,heap      ] GC(60) Humongous regions: 0->0
[3.313s][info][gc,metaspace ] GC(60) Metaspace: 12366K(12800K)->12366K(12800K) NonClass: 11204K(11520K)->11204K(11520K) Class: 1162K(1280K)->1162K(1280K)
[3.313s][info][gc           ] GC(60) Pause Young (Normal) (G1 Evacuation Pause) 879M->242M(1066M) 1.047ms
[3.313s][info][gc,cpu       ] GC(60) User=0.00s Sys=0.00s Real=0.00s
[3.352s][info][gc,start     ] GC(61) Pause Young (Normal) (G1 Evacuation Pause)
[3.352s][info][gc,task      ] GC(61) Using 15 workers of 15 for evacuation
[3.353s][info][gc,phases    ] GC(61)   Pre Evacuate Collection Set: 0.0ms
[3.353s][info][gc,phases    ] GC(61)   Evacuate Collection Set: 0.8ms
[3.353s][info][gc,phases    ] GC(61)   Post Evacuate Collection Set: 0.2ms
[3.353s][info][gc,phases    ] GC(61)   Other: 0.1ms
[3.353s][info][gc,heap      ] GC(61) Eden regions: 636->0(636)
[3.353s][info][gc,heap      ] GC(61) Survivor regions: 3->3(80)
[3.353s][info][gc,heap      ] GC(61) Old regions: 241->241
[3.353s][info][gc,heap      ] GC(61) Humongous regions: 0->0
[3.353s][info][gc,metaspace ] GC(61) Metaspace: 12366K(12800K)->12366K(12800K) NonClass: 11204K(11520K)->11204K(11520K) Class: 1162K(1280K)->1162K(1280K)
[3.353s][info][gc           ] GC(61) Pause Young (Normal) (G1 Evacuation Pause) 878M->243M(1066M) 1.150ms
[3.353s][info][gc,cpu       ] GC(61) User=0.00s Sys=0.00s Real=0.00s
[3.394s][info][gc,start     ] GC(62) Pause Young (Normal) (G1 Evacuation Pause)
[3.394s][info][gc,task      ] GC(62) Using 15 workers of 15 for evacuation
[3.395s][info][gc,phases    ] GC(62)   Pre Evacuate Collection Set: 0.0ms
[3.395s][info][gc,phases    ] GC(62)   Evacuate Collection Set: 0.5ms
[3.395s][info][gc,phases    ] GC(62)   Post Evacuate Collection Set: 0.2ms
[3.395s][info][gc,phases    ] GC(62)   Other: 0.1ms
[3.395s][info][gc,heap      ] GC(62) Eden regions: 636->0(637)
[3.395s][info][gc,heap      ] GC(62) Survivor regions: 3->2(80)
[3.395s][info][gc,heap      ] GC(62) Old regions: 241->241
[3.395s][info][gc,heap      ] GC(62) Humongous regions: 0->0
[3.395s][info][gc,metaspace ] GC(62) Metaspace: 12366K(12800K)->12366K(12800K) NonClass: 11204K(11520K)->11204K(11520K) Class: 1162K(1280K)->1162K(1280K)
[3.395s][info][gc           ] GC(62) Pause Young (Normal) (G1 Evacuation Pause) 879M->241M(1066M) 0.893ms
[3.395s][info][gc,cpu       ] GC(62) User=0.00s Sys=0.00s Real=0.00s
[3.434s][info][gc,start     ] GC(63) Pause Young (Normal) (G1 Evacuation Pause)
[3.434s][info][gc,task      ] GC(63) Using 15 workers of 15 for evacuation
[3.435s][info][gc,phases    ] GC(63)   Pre Evacuate Collection Set: 0.0ms
[3.435s][info][gc,phases    ] GC(63)   Evacuate Collection Set: 0.5ms
[3.435s][info][gc,phases    ] GC(63)   Post Evacuate Collection Set: 0.3ms
[3.435s][info][gc,phases    ] GC(63)   Other: 0.1ms
[3.435s][info][gc,heap      ] GC(63) Eden regions: 637->0(637)
[3.435s][info][gc,heap      ] GC(63) Survivor regions: 2->2(80)
[3.435s][info][gc,heap      ] GC(63) Old regions: 241->241
[3.435s][info][gc,heap      ] GC(63) Humongous regions: 0->0
[3.435s][info][gc,metaspace ] GC(63) Metaspace: 12366K(12800K)->12366K(12800K) NonClass: 11204K(11520K)->11204K(11520K) Class: 1162K(1280K)->1162K(1280K)
[3.435s][info][gc           ] GC(63) Pause Young (Normal) (G1 Evacuation Pause) 878M->241M(1066M) 0.988ms
[3.435s][info][gc,cpu       ] GC(63) User=0.00s Sys=0.00s Real=0.00s
[3.477s][info][gc,start     ] GC(64) Pause Young (Normal) (G1 Evacuation Pause)
[3.477s][info][gc,task      ] GC(64) Using 15 workers of 15 for evacuation
[3.478s][info][gc,phases    ] GC(64)   Pre Evacuate Collection Set: 0.0ms
[3.478s][info][gc,phases    ] GC(64)   Evacuate Collection Set: 0.7ms
[3.478s][info][gc,phases    ] GC(64)   Post Evacuate Collection Set: 0.2ms
[3.478s][info][gc,phases    ] GC(64)   Other: 0.1ms
[3.478s][info][gc,heap      ] GC(64) Eden regions: 637->0(635)
[3.478s][info][gc,heap      ] GC(64) Survivor regions: 2->4(80)
[3.478s][info][gc,heap      ] GC(64) Old regions: 241->241
[3.478s][info][gc,heap      ] GC(64) Humongous regions: 0->0
[3.478s][info][gc,metaspace ] GC(64) Metaspace: 12366K(12800K)->12366K(12800K) NonClass: 11204K(11520K)->11204K(11520K) Class: 1162K(1280K)->1162K(1280K)
[3.478s][info][gc           ] GC(64) Pause Young (Normal) (G1 Evacuation Pause) 878M->243M(1066M) 1.171ms
[3.478s][info][gc,cpu       ] GC(64) User=0.00s Sys=0.00s Real=0.00s
[3.517s][info][gc,start     ] GC(65) Pause Young (Normal) (G1 Evacuation Pause)
[3.517s][info][gc,task      ] GC(65) Using 15 workers of 15 for evacuation
[3.518s][info][gc,phases    ] GC(65)   Pre Evacuate Collection Set: 0.0ms
[3.518s][info][gc,phases    ] GC(65)   Evacuate Collection Set: 0.6ms
[3.518s][info][gc,phases    ] GC(65)   Post Evacuate Collection Set: 0.2ms
[3.518s][info][gc,phases    ] GC(65)   Other: 0.1ms
[3.518s][info][gc,heap      ] GC(65) Eden regions: 635->0(637)
[3.518s][info][gc,heap      ] GC(65) Survivor regions: 4->2(80)
[3.518s][info][gc,heap      ] GC(65) Old regions: 241->241
[3.518s][info][gc,heap      ] GC(65) Humongous regions: 0->0
[3.518s][info][gc,metaspace ] GC(65) Metaspace: 12366K(12800K)->12366K(12800K) NonClass: 11204K(11520K)->11204K(11520K) Class: 1162K(1280K)->1162K(1280K)
[3.518s][info][gc           ] GC(65) Pause Young (Normal) (G1 Evacuation Pause) 878M->242M(1066M) 1.004ms
[3.518s][info][gc,cpu       ] GC(65) User=0.00s Sys=0.00s Real=0.00s
[3.560s][info][gc,start     ] GC(66) Pause Young (Normal) (G1 Evacuation Pause)
[3.560s][info][gc,task      ] GC(66) Using 15 workers of 15 for evacuation
[3.562s][info][gc,phases    ] GC(66)   Pre Evacuate Collection Set: 0.0ms
[3.562s][info][gc,phases    ] GC(66)   Evacuate Collection Set: 1.0ms
[3.562s][info][gc,phases    ] GC(66)   Post Evacuate Collection Set: 0.3ms
[3.562s][info][gc,phases    ] GC(66)   Other: 0.2ms
[3.562s][info][gc,heap      ] GC(66) Eden regions: 637->0(633)
[3.562s][info][gc,heap      ] GC(66) Survivor regions: 2->6(80)
[3.562s][info][gc,heap      ] GC(66) Old regions: 241->241
[3.562s][info][gc,heap      ] GC(66) Humongous regions: 0->0
[3.562s][info][gc,metaspace ] GC(66) Metaspace: 12366K(12800K)->12366K(12800K) NonClass: 11204K(11520K)->11204K(11520K) Class: 1162K(1280K)->1162K(1280K)
[3.562s][info][gc           ] GC(66) Pause Young (Normal) (G1 Evacuation Pause) 879M->245M(1066M) 1.504ms
[3.562s][info][gc,cpu       ] GC(66) User=0.00s Sys=0.00s Real=0.00s
[3.602s][info][gc,start     ] GC(67) Pause Young (Normal) (G1 Evacuation Pause)
[3.602s][info][gc,task      ] GC(67) Using 15 workers of 15 for evacuation
[3.603s][info][gc,phases    ] GC(67)   Pre Evacuate Collection Set: 0.0ms
[3.603s][info][gc,phases    ] GC(67)   Evacuate Collection Set: 0.6ms
[3.603s][info][gc,phases    ] GC(67)   Post Evacuate Collection Set: 0.3ms
[3.603s][info][gc,phases    ] GC(67)   Other: 0.2ms
[3.603s][info][gc,heap      ] GC(67) Eden regions: 633->0(637)
[3.603s][info][gc,heap      ] GC(67) Survivor regions: 6->2(80)
[3.603s][info][gc,heap      ] GC(67) Old regions: 241->241
[3.603s][info][gc,heap      ] GC(67) Humongous regions: 0->0
[3.603s][info][gc,metaspace ] GC(67) Metaspace: 12366K(12800K)->12366K(12800K) NonClass: 11204K(11520K)->11204K(11520K) Class: 1162K(1280K)->1162K(1280K)
[3.603s][info][gc           ] GC(67) Pause Young (Normal) (G1 Evacuation Pause) 878M->241M(1066M) 1.088ms
[3.603s][info][gc,cpu       ] GC(67) User=0.00s Sys=0.00s Real=0.00s
[3.645s][info][gc,start     ] GC(68) Pause Young (Normal) (G1 Evacuation Pause)
[3.645s][info][gc,task      ] GC(68) Using 15 workers of 15 for evacuation
[3.646s][info][gc,phases    ] GC(68)   Pre Evacuate Collection Set: 0.0ms
[3.646s][info][gc,phases    ] GC(68)   Evacuate Collection Set: 0.5ms
[3.646s][info][gc,phases    ] GC(68)   Post Evacuate Collection Set: 0.2ms
[3.646s][info][gc,phases    ] GC(68)   Other: 0.1ms
[3.646s][info][gc,heap      ] GC(68) Eden regions: 637->0(637)
[3.646s][info][gc,heap      ] GC(68) Survivor regions: 2->2(80)
[3.646s][info][gc,heap      ] GC(68) Old regions: 241->241
[3.646s][info][gc,heap      ] GC(68) Humongous regions: 0->0
[3.646s][info][gc,metaspace ] GC(68) Metaspace: 12366K(12800K)->12366K(12800K) NonClass: 11204K(11520K)->11204K(11520K) Class: 1162K(1280K)->1162K(1280K)
[3.646s][info][gc           ] GC(68) Pause Young (Normal) (G1 Evacuation Pause) 878M->241M(1066M) 0.898ms
[3.646s][info][gc,cpu       ] GC(68) User=0.00s Sys=0.00s Real=0.00s
[3.686s][info][gc,start     ] GC(69) Pause Young (Normal) (G1 Evacuation Pause)
[3.686s][info][gc,task      ] GC(69) Using 15 workers of 15 for evacuation
[3.687s][info][gc,phases    ] GC(69)   Pre Evacuate Collection Set: 0.0ms
[3.687s][info][gc,phases    ] GC(69)   Evacuate Collection Set: 0.4ms
[3.687s][info][gc,phases    ] GC(69)   Post Evacuate Collection Set: 0.2ms
[3.687s][info][gc,phases    ] GC(69)   Other: 0.1ms
[3.687s][info][gc,heap      ] GC(69) Eden regions: 637->0(637)
[3.687s][info][gc,heap      ] GC(69) Survivor regions: 2->2(80)
[3.687s][info][gc,heap      ] GC(69) Old regions: 241->241
[3.687s][info][gc,heap      ] GC(69) Humongous regions: 0->0
[3.687s][info][gc,metaspace ] GC(69) Metaspace: 12366K(12800K)->12366K(12800K) NonClass: 11204K(11520K)->11204K(11520K) Class: 1162K(1280K)->1162K(1280K)
[3.687s][info][gc           ] GC(69) Pause Young (Normal) (G1 Evacuation Pause) 878M->241M(1066M) 0.745ms
[3.687s][info][gc,cpu       ] GC(69) User=0.00s Sys=0.00s Real=0.00s
[3.727s][info][gc,start     ] GC(70) Pause Young (Normal) (G1 Evacuation Pause)
[3.727s][info][gc,task      ] GC(70) Using 15 workers of 15 for evacuation
[3.728s][info][gc,phases    ] GC(70)   Pre Evacuate Collection Set: 0.0ms
[3.728s][info][gc,phases    ] GC(70)   Evacuate Collection Set: 0.7ms
[3.728s][info][gc,phases    ] GC(70)   Post Evacuate Collection Set: 0.2ms
[3.728s][info][gc,phases    ] GC(70)   Other: 0.1ms
[3.728s][info][gc,heap      ] GC(70) Eden regions: 637->0(636)
[3.728s][info][gc,heap      ] GC(70) Survivor regions: 2->3(80)
[3.728s][info][gc,heap      ] GC(70) Old regions: 241->241
[3.728s][info][gc,heap      ] GC(70) Humongous regions: 0->0
[3.728s][info][gc,metaspace ] GC(70) Metaspace: 12371K(12800K)->12371K(12800K) NonClass: 11209K(11520K)->11209K(11520K) Class: 1162K(1280K)->1162K(1280K)
[3.728s][info][gc           ] GC(70) Pause Young (Normal) (G1 Evacuation Pause) 878M->243M(1066M) 1.140ms
[3.728s][info][gc,cpu       ] GC(70) User=0.00s Sys=0.00s Real=0.00s
[3.773s][info][gc,start     ] GC(71) Pause Young (Normal) (G1 Evacuation Pause)
[3.773s][info][gc,task      ] GC(71) Using 15 workers of 15 for evacuation
[3.773s][info][gc,phases    ] GC(71)   Pre Evacuate Collection Set: 0.0ms
[3.773s][info][gc,phases    ] GC(71)   Evacuate Collection Set: 0.3ms
[3.773s][info][gc,phases    ] GC(71)   Post Evacuate Collection Set: 0.2ms
[3.773s][info][gc,phases    ] GC(71)   Other: 0.1ms
[3.773s][info][gc,heap      ] GC(71) Eden regions: 636->0(637)
[3.774s][info][gc,heap      ] GC(71) Survivor regions: 3->2(80)
[3.774s][info][gc,heap      ] GC(71) Old regions: 241->241
[3.774s][info][gc,heap      ] GC(71) Humongous regions: 0->0
[3.774s][info][gc,metaspace ] GC(71) Metaspace: 12371K(12800K)->12371K(12800K) NonClass: 11209K(11520K)->11209K(11520K) Class: 1162K(1280K)->1162K(1280K)
[3.774s][info][gc           ] GC(71) Pause Young (Normal) (G1 Evacuation Pause) 879M->241M(1066M) 0.700ms
[3.774s][info][gc,cpu       ] GC(71) User=0.00s Sys=0.00s Real=0.00s
[3.812s][info][gc,start     ] GC(72) Pause Young (Normal) (G1 Evacuation Pause)
[3.812s][info][gc,task      ] GC(72) Using 15 workers of 15 for evacuation
[3.813s][info][gc,phases    ] GC(72)   Pre Evacuate Collection Set: 0.0ms
[3.813s][info][gc,phases    ] GC(72)   Evacuate Collection Set: 0.7ms
[3.813s][info][gc,phases    ] GC(72)   Post Evacuate Collection Set: 0.2ms
[3.813s][info][gc,phases    ] GC(72)   Other: 0.1ms
[3.813s][info][gc,heap      ] GC(72) Eden regions: 637->0(636)
[3.813s][info][gc,heap      ] GC(72) Survivor regions: 2->3(80)
[3.813s][info][gc,heap      ] GC(72) Old regions: 241->241
[3.813s][info][gc,heap      ] GC(72) Humongous regions: 0->0
[3.813s][info][gc,metaspace ] GC(72) Metaspace: 12371K(12800K)->12371K(12800K) NonClass: 11209K(11520K)->11209K(11520K) Class: 1162K(1280K)->1162K(1280K)
[3.813s][info][gc           ] GC(72) Pause Young (Normal) (G1 Evacuation Pause) 878M->242M(1066M) 1.115ms
[3.813s][info][gc,cpu       ] GC(72) User=0.00s Sys=0.00s Real=0.00s
[3.858s][info][gc,start     ] GC(73) Pause Young (Normal) (G1 Evacuation Pause)
[3.858s][info][gc,task      ] GC(73) Using 15 workers of 15 for evacuation
[3.859s][info][gc,phases    ] GC(73)   Pre Evacuate Collection Set: 0.0ms
[3.859s][info][gc,phases    ] GC(73)   Evacuate Collection Set: 0.4ms
[3.859s][info][gc,phases    ] GC(73)   Post Evacuate Collection Set: 0.2ms
[3.859s][info][gc,phases    ] GC(73)   Other: 0.1ms
[3.859s][info][gc,heap      ] GC(73) Eden regions: 636->0(637)
[3.859s][info][gc,heap      ] GC(73) Survivor regions: 3->2(80)
[3.859s][info][gc,heap      ] GC(73) Old regions: 241->241
[3.859s][info][gc,heap      ] GC(73) Humongous regions: 0->0
[3.859s][info][gc,metaspace ] GC(73) Metaspace: 12371K(12800K)->12371K(12800K) NonClass: 11209K(11520K)->11209K(11520K) Class: 1162K(1280K)->1162K(1280K)
[3.859s][info][gc           ] GC(73) Pause Young (Normal) (G1 Evacuation Pause) 878M->242M(1066M) 0.838ms
[3.859s][info][gc,cpu       ] GC(73) User=0.00s Sys=0.00s Real=0.00s
[3.899s][info][gc,start     ] GC(74) Pause Young (Normal) (G1 Evacuation Pause)
[3.899s][info][gc,task      ] GC(74) Using 15 workers of 15 for evacuation
[3.900s][info][gc,phases    ] GC(74)   Pre Evacuate Collection Set: 0.0ms
[3.900s][info][gc,phases    ] GC(74)   Evacuate Collection Set: 0.9ms
[3.900s][info][gc,phases    ] GC(74)   Post Evacuate Collection Set: 0.2ms
[3.900s][info][gc,phases    ] GC(74)   Other: 0.1ms
[3.900s][info][gc,heap      ] GC(74) Eden regions: 637->0(634)
[3.900s][info][gc,heap      ] GC(74) Survivor regions: 2->5(80)
[3.900s][info][gc,heap      ] GC(74) Old regions: 241->241
[3.900s][info][gc,heap      ] GC(74) Humongous regions: 0->0
[3.900s][info][gc,metaspace ] GC(74) Metaspace: 12371K(12800K)->12371K(12800K) NonClass: 11209K(11520K)->11209K(11520K) Class: 1162K(1280K)->1162K(1280K)
[3.900s][info][gc           ] GC(74) Pause Young (Normal) (G1 Evacuation Pause) 879M->245M(1066M) 1.322ms
[3.900s][info][gc,cpu       ] GC(74) User=0.00s Sys=0.00s Real=0.00s
[3.945s][info][gc,start     ] GC(75) Pause Young (Normal) (G1 Evacuation Pause)
[3.945s][info][gc,task      ] GC(75) Using 15 workers of 15 for evacuation
[3.945s][info][gc,phases    ] GC(75)   Pre Evacuate Collection Set: 0.0ms
[3.945s][info][gc,phases    ] GC(75)   Evacuate Collection Set: 0.3ms
[3.945s][info][gc,phases    ] GC(75)   Post Evacuate Collection Set: 0.2ms
[3.946s][info][gc,phases    ] GC(75)   Other: 0.1ms
[3.946s][info][gc,heap      ] GC(75) Eden regions: 634->0(637)
[3.946s][info][gc,heap      ] GC(75) Survivor regions: 5->2(80)
[3.946s][info][gc,heap      ] GC(75) Old regions: 241->241
[3.946s][info][gc,heap      ] GC(75) Humongous regions: 0->0
[3.946s][info][gc,metaspace ] GC(75) Metaspace: 12371K(12800K)->12371K(12800K) NonClass: 11209K(11520K)->11209K(11520K) Class: 1162K(1280K)->1162K(1280K)
[3.946s][info][gc           ] GC(75) Pause Young (Normal) (G1 Evacuation Pause) 879M->241M(1066M) 0.736ms
[3.946s][info][gc,cpu       ] GC(75) User=0.00s Sys=0.00s Real=0.00s
[3.985s][info][gc,start     ] GC(76) Pause Young (Normal) (G1 Evacuation Pause)
[3.985s][info][gc,task      ] GC(76) Using 15 workers of 15 for evacuation
[3.986s][info][gc,phases    ] GC(76)   Pre Evacuate Collection Set: 0.0ms
[3.986s][info][gc,phases    ] GC(76)   Evacuate Collection Set: 0.7ms
[3.986s][info][gc,phases    ] GC(76)   Post Evacuate Collection Set: 0.3ms
[3.986s][info][gc,phases    ] GC(76)   Other: 0.2ms
[3.986s][info][gc,heap      ] GC(76) Eden regions: 637->0(636)
[3.986s][info][gc,heap      ] GC(76) Survivor regions: 2->3(80)
[3.986s][info][gc,heap      ] GC(76) Old regions: 241->241
[3.986s][info][gc,heap      ] GC(76) Humongous regions: 0->0
[3.986s][info][gc,metaspace ] GC(76) Metaspace: 12371K(12800K)->12371K(12800K) NonClass: 11209K(11520K)->11209K(11520K) Class: 1162K(1280K)->1162K(1280K)
[3.986s][info][gc           ] GC(76) Pause Young (Normal) (G1 Evacuation Pause) 878M->242M(1066M) 1.242ms
[3.986s][info][gc,cpu       ] GC(76) User=0.00s Sys=0.00s Real=0.00s
[4.030s][info][gc,start     ] GC(77) Pause Young (Normal) (G1 Evacuation Pause)
[4.030s][info][gc,task      ] GC(77) Using 15 workers of 15 for evacuation
[4.031s][info][gc,phases    ] GC(77)   Pre Evacuate Collection Set: 0.0ms
[4.031s][info][gc,phases    ] GC(77)   Evacuate Collection Set: 0.6ms
[4.031s][info][gc,phases    ] GC(77)   Post Evacuate Collection Set: 0.2ms
[4.031s][info][gc,phases    ] GC(77)   Other: 0.2ms
[4.031s][info][gc,heap      ] GC(77) Eden regions: 636->0(635)
[4.031s][info][gc,heap      ] GC(77) Survivor regions: 3->4(80)
[4.031s][info][gc,heap      ] GC(77) Old regions: 241->241
[4.031s][info][gc,heap      ] GC(77) Humongous regions: 0->0
[4.031s][info][gc,metaspace ] GC(77) Metaspace: 12371K(12800K)->12371K(12800K) NonClass: 11209K(11520K)->11209K(11520K) Class: 1162K(1280K)->1162K(1280K)
[4.031s][info][gc           ] GC(77) Pause Young (Normal) (G1 Evacuation Pause) 878M->243M(1066M) 1.082ms
[4.031s][info][gc,cpu       ] GC(77) User=0.00s Sys=0.00s Real=0.00s
[4.070s][info][gc,start     ] GC(78) Pause Young (Normal) (G1 Evacuation Pause)
[4.070s][info][gc,task      ] GC(78) Using 15 workers of 15 for evacuation
[4.071s][info][gc,phases    ] GC(78)   Pre Evacuate Collection Set: 0.0ms
[4.071s][info][gc,phases    ] GC(78)   Evacuate Collection Set: 0.8ms
[4.071s][info][gc,phases    ] GC(78)   Post Evacuate Collection Set: 0.2ms
[4.071s][info][gc,phases    ] GC(78)   Other: 0.1ms
[4.071s][info][gc,heap      ] GC(78) Eden regions: 635->0(635)
[4.071s][info][gc,heap      ] GC(78) Survivor regions: 4->4(80)
[4.072s][info][gc,heap      ] GC(78) Old regions: 241->241
[4.072s][info][gc,heap      ] GC(78) Humongous regions: 0->0
[4.072s][info][gc,metaspace ] GC(78) Metaspace: 12371K(12800K)->12371K(12800K) NonClass: 11209K(11520K)->11209K(11520K) Class: 1162K(1280K)->1162K(1280K)
[4.072s][info][gc           ] GC(78) Pause Young (Normal) (G1 Evacuation Pause) 878M->244M(1066M) 1.260ms
[4.072s][info][gc,cpu       ] GC(78) User=0.00s Sys=0.00s Real=0.00s
[4.114s][info][gc,start     ] GC(79) Pause Young (Normal) (G1 Evacuation Pause)
[4.114s][info][gc,task      ] GC(79) Using 15 workers of 15 for evacuation
[4.115s][info][gc,phases    ] GC(79)   Pre Evacuate Collection Set: 0.0ms
[4.115s][info][gc,phases    ] GC(79)   Evacuate Collection Set: 0.4ms
[4.115s][info][gc,phases    ] GC(79)   Post Evacuate Collection Set: 0.2ms
[4.115s][info][gc,phases    ] GC(79)   Other: 0.2ms
[4.115s][info][gc,heap      ] GC(79) Eden regions: 635->0(637)
[4.115s][info][gc,heap      ] GC(79) Survivor regions: 4->2(80)
[4.115s][info][gc,heap      ] GC(79) Old regions: 241->241
[4.115s][info][gc,heap      ] GC(79) Humongous regions: 0->0
[4.115s][info][gc,metaspace ] GC(79) Metaspace: 12371K(12800K)->12371K(12800K) NonClass: 11209K(11520K)->11209K(11520K) Class: 1162K(1280K)->1162K(1280K)
[4.115s][info][gc           ] GC(79) Pause Young (Normal) (G1 Evacuation Pause) 879M->242M(1066M) 0.857ms
[4.115s][info][gc,cpu       ] GC(79) User=0.00s Sys=0.00s Real=0.00s
[4.153s][info][gc,start     ] GC(80) Pause Young (Normal) (G1 Evacuation Pause)
[4.153s][info][gc,task      ] GC(80) Using 15 workers of 15 for evacuation
[4.154s][info][gc,phases    ] GC(80)   Pre Evacuate Collection Set: 0.0ms
[4.154s][info][gc,phases    ] GC(80)   Evacuate Collection Set: 0.6ms
[4.154s][info][gc,phases    ] GC(80)   Post Evacuate Collection Set: 0.2ms
[4.154s][info][gc,phases    ] GC(80)   Other: 0.1ms
[4.154s][info][gc,heap      ] GC(80) Eden regions: 637->0(637)
[4.154s][info][gc,heap      ] GC(80) Survivor regions: 2->2(80)
[4.154s][info][gc,heap      ] GC(80) Old regions: 241->241
[4.154s][info][gc,heap      ] GC(80) Humongous regions: 0->0
[4.154s][info][gc,metaspace ] GC(80) Metaspace: 12371K(12800K)->12371K(12800K) NonClass: 11209K(11520K)->11209K(11520K) Class: 1162K(1280K)->1162K(1280K)
[4.154s][info][gc           ] GC(80) Pause Young (Normal) (G1 Evacuation Pause) 879M->242M(1066M) 0.935ms
[4.154s][info][gc,cpu       ] GC(80) User=0.00s Sys=0.00s Real=0.00s
[4.199s][info][gc,start     ] GC(81) Pause Young (Normal) (G1 Evacuation Pause)
[4.199s][info][gc,task      ] GC(81) Using 15 workers of 15 for evacuation
[4.199s][info][gc,phases    ] GC(81)   Pre Evacuate Collection Set: 0.0ms
[4.199s][info][gc,phases    ] GC(81)   Evacuate Collection Set: 0.4ms
[4.199s][info][gc,phases    ] GC(81)   Post Evacuate Collection Set: 0.3ms
[4.199s][info][gc,phases    ] GC(81)   Other: 0.1ms
[4.199s][info][gc,heap      ] GC(81) Eden regions: 637->0(637)
[4.199s][info][gc,heap      ] GC(81) Survivor regions: 2->2(80)
[4.199s][info][gc,heap      ] GC(81) Old regions: 241->241
[4.199s][info][gc,heap      ] GC(81) Humongous regions: 0->0
[4.199s][info][gc,metaspace ] GC(81) Metaspace: 12371K(12800K)->12371K(12800K) NonClass: 11209K(11520K)->11209K(11520K) Class: 1162K(1280K)->1162K(1280K)
[4.200s][info][gc           ] GC(81) Pause Young (Normal) (G1 Evacuation Pause) 879M->241M(1066M) 0.926ms
[4.200s][info][gc,cpu       ] GC(81) User=0.00s Sys=0.00s Real=0.00s
[4.239s][info][gc,start     ] GC(82) Pause Young (Normal) (G1 Evacuation Pause)
[4.239s][info][gc,task      ] GC(82) Using 15 workers of 15 for evacuation
[4.240s][info][gc,phases    ] GC(82)   Pre Evacuate Collection Set: 0.0ms
[4.240s][info][gc,phases    ] GC(82)   Evacuate Collection Set: 0.6ms
[4.240s][info][gc,phases    ] GC(82)   Post Evacuate Collection Set: 0.2ms
[4.240s][info][gc,phases    ] GC(82)   Other: 0.1ms
[4.240s][info][gc,heap      ] GC(82) Eden regions: 637->0(636)
[4.240s][info][gc,heap      ] GC(82) Survivor regions: 2->3(80)
[4.240s][info][gc,heap      ] GC(82) Old regions: 241->241
[4.240s][info][gc,heap      ] GC(82) Humongous regions: 0->0
[4.240s][info][gc,metaspace ] GC(82) Metaspace: 12371K(12800K)->12371K(12800K) NonClass: 11209K(11520K)->11209K(11520K) Class: 1162K(1280K)->1162K(1280K)
[4.240s][info][gc           ] GC(82) Pause Young (Normal) (G1 Evacuation Pause) 878M->242M(1066M) 1.071ms
[4.240s][info][gc,cpu       ] GC(82) User=0.02s Sys=0.00s Real=0.00s
[4.283s][info][gc,start     ] GC(83) Pause Young (Normal) (G1 Evacuation Pause)
[4.283s][info][gc,task      ] GC(83) Using 15 workers of 15 for evacuation
[4.284s][info][gc,phases    ] GC(83)   Pre Evacuate Collection Set: 0.0ms
[4.284s][info][gc,phases    ] GC(83)   Evacuate Collection Set: 0.4ms
[4.284s][info][gc,phases    ] GC(83)   Post Evacuate Collection Set: 0.2ms
[4.284s][info][gc,phases    ] GC(83)   Other: 0.1ms
[4.284s][info][gc,heap      ] GC(83) Eden regions: 636->0(637)
[4.284s][info][gc,heap      ] GC(83) Survivor regions: 3->2(80)
[4.284s][info][gc,heap      ] GC(83) Old regions: 241->241
[4.284s][info][gc,heap      ] GC(83) Humongous regions: 0->0
[4.284s][info][gc,metaspace ] GC(83) Metaspace: 12371K(12800K)->12371K(12800K) NonClass: 11209K(11520K)->11209K(11520K) Class: 1162K(1280K)->1162K(1280K)
[4.284s][info][gc           ] GC(83) Pause Young (Normal) (G1 Evacuation Pause) 878M->241M(1066M) 0.837ms
[4.284s][info][gc,cpu       ] GC(83) User=0.00s Sys=0.00s Real=0.00s
[4.323s][info][gc,start     ] GC(84) Pause Young (Normal) (G1 Evacuation Pause)
[4.323s][info][gc,task      ] GC(84) Using 15 workers of 15 for evacuation
[4.324s][info][gc,phases    ] GC(84)   Pre Evacuate Collection Set: 0.0ms
[4.324s][info][gc,phases    ] GC(84)   Evacuate Collection Set: 0.8ms
[4.324s][info][gc,phases    ] GC(84)   Post Evacuate Collection Set: 0.2ms
[4.324s][info][gc,phases    ] GC(84)   Other: 0.1ms
[4.324s][info][gc,heap      ] GC(84) Eden regions: 637->0(636)
[4.324s][info][gc,heap      ] GC(84) Survivor regions: 2->3(80)
[4.324s][info][gc,heap      ] GC(84) Old regions: 241->241
[4.324s][info][gc,heap      ] GC(84) Humongous regions: 0->0
[4.324s][info][gc,metaspace ] GC(84) Metaspace: 12371K(12800K)->12371K(12800K) NonClass: 11209K(11520K)->11209K(11520K) Class: 1162K(1280K)->1162K(1280K)
[4.324s][info][gc           ] GC(84) Pause Young (Normal) (G1 Evacuation Pause) 878M->243M(1066M) 1.209ms
[4.324s][info][gc,cpu       ] GC(84) User=0.00s Sys=0.00s Real=0.00s
[4.369s][info][gc,start     ] GC(85) Pause Young (Normal) (G1 Evacuation Pause)
[4.369s][info][gc,task      ] GC(85) Using 15 workers of 15 for evacuation
[4.370s][info][gc,phases    ] GC(85)   Pre Evacuate Collection Set: 0.0ms
[4.370s][info][gc,phases    ] GC(85)   Evacuate Collection Set: 0.4ms
[4.370s][info][gc,phases    ] GC(85)   Post Evacuate Collection Set: 0.2ms
[4.370s][info][gc,phases    ] GC(85)   Other: 0.1ms
[4.370s][info][gc,heap      ] GC(85) Eden regions: 636->0(637)
[4.370s][info][gc,heap      ] GC(85) Survivor regions: 3->2(80)
[4.370s][info][gc,heap      ] GC(85) Old regions: 241->241
[4.370s][info][gc,heap      ] GC(85) Humongous regions: 0->0
[4.370s][info][gc,metaspace ] GC(85) Metaspace: 12371K(12800K)->12371K(12800K) NonClass: 11209K(11520K)->11209K(11520K) Class: 1162K(1280K)->1162K(1280K)
[4.370s][info][gc           ] GC(85) Pause Young (Normal) (G1 Evacuation Pause) 879M->241M(1066M) 0.811ms
[4.370s][info][gc,cpu       ] GC(85) User=0.00s Sys=0.00s Real=0.00s
[4.409s][info][gc,start     ] GC(86) Pause Young (Normal) (G1 Evacuation Pause)
[4.409s][info][gc,task      ] GC(86) Using 15 workers of 15 for evacuation
[4.410s][info][gc,phases    ] GC(86)   Pre Evacuate Collection Set: 0.0ms
[4.410s][info][gc,phases    ] GC(86)   Evacuate Collection Set: 0.5ms
[4.410s][info][gc,phases    ] GC(86)   Post Evacuate Collection Set: 0.2ms
[4.410s][info][gc,phases    ] GC(86)   Other: 0.1ms
[4.410s][info][gc,heap      ] GC(86) Eden regions: 637->0(637)
[4.410s][info][gc,heap      ] GC(86) Survivor regions: 2->2(80)
[4.410s][info][gc,heap      ] GC(86) Old regions: 241->241
[4.410s][info][gc,heap      ] GC(86) Humongous regions: 0->0
[4.410s][info][gc,metaspace ] GC(86) Metaspace: 12371K(12800K)->12371K(12800K) NonClass: 11209K(11520K)->11209K(11520K) Class: 1162K(1280K)->1162K(1280K)
[4.410s][info][gc           ] GC(86) Pause Young (Normal) (G1 Evacuation Pause) 878M->242M(1066M) 0.928ms
[4.410s][info][gc,cpu       ] GC(86) User=0.00s Sys=0.00s Real=0.00s
[4.454s][info][gc,start     ] GC(87) Pause Young (Normal) (G1 Evacuation Pause)
[4.454s][info][gc,task      ] GC(87) Using 15 workers of 15 for evacuation
[4.455s][info][gc,phases    ] GC(87)   Pre Evacuate Collection Set: 0.0ms
[4.455s][info][gc,phases    ] GC(87)   Evacuate Collection Set: 0.5ms
[4.455s][info][gc,phases    ] GC(87)   Post Evacuate Collection Set: 0.3ms
[4.455s][info][gc,phases    ] GC(87)   Other: 0.1ms
[4.455s][info][gc,heap      ] GC(87) Eden regions: 637->0(637)
[4.455s][info][gc,heap      ] GC(87) Survivor regions: 2->2(80)
[4.455s][info][gc,heap      ] GC(87) Old regions: 241->241
[4.455s][info][gc,heap      ] GC(87) Humongous regions: 0->0
[4.455s][info][gc,metaspace ] GC(87) Metaspace: 12371K(12800K)->12371K(12800K) NonClass: 11209K(11520K)->11209K(11520K) Class: 1162K(1280K)->1162K(1280K)
[4.455s][info][gc           ] GC(87) Pause Young (Normal) (G1 Evacuation Pause) 879M->241M(1066M) 0.935ms
[4.455s][info][gc,cpu       ] GC(87) User=0.00s Sys=0.00s Real=0.00s
[4.494s][info][gc,start     ] GC(88) Pause Young (Normal) (G1 Evacuation Pause)
[4.494s][info][gc,task      ] GC(88) Using 15 workers of 15 for evacuation
[4.495s][info][gc,phases    ] GC(88)   Pre Evacuate Collection Set: 0.0ms
[4.495s][info][gc,phases    ] GC(88)   Evacuate Collection Set: 0.6ms
[4.495s][info][gc,phases    ] GC(88)   Post Evacuate Collection Set: 0.2ms
[4.495s][info][gc,phases    ] GC(88)   Other: 0.1ms
[4.495s][info][gc,heap      ] GC(88) Eden regions: 637->0(636)
[4.495s][info][gc,heap      ] GC(88) Survivor regions: 2->3(80)
[4.495s][info][gc,heap      ] GC(88) Old regions: 241->241
[4.495s][info][gc,heap      ] GC(88) Humongous regions: 0->0
[4.495s][info][gc,metaspace ] GC(88) Metaspace: 12371K(12800K)->12371K(12800K) NonClass: 11209K(11520K)->11209K(11520K) Class: 1162K(1280K)->1162K(1280K)
[4.495s][info][gc           ] GC(88) Pause Young (Normal) (G1 Evacuation Pause) 878M->242M(1066M) 0.987ms
[4.495s][info][gc,cpu       ] GC(88) User=0.00s Sys=0.00s Real=0.00s
[4.538s][info][gc,start     ] GC(89) Pause Young (Normal) (G1 Evacuation Pause)
[4.538s][info][gc,task      ] GC(89) Using 15 workers of 15 for evacuation
[4.539s][info][gc,phases    ] GC(89)   Pre Evacuate Collection Set: 0.0ms
[4.539s][info][gc,phases    ] GC(89)   Evacuate Collection Set: 0.4ms
[4.539s][info][gc,phases    ] GC(89)   Post Evacuate Collection Set: 0.2ms
[4.539s][info][gc,phases    ] GC(89)   Other: 0.1ms
[4.539s][info][gc,heap      ] GC(89) Eden regions: 636->0(637)
[4.539s][info][gc,heap      ] GC(89) Survivor regions: 3->2(80)
[4.539s][info][gc,heap      ] GC(89) Old regions: 241->241
[4.539s][info][gc,heap      ] GC(89) Humongous regions: 0->0
[4.539s][info][gc,metaspace ] GC(89) Metaspace: 12371K(12800K)->12371K(12800K) NonClass: 11209K(11520K)->11209K(11520K) Class: 1162K(1280K)->1162K(1280K)
[4.539s][info][gc           ] GC(89) Pause Young (Normal) (G1 Evacuation Pause) 878M->241M(1066M) 0.866ms
[4.539s][info][gc,cpu       ] GC(89) User=0.00s Sys=0.00s Real=0.00s
[4.578s][info][gc,start     ] GC(90) Pause Young (Normal) (G1 Evacuation Pause)
[4.578s][info][gc,task      ] GC(90) Using 15 workers of 15 for evacuation
[4.579s][info][gc,phases    ] GC(90)   Pre Evacuate Collection Set: 0.0ms
[4.579s][info][gc,phases    ] GC(90)   Evacuate Collection Set: 0.8ms
[4.579s][info][gc,phases    ] GC(90)   Post Evacuate Collection Set: 0.2ms
[4.579s][info][gc,phases    ] GC(90)   Other: 0.1ms
[4.579s][info][gc,heap      ] GC(90) Eden regions: 637->0(635)
[4.579s][info][gc,heap      ] GC(90) Survivor regions: 2->4(80)
[4.579s][info][gc,heap      ] GC(90) Old regions: 241->241
[4.579s][info][gc,heap      ] GC(90) Humongous regions: 0->0
[4.580s][info][gc,metaspace ] GC(90) Metaspace: 12371K(12800K)->12371K(12800K) NonClass: 11209K(11520K)->11209K(11520K) Class: 1162K(1280K)->1162K(1280K)
[4.580s][info][gc           ] GC(90) Pause Young (Normal) (G1 Evacuation Pause) 878M->244M(1066M) 1.204ms
[4.580s][info][gc,cpu       ] GC(90) User=0.00s Sys=0.00s Real=0.00s
[4.625s][info][gc,start     ] GC(91) Pause Young (Normal) (G1 Evacuation Pause)
[4.625s][info][gc,task      ] GC(91) Using 15 workers of 15 for evacuation
[4.626s][info][gc,phases    ] GC(91)   Pre Evacuate Collection Set: 0.0ms
[4.626s][info][gc,phases    ] GC(91)   Evacuate Collection Set: 0.4ms
[4.626s][info][gc,phases    ] GC(91)   Post Evacuate Collection Set: 0.2ms
[4.626s][info][gc,phases    ] GC(91)   Other: 0.1ms
[4.626s][info][gc,heap      ] GC(91) Eden regions: 635->0(637)
[4.626s][info][gc,heap      ] GC(91) Survivor regions: 4->2(80)
[4.626s][info][gc,heap      ] GC(91) Old regions: 241->241
[4.626s][info][gc,heap      ] GC(91) Humongous regions: 0->0
[4.626s][info][gc,metaspace ] GC(91) Metaspace: 12371K(12800K)->12371K(12800K) NonClass: 11209K(11520K)->11209K(11520K) Class: 1162K(1280K)->1162K(1280K)
[4.626s][info][gc           ] GC(91) Pause Young (Normal) (G1 Evacuation Pause) 879M->242M(1066M) 0.801ms
[4.626s][info][gc,cpu       ] GC(91) User=0.00s Sys=0.00s Real=0.00s
[4.664s][info][gc,start     ] GC(92) Pause Young (Normal) (G1 Evacuation Pause)
[4.664s][info][gc,task      ] GC(92) Using 15 workers of 15 for evacuation
[4.665s][info][gc,phases    ] GC(92)   Pre Evacuate Collection Set: 0.0ms
[4.665s][info][gc,phases    ] GC(92)   Evacuate Collection Set: 0.6ms
[4.665s][info][gc,phases    ] GC(92)   Post Evacuate Collection Set: 0.2ms
[4.665s][info][gc,phases    ] GC(92)   Other: 0.1ms
[4.665s][info][gc,heap      ] GC(92) Eden regions: 637->0(636)
[4.665s][info][gc,heap      ] GC(92) Survivor regions: 2->3(80)
[4.665s][info][gc,heap      ] GC(92) Old regions: 241->241
[4.665s][info][gc,heap      ] GC(92) Humongous regions: 0->0
[4.665s][info][gc,metaspace ] GC(92) Metaspace: 12371K(12800K)->12371K(12800K) NonClass: 11209K(11520K)->11209K(11520K) Class: 1162K(1280K)->1162K(1280K)
[4.665s][info][gc           ] GC(92) Pause Young (Normal) (G1 Evacuation Pause) 879M->242M(1066M) 1.050ms
[4.665s][info][gc,cpu       ] GC(92) User=0.00s Sys=0.00s Real=0.00s
[4.708s][info][gc,start     ] GC(93) Pause Young (Normal) (G1 Evacuation Pause)
[4.708s][info][gc,task      ] GC(93) Using 15 workers of 15 for evacuation
[4.709s][info][gc,phases    ] GC(93)   Pre Evacuate Collection Set: 0.0ms
[4.709s][info][gc,phases    ] GC(93)   Evacuate Collection Set: 0.5ms
[4.709s][info][gc,phases    ] GC(93)   Post Evacuate Collection Set: 0.2ms
[4.709s][info][gc,phases    ] GC(93)   Other: 0.1ms
[4.709s][info][gc,heap      ] GC(93) Eden regions: 636->0(636)
[4.709s][info][gc,heap      ] GC(93) Survivor regions: 3->3(80)
[4.709s][info][gc,heap      ] GC(93) Old regions: 241->241
[4.709s][info][gc,heap      ] GC(93) Humongous regions: 0->0
[4.709s][info][gc,metaspace ] GC(93) Metaspace: 12374K(12800K)->12374K(12800K) NonClass: 11212K(11520K)->11212K(11520K) Class: 1162K(1280K)->1162K(1280K)
[4.709s][info][gc           ] GC(93) Pause Young (Normal) (G1 Evacuation Pause) 878M->242M(1066M) 0.941ms
[4.709s][info][gc,cpu       ] GC(93) User=0.00s Sys=0.00s Real=0.00s
[4.748s][info][gc,start     ] GC(94) Pause Young (Normal) (G1 Evacuation Pause)
[4.748s][info][gc,task      ] GC(94) Using 15 workers of 15 for evacuation
[4.749s][info][gc,phases    ] GC(94)   Pre Evacuate Collection Set: 0.0ms
[4.750s][info][gc,phases    ] GC(94)   Evacuate Collection Set: 0.8ms
[4.750s][info][gc,phases    ] GC(94)   Post Evacuate Collection Set: 0.2ms
[4.750s][info][gc,phases    ] GC(94)   Other: 0.1ms
[4.750s][info][gc,heap      ] GC(94) Eden regions: 636->0(635)
[4.750s][info][gc,heap      ] GC(94) Survivor regions: 3->4(80)
[4.750s][info][gc,heap      ] GC(94) Old regions: 241->241
[4.750s][info][gc,heap      ] GC(94) Humongous regions: 0->0
[4.750s][info][gc,metaspace ] GC(94) Metaspace: 12374K(12800K)->12374K(12800K) NonClass: 11212K(11520K)->11212K(11520K) Class: 1162K(1280K)->1162K(1280K)
[4.750s][info][gc           ] GC(94) Pause Young (Normal) (G1 Evacuation Pause) 878M->243M(1066M) 1.225ms
[4.750s][info][gc,cpu       ] GC(94) User=0.00s Sys=0.00s Real=0.00s
[4.793s][info][gc,start     ] GC(95) Pause Young (Normal) (G1 Evacuation Pause)
[4.793s][info][gc,task      ] GC(95) Using 15 workers of 15 for evacuation
[4.793s][info][gc,phases    ] GC(95)   Pre Evacuate Collection Set: 0.0ms
[4.794s][info][gc,phases    ] GC(95)   Evacuate Collection Set: 0.5ms
[4.794s][info][gc,phases    ] GC(95)   Post Evacuate Collection Set: 0.2ms
[4.794s][info][gc,phases    ] GC(95)   Other: 0.1ms
[4.794s][info][gc,heap      ] GC(95) Eden regions: 635->0(636)
[4.794s][info][gc,heap      ] GC(95) Survivor regions: 4->3(80)
[4.794s][info][gc,heap      ] GC(95) Old regions: 241->241
[4.794s][info][gc,heap      ] GC(95) Humongous regions: 0->0
[4.794s][info][gc,metaspace ] GC(95) Metaspace: 12374K(12800K)->12374K(12800K) NonClass: 11212K(11520K)->11212K(11520K) Class: 1162K(1280K)->1162K(1280K)
[4.794s][info][gc           ] GC(95) Pause Young (Normal) (G1 Evacuation Pause) 878M->242M(1066M) 0.949ms
[4.794s][info][gc,cpu       ] GC(95) User=0.00s Sys=0.00s Real=0.00s
[4.833s][info][gc,start     ] GC(96) Pause Young (Normal) (G1 Evacuation Pause)
[4.833s][info][gc,task      ] GC(96) Using 15 workers of 15 for evacuation
[4.834s][info][gc,phases    ] GC(96)   Pre Evacuate Collection Set: 0.0ms
[4.834s][info][gc,phases    ] GC(96)   Evacuate Collection Set: 0.6ms
[4.834s][info][gc,phases    ] GC(96)   Post Evacuate Collection Set: 0.2ms
[4.834s][info][gc,phases    ] GC(96)   Other: 0.1ms
[4.834s][info][gc,heap      ] GC(96) Eden regions: 636->0(636)
[4.834s][info][gc,heap      ] GC(96) Survivor regions: 3->3(80)
[4.834s][info][gc,heap      ] GC(96) Old regions: 241->241
[4.834s][info][gc,heap      ] GC(96) Humongous regions: 0->0
[4.834s][info][gc,metaspace ] GC(96) Metaspace: 12374K(12800K)->12374K(12800K) NonClass: 11212K(11520K)->11212K(11520K) Class: 1162K(1280K)->1162K(1280K)
[4.834s][info][gc           ] GC(96) Pause Young (Normal) (G1 Evacuation Pause) 878M->242M(1066M) 1.047ms
[4.834s][info][gc,cpu       ] GC(96) User=0.00s Sys=0.00s Real=0.00s
[4.878s][info][gc,start     ] GC(97) Pause Young (Normal) (G1 Evacuation Pause)
[4.878s][info][gc,task      ] GC(97) Using 15 workers of 15 for evacuation
[4.879s][info][gc,phases    ] GC(97)   Pre Evacuate Collection Set: 0.0ms
[4.879s][info][gc,phases    ] GC(97)   Evacuate Collection Set: 0.4ms
[4.879s][info][gc,phases    ] GC(97)   Post Evacuate Collection Set: 0.2ms
[4.879s][info][gc,phases    ] GC(97)   Other: 0.1ms
[4.879s][info][gc,heap      ] GC(97) Eden regions: 636->0(637)
[4.879s][info][gc,heap      ] GC(97) Survivor regions: 3->2(80)
[4.879s][info][gc,heap      ] GC(97) Old regions: 241->241
[4.879s][info][gc,heap      ] GC(97) Humongous regions: 0->0
[4.879s][info][gc,metaspace ] GC(97) Metaspace: 12374K(12800K)->12374K(12800K) NonClass: 11212K(11520K)->11212K(11520K) Class: 1162K(1280K)->1162K(1280K)
[4.879s][info][gc           ] GC(97) Pause Young (Normal) (G1 Evacuation Pause) 878M->242M(1066M) 0.885ms
[4.879s][info][gc,cpu       ] GC(97) User=0.00s Sys=0.00s Real=0.00s
[4.918s][info][gc,start     ] GC(98) Pause Young (Normal) (G1 Evacuation Pause)
[4.918s][info][gc,task      ] GC(98) Using 15 workers of 15 for evacuation
[4.919s][info][gc,phases    ] GC(98)   Pre Evacuate Collection Set: 0.0ms
[4.919s][info][gc,phases    ] GC(98)   Evacuate Collection Set: 0.6ms
[4.919s][info][gc,phases    ] GC(98)   Post Evacuate Collection Set: 0.2ms
[4.919s][info][gc,phases    ] GC(98)   Other: 0.1ms
[4.919s][info][gc,heap      ] GC(98) Eden regions: 637->0(637)
[4.919s][info][gc,heap      ] GC(98) Survivor regions: 2->2(80)
[4.919s][info][gc,heap      ] GC(98) Old regions: 241->241
[4.919s][info][gc,heap      ] GC(98) Humongous regions: 0->0
[4.919s][info][gc,metaspace ] GC(98) Metaspace: 12374K(12800K)->12374K(12800K) NonClass: 11212K(11520K)->11212K(11520K) Class: 1162K(1280K)->1162K(1280K)
[4.919s][info][gc           ] GC(98) Pause Young (Normal) (G1 Evacuation Pause) 879M->241M(1066M) 1.010ms
[4.919s][info][gc,cpu       ] GC(98) User=0.00s Sys=0.00s Real=0.00s
[4.962s][info][gc,start     ] GC(99) Pause Young (Normal) (G1 Evacuation Pause)
[4.962s][info][gc,task      ] GC(99) Using 15 workers of 15 for evacuation
[4.963s][info][gc,phases    ] GC(99)   Pre Evacuate Collection Set: 0.0ms
[4.963s][info][gc,phases    ] GC(99)   Evacuate Collection Set: 0.5ms
[4.963s][info][gc,phases    ] GC(99)   Post Evacuate Collection Set: 0.3ms
[4.963s][info][gc,phases    ] GC(99)   Other: 0.2ms
[4.963s][info][gc,heap      ] GC(99) Eden regions: 637->0(637)
[4.963s][info][gc,heap      ] GC(99) Survivor regions: 2->2(80)
[4.963s][info][gc,heap      ] GC(99) Old regions: 241->241
[4.963s][info][gc,heap      ] GC(99) Humongous regions: 0->0
[4.963s][info][gc,metaspace ] GC(99) Metaspace: 12377K(12800K)->12377K(12800K) NonClass: 11215K(11520K)->11215K(11520K) Class: 1162K(1280K)->1162K(1280K)
[4.963s][info][gc           ] GC(99) Pause Young (Normal) (G1 Evacuation Pause) 878M->242M(1066M) 1.070ms
[4.963s][info][gc,cpu       ] GC(99) User=0.00s Sys=0.00s Real=0.00s
[5.004s][info][gc,start     ] GC(100) Pause Young (Normal) (G1 Evacuation Pause)
[5.004s][info][gc,task      ] GC(100) Using 15 workers of 15 for evacuation
[5.005s][info][gc,phases    ] GC(100)   Pre Evacuate Collection Set: 0.0ms
[5.005s][info][gc,phases    ] GC(100)   Evacuate Collection Set: 0.7ms
[5.005s][info][gc,phases    ] GC(100)   Post Evacuate Collection Set: 0.3ms
[5.005s][info][gc,phases    ] GC(100)   Other: 0.2ms
[5.005s][info][gc,heap      ] GC(100) Eden regions: 637->0(636)
[5.005s][info][gc,heap      ] GC(100) Survivor regions: 2->3(80)
[5.005s][info][gc,heap      ] GC(100) Old regions: 241->241
[5.005s][info][gc,heap      ] GC(100) Humongous regions: 0->0
[5.005s][info][gc,metaspace ] GC(100) Metaspace: 12377K(12800K)->12377K(12800K) NonClass: 11215K(11520K)->11215K(11520K) Class: 1162K(1280K)->1162K(1280K)
[5.005s][info][gc           ] GC(100) Pause Young (Normal) (G1 Evacuation Pause) 879M->242M(1066M) 1.229ms
[5.005s][info][gc,cpu       ] GC(100) User=0.02s Sys=0.00s Real=0.00s
[5.049s][info][gc,start     ] GC(101) Pause Young (Normal) (G1 Evacuation Pause)
[5.049s][info][gc,task      ] GC(101) Using 15 workers of 15 for evacuation
[5.050s][info][gc,phases    ] GC(101)   Pre Evacuate Collection Set: 0.0ms
[5.050s][info][gc,phases    ] GC(101)   Evacuate Collection Set: 0.5ms
[5.050s][info][gc,phases    ] GC(101)   Post Evacuate Collection Set: 0.2ms
[5.050s][info][gc,phases    ] GC(101)   Other: 0.1ms
[5.050s][info][gc,heap      ] GC(101) Eden regions: 636->0(637)
[5.050s][info][gc,heap      ] GC(101) Survivor regions: 3->2(80)
[5.050s][info][gc,heap      ] GC(101) Old regions: 241->241
[5.050s][info][gc,heap      ] GC(101) Humongous regions: 0->0
[5.050s][info][gc,metaspace ] GC(101) Metaspace: 12378K(12800K)->12378K(12800K) NonClass: 11216K(11520K)->11216K(11520K) Class: 1162K(1280K)->1162K(1280K)
[5.050s][info][gc           ] GC(101) Pause Young (Normal) (G1 Evacuation Pause) 878M->242M(1066M) 0.966ms
[5.050s][info][gc,cpu       ] GC(101) User=0.00s Sys=0.00s Real=0.00s
[5.090s][info][gc,start     ] GC(102) Pause Young (Normal) (G1 Evacuation Pause)
[5.091s][info][gc,task      ] GC(102) Using 15 workers of 15 for evacuation
[5.092s][info][gc,phases    ] GC(102)   Pre Evacuate Collection Set: 0.0ms
[5.092s][info][gc,phases    ] GC(102)   Evacuate Collection Set: 0.6ms
[5.092s][info][gc,phases    ] GC(102)   Post Evacuate Collection Set: 0.3ms
[5.092s][info][gc,phases    ] GC(102)   Other: 0.2ms
[5.092s][info][gc,heap      ] GC(102) Eden regions: 637->0(636)
[5.092s][info][gc,heap      ] GC(102) Survivor regions: 2->3(80)
[5.092s][info][gc,heap      ] GC(102) Old regions: 241->241
[5.092s][info][gc,heap      ] GC(102) Humongous regions: 0->0
[5.092s][info][gc,metaspace ] GC(102) Metaspace: 12378K(12800K)->12378K(12800K) NonClass: 11216K(11520K)->11216K(11520K) Class: 1162K(1280K)->1162K(1280K)
[5.092s][info][gc           ] GC(102) Pause Young (Normal) (G1 Evacuation Pause) 879M->242M(1066M) 1.137ms
[5.092s][info][gc,cpu       ] GC(102) User=0.00s Sys=0.00s Real=0.00s
[5.136s][info][gc,start     ] GC(103) Pause Young (Normal) (G1 Evacuation Pause)
[5.136s][info][gc,task      ] GC(103) Using 15 workers of 15 for evacuation
[5.137s][info][gc,phases    ] GC(103)   Pre Evacuate Collection Set: 0.0ms
[5.137s][info][gc,phases    ] GC(103)   Evacuate Collection Set: 0.5ms
[5.137s][info][gc,phases    ] GC(103)   Post Evacuate Collection Set: 0.3ms
[5.137s][info][gc,phases    ] GC(103)   Other: 0.2ms
[5.137s][info][gc,heap      ] GC(103) Eden regions: 636->0(637)
[5.137s][info][gc,heap      ] GC(103) Survivor regions: 3->2(80)
[5.137s][info][gc,heap      ] GC(103) Old regions: 241->241
[5.137s][info][gc,heap      ] GC(103) Humongous regions: 0->0
[5.137s][info][gc,metaspace ] GC(103) Metaspace: 12378K(12800K)->12378K(12800K) NonClass: 11216K(11520K)->11216K(11520K) Class: 1162K(1280K)->1162K(1280K)
[5.137s][info][gc           ] GC(103) Pause Young (Normal) (G1 Evacuation Pause) 878M->242M(1066M) 1.063ms
[5.137s][info][gc,cpu       ] GC(103) User=0.00s Sys=0.00s Real=0.00s
[5.176s][info][gc,start     ] GC(104) Pause Young (Normal) (G1 Evacuation Pause)
[5.176s][info][gc,task      ] GC(104) Using 15 workers of 15 for evacuation
[5.177s][info][gc,phases    ] GC(104)   Pre Evacuate Collection Set: 0.0ms
[5.177s][info][gc,phases    ] GC(104)   Evacuate Collection Set: 0.6ms
[5.177s][info][gc,phases    ] GC(104)   Post Evacuate Collection Set: 0.2ms
[5.177s][info][gc,phases    ] GC(104)   Other: 0.1ms
[5.177s][info][gc,heap      ] GC(104) Eden regions: 637->0(636)
[5.177s][info][gc,heap      ] GC(104) Survivor regions: 2->3(80)
[5.177s][info][gc,heap      ] GC(104) Old regions: 241->241
[5.177s][info][gc,heap      ] GC(104) Humongous regions: 0->0
[5.177s][info][gc,metaspace ] GC(104) Metaspace: 12378K(12800K)->12378K(12800K) NonClass: 11216K(11520K)->11216K(11520K) Class: 1162K(1280K)->1162K(1280K)
[5.177s][info][gc           ] GC(104) Pause Young (Normal) (G1 Evacuation Pause) 879M->242M(1066M) 0.971ms
[5.177s][info][gc,cpu       ] GC(104) User=0.02s Sys=0.00s Real=0.00s
[5.220s][info][gc,start     ] GC(105) Pause Young (Normal) (G1 Evacuation Pause)
[5.220s][info][gc,task      ] GC(105) Using 15 workers of 15 for evacuation
[5.221s][info][gc,phases    ] GC(105)   Pre Evacuate Collection Set: 0.0ms
[5.221s][info][gc,phases    ] GC(105)   Evacuate Collection Set: 0.5ms
[5.221s][info][gc,phases    ] GC(105)   Post Evacuate Collection Set: 0.2ms
[5.221s][info][gc,phases    ] GC(105)   Other: 0.1ms
[5.221s][info][gc,heap      ] GC(105) Eden regions: 636->0(637)
[5.221s][info][gc,heap      ] GC(105) Survivor regions: 3->2(80)
[5.221s][info][gc,heap      ] GC(105) Old regions: 241->241
[5.221s][info][gc,heap      ] GC(105) Humongous regions: 0->0
[5.221s][info][gc,metaspace ] GC(105) Metaspace: 12378K(12800K)->12378K(12800K) NonClass: 11216K(11520K)->11216K(11520K) Class: 1162K(1280K)->1162K(1280K)
[5.221s][info][gc           ] GC(105) Pause Young (Normal) (G1 Evacuation Pause) 878M->242M(1066M) 0.873ms
[5.221s][info][gc,cpu       ] GC(105) User=0.00s Sys=0.00s Real=0.00s
[5.260s][info][gc,start     ] GC(106) Pause Young (Normal) (G1 Evacuation Pause)
[5.260s][info][gc,task      ] GC(106) Using 15 workers of 15 for evacuation
[5.261s][info][gc,phases    ] GC(106)   Pre Evacuate Collection Set: 0.0ms
[5.261s][info][gc,phases    ] GC(106)   Evacuate Collection Set: 0.6ms
[5.261s][info][gc,phases    ] GC(106)   Post Evacuate Collection Set: 0.2ms
[5.261s][info][gc,phases    ] GC(106)   Other: 0.1ms
[5.261s][info][gc,heap      ] GC(106) Eden regions: 637->0(636)
[5.261s][info][gc,heap      ] GC(106) Survivor regions: 2->3(80)
[5.261s][info][gc,heap      ] GC(106) Old regions: 241->241
[5.261s][info][gc,heap      ] GC(106) Humongous regions: 0->0
[5.261s][info][gc,metaspace ] GC(106) Metaspace: 12378K(12800K)->12378K(12800K) NonClass: 11216K(11520K)->11216K(11520K) Class: 1162K(1280K)->1162K(1280K)
[5.261s][info][gc           ] GC(106) Pause Young (Normal) (G1 Evacuation Pause) 879M->242M(1066M) 0.971ms
[5.261s][info][gc,cpu       ] GC(106) User=0.00s Sys=0.00s Real=0.00s
[5.303s][info][gc,start     ] GC(107) Pause Young (Normal) (G1 Evacuation Pause)
[5.303s][info][gc,task      ] GC(107) Using 15 workers of 15 for evacuation
[5.304s][info][gc,phases    ] GC(107)   Pre Evacuate Collection Set: 0.0ms
[5.304s][info][gc,phases    ] GC(107)   Evacuate Collection Set: 0.7ms
[5.304s][info][gc,phases    ] GC(107)   Post Evacuate Collection Set: 0.2ms
[5.304s][info][gc,phases    ] GC(107)   Other: 0.2ms
[5.304s][info][gc,heap      ] GC(107) Eden regions: 636->0(636)
[5.304s][info][gc,heap      ] GC(107) Survivor regions: 3->3(80)
[5.304s][info][gc,heap      ] GC(107) Old regions: 241->241
[5.304s][info][gc,heap      ] GC(107) Humongous regions: 0->0
[5.304s][info][gc,metaspace ] GC(107) Metaspace: 12378K(12800K)->12378K(12800K) NonClass: 11216K(11520K)->11216K(11520K) Class: 1162K(1280K)->1162K(1280K)
[5.304s][info][gc           ] GC(107) Pause Young (Normal) (G1 Evacuation Pause) 878M->243M(1066M) 1.141ms
[5.304s][info][gc,cpu       ] GC(107) User=0.00s Sys=0.00s Real=0.00s
[5.342s][info][gc,start     ] GC(108) Pause Young (Normal) (G1 Evacuation Pause)
[5.342s][info][gc,task      ] GC(108) Using 15 workers of 15 for evacuation
[5.343s][info][gc,phases    ] GC(108)   Pre Evacuate Collection Set: 0.0ms
[5.343s][info][gc,phases    ] GC(108)   Evacuate Collection Set: 0.8ms
[5.343s][info][gc,phases    ] GC(108)   Post Evacuate Collection Set: 0.2ms
[5.343s][info][gc,phases    ] GC(108)   Other: 0.1ms
[5.343s][info][gc,heap      ] GC(108) Eden regions: 636->0(635)
[5.343s][info][gc,heap      ] GC(108) Survivor regions: 3->4(80)
[5.343s][info][gc,heap      ] GC(108) Old regions: 241->241
[5.343s][info][gc,heap      ] GC(108) Humongous regions: 0->0
[5.343s][info][gc,metaspace ] GC(108) Metaspace: 12378K(12800K)->12378K(12800K) NonClass: 11216K(11520K)->11216K(11520K) Class: 1162K(1280K)->1162K(1280K)
[5.343s][info][gc           ] GC(108) Pause Young (Normal) (G1 Evacuation Pause) 879M->243M(1066M) 1.221ms
[5.343s][info][gc,cpu       ] GC(108) User=0.00s Sys=0.00s Real=0.00s
[5.385s][info][gc,start     ] GC(109) Pause Young (Normal) (G1 Evacuation Pause)
[5.385s][info][gc,task      ] GC(109) Using 15 workers of 15 for evacuation
[5.386s][info][gc,phases    ] GC(109)   Pre Evacuate Collection Set: 0.0ms
[5.386s][info][gc,phases    ] GC(109)   Evacuate Collection Set: 0.6ms
[5.386s][info][gc,phases    ] GC(109)   Post Evacuate Collection Set: 0.2ms
[5.386s][info][gc,phases    ] GC(109)   Other: 0.1ms
[5.386s][info][gc,heap      ] GC(109) Eden regions: 635->0(636)
[5.386s][info][gc,heap      ] GC(109) Survivor regions: 4->3(80)
[5.386s][info][gc,heap      ] GC(109) Old regions: 241->241
[5.386s][info][gc,heap      ] GC(109) Humongous regions: 0->0
[5.386s][info][gc,metaspace ] GC(109) Metaspace: 12378K(12800K)->12378K(12800K) NonClass: 11216K(11520K)->11216K(11520K) Class: 1162K(1280K)->1162K(1280K)
[5.386s][info][gc           ] GC(109) Pause Young (Normal) (G1 Evacuation Pause) 878M->242M(1066M) 0.999ms
[5.386s][info][gc,cpu       ] GC(109) User=0.00s Sys=0.00s Real=0.00s
[5.424s][info][gc,start     ] GC(110) Pause Young (Normal) (G1 Evacuation Pause)
[5.424s][info][gc,task      ] GC(110) Using 15 workers of 15 for evacuation
[5.425s][info][gc,phases    ] GC(110)   Pre Evacuate Collection Set: 0.0ms
[5.425s][info][gc,phases    ] GC(110)   Evacuate Collection Set: 0.5ms
[5.425s][info][gc,phases    ] GC(110)   Post Evacuate Collection Set: 0.2ms
[5.425s][info][gc,phases    ] GC(110)   Other: 0.1ms
[5.425s][info][gc,heap      ] GC(110) Eden regions: 636->0(637)
[5.425s][info][gc,heap      ] GC(110) Survivor regions: 3->2(80)
[5.425s][info][gc,heap      ] GC(110) Old regions: 241->241
[5.425s][info][gc,heap      ] GC(110) Humongous regions: 0->0
[5.425s][info][gc,metaspace ] GC(110) Metaspace: 12378K(12800K)->12378K(12800K) NonClass: 11216K(11520K)->11216K(11520K) Class: 1162K(1280K)->1162K(1280K)
[5.425s][info][gc           ] GC(110) Pause Young (Normal) (G1 Evacuation Pause) 878M->242M(1066M) 0.960ms
[5.425s][info][gc,cpu       ] GC(110) User=0.00s Sys=0.00s Real=0.00s
[5.467s][info][gc,start     ] GC(111) Pause Young (Normal) (G1 Evacuation Pause)
[5.467s][info][gc,task      ] GC(111) Using 15 workers of 15 for evacuation
[5.468s][info][gc,phases    ] GC(111)   Pre Evacuate Collection Set: 0.0ms
[5.468s][info][gc,phases    ] GC(111)   Evacuate Collection Set: 0.5ms
[5.468s][info][gc,phases    ] GC(111)   Post Evacuate Collection Set: 0.2ms
[5.468s][info][gc,phases    ] GC(111)   Other: 0.1ms
[5.468s][info][gc,heap      ] GC(111) Eden regions: 637->0(636)
[5.468s][info][gc,heap      ] GC(111) Survivor regions: 2->3(80)
[5.468s][info][gc,heap      ] GC(111) Old regions: 241->241
[5.468s][info][gc,heap      ] GC(111) Humongous regions: 0->0
[5.468s][info][gc,metaspace ] GC(111) Metaspace: 12378K(12800K)->12378K(12800K) NonClass: 11216K(11520K)->11216K(11520K) Class: 1162K(1280K)->1162K(1280K)
[5.468s][info][gc           ] GC(111) Pause Young (Normal) (G1 Evacuation Pause) 879M->242M(1066M) 0.872ms
[5.468s][info][gc,cpu       ] GC(111) User=0.00s Sys=0.00s Real=0.00s
[5.506s][info][gc,start     ] GC(112) Pause Young (Normal) (G1 Evacuation Pause)
[5.506s][info][gc,task      ] GC(112) Using 15 workers of 15 for evacuation
[5.507s][info][gc,phases    ] GC(112)   Pre Evacuate Collection Set: 0.0ms
[5.507s][info][gc,phases    ] GC(112)   Evacuate Collection Set: 0.5ms
[5.507s][info][gc,phases    ] GC(112)   Post Evacuate Collection Set: 0.2ms
[5.507s][info][gc,phases    ] GC(112)   Other: 0.1ms
[5.507s][info][gc,heap      ] GC(112) Eden regions: 636->0(637)
[5.507s][info][gc,heap      ] GC(112) Survivor regions: 3->2(80)
[5.507s][info][gc,heap      ] GC(112) Old regions: 241->241
[5.507s][info][gc,heap      ] GC(112) Humongous regions: 0->0
[5.507s][info][gc,metaspace ] GC(112) Metaspace: 12378K(12800K)->12378K(12800K) NonClass: 11216K(11520K)->11216K(11520K) Class: 1162K(1280K)->1162K(1280K)
[5.507s][info][gc           ] GC(112) Pause Young (Normal) (G1 Evacuation Pause) 878M->242M(1066M) 0.977ms
[5.507s][info][gc,cpu       ] GC(112) User=0.00s Sys=0.00s Real=0.00s
[5.529s][info][gc,heap,exit ] Heap
[5.529s][info][gc,heap,exit ]  garbage-first heap   total 1091584K, used 486613K [0x0000000700000000, 0x0000000800000000)
[5.529s][info][gc,heap,exit ]   region size 1024K, 236 young (241664K), 2 survivors (2048K)
[5.529s][info][gc,heap,exit ]  Metaspace       used 12442K, capacity 12780K, committed 12800K, reserved 1060864K
[5.529s][info][gc,heap,exit ]   class space    used 1168K, capacity 1265K, committed 1280K, reserved 1048576K
[0.006s][info][gc,heap] Heap region size: 1M
[0.013s][info][gc     ] Using G1
[0.013s][info][gc,heap,coops] Heap address: 0x0000000700000000, size: 4096 MB, Compressed Oops mode: Zero based, Oop shift amount: 3
[0.238s][info][gc,start     ] GC(0) Pause Young (Normal) (G1 Evacuation Pause)
[0.239s][info][gc,task      ] GC(0) Using 12 workers of 15 for evacuation
[0.242s][info][gc,phases    ] GC(0)   Pre Evacuate Collection Set: 0.0ms
[0.242s][info][gc,phases    ] GC(0)   Evacuate Collection Set: 2.0ms
[0.242s][info][gc,phases    ] GC(0)   Post Evacuate Collection Set: 0.2ms
[0.242s][info][gc,phases    ] GC(0)   Other: 0.9ms
[0.242s][info][gc,heap      ] GC(0) Eden regions: 25->0(292)
[0.242s][info][gc,heap      ] GC(0) Survivor regions: 0->4(4)
[0.242s][info][gc,heap      ] GC(0) Old regions: 0->2
[0.242s][info][gc,heap      ] GC(0) Humongous regions: 0->0
[0.242s][info][gc,metaspace ] GC(0) Metaspace: 11585K(12032K)->11585K(12032K) NonClass: 10496K(10752K)->10496K(10752K) Class: 1089K(1280K)->1089K(1280K)
[0.242s][info][gc           ] GC(0) Pause Young (Normal) (G1 Evacuation Pause) 25M->5M(510M) 3.267ms
[0.242s][info][gc,cpu       ] GC(0) User=0.02s Sys=0.00s Real=0.00s
[0.490s][info][gc,start     ] GC(1) Pause Young (Normal) (G1 Evacuation Pause)
[0.490s][info][gc,task      ] GC(1) Using 12 workers of 15 for evacuation
[0.507s][info][gc,phases    ] GC(1)   Pre Evacuate Collection Set: 0.0ms
[0.507s][info][gc,phases    ] GC(1)   Evacuate Collection Set: 16.6ms
[0.507s][info][gc,phases    ] GC(1)   Post Evacuate Collection Set: 0.4ms
[0.507s][info][gc,phases    ] GC(1)   Other: 0.1ms
[0.507s][info][gc,heap      ] GC(1) Eden regions: 292->0(54)
[0.507s][info][gc,heap      ] GC(1) Survivor regions: 4->37(37)
[0.507s][info][gc,heap      ] GC(1) Old regions: 2->41
[0.507s][info][gc,heap      ] GC(1) Humongous regions: 2->0
[0.507s][info][gc,metaspace ] GC(1) Metaspace: 11941K(12544K)->11941K(12544K) NonClass: 10809K(11264K)->10809K(11264K) Class: 1131K(1280K)->1131K(1280K)
[0.507s][info][gc           ] GC(1) Pause Young (Normal) (G1 Evacuation Pause) 299M->77M(510M) 17.226ms
[0.507s][info][gc,cpu       ] GC(1) User=0.02s Sys=0.00s Real=0.02s
[0.531s][info][gc,start     ] GC(2) Pause Young (Normal) (G1 Evacuation Pause)
[0.531s][info][gc,task      ] GC(2) Using 12 workers of 15 for evacuation
[0.541s][info][gc,phases    ] GC(2)   Pre Evacuate Collection Set: 0.0ms
[0.541s][info][gc,phases    ] GC(2)   Evacuate Collection Set: 8.4ms
[0.541s][info][gc,phases    ] GC(2)   Post Evacuate Collection Set: 1.0ms
[0.541s][info][gc,phases    ] GC(2)   Other: 0.2ms
[0.541s][info][gc,heap      ] GC(2) Eden regions: 54->0(39)
[0.541s][info][gc,heap      ] GC(2) Survivor regions: 37->11(12)
[0.541s][info][gc,heap      ] GC(2) Old regions: 41->76
[0.541s][info][gc,heap      ] GC(2) Humongous regions: 0->0
[0.541s][info][gc,metaspace ] GC(2) Metaspace: 11943K(12544K)->11943K(12544K) NonClass: 10811K(11264K)->10811K(11264K) Class: 1131K(1280K)->1131K(1280K)
[0.541s][info][gc           ] GC(2) Pause Young (Normal) (G1 Evacuation Pause) 131M->86M(510M) 9.819ms
[0.541s][info][gc,cpu       ] GC(2) User=0.00s Sys=0.02s Real=0.01s
[0.559s][info][gc,start     ] GC(3) Pause Young (Normal) (G1 Evacuation Pause)
[0.559s][info][gc,task      ] GC(3) Using 12 workers of 15 for evacuation
[0.562s][info][gc,phases    ] GC(3)   Pre Evacuate Collection Set: 0.0ms
[0.562s][info][gc,phases    ] GC(3)   Evacuate Collection Set: 2.4ms
[0.562s][info][gc,phases    ] GC(3)   Post Evacuate Collection Set: 0.1ms
[0.562s][info][gc,phases    ] GC(3)   Other: 0.1ms
[0.562s][info][gc,heap      ] GC(3) Eden regions: 39->0(87)
[0.562s][info][gc,heap      ] GC(3) Survivor regions: 11->7(7)
[0.562s][info][gc,heap      ] GC(3) Old regions: 76->89
[0.562s][info][gc,heap      ] GC(3) Humongous regions: 0->0
[0.562s][info][gc,metaspace ] GC(3) Metaspace: 11943K(12544K)->11943K(12544K) NonClass: 10811K(11264K)->10811K(11264K) Class: 1131K(1280K)->1131K(1280K)
[0.562s][info][gc           ] GC(3) Pause Young (Normal) (G1 Evacuation Pause) 125M->95M(510M) 2.692ms
[0.562s][info][gc,cpu       ] GC(3) User=0.00s Sys=0.00s Real=0.00s
[0.596s][info][gc,start     ] GC(4) Pause Young (Normal) (G1 Evacuation Pause)
[0.596s][info][gc,task      ] GC(4) Using 12 workers of 15 for evacuation
[0.602s][info][gc,phases    ] GC(4)   Pre Evacuate Collection Set: 0.0ms
[0.602s][info][gc,phases    ] GC(4)   Evacuate Collection Set: 3.1ms
[0.602s][info][gc,phases    ] GC(4)   Post Evacuate Collection Set: 2.9ms
[0.602s][info][gc,phases    ] GC(4)   Other: 0.1ms
[0.602s][info][gc,heap      ] GC(4) Eden regions: 87->0(107)
[0.602s][info][gc,heap      ] GC(4) Survivor regions: 7->12(12)
[0.602s][info][gc,heap      ] GC(4) Old regions: 89->105
[0.602s][info][gc,heap      ] GC(4) Humongous regions: 1->0
[0.602s][info][gc,metaspace ] GC(4) Metaspace: 11946K(12544K)->11946K(12544K) NonClass: 10814K(11264K)->10814K(11264K) Class: 1131K(1280K)->1131K(1280K)
[0.602s][info][gc           ] GC(4) Pause Young (Normal) (G1 Evacuation Pause) 183M->116M(741M) 6.202ms
[0.602s][info][gc,cpu       ] GC(4) User=0.00s Sys=0.00s Real=0.01s
[0.665s][info][gc,start     ] GC(5) Pause Young (Normal) (G1 Evacuation Pause)
[0.666s][info][gc,task      ] GC(5) Using 15 workers of 15 for evacuation
[0.672s][info][gc,phases    ] GC(5)   Pre Evacuate Collection Set: 0.0ms
[0.672s][info][gc,phases    ] GC(5)   Evacuate Collection Set: 5.8ms
[0.672s][info][gc,phases    ] GC(5)   Post Evacuate Collection Set: 0.1ms
[0.672s][info][gc,phases    ] GC(5)   Other: 0.4ms
[0.672s][info][gc,heap      ] GC(5) Eden regions: 107->0(130)
[0.672s][info][gc,heap      ] GC(5) Survivor regions: 12->15(15)
[0.672s][info][gc,heap      ] GC(5) Old regions: 105->130
[0.672s][info][gc,heap      ] GC(5) Humongous regions: 0->0
[0.672s][info][gc,metaspace ] GC(5) Metaspace: 11946K(12544K)->11946K(12544K) NonClass: 10814K(11264K)->10814K(11264K) Class: 1131K(1280K)->1131K(1280K)
[0.672s][info][gc           ] GC(5) Pause Young (Normal) (G1 Evacuation Pause) 223M->144M(741M) 6.456ms
[0.672s][info][gc,cpu       ] GC(5) User=0.00s Sys=0.00s Real=0.01s
[0.727s][info][gc,start     ] GC(6) Pause Young (Normal) (G1 Evacuation Pause)
[0.727s][info][gc,task      ] GC(6) Using 15 workers of 15 for evacuation
[0.734s][info][gc,phases    ] GC(6)   Pre Evacuate Collection Set: 0.0ms
[0.734s][info][gc,phases    ] GC(6)   Evacuate Collection Set: 6.1ms
[0.734s][info][gc,phases    ] GC(6)   Post Evacuate Collection Set: 0.3ms
[0.734s][info][gc,phases    ] GC(6)   Other: 0.1ms
[0.734s][info][gc,heap      ] GC(6) Eden regions: 130->0(157)
[0.734s][info][gc,heap      ] GC(6) Survivor regions: 15->19(19)
[0.734s][info][gc,heap      ] GC(6) Old regions: 130->156
[0.734s][info][gc,heap      ] GC(6) Humongous regions: 1->0
[0.734s][info][gc,metaspace ] GC(6) Metaspace: 11946K(12544K)->11946K(12544K) NonClass: 10814K(11264K)->10814K(11264K) Class: 1131K(1280K)->1131K(1280K)
[0.734s][info][gc           ] GC(6) Pause Young (Normal) (G1 Evacuation Pause) 275M->174M(741M) 6.555ms
[0.734s][info][gc,cpu       ] GC(6) User=0.00s Sys=0.00s Real=0.01s
[0.800s][info][gc,start     ] GC(7) Pause Young (Normal) (G1 Evacuation Pause)
[0.800s][info][gc,task      ] GC(7) Using 15 workers of 15 for evacuation
[0.808s][info][gc,phases    ] GC(7)   Pre Evacuate Collection Set: 0.0ms
[0.808s][info][gc,phases    ] GC(7)   Evacuate Collection Set: 7.2ms
[0.808s][info][gc,phases    ] GC(7)   Post Evacuate Collection Set: 0.4ms
[0.808s][info][gc,phases    ] GC(7)   Other: 0.1ms
[0.808s][info][gc,heap      ] GC(7) Eden regions: 157->0(190)
[0.808s][info][gc,heap      ] GC(7) Survivor regions: 19->22(22)
[0.808s][info][gc,heap      ] GC(7) Old regions: 156->195
[0.808s][info][gc,heap      ] GC(7) Humongous regions: 0->0
[0.808s][info][gc,metaspace ] GC(7) Metaspace: 11946K(12544K)->11946K(12544K) NonClass: 10814K(11264K)->10814K(11264K) Class: 1131K(1280K)->1131K(1280K)
[0.808s][info][gc           ] GC(7) Pause Young (Normal) (G1 Evacuation Pause) 331M->216M(741M) 7.818ms
[0.808s][info][gc,cpu       ] GC(7) User=0.00s Sys=0.02s Real=0.01s
[0.998s][info][gc,start     ] GC(8) Pause Young (Normal) (G1 Evacuation Pause)
[0.998s][info][gc,task      ] GC(8) Using 15 workers of 15 for evacuation
[1.008s][info][gc,phases    ] GC(8)   Pre Evacuate Collection Set: 0.0ms
[1.008s][info][gc,phases    ] GC(8)   Evacuate Collection Set: 5.4ms
[1.008s][info][gc,phases    ] GC(8)   Post Evacuate Collection Set: 4.6ms
[1.008s][info][gc,phases    ] GC(8)   Other: 0.2ms
[1.008s][info][gc,heap      ] GC(8) Eden regions: 190->0(239)
[1.008s][info][gc,heap      ] GC(8) Survivor regions: 22->24(27)
[1.008s][info][gc,heap      ] GC(8) Old regions: 195->219
[1.008s][info][gc,heap      ] GC(8) Humongous regions: 1->0
[1.008s][info][gc,metaspace ] GC(8) Metaspace: 12211K(12544K)->12211K(12544K) NonClass: 11059K(11264K)->11059K(11264K) Class: 1151K(1280K)->1151K(1280K)
[1.008s][info][gc           ] GC(8) Pause Young (Normal) (G1 Evacuation Pause) 407M->241M(1112M) 10.259ms
[1.008s][info][gc,cpu       ] GC(8) User=0.00s Sys=0.00s Real=0.01s
[1.077s][info][gc,start     ] GC(9) Pause Young (Normal) (G1 Evacuation Pause)
[1.077s][info][gc,task      ] GC(9) Using 15 workers of 15 for evacuation
[1.080s][info][gc,phases    ] GC(9)   Pre Evacuate Collection Set: 0.0ms
[1.080s][info][gc,phases    ] GC(9)   Evacuate Collection Set: 2.5ms
[1.080s][info][gc,phases    ] GC(9)   Post Evacuate Collection Set: 0.2ms
[1.080s][info][gc,phases    ] GC(9)   Other: 0.1ms
[1.080s][info][gc,heap      ] GC(9) Eden regions: 239->0(331)
[1.080s][info][gc,heap      ] GC(9) Survivor regions: 24->4(33)
[1.080s][info][gc,heap      ] GC(9) Old regions: 219->241
[1.080s][info][gc,heap      ] GC(9) Humongous regions: 0->0
[1.080s][info][gc,metaspace ] GC(9) Metaspace: 12215K(12544K)->12215K(12544K) NonClass: 11064K(11264K)->11064K(11264K) Class: 1151K(1280K)->1151K(1280K)
[1.080s][info][gc           ] GC(9) Pause Young (Normal) (G1 Evacuation Pause) 480M->243M(1112M) 2.955ms
[1.080s][info][gc,cpu       ] GC(9) User=0.00s Sys=0.00s Real=0.00s
[1.129s][info][gc,start     ] GC(10) Pause Young (Normal) (G1 Evacuation Pause)
[1.129s][info][gc,task      ] GC(10) Using 15 workers of 15 for evacuation
[1.130s][info][gc,phases    ] GC(10)   Pre Evacuate Collection Set: 0.0ms
[1.130s][info][gc,phases    ] GC(10)   Evacuate Collection Set: 0.8ms
[1.130s][info][gc,phases    ] GC(10)   Post Evacuate Collection Set: 0.2ms
[1.130s][info][gc,phases    ] GC(10)   Other: 0.2ms
[1.130s][info][gc,heap      ] GC(10) Eden regions: 331->0(505)
[1.130s][info][gc,heap      ] GC(10) Survivor regions: 4->4(42)
[1.130s][info][gc,heap      ] GC(10) Old regions: 241->241
[1.130s][info][gc,heap      ] GC(10) Humongous regions: 0->0
[1.130s][info][gc,metaspace ] GC(10) Metaspace: 12228K(12800K)->12228K(12800K) NonClass: 11077K(11520K)->11077K(11520K) Class: 1151K(1280K)->1151K(1280K)
[1.130s][info][gc           ] GC(10) Pause Young (Normal) (G1 Evacuation Pause) 574M->243M(1112M) 1.193ms
[1.130s][info][gc,cpu       ] GC(10) User=0.00s Sys=0.00s Real=0.00s
[1.168s][info][gc,start     ] GC(11) Pause Young (Normal) (G1 Evacuation Pause)
[1.168s][info][gc,task      ] GC(11) Using 15 workers of 15 for evacuation
[1.169s][info][gc,phases    ] GC(11)   Pre Evacuate Collection Set: 0.0ms
[1.169s][info][gc,phases    ] GC(11)   Evacuate Collection Set: 0.6ms
[1.169s][info][gc,phases    ] GC(11)   Post Evacuate Collection Set: 0.2ms
[1.169s][info][gc,phases    ] GC(11)   Other: 0.2ms
[1.169s][info][gc,heap      ] GC(11) Eden regions: 505->0(561)
[1.169s][info][gc,heap      ] GC(11) Survivor regions: 4->3(64)
[1.169s][info][gc,heap      ] GC(11) Old regions: 241->241
[1.169s][info][gc,heap      ] GC(11) Humongous regions: 0->0
[1.169s][info][gc,metaspace ] GC(11) Metaspace: 12231K(12800K)->12231K(12800K) NonClass: 11080K(11520K)->11080K(11520K) Class: 1151K(1280K)->1151K(1280K)
[1.169s][info][gc           ] GC(11) Pause Young (Normal) (G1 Evacuation Pause) 748M->242M(1112M) 1.087ms
[1.169s][info][gc,cpu       ] GC(11) User=0.00s Sys=0.00s Real=0.00s
[1.222s][info][gc,start     ] GC(12) Pause Young (Normal) (G1 Evacuation Pause)
[1.222s][info][gc,task      ] GC(12) Using 15 workers of 15 for evacuation
[1.224s][info][gc,phases    ] GC(12)   Pre Evacuate Collection Set: 0.0ms
[1.224s][info][gc,phases    ] GC(12)   Evacuate Collection Set: 0.8ms
[1.224s][info][gc,phases    ] GC(12)   Post Evacuate Collection Set: 0.3ms
[1.224s][info][gc,phases    ] GC(12)   Other: 0.2ms
[1.224s][info][gc,heap      ] GC(12) Eden regions: 561->0(601)
[1.224s][info][gc,heap      ] GC(12) Survivor regions: 3->4(71)
[1.224s][info][gc,heap      ] GC(12) Old regions: 241->241
[1.224s][info][gc,heap      ] GC(12) Humongous regions: 0->0
[1.224s][info][gc,metaspace ] GC(12) Metaspace: 12252K(12800K)->12252K(12800K) NonClass: 11100K(11520K)->11100K(11520K) Class: 1151K(1280K)->1151K(1280K)
[1.224s][info][gc           ] GC(12) Pause Young (Normal) (G1 Evacuation Pause) 803M->244M(1112M) 1.482ms
[1.224s][info][gc,cpu       ] GC(12) User=0.00s Sys=0.00s Real=0.00s
[1.265s][info][gc,start     ] GC(13) Pause Young (Normal) (G1 Evacuation Pause)
[1.265s][info][gc,task      ] GC(13) Using 15 workers of 15 for evacuation
[1.266s][info][gc,phases    ] GC(13)   Pre Evacuate Collection Set: 0.0ms
[1.266s][info][gc,phases    ] GC(13)   Evacuate Collection Set: 0.7ms
[1.266s][info][gc,phases    ] GC(13)   Post Evacuate Collection Set: 0.2ms
[1.266s][info][gc,phases    ] GC(13)   Other: 0.2ms
[1.266s][info][gc,heap      ] GC(13) Eden regions: 601->0(627)
[1.266s][info][gc,heap      ] GC(13) Survivor regions: 4->4(76)
[1.266s][info][gc,heap      ] GC(13) Old regions: 241->241
[1.266s][info][gc,heap      ] GC(13) Humongous regions: 0->0
[1.266s][info][gc,metaspace ] GC(13) Metaspace: 12256K(12800K)->12256K(12800K) NonClass: 11105K(11520K)->11105K(11520K) Class: 1151K(1280K)->1151K(1280K)
[1.266s][info][gc           ] GC(13) Pause Young (Normal) (G1 Evacuation Pause) 845M->244M(1112M) 1.220ms
[1.266s][info][gc,cpu       ] GC(13) User=0.00s Sys=0.00s Real=0.00s
[1.315s][info][gc,start     ] GC(14) Pause Young (Normal) (G1 Evacuation Pause)
[1.315s][info][gc,task      ] GC(14) Using 15 workers of 15 for evacuation
[1.317s][info][gc,phases    ] GC(14)   Pre Evacuate Collection Set: 0.0ms
[1.317s][info][gc,phases    ] GC(14)   Evacuate Collection Set: 0.8ms
[1.317s][info][gc,phases    ] GC(14)   Post Evacuate Collection Set: 0.2ms
[1.317s][info][gc,phases    ] GC(14)   Other: 0.2ms
[1.317s][info][gc,heap      ] GC(14) Eden regions: 627->0(659)
[1.317s][info][gc,heap      ] GC(14) Survivor regions: 4->4(79)
[1.317s][info][gc,heap      ] GC(14) Old regions: 241->241
[1.317s][info][gc,heap      ] GC(14) Humongous regions: 0->0
[1.317s][info][gc,metaspace ] GC(14) Metaspace: 12259K(12800K)->12259K(12800K) NonClass: 11108K(11520K)->11108K(11520K) Class: 1151K(1280K)->1151K(1280K)
[1.317s][info][gc           ] GC(14) Pause Young (Normal) (G1 Evacuation Pause) 871M->244M(1112M) 1.323ms
[1.317s][info][gc,cpu       ] GC(14) User=0.00s Sys=0.00s Real=0.00s
[1.360s][info][gc,start     ] GC(15) Pause Young (Normal) (G1 Evacuation Pause)
[1.360s][info][gc,task      ] GC(15) Using 15 workers of 15 for evacuation
[1.361s][info][gc,phases    ] GC(15)   Pre Evacuate Collection Set: 0.0ms
[1.361s][info][gc,phases    ] GC(15)   Evacuate Collection Set: 0.9ms
[1.361s][info][gc,phases    ] GC(15)   Post Evacuate Collection Set: 0.3ms
[1.362s][info][gc,phases    ] GC(15)   Other: 0.2ms
[1.362s][info][gc,heap      ] GC(15) Eden regions: 659->0(662)
[1.362s][info][gc,heap      ] GC(15) Survivor regions: 4->5(83)
[1.362s][info][gc,heap      ] GC(15) Old regions: 241->241
[1.362s][info][gc,heap      ] GC(15) Humongous regions: 0->0
[1.362s][info][gc,metaspace ] GC(15) Metaspace: 12259K(12800K)->12259K(12800K) NonClass: 11108K(11520K)->11108K(11520K) Class: 1151K(1280K)->1151K(1280K)
[1.362s][info][gc           ] GC(15) Pause Young (Normal) (G1 Evacuation Pause) 903M->244M(1112M) 1.460ms
[1.362s][info][gc,cpu       ] GC(15) User=0.00s Sys=0.00s Real=0.00s
[1.417s][info][gc,start     ] GC(16) Pause Young (Normal) (G1 Evacuation Pause)
[1.417s][info][gc,task      ] GC(16) Using 15 workers of 15 for evacuation
[1.418s][info][gc,phases    ] GC(16)   Pre Evacuate Collection Set: 0.0ms
[1.418s][info][gc,phases    ] GC(16)   Evacuate Collection Set: 0.7ms
[1.418s][info][gc,phases    ] GC(16)   Post Evacuate Collection Set: 0.2ms
[1.418s][info][gc,phases    ] GC(16)   Other: 0.2ms
[1.418s][info][gc,heap      ] GC(16) Eden regions: 662->0(664)
[1.418s][info][gc,heap      ] GC(16) Survivor regions: 5->3(84)
[1.418s][info][gc,heap      ] GC(16) Old regions: 241->241
[1.418s][info][gc,heap      ] GC(16) Humongous regions: 0->0
[1.418s][info][gc,metaspace ] GC(16) Metaspace: 12338K(12800K)->12338K(12800K) NonClass: 11176K(11520K)->11176K(11520K) Class: 1162K(1280K)->1162K(1280K)
[1.418s][info][gc           ] GC(16) Pause Young (Normal) (G1 Evacuation Pause) 906M->242M(1112M) 1.153ms
[1.418s][info][gc,cpu       ] GC(16) User=0.00s Sys=0.00s Real=0.00s
[1.461s][info][gc,start     ] GC(17) Pause Young (Normal) (G1 Evacuation Pause)
[1.461s][info][gc,task      ] GC(17) Using 15 workers of 15 for evacuation
[1.462s][info][gc,phases    ] GC(17)   Pre Evacuate Collection Set: 0.0ms
[1.462s][info][gc,phases    ] GC(17)   Evacuate Collection Set: 0.8ms
[1.462s][info][gc,phases    ] GC(17)   Post Evacuate Collection Set: 0.2ms
[1.462s][info][gc,phases    ] GC(17)   Other: 0.1ms
[1.462s][info][gc,heap      ] GC(17) Eden regions: 664->0(664)
[1.462s][info][gc,heap      ] GC(17) Survivor regions: 3->3(84)
[1.462s][info][gc,heap      ] GC(17) Old regions: 241->241
[1.462s][info][gc,heap      ] GC(17) Humongous regions: 0->0
[1.462s][info][gc,metaspace ] GC(17) Metaspace: 12338K(12800K)->12338K(12800K) NonClass: 11176K(11520K)->11176K(11520K) Class: 1162K(1280K)->1162K(1280K)
[1.462s][info][gc           ] GC(17) Pause Young (Normal) (G1 Evacuation Pause) 906M->243M(1112M) 1.202ms
[1.462s][info][gc,cpu       ] GC(17) User=0.00s Sys=0.00s Real=0.00s
[1.512s][info][gc,start     ] GC(18) Pause Young (Normal) (G1 Evacuation Pause)
[1.512s][info][gc,task      ] GC(18) Using 15 workers of 15 for evacuation
[1.513s][info][gc,phases    ] GC(18)   Pre Evacuate Collection Set: 0.0ms
[1.513s][info][gc,phases    ] GC(18)   Evacuate Collection Set: 0.8ms
[1.513s][info][gc,phases    ] GC(18)   Post Evacuate Collection Set: 0.3ms
[1.513s][info][gc,phases    ] GC(18)   Other: 0.1ms
[1.513s][info][gc,heap      ] GC(18) Eden regions: 664->0(663)
[1.513s][info][gc,heap      ] GC(18) Survivor regions: 3->4(84)
[1.513s][info][gc,heap      ] GC(18) Old regions: 241->241
[1.513s][info][gc,heap      ] GC(18) Humongous regions: 0->0
[1.513s][info][gc,metaspace ] GC(18) Metaspace: 12338K(12800K)->12338K(12800K) NonClass: 11176K(11520K)->11176K(11520K) Class: 1162K(1280K)->1162K(1280K)
[1.513s][info][gc           ] GC(18) Pause Young (Normal) (G1 Evacuation Pause) 907M->243M(1112M) 1.306ms
[1.513s][info][gc,cpu       ] GC(18) User=0.00s Sys=0.00s Real=0.00s
[1.560s][info][gc,start     ] GC(19) Pause Young (Normal) (G1 Evacuation Pause)
[1.560s][info][gc,task      ] GC(19) Using 15 workers of 15 for evacuation
[1.561s][info][gc,phases    ] GC(19)   Pre Evacuate Collection Set: 0.0ms
[1.561s][info][gc,phases    ] GC(19)   Evacuate Collection Set: 0.7ms
[1.561s][info][gc,phases    ] GC(19)   Post Evacuate Collection Set: 0.3ms
[1.561s][info][gc,phases    ] GC(19)   Other: 0.1ms
[1.561s][info][gc,heap      ] GC(19) Eden regions: 663->0(664)
[1.561s][info][gc,heap      ] GC(19) Survivor regions: 4->3(84)
[1.561s][info][gc,heap      ] GC(19) Old regions: 241->241
[1.561s][info][gc,heap      ] GC(19) Humongous regions: 0->0
[1.561s][info][gc,metaspace ] GC(19) Metaspace: 12338K(12800K)->12338K(12800K) NonClass: 11176K(11520K)->11176K(11520K) Class: 1162K(1280K)->1162K(1280K)
[1.562s][info][gc           ] GC(19) Pause Young (Normal) (G1 Evacuation Pause) 906M->243M(1112M) 1.355ms
[1.562s][info][gc,cpu       ] GC(19) User=0.00s Sys=0.00s Real=0.00s
[1.610s][info][gc,start     ] GC(20) Pause Young (Normal) (G1 Evacuation Pause)
[1.610s][info][gc,task      ] GC(20) Using 15 workers of 15 for evacuation
[1.612s][info][gc,phases    ] GC(20)   Pre Evacuate Collection Set: 0.0ms
[1.612s][info][gc,phases    ] GC(20)   Evacuate Collection Set: 0.8ms
[1.612s][info][gc,phases    ] GC(20)   Post Evacuate Collection Set: 0.3ms
[1.612s][info][gc,phases    ] GC(20)   Other: 0.1ms
[1.612s][info][gc,heap      ] GC(20) Eden regions: 664->0(663)
[1.612s][info][gc,heap      ] GC(20) Survivor regions: 3->4(84)
[1.612s][info][gc,heap      ] GC(20) Old regions: 241->241
[1.612s][info][gc,heap      ] GC(20) Humongous regions: 0->0
[1.612s][info][gc,metaspace ] GC(20) Metaspace: 12338K(12800K)->12338K(12800K) NonClass: 11176K(11520K)->11176K(11520K) Class: 1162K(1280K)->1162K(1280K)
[1.612s][info][gc           ] GC(20) Pause Young (Normal) (G1 Evacuation Pause) 907M->243M(1112M) 1.319ms
[1.612s][info][gc,cpu       ] GC(20) User=0.00s Sys=0.00s Real=0.00s
[1.661s][info][gc,start     ] GC(21) Pause Young (Normal) (G1 Evacuation Pause)
[1.661s][info][gc,task      ] GC(21) Using 15 workers of 15 for evacuation
[1.662s][info][gc,phases    ] GC(21)   Pre Evacuate Collection Set: 0.0ms
[1.662s][info][gc,phases    ] GC(21)   Evacuate Collection Set: 0.6ms
[1.662s][info][gc,phases    ] GC(21)   Post Evacuate Collection Set: 0.2ms
[1.662s][info][gc,phases    ] GC(21)   Other: 0.1ms
[1.662s][info][gc,heap      ] GC(21) Eden regions: 663->0(663)
[1.662s][info][gc,heap      ] GC(21) Survivor regions: 4->4(84)
[1.662s][info][gc,heap      ] GC(21) Old regions: 241->241
[1.662s][info][gc,heap      ] GC(21) Humongous regions: 0->0
[1.662s][info][gc,metaspace ] GC(21) Metaspace: 12338K(12800K)->12338K(12800K) NonClass: 11176K(11520K)->11176K(11520K) Class: 1162K(1280K)->1162K(1280K)
[1.662s][info][gc           ] GC(21) Pause Young (Normal) (G1 Evacuation Pause) 906M->243M(1112M) 1.028ms
[1.662s][info][gc,cpu       ] GC(21) User=0.00s Sys=0.00s Real=0.00s
[1.705s][info][gc,start     ] GC(22) Pause Young (Normal) (G1 Evacuation Pause)
[1.705s][info][gc,task      ] GC(22) Using 15 workers of 15 for evacuation
[1.706s][info][gc,phases    ] GC(22)   Pre Evacuate Collection Set: 0.0ms
[1.706s][info][gc,phases    ] GC(22)   Evacuate Collection Set: 0.8ms
[1.706s][info][gc,phases    ] GC(22)   Post Evacuate Collection Set: 0.3ms
[1.706s][info][gc,phases    ] GC(22)   Other: 0.2ms
[1.706s][info][gc,heap      ] GC(22) Eden regions: 663->0(662)
[1.706s][info][gc,heap      ] GC(22) Survivor regions: 4->5(84)
[1.706s][info][gc,heap      ] GC(22) Old regions: 241->241
[1.706s][info][gc,heap      ] GC(22) Humongous regions: 0->0
[1.706s][info][gc,metaspace ] GC(22) Metaspace: 12338K(12800K)->12338K(12800K) NonClass: 11176K(11520K)->11176K(11520K) Class: 1162K(1280K)->1162K(1280K)
[1.706s][info][gc           ] GC(22) Pause Young (Normal) (G1 Evacuation Pause) 906M->244M(1112M) 1.375ms
[1.706s][info][gc,cpu       ] GC(22) User=0.00s Sys=0.00s Real=0.00s
[1.756s][info][gc,start     ] GC(23) Pause Young (Normal) (G1 Evacuation Pause)
[1.756s][info][gc,task      ] GC(23) Using 15 workers of 15 for evacuation
[1.757s][info][gc,phases    ] GC(23)   Pre Evacuate Collection Set: 0.0ms
[1.757s][info][gc,phases    ] GC(23)   Evacuate Collection Set: 0.7ms
[1.757s][info][gc,phases    ] GC(23)   Post Evacuate Collection Set: 0.2ms
[1.757s][info][gc,phases    ] GC(23)   Other: 0.2ms
[1.757s][info][gc,heap      ] GC(23) Eden regions: 662->0(664)
[1.757s][info][gc,heap      ] GC(23) Survivor regions: 5->3(84)
[1.757s][info][gc,heap      ] GC(23) Old regions: 241->241
[1.757s][info][gc,heap      ] GC(23) Humongous regions: 0->0
[1.757s][info][gc,metaspace ] GC(23) Metaspace: 12340K(12800K)->12340K(12800K) NonClass: 11178K(11520K)->11178K(11520K) Class: 1162K(1280K)->1162K(1280K)
[1.757s][info][gc           ] GC(23) Pause Young (Normal) (G1 Evacuation Pause) 906M->243M(1112M) 1.187ms
[1.757s][info][gc,cpu       ] GC(23) User=0.00s Sys=0.00s Real=0.00s
[1.799s][info][gc,start     ] GC(24) Pause Young (Normal) (G1 Evacuation Pause)
[1.799s][info][gc,task      ] GC(24) Using 15 workers of 15 for evacuation
[1.800s][info][gc,phases    ] GC(24)   Pre Evacuate Collection Set: 0.0ms
[1.800s][info][gc,phases    ] GC(24)   Evacuate Collection Set: 0.8ms
[1.800s][info][gc,phases    ] GC(24)   Post Evacuate Collection Set: 0.3ms
[1.800s][info][gc,phases    ] GC(24)   Other: 0.1ms
[1.800s][info][gc,heap      ] GC(24) Eden regions: 664->0(663)
[1.800s][info][gc,heap      ] GC(24) Survivor regions: 3->4(84)
[1.800s][info][gc,heap      ] GC(24) Old regions: 241->241
[1.800s][info][gc,heap      ] GC(24) Humongous regions: 0->0
[1.800s][info][gc,metaspace ] GC(24) Metaspace: 12340K(12800K)->12340K(12800K) NonClass: 11178K(11520K)->11178K(11520K) Class: 1162K(1280K)->1162K(1280K)
[1.800s][info][gc           ] GC(24) Pause Young (Normal) (G1 Evacuation Pause) 907M->244M(1112M) 1.310ms
[1.800s][info][gc,cpu       ] GC(24) User=0.00s Sys=0.00s Real=0.00s
[1.846s][info][gc,start     ] GC(25) Pause Young (Normal) (G1 Evacuation Pause)
[1.846s][info][gc,task      ] GC(25) Using 15 workers of 15 for evacuation
[1.847s][info][gc,phases    ] GC(25)   Pre Evacuate Collection Set: 0.0ms
[1.847s][info][gc,phases    ] GC(25)   Evacuate Collection Set: 0.7ms
[1.847s][info][gc,phases    ] GC(25)   Post Evacuate Collection Set: 0.2ms
[1.847s][info][gc,phases    ] GC(25)   Other: 0.2ms
[1.847s][info][gc,heap      ] GC(25) Eden regions: 663->0(664)
[1.847s][info][gc,heap      ] GC(25) Survivor regions: 4->3(84)
[1.847s][info][gc,heap      ] GC(25) Old regions: 241->241
[1.847s][info][gc,heap      ] GC(25) Humongous regions: 0->0
[1.847s][info][gc,metaspace ] GC(25) Metaspace: 12340K(12800K)->12340K(12800K) NonClass: 11178K(11520K)->11178K(11520K) Class: 1162K(1280K)->1162K(1280K)
[1.847s][info][gc           ] GC(25) Pause Young (Normal) (G1 Evacuation Pause) 907M->243M(1112M) 1.181ms
[1.847s][info][gc,cpu       ] GC(25) User=0.00s Sys=0.00s Real=0.00s
[1.889s][info][gc,start     ] GC(26) Pause Young (Normal) (G1 Evacuation Pause)
[1.889s][info][gc,task      ] GC(26) Using 15 workers of 15 for evacuation
[1.890s][info][gc,phases    ] GC(26)   Pre Evacuate Collection Set: 0.0ms
[1.890s][info][gc,phases    ] GC(26)   Evacuate Collection Set: 0.6ms
[1.890s][info][gc,phases    ] GC(26)   Post Evacuate Collection Set: 0.3ms
[1.890s][info][gc,phases    ] GC(26)   Other: 0.1ms
[1.890s][info][gc,heap      ] GC(26) Eden regions: 664->0(665)
[1.890s][info][gc,heap      ] GC(26) Survivor regions: 3->2(84)
[1.890s][info][gc,heap      ] GC(26) Old regions: 241->242
[1.890s][info][gc,heap      ] GC(26) Humongous regions: 0->0
[1.890s][info][gc,metaspace ] GC(26) Metaspace: 12340K(12800K)->12340K(12800K) NonClass: 11178K(11520K)->11178K(11520K) Class: 1162K(1280K)->1162K(1280K)
[1.890s][info][gc           ] GC(26) Pause Young (Normal) (G1 Evacuation Pause) 907M->243M(1112M) 1.192ms
[1.890s][info][gc,cpu       ] GC(26) User=0.00s Sys=0.00s Real=0.00s
[1.941s][info][gc,start     ] GC(27) Pause Young (Normal) (G1 Evacuation Pause)
[1.941s][info][gc,task      ] GC(27) Using 15 workers of 15 for evacuation
[1.942s][info][gc,phases    ] GC(27)   Pre Evacuate Collection Set: 0.0ms
[1.942s][info][gc,phases    ] GC(27)   Evacuate Collection Set: 0.5ms
[1.942s][info][gc,phases    ] GC(27)   Post Evacuate Collection Set: 0.2ms
[1.942s][info][gc,phases    ] GC(27)   Other: 0.2ms
[1.942s][info][gc,heap      ] GC(27) Eden regions: 665->0(665)
[1.942s][info][gc,heap      ] GC(27) Survivor regions: 2->2(84)
[1.942s][info][gc,heap      ] GC(27) Old regions: 242->242
[1.942s][info][gc,heap      ] GC(27) Humongous regions: 0->0
[1.942s][info][gc,metaspace ] GC(27) Metaspace: 12347K(12800K)->12347K(12800K) NonClass: 11184K(11520K)->11184K(11520K) Class: 1162K(1280K)->1162K(1280K)
[1.942s][info][gc           ] GC(27) Pause Young (Normal) (G1 Evacuation Pause) 908M->243M(1112M) 1.017ms
[1.942s][info][gc,cpu       ] GC(27) User=0.00s Sys=0.00s Real=0.00s
[1.984s][info][gc,start     ] GC(28) Pause Young (Normal) (G1 Evacuation Pause)
[1.984s][info][gc,task      ] GC(28) Using 15 workers of 15 for evacuation
[1.985s][info][gc,phases    ] GC(28)   Pre Evacuate Collection Set: 0.0ms
[1.986s][info][gc,phases    ] GC(28)   Evacuate Collection Set: 0.8ms
[1.986s][info][gc,phases    ] GC(28)   Post Evacuate Collection Set: 0.2ms
[1.986s][info][gc,phases    ] GC(28)   Other: 0.2ms
[1.986s][info][gc,heap      ] GC(28) Eden regions: 665->0(663)
[1.986s][info][gc,heap      ] GC(28) Survivor regions: 2->4(84)
[1.986s][info][gc,heap      ] GC(28) Old regions: 242->242
[1.986s][info][gc,heap      ] GC(28) Humongous regions: 0->0
[1.986s][info][gc,metaspace ] GC(28) Metaspace: 12347K(12800K)->12347K(12800K) NonClass: 11184K(11520K)->11184K(11520K) Class: 1162K(1280K)->1162K(1280K)
[1.986s][info][gc           ] GC(28) Pause Young (Normal) (G1 Evacuation Pause) 908M->244M(1112M) 1.234ms
[1.986s][info][gc,cpu       ] GC(28) User=0.00s Sys=0.00s Real=0.00s
[2.033s][info][gc,start     ] GC(29) Pause Young (Normal) (G1 Evacuation Pause)
[2.033s][info][gc,task      ] GC(29) Using 15 workers of 15 for evacuation
[2.034s][info][gc,phases    ] GC(29)   Pre Evacuate Collection Set: 0.0ms
[2.034s][info][gc,phases    ] GC(29)   Evacuate Collection Set: 0.6ms
[2.034s][info][gc,phases    ] GC(29)   Post Evacuate Collection Set: 0.3ms
[2.034s][info][gc,phases    ] GC(29)   Other: 0.1ms
[2.034s][info][gc,heap      ] GC(29) Eden regions: 663->0(665)
[2.034s][info][gc,heap      ] GC(29) Survivor regions: 4->2(84)
[2.034s][info][gc,heap      ] GC(29) Old regions: 242->242
[2.034s][info][gc,heap      ] GC(29) Humongous regions: 0->0
[2.034s][info][gc,metaspace ] GC(29) Metaspace: 12351K(12800K)->12351K(12800K) NonClass: 11188K(11520K)->11188K(11520K) Class: 1162K(1280K)->1162K(1280K)
[2.034s][info][gc           ] GC(29) Pause Young (Normal) (G1 Evacuation Pause) 907M->243M(1112M) 1.085ms
[2.034s][info][gc,cpu       ] GC(29) User=0.00s Sys=0.00s Real=0.00s
[2.076s][info][gc,start     ] GC(30) Pause Young (Normal) (G1 Evacuation Pause)
[2.076s][info][gc,task      ] GC(30) Using 15 workers of 15 for evacuation
[2.077s][info][gc,phases    ] GC(30)   Pre Evacuate Collection Set: 0.0ms
[2.077s][info][gc,phases    ] GC(30)   Evacuate Collection Set: 0.9ms
[2.077s][info][gc,phases    ] GC(30)   Post Evacuate Collection Set: 0.3ms
[2.077s][info][gc,phases    ] GC(30)   Other: 0.1ms
[2.077s][info][gc,heap      ] GC(30) Eden regions: 665->0(662)
[2.077s][info][gc,heap      ] GC(30) Survivor regions: 2->5(84)
[2.077s][info][gc,heap      ] GC(30) Old regions: 242->242
[2.077s][info][gc,heap      ] GC(30) Humongous regions: 0->0
[2.077s][info][gc,metaspace ] GC(30) Metaspace: 12351K(12800K)->12351K(12800K) NonClass: 11188K(11520K)->11188K(11520K) Class: 1162K(1280K)->1162K(1280K)
[2.077s][info][gc           ] GC(30) Pause Young (Normal) (G1 Evacuation Pause) 908M->245M(1112M) 1.354ms
[2.077s][info][gc,cpu       ] GC(30) User=0.00s Sys=0.00s Real=0.00s
[2.122s][info][gc,start     ] GC(31) Pause Young (Normal) (G1 Evacuation Pause)
[2.122s][info][gc,task      ] GC(31) Using 15 workers of 15 for evacuation
[2.123s][info][gc,phases    ] GC(31)   Pre Evacuate Collection Set: 0.0ms
[2.123s][info][gc,phases    ] GC(31)   Evacuate Collection Set: 0.4ms
[2.123s][info][gc,phases    ] GC(31)   Post Evacuate Collection Set: 0.3ms
[2.123s][info][gc,phases    ] GC(31)   Other: 0.1ms
[2.123s][info][gc,heap      ] GC(31) Eden regions: 662->0(666)
[2.123s][info][gc,heap      ] GC(31) Survivor regions: 5->1(84)
[2.123s][info][gc,heap      ] GC(31) Old regions: 242->242
[2.123s][info][gc,heap      ] GC(31) Humongous regions: 0->0
[2.123s][info][gc,metaspace ] GC(31) Metaspace: 12351K(12800K)->12351K(12800K) NonClass: 11188K(11520K)->11188K(11520K) Class: 1162K(1280K)->1162K(1280K)
[2.123s][info][gc           ] GC(31) Pause Young (Normal) (G1 Evacuation Pause) 907M->242M(1112M) 0.878ms
[2.123s][info][gc,cpu       ] GC(31) User=0.00s Sys=0.00s Real=0.00s
[2.165s][info][gc,start     ] GC(32) Pause Young (Normal) (G1 Evacuation Pause)
[2.165s][info][gc,task      ] GC(32) Using 15 workers of 15 for evacuation
[2.165s][info][gc,phases    ] GC(32)   Pre Evacuate Collection Set: 0.0ms
[2.165s][info][gc,phases    ] GC(32)   Evacuate Collection Set: 0.5ms
[2.165s][info][gc,phases    ] GC(32)   Post Evacuate Collection Set: 0.3ms
[2.165s][info][gc,phases    ] GC(32)   Other: 0.2ms
[2.165s][info][gc,heap      ] GC(32) Eden regions: 666->0(665)
[2.165s][info][gc,heap      ] GC(32) Survivor regions: 1->2(84)
[2.165s][info][gc,heap      ] GC(32) Old regions: 242->242
[2.165s][info][gc,heap      ] GC(32) Humongous regions: 0->0
[2.166s][info][gc,metaspace ] GC(32) Metaspace: 12351K(12800K)->12351K(12800K) NonClass: 11188K(11520K)->11188K(11520K) Class: 1162K(1280K)->1162K(1280K)
[2.166s][info][gc           ] GC(32) Pause Young (Normal) (G1 Evacuation Pause) 908M->243M(1112M) 1.002ms
[2.166s][info][gc,cpu       ] GC(32) User=0.00s Sys=0.00s Real=0.00s
[8.708s][info][gc,heap,exit ] Heap
[8.708s][info][gc,heap,exit ]  garbage-first heap   total 522240K, used 18432K [0x0000000700000000, 0x0000000800000000)
[8.708s][info][gc,heap,exit ]   region size 1024K, 19 young (19456K), 0 survivors (0K)
[8.708s][info][gc,heap,exit ]  Metaspace       used 12785K, capacity 13080K, committed 13312K, reserved 1060864K
[8.708s][info][gc,heap,exit ]   class space    used 1179K, capacity 1267K, committed 1280K, reserved 1048576K
[2.216s][info][gc,start     ] GC(33) Pause Young (Normal) (G1 Evacuation Pause)
[2.216s][info][gc,task      ] GC(33) Using 15 workers of 15 for evacuation
[2.217s][info][gc,phases    ] GC(33)   Pre Evacuate Collection Set: 0.0ms
[2.217s][info][gc,phases    ] GC(33)   Evacuate Collection Set: 0.6ms
[2.217s][info][gc,phases    ] GC(33)   Post Evacuate Collection Set: 0.2ms
[2.217s][info][gc,phases    ] GC(33)   Other: 0.1ms
[2.217s][info][gc,heap      ] GC(33) Eden regions: 665->0(664)
[2.217s][info][gc,heap      ] GC(33) Survivor regions: 2->3(84)
[2.217s][info][gc,heap      ] GC(33) Old regions: 242->242
[2.217s][info][gc,heap      ] GC(33) Humongous regions: 0->0
[2.217s][info][gc,metaspace ] GC(33) Metaspace: 12351K(12800K)->12351K(12800K) NonClass: 11188K(11520K)->11188K(11520K) Class: 1162K(1280K)->1162K(1280K)
[2.217s][info][gc           ] GC(33) Pause Young (Normal) (G1 Evacuation Pause) 908M->243M(1112M) 1.013ms
[2.217s][info][gc,cpu       ] GC(33) User=0.00s Sys=0.00s Real=0.00s
[2.261s][info][gc,start     ] GC(34) Pause Young (Normal) (G1 Evacuation Pause)
[2.261s][info][gc,task      ] GC(34) Using 15 workers of 15 for evacuation
[2.262s][info][gc,phases    ] GC(34)   Pre Evacuate Collection Set: 0.0ms
[2.262s][info][gc,phases    ] GC(34)   Evacuate Collection Set: 0.7ms
[2.262s][info][gc,phases    ] GC(34)   Post Evacuate Collection Set: 0.3ms
[2.262s][info][gc,phases    ] GC(34)   Other: 0.1ms
[2.262s][info][gc,heap      ] GC(34) Eden regions: 664->0(664)
[2.262s][info][gc,heap      ] GC(34) Survivor regions: 3->3(84)
[2.262s][info][gc,heap      ] GC(34) Old regions: 242->242
[2.262s][info][gc,heap      ] GC(34) Humongous regions: 0->0
[2.262s][info][gc,metaspace ] GC(34) Metaspace: 12351K(12800K)->12351K(12800K) NonClass: 11188K(11520K)->11188K(11520K) Class: 1162K(1280K)->1162K(1280K)
[2.262s][info][gc           ] GC(34) Pause Young (Normal) (G1 Evacuation Pause) 907M->244M(1112M) 1.281ms
[2.262s][info][gc,cpu       ] GC(34) User=0.00s Sys=0.00s Real=0.00s
[2.314s][info][gc,start     ] GC(35) Pause Young (Normal) (G1 Evacuation Pause)
[2.314s][info][gc,task      ] GC(35) Using 15 workers of 15 for evacuation
[2.315s][info][gc,phases    ] GC(35)   Pre Evacuate Collection Set: 0.0ms
[2.315s][info][gc,phases    ] GC(35)   Evacuate Collection Set: 0.9ms
[2.315s][info][gc,phases    ] GC(35)   Post Evacuate Collection Set: 0.3ms
[2.315s][info][gc,phases    ] GC(35)   Other: 0.2ms
[2.315s][info][gc,heap      ] GC(35) Eden regions: 664->0(663)
[2.315s][info][gc,heap      ] GC(35) Survivor regions: 3->4(84)
[2.315s][info][gc,heap      ] GC(35) Old regions: 242->242
[2.315s][info][gc,heap      ] GC(35) Humongous regions: 0->0
[2.315s][info][gc,metaspace ] GC(35) Metaspace: 12351K(12800K)->12351K(12800K) NonClass: 11188K(11520K)->11188K(11520K) Class: 1162K(1280K)->1162K(1280K)
[2.315s][info][gc           ] GC(35) Pause Young (Normal) (G1 Evacuation Pause) 908M->244M(1112M) 1.463ms
[2.315s][info][gc,cpu       ] GC(35) User=0.00s Sys=0.00s Real=0.00s
[2.360s][info][gc,start     ] GC(36) Pause Young (Normal) (G1 Evacuation Pause)
[2.360s][info][gc,task      ] GC(36) Using 15 workers of 15 for evacuation
[2.361s][info][gc,phases    ] GC(36)   Pre Evacuate Collection Set: 0.0ms
[2.361s][info][gc,phases    ] GC(36)   Evacuate Collection Set: 0.6ms
[2.361s][info][gc,phases    ] GC(36)   Post Evacuate Collection Set: 0.2ms
[2.361s][info][gc,phases    ] GC(36)   Other: 0.2ms
[2.361s][info][gc,heap      ] GC(36) Eden regions: 663->0(664)
[2.361s][info][gc,heap      ] GC(36) Survivor regions: 4->3(84)
[2.361s][info][gc,heap      ] GC(36) Old regions: 242->242
[2.361s][info][gc,heap      ] GC(36) Humongous regions: 0->0
[2.361s][info][gc,metaspace ] GC(36) Metaspace: 12351K(12800K)->12351K(12800K) NonClass: 11188K(11520K)->11188K(11520K) Class: 1162K(1280K)->1162K(1280K)
[2.361s][info][gc           ] GC(36) Pause Young (Normal) (G1 Evacuation Pause) 907M->243M(1112M) 1.088ms
[2.361s][info][gc,cpu       ] GC(36) User=0.00s Sys=0.00s Real=0.00s
[2.409s][info][gc,start     ] GC(37) Pause Young (Normal) (G1 Evacuation Pause)
[2.409s][info][gc,task      ] GC(37) Using 15 workers of 15 for evacuation
[2.410s][info][gc,phases    ] GC(37)   Pre Evacuate Collection Set: 0.0ms
[2.410s][info][gc,phases    ] GC(37)   Evacuate Collection Set: 0.6ms
[2.410s][info][gc,phases    ] GC(37)   Post Evacuate Collection Set: 0.3ms
[2.410s][info][gc,phases    ] GC(37)   Other: 0.2ms
[2.410s][info][gc,heap      ] GC(37) Eden regions: 664->0(664)
[2.410s][info][gc,heap      ] GC(37) Survivor regions: 3->3(84)
[2.410s][info][gc,heap      ] GC(37) Old regions: 242->242
[2.410s][info][gc,heap      ] GC(37) Humongous regions: 0->0
[2.410s][info][gc,metaspace ] GC(37) Metaspace: 12351K(12800K)->12351K(12800K) NonClass: 11188K(11520K)->11188K(11520K) Class: 1162K(1280K)->1162K(1280K)
[2.410s][info][gc           ] GC(37) Pause Young (Normal) (G1 Evacuation Pause) 907M->244M(1112M) 1.151ms
[2.410s][info][gc,cpu       ] GC(37) User=0.00s Sys=0.00s Real=0.00s
[2.461s][info][gc,start     ] GC(38) Pause Young (Normal) (G1 Evacuation Pause)
[2.461s][info][gc,task      ] GC(38) Using 15 workers of 15 for evacuation
[2.462s][info][gc,phases    ] GC(38)   Pre Evacuate Collection Set: 0.0ms
[2.462s][info][gc,phases    ] GC(38)   Evacuate Collection Set: 0.3ms
[2.462s][info][gc,phases    ] GC(38)   Post Evacuate Collection Set: 0.2ms
[2.462s][info][gc,phases    ] GC(38)   Other: 0.2ms
[2.462s][info][gc,heap      ] GC(38) Eden regions: 664->0(665)
[2.462s][info][gc,heap      ] GC(38) Survivor regions: 3->2(84)
[2.462s][info][gc,heap      ] GC(38) Old regions: 242->242
[2.462s][info][gc,heap      ] GC(38) Humongous regions: 0->0
[2.462s][info][gc,metaspace ] GC(38) Metaspace: 12355K(12800K)->12355K(12800K) NonClass: 11193K(11520K)->11193K(11520K) Class: 1162K(1280K)->1162K(1280K)
[2.462s][info][gc           ] GC(38) Pause Young (Normal) (G1 Evacuation Pause) 908M->243M(1112M) 0.804ms
[2.462s][info][gc,cpu       ] GC(38) User=0.00s Sys=0.00s Real=0.00s
[2.504s][info][gc,start     ] GC(39) Pause Young (Normal) (G1 Evacuation Pause)
[2.504s][info][gc,task      ] GC(39) Using 15 workers of 15 for evacuation
[2.505s][info][gc,phases    ] GC(39)   Pre Evacuate Collection Set: 0.0ms
[2.505s][info][gc,phases    ] GC(39)   Evacuate Collection Set: 0.8ms
[2.505s][info][gc,phases    ] GC(39)   Post Evacuate Collection Set: 0.2ms
[2.505s][info][gc,phases    ] GC(39)   Other: 0.1ms
[2.505s][info][gc,heap      ] GC(39) Eden regions: 665->0(663)
[2.505s][info][gc,heap      ] GC(39) Survivor regions: 2->4(84)
[2.505s][info][gc,heap      ] GC(39) Old regions: 242->242
[2.505s][info][gc,heap      ] GC(39) Humongous regions: 0->0
[2.505s][info][gc,metaspace ] GC(39) Metaspace: 12355K(12800K)->12355K(12800K) NonClass: 11193K(11520K)->11193K(11520K) Class: 1162K(1280K)->1162K(1280K)
[2.505s][info][gc           ] GC(39) Pause Young (Normal) (G1 Evacuation Pause) 908M->244M(1112M) 1.248ms
[2.505s][info][gc,cpu       ] GC(39) User=0.00s Sys=0.00s Real=0.00s
[2.555s][info][gc,start     ] GC(40) Pause Young (Normal) (G1 Evacuation Pause)
[2.555s][info][gc,task      ] GC(40) Using 15 workers of 15 for evacuation
[2.555s][info][gc,phases    ] GC(40)   Pre Evacuate Collection Set: 0.0ms
[2.555s][info][gc,phases    ] GC(40)   Evacuate Collection Set: 0.4ms
[2.555s][info][gc,phases    ] GC(40)   Post Evacuate Collection Set: 0.2ms
[2.555s][info][gc,phases    ] GC(40)   Other: 0.1ms
[2.555s][info][gc,heap      ] GC(40) Eden regions: 663->0(665)
[2.555s][info][gc,heap      ] GC(40) Survivor regions: 4->2(84)
[2.555s][info][gc,heap      ] GC(40) Old regions: 242->242
[2.555s][info][gc,heap      ] GC(40) Humongous regions: 0->0
[2.555s][info][gc,metaspace ] GC(40) Metaspace: 12356K(12800K)->12356K(12800K) NonClass: 11194K(11520K)->11194K(11520K) Class: 1162K(1280K)->1162K(1280K)
[2.555s][info][gc           ] GC(40) Pause Young (Normal) (G1 Evacuation Pause) 907M->243M(1112M) 0.831ms
[2.555s][info][gc,cpu       ] GC(40) User=0.00s Sys=0.00s Real=0.00s
[2.598s][info][gc,start     ] GC(41) Pause Young (Normal) (G1 Evacuation Pause)
[2.598s][info][gc,task      ] GC(41) Using 15 workers of 15 for evacuation
[2.599s][info][gc,phases    ] GC(41)   Pre Evacuate Collection Set: 0.0ms
[2.599s][info][gc,phases    ] GC(41)   Evacuate Collection Set: 0.5ms
[2.599s][info][gc,phases    ] GC(41)   Post Evacuate Collection Set: 0.2ms
[2.599s][info][gc,phases    ] GC(41)   Other: 0.1ms
[2.599s][info][gc,heap      ] GC(41) Eden regions: 665->0(665)
[2.599s][info][gc,heap      ] GC(41) Survivor regions: 2->2(84)
[2.599s][info][gc,heap      ] GC(41) Old regions: 242->242
[2.599s][info][gc,heap      ] GC(41) Humongous regions: 0->0
[2.599s][info][gc,metaspace ] GC(41) Metaspace: 12356K(12800K)->12356K(12800K) NonClass: 11194K(11520K)->11194K(11520K) Class: 1162K(1280K)->1162K(1280K)
[2.599s][info][gc           ] GC(41) Pause Young (Normal) (G1 Evacuation Pause) 908M->242M(1112M) 0.885ms
[2.599s][info][gc,cpu       ] GC(41) User=0.00s Sys=0.00s Real=0.00s
[2.649s][info][gc,start     ] GC(42) Pause Young (Normal) (G1 Evacuation Pause)
[2.649s][info][gc,task      ] GC(42) Using 15 workers of 15 for evacuation
[2.650s][info][gc,phases    ] GC(42)   Pre Evacuate Collection Set: 0.0ms
[2.650s][info][gc,phases    ] GC(42)   Evacuate Collection Set: 0.8ms
[2.650s][info][gc,phases    ] GC(42)   Post Evacuate Collection Set: 0.2ms
[2.650s][info][gc,phases    ] GC(42)   Other: 0.1ms
[2.650s][info][gc,heap      ] GC(42) Eden regions: 665->0(663)
[2.650s][info][gc,heap      ] GC(42) Survivor regions: 2->4(84)
[2.650s][info][gc,heap      ] GC(42) Old regions: 242->242
[2.650s][info][gc,heap      ] GC(42) Humongous regions: 0->0
[2.650s][info][gc,metaspace ] GC(42) Metaspace: 12356K(12800K)->12356K(12800K) NonClass: 11194K(11520K)->11194K(11520K) Class: 1162K(1280K)->1162K(1280K)
[2.650s][info][gc           ] GC(42) Pause Young (Normal) (G1 Evacuation Pause) 907M->245M(1112M) 1.263ms
[2.650s][info][gc,cpu       ] GC(42) User=0.00s Sys=0.00s Real=0.00s
[2.693s][info][gc,start     ] GC(43) Pause Young (Normal) (G1 Evacuation Pause)
[2.693s][info][gc,task      ] GC(43) Using 15 workers of 15 for evacuation
[2.694s][info][gc,phases    ] GC(43)   Pre Evacuate Collection Set: 0.0ms
[2.694s][info][gc,phases    ] GC(43)   Evacuate Collection Set: 0.5ms
[2.694s][info][gc,phases    ] GC(43)   Post Evacuate Collection Set: 0.3ms
[2.694s][info][gc,phases    ] GC(43)   Other: 0.2ms
[2.694s][info][gc,heap      ] GC(43) Eden regions: 663->0(665)
[2.694s][info][gc,heap      ] GC(43) Survivor regions: 4->2(84)
[2.694s][info][gc,heap      ] GC(43) Old regions: 242->242
[2.694s][info][gc,heap      ] GC(43) Humongous regions: 0->0
[2.694s][info][gc,metaspace ] GC(43) Metaspace: 12356K(12800K)->12356K(12800K) NonClass: 11194K(11520K)->11194K(11520K) Class: 1162K(1280K)->1162K(1280K)
[2.694s][info][gc           ] GC(43) Pause Young (Normal) (G1 Evacuation Pause) 908M->243M(1112M) 1.097ms
[2.694s][info][gc,cpu       ] GC(43) User=0.00s Sys=0.00s Real=0.00s
[2.744s][info][gc,start     ] GC(44) Pause Young (Normal) (G1 Evacuation Pause)
[2.744s][info][gc,task      ] GC(44) Using 15 workers of 15 for evacuation
[2.745s][info][gc,phases    ] GC(44)   Pre Evacuate Collection Set: 0.0ms
[2.745s][info][gc,phases    ] GC(44)   Evacuate Collection Set: 0.5ms
[2.745s][info][gc,phases    ] GC(44)   Post Evacuate Collection Set: 0.2ms
[2.745s][info][gc,phases    ] GC(44)   Other: 0.2ms
[2.745s][info][gc,heap      ] GC(44) Eden regions: 665->0(664)
[2.745s][info][gc,heap      ] GC(44) Survivor regions: 2->3(84)
[2.745s][info][gc,heap      ] GC(44) Old regions: 242->242
[2.745s][info][gc,heap      ] GC(44) Humongous regions: 0->0
[2.745s][info][gc,metaspace ] GC(44) Metaspace: 12362K(12800K)->12362K(12800K) NonClass: 11198K(11520K)->11198K(11520K) Class: 1164K(1280K)->1164K(1280K)
[2.745s][info][gc           ] GC(44) Pause Young (Normal) (G1 Evacuation Pause) 908M->243M(1112M) 0.969ms
[2.745s][info][gc,cpu       ] GC(44) User=0.00s Sys=0.00s Real=0.00s
[2.788s][info][gc,start     ] GC(45) Pause Young (Normal) (G1 Evacuation Pause)
[2.788s][info][gc,task      ] GC(45) Using 15 workers of 15 for evacuation
[2.789s][info][gc,phases    ] GC(45)   Pre Evacuate Collection Set: 0.0ms
[2.789s][info][gc,phases    ] GC(45)   Evacuate Collection Set: 0.5ms
[2.789s][info][gc,phases    ] GC(45)   Post Evacuate Collection Set: 0.2ms
[2.789s][info][gc,phases    ] GC(45)   Other: 0.1ms
[2.789s][info][gc,heap      ] GC(45) Eden regions: 664->0(665)
[2.789s][info][gc,heap      ] GC(45) Survivor regions: 3->2(84)
[2.789s][info][gc,heap      ] GC(45) Old regions: 242->242
[2.789s][info][gc,heap      ] GC(45) Humongous regions: 0->0
[2.789s][info][gc,metaspace ] GC(45) Metaspace: 12362K(12800K)->12362K(12800K) NonClass: 11198K(11520K)->11198K(11520K) Class: 1164K(1280K)->1164K(1280K)
[2.789s][info][gc           ] GC(45) Pause Young (Normal) (G1 Evacuation Pause) 907M->243M(1112M) 0.940ms
[2.789s][info][gc,cpu       ] GC(45) User=0.02s Sys=0.00s Real=0.00s
[2.838s][info][gc,start     ] GC(46) Pause Young (Normal) (G1 Evacuation Pause)
[2.838s][info][gc,task      ] GC(46) Using 15 workers of 15 for evacuation
[2.839s][info][gc,phases    ] GC(46)   Pre Evacuate Collection Set: 0.0ms
[2.839s][info][gc,phases    ] GC(46)   Evacuate Collection Set: 0.8ms
[2.839s][info][gc,phases    ] GC(46)   Post Evacuate Collection Set: 0.3ms
[2.839s][info][gc,phases    ] GC(46)   Other: 0.1ms
[2.839s][info][gc,heap      ] GC(46) Eden regions: 665->0(663)
[2.839s][info][gc,heap      ] GC(46) Survivor regions: 2->4(84)
[2.839s][info][gc,heap      ] GC(46) Old regions: 242->242
[2.839s][info][gc,heap      ] GC(46) Humongous regions: 0->0
[2.839s][info][gc,metaspace ] GC(46) Metaspace: 12362K(12800K)->12362K(12800K) NonClass: 11198K(11520K)->11198K(11520K) Class: 1164K(1280K)->1164K(1280K)
[2.839s][info][gc           ] GC(46) Pause Young (Normal) (G1 Evacuation Pause) 908M->245M(1112M) 1.244ms
[2.839s][info][gc,cpu       ] GC(46) User=0.00s Sys=0.00s Real=0.00s
[2.880s][info][gc,start     ] GC(47) Pause Young (Normal) (G1 Evacuation Pause)
[2.880s][info][gc,task      ] GC(47) Using 15 workers of 15 for evacuation
[2.881s][info][gc,phases    ] GC(47)   Pre Evacuate Collection Set: 0.0ms
[2.881s][info][gc,phases    ] GC(47)   Evacuate Collection Set: 0.7ms
[2.881s][info][gc,phases    ] GC(47)   Post Evacuate Collection Set: 0.2ms
[2.881s][info][gc,phases    ] GC(47)   Other: 0.1ms
[2.881s][info][gc,heap      ] GC(47) Eden regions: 663->0(663)
[2.881s][info][gc,heap      ] GC(47) Survivor regions: 4->4(84)
[2.881s][info][gc,heap      ] GC(47) Old regions: 242->242
[2.881s][info][gc,heap      ] GC(47) Humongous regions: 0->0
[2.881s][info][gc,metaspace ] GC(47) Metaspace: 12362K(12800K)->12362K(12800K) NonClass: 11198K(11520K)->11198K(11520K) Class: 1164K(1280K)->1164K(1280K)
[2.881s][info][gc           ] GC(47) Pause Young (Normal) (G1 Evacuation Pause) 908M->244M(1112M) 1.103ms
[2.881s][info][gc,cpu       ] GC(47) User=0.00s Sys=0.00s Real=0.00s
[2.928s][info][gc,start     ] GC(48) Pause Young (Normal) (G1 Evacuation Pause)
[2.928s][info][gc,task      ] GC(48) Using 15 workers of 15 for evacuation
[2.929s][info][gc,phases    ] GC(48)   Pre Evacuate Collection Set: 0.0ms
[2.929s][info][gc,phases    ] GC(48)   Evacuate Collection Set: 0.5ms
[2.929s][info][gc,phases    ] GC(48)   Post Evacuate Collection Set: 0.3ms
[2.929s][info][gc,phases    ] GC(48)   Other: 0.1ms
[2.929s][info][gc,heap      ] GC(48) Eden regions: 663->0(665)
[2.929s][info][gc,heap      ] GC(48) Survivor regions: 4->2(84)
[2.929s][info][gc,heap      ] GC(48) Old regions: 242->242
[2.929s][info][gc,heap      ] GC(48) Humongous regions: 0->0
[2.929s][info][gc,metaspace ] GC(48) Metaspace: 12362K(12800K)->12362K(12800K) NonClass: 11198K(11520K)->11198K(11520K) Class: 1164K(1280K)->1164K(1280K)
[2.929s][info][gc           ] GC(48) Pause Young (Normal) (G1 Evacuation Pause) 907M->243M(1112M) 1.035ms
[2.929s][info][gc,cpu       ] GC(48) User=0.00s Sys=0.00s Real=0.00s
[2.969s][info][gc,start     ] GC(49) Pause Young (Normal) (G1 Evacuation Pause)
[2.969s][info][gc,task      ] GC(49) Using 15 workers of 15 for evacuation
[2.970s][info][gc,phases    ] GC(49)   Pre Evacuate Collection Set: 0.0ms
[2.970s][info][gc,phases    ] GC(49)   Evacuate Collection Set: 0.8ms
[2.970s][info][gc,phases    ] GC(49)   Post Evacuate Collection Set: 0.2ms
[2.970s][info][gc,phases    ] GC(49)   Other: 0.1ms
[2.970s][info][gc,heap      ] GC(49) Eden regions: 665->0(663)
[2.970s][info][gc,heap      ] GC(49) Survivor regions: 2->4(84)
[2.970s][info][gc,heap      ] GC(49) Old regions: 242->242
[2.970s][info][gc,heap      ] GC(49) Humongous regions: 0->0
[2.970s][info][gc,metaspace ] GC(49) Metaspace: 12362K(12800K)->12362K(12800K) NonClass: 11198K(11520K)->11198K(11520K) Class: 1164K(1280K)->1164K(1280K)
[2.970s][info][gc           ] GC(49) Pause Young (Normal) (G1 Evacuation Pause) 908M->245M(1112M) 1.184ms
[2.970s][info][gc,cpu       ] GC(49) User=0.00s Sys=0.00s Real=0.00s
[2.994s][info][gc,heap,exit ] Heap
[2.994s][info][gc,heap,exit ]  garbage-first heap   total 1138688K, used 450599K [0x0000000700000000, 0x0000000800000000)
[2.994s][info][gc,heap,exit ]   region size 1024K, 200 young (204800K), 4 survivors (4096K)
[2.994s][info][gc,heap,exit ]  Metaspace       used 12406K, capacity 12762K, committed 12800K, reserved 1060864K
[2.994s][info][gc,heap,exit ]   class space    used 1169K, capacity 1262K, committed 1280K, reserved 1048576K
